warning: function /workspace/eval/followup/001-living-update/workspace/cases/Gate2/shims/keyboard.m shadows a built-in function
warning: function /workspace/eval/followup/001-living-update/workspace/cases/Gate2/shims/print.m shadows a core library function
SolveEqmBasic_Gate2                 05-Oct-2026 
 
'SolveEqmBasic' is a script from the file /workspace/eval/followup/001-living-update/workspace/cases/Gate2/SolveEqmBasic.m

 SolveEqmBasic.m    

  Takes the TalentData.mat data on Taus, Z's, A(i,t).
  Solves for the equilibrium w(i) and Y

  See 2015-06-02-SolvingGE.pdf notes (old but somewhat useful?)

  Method: For each year,
    1. Guess values for {mgtilde}, Y ==> 5 unknowns
    2. Solve for {wi} from Hi^supply = Hi^demand
    3. Compute mghat, Yhat 
    4. Iterate until converge.


Additional help for built-in functions and operators is
available in the online version of the manual.  Use the command
'doc <topic>' to search the manual index.

Help and information about Octave is also available on the WWW
at https://www.octave.org and via the help@octave.org
mailing list.
 
=============================================================
KEY PARAMETER VALUES:    CaseName = Gate2
                   theta =  2.0000
                     eta =  0.1030
            theta*(1-eta)=  1.7940
                    dlta =  0.0000
                      mu =  0.5574
                   sigma =  3.0000
           EstimateDelta =  0.0000
           ConstrainTauH = -0.8000
PurgeWageGrowthSelection =     0
      AlphaSplitTauW1960 =  0.5000
   OccupationforWageHome = 23 Secretaries                               
   Alpha0FixedSplit =  0.5000
=============================================================
 
...... 
 
                                         Wages                          H(i,t)                 HYoung
 
                 Data60 Model60Data2010   Model      Data60   ModelData2010   Model      Data60   ModelData2010   Model
-----------------------------------------------------------------------------------------------------------------------
Home               6019    6013    9717    9848       0.814   0.827   0.952   0.929       0.286   0.299   0.232   0.233
Managers           7097    7130   10573   11632       0.393   0.393   0.823   0.628       0.075   0.074   0.135   0.145
MgmtRelated        4797    4790    8212    8180       0.143   0.145   0.463   0.476       0.043   0.046   0.108   0.108
Architects          933     930    1519    1500       0.022   0.023   0.053   0.056       0.006   0.006   0.012   0.013
Engineers          5693    5658    6604    6271       0.096   0.099   0.171   0.203       0.035   0.038   0.043   0.044
Math/CompSci        931     924    5885    5708       0.016   0.016   0.210   0.233       0.007   0.008   0.053   0.053
Science            2399    2386    2829    2721       0.043   0.045   0.109   0.124       0.017   0.019   0.032   0.032
Doctors            3131    3182    4678    5419       0.120   0.116   0.271   0.177       0.024   0.019   0.039   0.040
Nurses             1524    1522    3243    3278       0.112   0.114   0.233   0.229       0.036   0.038   0.061   0.064
Therapists          515     517    2217    2203       0.022   0.022   0.122   0.127       0.008   0.008   0.039   0.040
Professors         1928    1929    2592    2746       0.049   0.049   0.169   0.144       0.012   0.013   0.036   0.038
Teachers           3453    3448    4935    4800       0.169   0.172   0.347   0.383       0.053   0.056   0.102   0.104
Librarians          335     334     551     592       0.042   0.043   0.061   0.050       0.010   0.011   0.012   0.013
Soc.Scientists     1168    1163    2185    2144       0.026   0.027   0.117   0.126       0.009   0.010   0.030   0.030
SocialWork         1633    1635    2240    2125       0.076   0.077   0.163   0.193       0.023   0.024   0.047   0.047
Lawyers            2802    2825    6027    6163       0.063   0.062   0.187   0.178       0.016   0.015   0.040   0.039
Arts/Athletes      3016    3014    4283    4049       0.090   0.091   0.212   0.255       0.033   0.035   0.066   0.059
HealthTechs         879     879    2439    2303       0.077   0.078   0.184   0.222       0.026   0.027   0.054   0.053
Eng.Techs          2892    2863    2709    2501       0.056   0.058   0.117   0.151       0.028   0.031   0.031   0.030
ScienceTechs       1846    1832    1095     998       0.045   0.047   0.052   0.070       0.020   0.022   0.015   0.015
OtherTechs         1368    1364    6332    6094       0.043   0.044   0.226   0.257       0.014   0.015   0.055   0.054
Sales              6560    6577    8795    8906       0.286   0.288   0.646   0.632       0.080   0.082   0.164   0.152
Secretaries         918     914    1254    1109       0.191   0.196   0.142   0.208       0.068   0.074   0.033   0.031
Info.Clerks         826     821    1284    1144       0.054   0.055   0.139   0.199       0.020   0.022   0.048   0.044
Records            1291    1288    1087    1006       0.068   0.069   0.093   0.119       0.018   0.019   0.027   0.026
FinancialClerk     1393    1388    1411    1303       0.151   0.155   0.173   0.222       0.046   0.050   0.040   0.039
OfficeMachine      1148    1138     325     371       0.061   0.063   0.059   0.040       0.029   0.031   0.007   0.009
ComputerTech        608     604     805     669       0.084   0.086   0.057   0.101       0.031   0.033   0.013   0.012
Mail               1774    1766    1475    1477       0.092   0.094   0.149   0.151       0.024   0.026   0.023   0.023
Clerks             2122    2113    3012    2852       0.106   0.109   0.216   0.259       0.034   0.037   0.061   0.059
Insurance          1292    1283    3081    2868       0.031   0.032   0.235   0.296       0.012   0.013   0.078   0.075
Misc.Admin         3627    3612    2012    1798       0.228   0.234   0.194   0.276       0.074   0.079   0.058   0.053
PrivateHshld        542     544     435     448       0.118   0.118   0.128   0.119       0.024   0.025   0.029   0.030
Firefighting       1376    1362    2783    2694       0.043   0.045   0.074   0.083       0.016   0.017   0.020   0.020
Police             2018    2000    4590    4510       0.061   0.063   0.176   0.189       0.024   0.027   0.045   0.046
Guards              929     928    2087    1998       0.061   0.062   0.117   0.135       0.013   0.014   0.037   0.035
FoodPrep           1250    1254    3334    2953       0.225   0.226   0.169   0.247       0.059   0.060   0.074   0.067
HealthService       532     531    1453    1392       0.108   0.110   0.220   0.254       0.035   0.036   0.072   0.071
Cleaning            765     766    2119    2191       0.121   0.122   0.183   0.168       0.022   0.023   0.036   0.038
PersonalService    1386    1397    1918    1839       0.190   0.188   0.212   0.244       0.054   0.052   0.069   0.064
FarmMgrs           2009    2045    1662    1758       0.245   0.236   0.117   0.100       0.055   0.046   0.022   0.019
FarmWork           1005    1025    1425    1287       0.140   0.133   0.070   0.097       0.052   0.045   0.026   0.024
Agriculture         652     653    2214    2126       0.044   0.045   0.122   0.140       0.014   0.014   0.038   0.036
Forest              613     617     892     872       0.053   0.053   0.052   0.056       0.016   0.015   0.011   0.011
Mechanics          2688    2680    4256    4036       0.112   0.115   0.174   0.207       0.039   0.042   0.042   0.041
Elec.Repairer      2854    2832    3156    2963       0.067   0.070   0.114   0.140       0.031   0.034   0.031   0.030
Misc.Repairer      3304    3295    2490    2411       0.148   0.151   0.116   0.130       0.044   0.047   0.026   0.026
Construction       4466    4466    6764    6357       0.186   0.188   0.283   0.347       0.058   0.060   0.077   0.071
Extractive         1626    1619    2054    1881       0.063   0.065   0.038   0.050       0.022   0.023   0.016   0.015
Supervisor(P)      3428    3425    2316    2331       0.182   0.185   0.156   0.156       0.037   0.040   0.025   0.026
MetalWork          3116    3103    1574    1461       0.123   0.127   0.087   0.111       0.036   0.039   0.016   0.015
WoodWork            624     622     518     479       0.033   0.034   0.031   0.040       0.009   0.010   0.007   0.006
Textiles            711     709     331     324       0.166   0.169   0.040   0.043       0.040   0.043   0.006   0.006
Other              1185    1182    1209    1145       0.052   0.053   0.098   0.117       0.017   0.018   0.037   0.036
Food               1373    1370    1069     989       0.069   0.071   0.080   0.103       0.020   0.022   0.024   0.023
PlantOperator      2206    2196    1615    1590       0.066   0.068   0.067   0.071       0.018   0.020   0.014   0.014
MetalMach.         1357    1351     885     764       0.075   0.077   0.045   0.071       0.019   0.021   0.012   0.010
MetalProc.          643     641     501     438       0.039   0.040   0.030   0.045       0.011   0.011   0.007   0.006
WoodMach.           537     538    1349    1277       0.036   0.036   0.072   0.086       0.012   0.012   0.018   0.017
TextileMach.       1871    1861     933     825       0.067   0.069   0.064   0.095       0.022   0.024   0.013   0.012
PrintMach.          790     791     665     551       0.132   0.133   0.069   0.123       0.034   0.036   0.017   0.015
OtherMach.         5064    5051    2844    2610       0.334   0.341   0.162   0.213       0.105   0.112   0.042   0.039
Fabricators        2432    2424    2730    2395       0.152   0.156   0.134   0.202       0.046   0.050   0.038   0.034
Prod.Inspectors    1670    1665    1909    1770       0.114   0.116   0.107   0.136       0.031   0.034   0.026   0.025
MotorVehicle       4105    4106    4113    4174       0.191   0.194   0.291   0.283       0.066   0.069   0.058   0.058
OtherVehicle       2479    2475    2591    2469       0.113   0.115   0.086   0.100       0.031   0.033   0.022   0.021
Freight            3222    3220    2879    2627       0.194   0.197   0.161   0.216       0.068   0.070   0.049   0.045
 
 
1960 and 2010 quantities
White Men p(:,WM) for        Young Cohort                          Middle-Aged Cohort                      Old-Aged Cohort
 
                     Data60  Model60 Data2010Model2010      Data60  Model60 Data2010Model2010      Data60  Model60 Data2010Model2010
------------------------------------------------------------------------------------------------------------------------------------
Home                 0.0863   0.0862   0.1505   0.1609      0.0769   0.0769   0.1237   0.1578      0.1108   0.1108   0.1621   0.0947
Managers             0.0771   0.0779   0.0740   0.0932      0.1176   0.1176   0.1180   0.0932      0.1264   0.1264   0.1236   0.0995
MgmtRelated          0.0318   0.0318   0.0398   0.0411      0.0296   0.0296   0.0410   0.0427      0.0233   0.0233   0.0407   0.0387
Architects           0.0008   0.0008   0.0015   0.0015      0.0008   0.0008   0.0017   0.0024      0.0007   0.0007   0.0017   0.0022
Engineers            0.0298   0.0295   0.0185   0.0173      0.0251   0.0251   0.0186   0.0207      0.0154   0.0154   0.0219   0.0257
Math/CompSci         0.0008   0.0008   0.0240   0.0235      0.0004   0.0004   0.0236   0.0227      0.0002   0.0002   0.0175   0.0099
Science              0.0063   0.0063   0.0054   0.0051      0.0047   0.0047   0.0048   0.0062      0.0029   0.0029   0.0042   0.0049
Doctors              0.0083   0.0085   0.0058   0.0081      0.0102   0.0102   0.0095   0.0103      0.0082   0.0082   0.0103   0.0119
Nurses               0.0025   0.0025   0.0044   0.0047      0.0022   0.0022   0.0054   0.0035      0.0026   0.0026   0.0044   0.0029
Therapists           0.0004   0.0004   0.0028   0.0029      0.0003   0.0003   0.0033   0.0025      0.0004   0.0004   0.0023   0.0015
Professors           0.0033   0.0033   0.0070   0.0082      0.0033   0.0033   0.0068   0.0066      0.0026   0.0026   0.0062   0.0049
Teachers             0.0188   0.0187   0.0239   0.0236      0.0110   0.0110   0.0229   0.0196      0.0087   0.0087   0.0171   0.0148
Librarians           0.0002   0.0002   0.0004   0.0005      0.0002   0.0002   0.0006   0.0005      0.0002   0.0002   0.0005   0.0006
Soc.Scientists       0.0013   0.0013   0.0028   0.0028      0.0010   0.0010   0.0031   0.0018      0.0006   0.0006   0.0024   0.0029
SocialWork           0.0073   0.0073   0.0070   0.0065      0.0064   0.0064   0.0068   0.0055      0.0058   0.0058   0.0065   0.0059
Lawyers              0.0052   0.0053   0.0073   0.0080      0.0051   0.0051   0.0098   0.0094      0.0055   0.0055   0.0094   0.0103
Arts/Athletes        0.0127   0.0127   0.0180   0.0168      0.0096   0.0096   0.0162   0.0176      0.0070   0.0070   0.0125   0.0169
HealthTechs          0.0019   0.0019   0.0069   0.0064      0.0014   0.0014   0.0058   0.0048      0.0012   0.0012   0.0044   0.0041
Eng.Techs            0.0149   0.0146   0.0078   0.0069      0.0074   0.0074   0.0080   0.0084      0.0037   0.0037   0.0082   0.0148
ScienceTechs         0.0065   0.0064   0.0013   0.0011      0.0040   0.0040   0.0011   0.0011      0.0022   0.0022   0.0011   0.0021
OtherTechs           0.0033   0.0033   0.0197   0.0190      0.0029   0.0029   0.0200   0.0218      0.0016   0.0016   0.0172   0.0199
Sales                0.0767   0.0771   0.0889   0.0948      0.0748   0.0748   0.0912   0.0966      0.0669   0.0669   0.0896   0.1136
Secretaries          0.0019   0.0019   0.0024   0.0019      0.0013   0.0013   0.0017   0.0013      0.0014   0.0014   0.0016   0.0009
Info.Clerks          0.0016   0.0015   0.0035   0.0029      0.0015   0.0015   0.0020   0.0022      0.0009   0.0009   0.0019   0.0024
Records              0.0024   0.0024   0.0021   0.0018      0.0025   0.0025   0.0014   0.0014      0.0024   0.0024   0.0014   0.0017
FinancialClerk       0.0049   0.0049   0.0030   0.0027      0.0037   0.0037   0.0023   0.0024      0.0037   0.0037   0.0022   0.0028
OfficeMachine        0.0031   0.0031   0.0002   0.0003      0.0010   0.0010   0.0004   0.0008      0.0006   0.0006   0.0007   0.0003
ComputerTech         0.0007   0.0007   0.0010   0.0007      0.0005   0.0005   0.0009   0.0013      0.0004   0.0004   0.0010   0.0047
Mail                 0.0075   0.0074   0.0033   0.0035      0.0114   0.0114   0.0048   0.0041      0.0087   0.0087   0.0066   0.0069
Clerks               0.0144   0.0142   0.0210   0.0196      0.0131   0.0131   0.0171   0.0188      0.0132   0.0132   0.0165   0.0186
Insurance            0.0032   0.0031   0.0155   0.0140      0.0019   0.0019   0.0100   0.0123      0.0013   0.0013   0.0081   0.0049
Misc.Admin           0.0308   0.0306   0.0067   0.0056      0.0251   0.0251   0.0043   0.0045      0.0245   0.0245   0.0039   0.0071
PrivateHshld         0.0010   0.0010   0.0010   0.0011      0.0010   0.0010   0.0012   0.0008      0.0013   0.0013   0.0012   0.0011
Firefighting         0.0048   0.0047   0.0058   0.0057      0.0044   0.0044   0.0065   0.0050      0.0029   0.0029   0.0046   0.0045
Police               0.0103   0.0101   0.0181   0.0182      0.0079   0.0079   0.0226   0.0193      0.0060   0.0060   0.0144   0.0135
Guards               0.0026   0.0026   0.0084   0.0080      0.0036   0.0036   0.0062   0.0051      0.0062   0.0062   0.0059   0.0067
FoodPrep             0.0075   0.0076   0.0440   0.0359      0.0087   0.0087   0.0227   0.0201      0.0109   0.0109   0.0127   0.0166
HealthService        0.0017   0.0017   0.0056   0.0053      0.0014   0.0014   0.0038   0.0027      0.0016   0.0016   0.0034   0.0031
Cleaning             0.0032   0.0032   0.0132   0.0147      0.0053   0.0053   0.0160   0.0108      0.0099   0.0099   0.0207   0.0179
PersonalService      0.0073   0.0074   0.0081   0.0077      0.0055   0.0055   0.0068   0.0061      0.0078   0.0078   0.0059   0.0039
FarmMgrs             0.0331   0.0343   0.0045   0.0052      0.0465   0.0465   0.0054   0.0054      0.0606   0.0606   0.0080   0.0114
FarmWork             0.0152   0.0158   0.0090   0.0076      0.0114   0.0114   0.0066   0.0040      0.0128   0.0128   0.0050   0.0053
Agriculture          0.0018   0.0018   0.0183   0.0176      0.0018   0.0018   0.0157   0.0114      0.0024   0.0024   0.0120   0.0090
Forest               0.0025   0.0026   0.0017   0.0017      0.0025   0.0025   0.0023   0.0024      0.0028   0.0028   0.0022   0.0025
Mechanics            0.0243   0.0241   0.0291   0.0272      0.0221   0.0221   0.0317   0.0359      0.0188   0.0188   0.0350   0.0379
Elec.Repairer        0.0183   0.0180   0.0145   0.0133      0.0118   0.0118   0.0142   0.0147      0.0063   0.0063   0.0121   0.0114
Misc.Repairer        0.0308   0.0306   0.0097   0.0095      0.0339   0.0339   0.0113   0.0103      0.0341   0.0341   0.0136   0.0130
Construction         0.0507   0.0507   0.0910   0.0836      0.0542   0.0542   0.0892   0.0876      0.0512   0.0512   0.0801   0.0932
Extractive           0.0075   0.0075   0.0041   0.0036      0.0071   0.0071   0.0023   0.0011      0.0067   0.0067   0.0020   0.0021
Supervisor(P)        0.0216   0.0216   0.0064   0.0068      0.0343   0.0343   0.0107   0.0121      0.0366   0.0366   0.0121   0.0153
MetalWork            0.0219   0.0217   0.0039   0.0035      0.0253   0.0253   0.0055   0.0069      0.0222   0.0222   0.0071   0.0136
WoodWork             0.0013   0.0013   0.0007   0.0007      0.0016   0.0016   0.0008   0.0012      0.0015   0.0015   0.0010   0.0013
Textiles             0.0021   0.0021   0.0004   0.0004      0.0025   0.0025   0.0006   0.0006      0.0026   0.0026   0.0007   0.0013
Other                0.0035   0.0035   0.0027   0.0026      0.0034   0.0034   0.0020   0.0023      0.0028   0.0028   0.0018   0.0031
Food                 0.0060   0.0059   0.0038   0.0034      0.0056   0.0056   0.0030   0.0031      0.0069   0.0069   0.0029   0.0039
PlantOperator        0.0068   0.0068   0.0024   0.0024      0.0080   0.0080   0.0031   0.0025      0.0081   0.0081   0.0042   0.0049
MetalMach.           0.0049   0.0049   0.0017   0.0014      0.0062   0.0062   0.0017   0.0022      0.0067   0.0067   0.0019   0.0034
MetalProc.           0.0014   0.0013   0.0005   0.0004      0.0016   0.0016   0.0006   0.0012      0.0016   0.0016   0.0006   0.0015
WoodMach.            0.0016   0.0016   0.0041   0.0039      0.0014   0.0014   0.0042   0.0087      0.0016   0.0016   0.0046   0.0017
TextileMach.         0.0074   0.0073   0.0019   0.0015      0.0062   0.0062   0.0023   0.0030      0.0069   0.0069   0.0027   0.0058
PrintMach.           0.0032   0.0032   0.0016   0.0012      0.0035   0.0035   0.0016   0.0022      0.0037   0.0037   0.0014   0.0032
OtherMach.           0.0872   0.0867   0.0176   0.0155      0.0800   0.0800   0.0172   0.0171      0.0779   0.0779   0.0156   0.0223
Fabricators          0.0177   0.0176   0.0158   0.0126      0.0189   0.0189   0.0152   0.0156      0.0158   0.0158   0.0130   0.0217
Prod.Inspectors      0.0073   0.0073   0.0053   0.0047      0.0070   0.0070   0.0050   0.0054      0.0069   0.0069   0.0055   0.0063
MotorVehicle         0.0567   0.0568   0.0356   0.0381      0.0518   0.0518   0.0472   0.0446      0.0462   0.0462   0.0514   0.0486
OtherVehicle         0.0146   0.0145   0.0081   0.0077      0.0179   0.0179   0.0087   0.0074      0.0168   0.0168   0.0091   0.0094
Freight              0.0456   0.0456   0.0249   0.0216      0.0386   0.0386   0.0192   0.0163      0.0390   0.0390   0.0179   0.0266
 
 
1960 and 2010 quantities
White women p(:,WW) for      Young Cohort                          Middle-Aged Cohort                      Old-Aged Cohort
 
                     Data60  Model60 Data2010Model2010      Data60  Model60 Data2010Model2010      Data60  Model60 Data2010Model2010
------------------------------------------------------------------------------------------------------------------------------------
Home                 0.7388   0.7391   0.3087   0.3258      0.6698   0.6698   0.3235   0.3629      0.6238   0.6238   0.3149   0.3291
Managers             0.0068   0.0068   0.0587   0.0730      0.0145   0.0145   0.0722   0.0692      0.0217   0.0217   0.0727   0.0732
MgmtRelated          0.0033   0.0033   0.0467   0.0476      0.0046   0.0046   0.0509   0.0568      0.0058   0.0058   0.0525   0.0514
Architects           0.0000   0.0000   0.0008   0.0008      0.0000   0.0000   0.0005   0.0009      0.0000   0.0000   0.0004   0.0006
Engineers            0.0002   0.0002   0.0032   0.0029      0.0001   0.0001   0.0024   0.0031      0.0002   0.0002   0.0024   0.0037
Math/CompSci         0.0001   0.0001   0.0075   0.0072      0.0002   0.0002   0.0083   0.0092      0.0001   0.0001   0.0089   0.0060
Science              0.0003   0.0003   0.0046   0.0043      0.0003   0.0003   0.0029   0.0038      0.0002   0.0002   0.0021   0.0024
Doctors              0.0003   0.0003   0.0059   0.0081      0.0004   0.0004   0.0061   0.0062      0.0005   0.0005   0.0044   0.0047
Nurses               0.0109   0.0109   0.0328   0.0344      0.0107   0.0107   0.0322   0.0226      0.0118   0.0118   0.0346   0.0260
Therapists           0.0004   0.0004   0.0122   0.0123      0.0003   0.0003   0.0099   0.0088      0.0002   0.0002   0.0073   0.0055
Professors           0.0004   0.0004   0.0069   0.0080      0.0006   0.0006   0.0067   0.0063      0.0008   0.0008   0.0060   0.0039
Teachers             0.0167   0.0166   0.0772   0.0750      0.0171   0.0171   0.0731   0.0596      0.0310   0.0310   0.0637   0.0423
Librarians           0.0008   0.0008   0.0013   0.0015      0.0011   0.0011   0.0017   0.0014      0.0019   0.0019   0.0020   0.0014
Soc.Scientists       0.0003   0.0003   0.0051   0.0050      0.0003   0.0003   0.0043   0.0026      0.0003   0.0003   0.0031   0.0037
SocialWork           0.0015   0.0015   0.0119   0.0110      0.0017   0.0017   0.0103   0.0091      0.0025   0.0025   0.0089   0.0070
Lawyers              0.0001   0.0001   0.0062   0.0066      0.0001   0.0001   0.0058   0.0063      0.0001   0.0001   0.0043   0.0055
Arts/Athletes        0.0039   0.0039   0.0155   0.0142      0.0028   0.0028   0.0113   0.0145      0.0031   0.0031   0.0104   0.0148
HealthTechs          0.0035   0.0035   0.0178   0.0163      0.0037   0.0037   0.0170   0.0123      0.0055   0.0055   0.0160   0.0165
Eng.Techs            0.0005   0.0005   0.0024   0.0021      0.0006   0.0006   0.0017   0.0021      0.0003   0.0003   0.0021   0.0032
ScienceTechs         0.0006   0.0006   0.0007   0.0006      0.0006   0.0006   0.0005   0.0005      0.0003   0.0003   0.0006   0.0010
OtherTechs           0.0002   0.0002   0.0085   0.0081      0.0003   0.0003   0.0096   0.0112      0.0003   0.0003   0.0103   0.0113
Sales                0.0197   0.0198   0.0700   0.0737      0.0355   0.0355   0.0650   0.0725      0.0447   0.0447   0.0655   0.0790
Secretaries          0.0414   0.0410   0.0296   0.0238      0.0384   0.0384   0.0366   0.0269      0.0341   0.0341   0.0481   0.0512
Info.Clerks          0.0027   0.0027   0.0154   0.0126      0.0023   0.0023   0.0114   0.0126      0.0020   0.0020   0.0118   0.0136
Records              0.0019   0.0019   0.0050   0.0044      0.0025   0.0025   0.0051   0.0036      0.0028   0.0028   0.0063   0.0055
FinancialClerk       0.0149   0.0148   0.0145   0.0127      0.0178   0.0178   0.0197   0.0192      0.0176   0.0176   0.0237   0.0241
OfficeMachine        0.0049   0.0049   0.0003   0.0004      0.0039   0.0039   0.0004   0.0009      0.0032   0.0032   0.0006   0.0003
ComputerTech         0.0069   0.0068   0.0010   0.0007      0.0054   0.0054   0.0012   0.0017      0.0069   0.0069   0.0014   0.0074
Mail                 0.0003   0.0003   0.0012   0.0013      0.0007   0.0007   0.0024   0.0023      0.0007   0.0007   0.0040   0.0046
Clerks               0.0012   0.0012   0.0107   0.0099      0.0017   0.0017   0.0118   0.0114      0.0018   0.0018   0.0131   0.0129
Insurance            0.0001   0.0001   0.0275   0.0244      0.0002   0.0002   0.0226   0.0272      0.0002   0.0002   0.0219   0.0131
Misc.Admin           0.0296   0.0294   0.0220   0.0181      0.0337   0.0337   0.0198   0.0189      0.0350   0.0350   0.0232   0.0342
PrivateHshld         0.0022   0.0022   0.0076   0.0083      0.0042   0.0042   0.0108   0.0058      0.0080   0.0080   0.0105   0.0046
Firefighting         0.0000   0.0000   0.0003   0.0002      0.0000   0.0000   0.0003   0.0002      0.0000   0.0000   0.0002   0.0002
Police               0.0002   0.0002   0.0038   0.0038      0.0002   0.0002   0.0042   0.0033      0.0002   0.0002   0.0031   0.0022
Guards               0.0000   0.0000   0.0022   0.0021      0.0001   0.0001   0.0018   0.0014      0.0001   0.0001   0.0022   0.0016
FoodPrep             0.0163   0.0164   0.0416   0.0336      0.0229   0.0229   0.0266   0.0221      0.0244   0.0244   0.0242   0.0249
HealthService        0.0044   0.0044   0.0353   0.0332      0.0051   0.0051   0.0290   0.0200      0.0069   0.0069   0.0276   0.0173
Cleaning             0.0003   0.0003   0.0044   0.0048      0.0010   0.0010   0.0066   0.0033      0.0014   0.0014   0.0083   0.0052
PersonalService      0.0076   0.0078   0.0299   0.0283      0.0120   0.0120   0.0248   0.0277      0.0143   0.0143   0.0211   0.0210
FarmMgrs             0.0005   0.0005   0.0006   0.0007      0.0010   0.0010   0.0008   0.0007      0.0020   0.0020   0.0014   0.0015
FarmWork             0.0022   0.0023   0.0021   0.0018      0.0032   0.0032   0.0018   0.0011      0.0038   0.0038   0.0014   0.0012
Agriculture          0.0001   0.0001   0.0030   0.0029      0.0003   0.0003   0.0026   0.0018      0.0003   0.0003   0.0025   0.0020
Forest               0.0000   0.0000   0.0001   0.0001      0.0001   0.0001   0.0002   0.0001      0.0000   0.0000   0.0002   0.0001
Mechanics            0.0001   0.0001   0.0008   0.0008      0.0001   0.0001   0.0008   0.0010      0.0000   0.0000   0.0008   0.0009
Elec.Repairer        0.0002   0.0002   0.0008   0.0007      0.0001   0.0001   0.0008   0.0009      0.0001   0.0001   0.0009   0.0009
Misc.Repairer        0.0002   0.0002   0.0005   0.0005      0.0003   0.0003   0.0005   0.0006      0.0004   0.0004   0.0007   0.0009
Construction         0.0002   0.0002   0.0017   0.0015      0.0002   0.0002   0.0021   0.0023      0.0003   0.0003   0.0023   0.0024
Extractive           0.0000   0.0000   0.0001   0.0000      0.0000   0.0000   0.0001   0.0000      0.0000   0.0000   0.0001   0.0000
Supervisor(P)        0.0012   0.0012   0.0013   0.0013      0.0021   0.0021   0.0019   0.0026      0.0027   0.0027   0.0024   0.0029
MetalWork            0.0002   0.0002   0.0001   0.0001      0.0005   0.0005   0.0003   0.0004      0.0002   0.0002   0.0003   0.0006
WoodWork             0.0000   0.0000   0.0001   0.0000      0.0000   0.0000   0.0001   0.0001      0.0000   0.0000   0.0001   0.0002
Textiles             0.0085   0.0085   0.0003   0.0003      0.0121   0.0121   0.0004   0.0004      0.0160   0.0160   0.0007   0.0010
Other                0.0004   0.0004   0.0079   0.0073      0.0004   0.0004   0.0052   0.0051      0.0004   0.0004   0.0046   0.0018
Food                 0.0002   0.0002   0.0020   0.0017      0.0005   0.0005   0.0021   0.0015      0.0004   0.0004   0.0022   0.0015
PlantOperator        0.0001   0.0001   0.0001   0.0001      0.0001   0.0001   0.0002   0.0001      0.0001   0.0001   0.0002   0.0003
MetalMach.           0.0002   0.0002   0.0003   0.0002      0.0003   0.0003   0.0004   0.0005      0.0003   0.0003   0.0004   0.0007
MetalProc.           0.0000   0.0000   0.0001   0.0001      0.0000   0.0000   0.0001   0.0002      0.0000   0.0000   0.0002   0.0003
WoodMach.            0.0000   0.0000   0.0006   0.0006      0.0000   0.0000   0.0009   0.0023      0.0001   0.0001   0.0012   0.0003
TextileMach.         0.0003   0.0003   0.0004   0.0003      0.0004   0.0004   0.0006   0.0008      0.0004   0.0004   0.0007   0.0023
PrintMach.           0.0037   0.0038   0.0019   0.0013      0.0060   0.0060   0.0025   0.0028      0.0080   0.0080   0.0029   0.0073
OtherMach.           0.0261   0.0260   0.0045   0.0039      0.0375   0.0375   0.0059   0.0062      0.0345   0.0345   0.0066   0.0078
Fabricators          0.0054   0.0054   0.0032   0.0026      0.0082   0.0082   0.0042   0.0053      0.0062   0.0062   0.0051   0.0088
Prod.Inspectors      0.0041   0.0041   0.0023   0.0020      0.0068   0.0068   0.0027   0.0034      0.0066   0.0066   0.0034   0.0044
MotorVehicle         0.0004   0.0004   0.0030   0.0032      0.0007   0.0007   0.0053   0.0046      0.0005   0.0005   0.0073   0.0048
OtherVehicle         0.0001   0.0001   0.0002   0.0002      0.0002   0.0002   0.0002   0.0002      0.0002   0.0002   0.0002   0.0003
Freight              0.0014   0.0014   0.0052   0.0045      0.0016   0.0016   0.0064   0.0045      0.0018   0.0018   0.0067   0.0085
 
 
1980 and 2010 quantities (the 1960 ones fit by construction)
White Women p(:,WW) for      Young Cohort                          Middle-Aged Cohort                      Old-Aged Cohort
 
                     Data80  Model80 Data2010Model2010      Data80  Model80 Data2010Model2010      Data80  Model80 Data2010Model2010
------------------------------------------------------------------------------------------------------------------------------------
Home                 0.4606   0.4451   0.3087   0.3258      0.4763   0.6500   0.3235   0.3629      0.5097   0.7391   0.3149   0.3291
Managers             0.0341   0.0439   0.0587   0.0730      0.0377   0.0180   0.0722   0.0692      0.0356   0.0068   0.0727   0.0732
MgmtRelated          0.0264   0.0307   0.0467   0.0476      0.0221   0.0039   0.0509   0.0568      0.0200   0.0033   0.0525   0.0514
Architects           0.0003   0.0003   0.0008   0.0008      0.0001   0.0001   0.0005   0.0009      0.0001   0.0000   0.0004   0.0006
Engineers            0.0014   0.0013   0.0032   0.0029      0.0008   0.0002   0.0024   0.0031      0.0006   0.0002   0.0024   0.0037
Math/CompSci         0.0023   0.0024   0.0075   0.0072      0.0012   0.0008   0.0083   0.0092      0.0007   0.0001   0.0089   0.0060
Science              0.0015   0.0015   0.0046   0.0043      0.0008   0.0005   0.0029   0.0038      0.0005   0.0003   0.0021   0.0024
Doctors              0.0016   0.0020   0.0059   0.0081      0.0009   0.0007   0.0061   0.0062      0.0007   0.0003   0.0044   0.0047
Nurses               0.0226   0.0219   0.0328   0.0344      0.0183   0.0126   0.0322   0.0226      0.0169   0.0109   0.0346   0.0260
Therapists           0.0039   0.0033   0.0122   0.0123      0.0015   0.0009   0.0099   0.0088      0.0009   0.0004   0.0073   0.0055
Professors           0.0033   0.0042   0.0069   0.0080      0.0037   0.0026   0.0067   0.0063      0.0025   0.0004   0.0060   0.0039
Teachers             0.0512   0.0508   0.0772   0.0750      0.0432   0.0323   0.0731   0.0596      0.0318   0.0166   0.0637   0.0423
Librarians           0.0022   0.0023   0.0013   0.0015      0.0022   0.0013   0.0017   0.0014      0.0025   0.0008   0.0020   0.0014
Soc.Scientists       0.0020   0.0022   0.0051   0.0050      0.0013   0.0007   0.0043   0.0026      0.0008   0.0003   0.0031   0.0037
SocialWork           0.0064   0.0063   0.0119   0.0110      0.0045   0.0030   0.0103   0.0091      0.0037   0.0015   0.0089   0.0070
Lawyers              0.0024   0.0026   0.0062   0.0066      0.0009   0.0003   0.0058   0.0063      0.0005   0.0001   0.0043   0.0055
Arts/Athletes        0.0089   0.0090   0.0155   0.0142      0.0058   0.0034   0.0113   0.0145      0.0043   0.0039   0.0104   0.0148
HealthTechs          0.0143   0.0138   0.0178   0.0163      0.0094   0.0055   0.0170   0.0123      0.0073   0.0035   0.0160   0.0165
Eng.Techs            0.0028   0.0026   0.0024   0.0021      0.0019   0.0010   0.0017   0.0021      0.0015   0.0005   0.0021   0.0032
ScienceTechs         0.0009   0.0008   0.0007   0.0006      0.0005   0.0002   0.0005   0.0005      0.0006   0.0006   0.0006   0.0010
OtherTechs           0.0063   0.0071   0.0085   0.0081      0.0034   0.0014   0.0096   0.0112      0.0021   0.0002   0.0103   0.0113
Sales                0.0431   0.0484   0.0700   0.0737      0.0488   0.0240   0.0650   0.0725      0.0511   0.0198   0.0655   0.0790
Secretaries          0.0674   0.0645   0.0296   0.0238      0.0660   0.0574   0.0366   0.0269      0.0571   0.0410   0.0481   0.0512
Info.Clerks          0.0091   0.0100   0.0154   0.0126      0.0084   0.0050   0.0114   0.0126      0.0078   0.0027   0.0118   0.0136
Records              0.0086   0.0079   0.0050   0.0044      0.0075   0.0046   0.0051   0.0036      0.0078   0.0019   0.0063   0.0055
FinancialClerk       0.0265   0.0267   0.0145   0.0127      0.0284   0.0215   0.0197   0.0192      0.0303   0.0148   0.0237   0.0241
OfficeMachine        0.0004   0.0002   0.0003   0.0004      0.0004   0.0005   0.0004   0.0009      0.0004   0.0049   0.0006   0.0003
ComputerTech         0.0078   0.0080   0.0010   0.0007      0.0066   0.0040   0.0012   0.0017      0.0073   0.0068   0.0014   0.0074
Mail                 0.0022   0.0023   0.0012   0.0013      0.0022   0.0010   0.0024   0.0023      0.0023   0.0003   0.0040   0.0046
Clerks               0.0085   0.0090   0.0107   0.0099      0.0078   0.0027   0.0118   0.0114      0.0072   0.0012   0.0131   0.0129
Insurance            0.0060   0.0059   0.0275   0.0244      0.0041   0.0023   0.0226   0.0272      0.0031   0.0001   0.0219   0.0131
Misc.Admin           0.0336   0.0318   0.0220   0.0181      0.0330   0.0296   0.0198   0.0189      0.0317   0.0294   0.0232   0.0342
PrivateHshld         0.0034   0.0034   0.0076   0.0083      0.0051   0.0041   0.0108   0.0058      0.0064   0.0022   0.0105   0.0046
Firefighting         0.0001   0.0001   0.0003   0.0002      0.0000   0.0000   0.0003   0.0002      0.0000   0.0000   0.0002   0.0002
Police               0.0009   0.0009   0.0038   0.0038      0.0006   0.0003   0.0042   0.0033      0.0005   0.0002   0.0031   0.0022
Guards               0.0009   0.0011   0.0022   0.0021      0.0009   0.0002   0.0018   0.0014      0.0010   0.0000   0.0022   0.0016
FoodPrep             0.0206   0.0205   0.0416   0.0336      0.0240   0.0161   0.0266   0.0221      0.0262   0.0164   0.0242   0.0249
HealthService        0.0144   0.0151   0.0353   0.0332      0.0141   0.0080   0.0290   0.0200      0.0143   0.0044   0.0276   0.0173
Cleaning             0.0027   0.0034   0.0044   0.0048      0.0039   0.0008   0.0066   0.0033      0.0049   0.0003   0.0083   0.0052
PersonalService      0.0179   0.0187   0.0299   0.0283      0.0161   0.0156   0.0248   0.0277      0.0108   0.0078   0.0211   0.0210
FarmMgrs             0.0011   0.0014   0.0006   0.0007      0.0019   0.0007   0.0008   0.0007      0.0023   0.0005   0.0014   0.0015
FarmWork             0.0017   0.0015   0.0021   0.0018      0.0021   0.0012   0.0018   0.0011      0.0021   0.0023   0.0014   0.0012
Agriculture          0.0010   0.0010   0.0030   0.0029      0.0007   0.0003   0.0026   0.0018      0.0006   0.0001   0.0025   0.0020
Forest               0.0001   0.0001   0.0001   0.0001      0.0001   0.0000   0.0002   0.0001      0.0001   0.0000   0.0002   0.0001
Mechanics            0.0006   0.0006   0.0008   0.0008      0.0005   0.0004   0.0008   0.0010      0.0004   0.0001   0.0008   0.0009
Elec.Repairer        0.0010   0.0009   0.0008   0.0007      0.0007   0.0003   0.0008   0.0009      0.0006   0.0002   0.0009   0.0009
Misc.Repairer        0.0007   0.0006   0.0005   0.0005      0.0006   0.0006   0.0005   0.0006      0.0007   0.0002   0.0007   0.0009
Construction         0.0016   0.0017   0.0017   0.0015      0.0013   0.0008   0.0021   0.0023      0.0010   0.0002   0.0023   0.0024
Extractive           0.0001   0.0001   0.0001   0.0000      0.0001   0.0000   0.0001   0.0000      0.0000   0.0000   0.0001   0.0000
Supervisor(P)        0.0036   0.0043   0.0013   0.0013      0.0053   0.0017   0.0019   0.0026      0.0051   0.0012   0.0024   0.0029
MetalWork            0.0006   0.0006   0.0001   0.0001      0.0007   0.0004   0.0003   0.0004      0.0005   0.0002   0.0003   0.0006
WoodWork             0.0002   0.0002   0.0001   0.0000      0.0002   0.0001   0.0001   0.0001      0.0002   0.0000   0.0001   0.0002
Textiles             0.0011   0.0009   0.0003   0.0003      0.0017   0.0007   0.0004   0.0004      0.0021   0.0085   0.0007   0.0010
Other                0.0011   0.0011   0.0079   0.0073      0.0011   0.0003   0.0052   0.0051      0.0011   0.0004   0.0046   0.0018
Food                 0.0009   0.0008   0.0020   0.0017      0.0012   0.0005   0.0021   0.0015      0.0011   0.0002   0.0022   0.0015
PlantOperator        0.0002   0.0001   0.0001   0.0001      0.0002   0.0000   0.0002   0.0001      0.0001   0.0001   0.0002   0.0003
MetalMach.           0.0018   0.0017   0.0003   0.0002      0.0021   0.0018   0.0004   0.0005      0.0021   0.0002   0.0004   0.0007
MetalProc.           0.0007   0.0007   0.0001   0.0001      0.0008   0.0002   0.0001   0.0002      0.0008   0.0000   0.0002   0.0003
WoodMach.            0.0003   0.0003   0.0006   0.0006      0.0003   0.0001   0.0009   0.0023      0.0003   0.0000   0.0012   0.0003
TextileMach.         0.0017   0.0016   0.0004   0.0003      0.0015   0.0007   0.0006   0.0008      0.0013   0.0003   0.0007   0.0023
PrintMach.           0.0117   0.0117   0.0019   0.0013      0.0156   0.0180   0.0025   0.0028      0.0172   0.0038   0.0029   0.0073
OtherMach.           0.0105   0.0084   0.0045   0.0039      0.0125   0.0171   0.0059   0.0062      0.0122   0.0260   0.0066   0.0078
Fabricators          0.0108   0.0104   0.0032   0.0026      0.0128   0.0073   0.0042   0.0053      0.0126   0.0054   0.0051   0.0088
Prod.Inspectors      0.0048   0.0049   0.0023   0.0020      0.0064   0.0051   0.0027   0.0034      0.0078   0.0041   0.0034   0.0044
MotorVehicle         0.0034   0.0035   0.0030   0.0032      0.0046   0.0011   0.0053   0.0046      0.0032   0.0004   0.0073   0.0048
OtherVehicle         0.0007   0.0007   0.0002   0.0002      0.0007   0.0002   0.0002   0.0002      0.0007   0.0001   0.0002   0.0003
Freight              0.0086   0.0079   0.0052   0.0045      0.0100   0.0029   0.0064   0.0045      0.0103   0.0014   0.0067   0.0085
 
 
====================================================================== 
    PRODUCTION: w*H in data and model for various groups/cohorts
====================================================================== 
 
 
 
/// 1960 ///          Young                       Middle                      Old
 
               Data   Model       %        Data   Model       %        Data   Model       %
-------------------------------------------------------------------------------------------
White Men      4680    4858   103.8        5988    5991   100.0        5124    5129   100.1
White Women    2160    2249   104.2        2627    2625    99.9        2336    2336   100.0
Black Men       314     326   103.5         345     345   100.0         269     269   100.0
Black Women     232     264   113.5         212     212   100.0         136     136   100.1
 
Total income for the year:    Data = 24424  Model = 24740
 
 
/// 1970 ///          Young                       Middle                      Old
 
               Data   Model       %        Data   Model       %        Data   Model       %
-------------------------------------------------------------------------------------------
White Men      6175    6396   103.6        7009    7163   102.2        7165    7230   100.9
White Women    3139    3177   101.2        3153    3040    96.4        3304    3293    99.7
Black Men       488     497   101.9         471     461    97.8         403     401    99.4
Black Women     411     426   103.7         346     367   106.2         249     247    99.5
 
Total income for the year:    Data = 32312  Model = 32699
 
 
/// 1980 ///          Young                       Middle                      Old
 
               Data   Model       %        Data   Model       %        Data   Model       %
-------------------------------------------------------------------------------------------
White Men      7406    7536   101.8        6856    7235   105.5        6297    6777   107.6
White Women    4511    4656   103.2        3444    3259    94.6        2938    2690    91.6
Black Men       640     634    99.0         529     548   103.5         420     413    98.5
Black Women     594     598   100.7         433     442   102.2         301     313   103.8
 
Total income for the year:    Data = 34368  Model = 35100
 
 
/// 1990 ///          Young                       Middle                      Old
 
               Data   Model       %        Data   Model       %        Data   Model       %
-------------------------------------------------------------------------------------------
White Men      7301    7289    99.8        9117    9023    99.0        6995    7332   104.8
White Women    5383    5589   103.8        5538    5547   100.2        3655    3306    90.5
Black Men       670     673   100.5         737     768   104.2         539     559   103.7
Black Women     690     715   103.6         722     723   100.2         447     453   101.3
 
Total income for the year:    Data = 41793  Model = 41977
 
 
/// 2000 ///          Young                       Middle                      Old
 
               Data   Model       %        Data   Model       %        Data   Model       %
-------------------------------------------------------------------------------------------
White Men      6260    6058    96.8       11126   10606    95.3       10786   10368    96.1
White Women    4975    5027   101.1        7792    8817   113.2        6683    7300   109.2
Black Men       723     716    99.0        1074    1109   103.2         901     936   103.9
Black Women     781     798   102.2        1100    1208   109.9         897     942   105.0
 
Total income for the year:    Data = 53097  Model = 53885
 
 
/// 2010 ///          Young                       Middle                      Old
 
               Data   Model       %        Data   Model       %        Data   Model       %
-------------------------------------------------------------------------------------------
White Men      6122    5890    96.2        9067    8535    94.1       11987   11465    95.6
White Women    5114    5132   100.3        6673    7190   107.7        8452    9819   116.2
Black Men       727     712    98.0         995     981    98.6        1125    1183   105.1
Black Women     812     818   100.8        1064    1128   106.0        1177    1308   111.2
 
Total income for the year:    Data = 53316  Model = 54161
 
 
==================================================================================== 
    EARNINGS (Market): (1-tauw)*w*H in data and model for various groups/cohorts
==================================================================================== 
 
 
 
/// 1960 ///          Young                       Middle                      Old
 
               Data   Model       %        Data   Model       %        Data   Model       %
-------------------------------------------------------------------------------------------
White Men      4282    4448   103.9        5534    5537   100.1        4537    4542   100.1
White Women     827     872   105.5        1129    1128    99.9        1136    1135    99.9
Black Men       231     239   103.8         255     255   100.0         194     194   100.0
Black Women      92      99   107.0         100     100   100.1          67      67   100.2
 
Market income for the year:   Data = 18383  Model = 18615
 
 
/// 1970 ///          Young                       Middle                      Old
 
               Data   Model       %        Data   Model       %        Data   Model       %
-------------------------------------------------------------------------------------------
White Men      5610    5837   104.0        6467    6608   102.2        6406    6486   101.2
White Women    1381    1434   103.8        1471    1316    89.4        1713    1709    99.8
Black Men       375     382   101.9         369     380   103.0         314     313    99.5
Black Women     210     216   102.9         186     177    95.2         142     143   100.4
 
Market income for the year:   Data = 24645  Model = 25000
 
 
/// 1980 ///          Young                       Middle                      Old
 
               Data   Model       %        Data   Model       %        Data   Model       %
-------------------------------------------------------------------------------------------
White Men      6816    6987   102.5        6360    6630   104.2        5584    6273   112.3
White Women    2701    2811   104.1        1914    1684    88.0        1646    1328    80.7
Black Men       503     498    99.1         402     456   113.4         311     369   118.4
Black Women     391     397   101.4         272     285   104.6         188     182    96.5
 
Market income for the year:   Data = 27088  Model = 27900
 
 
/// 1990 ///          Young                       Middle                      Old
 
               Data   Model       %        Data   Model       %        Data   Model       %
-------------------------------------------------------------------------------------------
White Men      6709    6749   100.6        8458    8375    99.0        6235    6724   107.8
White Women    3593    3729   103.8        3737    3777   101.1        2408    1922    79.8
Black Men       530     534   100.6         579     632   109.2         394     491   124.7
Black Women     484     498   102.9         521     520    99.7         305     315   103.3
 
Market income for the year:   Data = 33953  Model = 34265
 
 
/// 2000 ///          Young                       Middle                      Old
 
               Data   Model       %        Data   Model       %        Data   Model       %
-------------------------------------------------------------------------------------------
White Men      5442    5218    95.9        9497    9383    98.8        8871    9211   103.8
White Women    3176    3090    97.3        4636    5697   122.9        4312    4654   107.9
Black Men       508     483    95.1         709     798   112.5         566     710   125.4
Black Women     504     484    96.2         671     782   116.6         527     623   118.1
 
Market income for the year:   Data = 39419  Model = 41133
 
 
/// 2010 ///          Young                       Middle                      Old
 
               Data   Model       %        Data   Model       %        Data   Model       %
-------------------------------------------------------------------------------------------
White Men      5320    5083    95.6        8212    7515    91.5       10088   10310   102.2
White Women    3605    3549    98.5        4517    4896   108.4        5594    6986   124.9
Black Men       521     497    95.4         772     711    92.1         792     915   115.5
Black Women     568     552    97.2         766     762    99.5         787     941   119.6
 
Market income for the year:   Data = 41541  Model = 42717
Production GDP = Total Labor Income (pre-tax) has been confirmed to the nearest dime per person :-).
 
 
GDP per person in data and model
 
        Year        Data       Model    ExitFlag
------------------------------------------------
        1960       24424       24740           1
        1970       32312       32699           1
        1980       34368       35100           1
        1990       41793       41977           1
        2000       53097       53885           1
        2010       53316       54161           1
 
 
GDP (mkt) per person in data and model
 
        Year        Data       Model
------------------------------------
        1960       17457       17670
        1970       23474       23425
        1980       25980       25861
        1990       33377       32686
        2000       37481       38725
        2010       40062       41035
 
 
GDP per worker (market) in data and model
 
        Year        Data       Model
------------------------------------
        1960       29166       29516
        1970       36932       38136
        1980       36999       39587
        1990       43711       45394
        2000       50180       52121
        2010       52772       54874
 
 
LFP in data and model
 
        Year        Data       Model
------------------------------------
        1960       0.599       0.599
        1970       0.636       0.614
        1980       0.702       0.653
        1990       0.764       0.720
        2000       0.747       0.743
        2010       0.759       0.748
 
 
Market Wage Gap in data and model
 
  Year      WWdata WWmodel      BMdata BMmodel      BWdata BWmodel
------------------------------------------------------------------
  1960       0.555   0.556       0.559   0.560       0.347   0.350
  1970       0.527   0.562       0.627   0.627       0.418   0.445
  1980       0.549   0.614       0.714   0.710       0.513   0.552
  1990       0.613   0.695       0.700   0.738       0.555   0.608
  2000       0.647   0.796       0.694   0.757       0.566   0.668
  2010       0.714   0.868       0.710   0.788       0.604   0.725
 
 
Earnings (market, after tauw) in data and model
 
        Year        Data       Model
------------------------------------
        1960       18383       18615
        1970       24645       25000
        1980       27088       27900
        1990       33953       34265
        2000       39419       41133
        2010       41541       42717
 
 
Earnings (market, after tauw) by Group in data and model
 
  Year      WMdata WMmodel      WWdata WWmodel      BMdata BMmodel      BWdata BWmodel
--------------------------------------------------------------------------------------
  1960       14352   14527        3093    3135         679     687         259     266
  1970       18483   18930        4566    4459        1058    1075         538     535
  1980       18760   19890        6261    5823        1216    1323         852     863
  1990       21402   21848        9738    9428        1503    1657        1310    1333
  2000       23810   23812       12124   13441        1783    1991        1701    1889
  2010       23619   22908       13716   15432        2085    2123        2121    2255
 
 
ConsumptionYoung (total) per young person in data and model (and Utility)
 
        Year        Data       Model     Utility
------------------------------------------------
        1960       26528       27650       22291
        1970       36221       37204       24611
        1980       34782       35221       20601
        1990       41667       41829       24194
        2000       50102       49053       37203
        2010       49974       48783       30119
 
 
EarningsYoung (market) per young person in data and model
 
        Year        Data       Model
------------------------------------
        1960       16290       16970
        1970       21968       22814
        1980       24391       25055
        1990       28486       28973
        2000       31605       30445
        2010       32063       30999
 
 
GDP (mkt) of only Young Cohorts...
 
  Year    Data   Model
----------------------
  1960   15189   15814
  1970   20765   21470
  1980   23562   24202
  1990   28342   28947
  2000   30300   29771
  2010   30620   29937
 
 
Share of growth accounted for by the Full Model:
 
                                      Share
-------------------------------------------
GDP per person                        100.4
GDP per person (mkt)                  101.4
GDP (mkt) per worker                  104.6
Labor Force Participation (LFP)        93.6
Earnings                              101.9
ConsumpYoung (total)                   89.6
EarningsYoung (market)                 89.0
GDPYoung (market)                      91.0
WageGapWW                             176.7
WageGapBM                             143.4
WageGapBW                             131.4
EarningsWM                             91.4
EarningsWW                            107.0
EarningsBM                            100.5
EarningsBW                            101.7
