HowMuchPoorer_gen_t6_7_c1_Benchmark                 05-Oct-2026 
 

=== HowMuchPoorer_gen chunk 1, t0=6 (2010), t1=7 (2023) ===
 
=============================================================
KEY PARAMETER VALUES:    CaseName = Benchmark
                   theta =  2.0000
                     eta =  0.1030
            theta*(1-eta)=  1.7940
                    dlta =  0.0000
                      mu =  0.5574
                   sigma =  3.0000
           EstimateDelta =  0.0000
           ConstrainTauH = -0.8000
PurgeWageGrowthSelection =     0
      AlphaSplitTauW1960 =  0.5000
   OccupationforWageHome = 23 Secretaries                               
   Alpha0FixedSplit =  0.5000
=============================================================
 
 
 
========================================================================
 How much poorer in 2023 with 2010 values of TauWTauH
========================================================================
....... 
                 Y    Ymkt    Ywkr     LFP    Earn    Cons   EarnY    gdpY   GapWW   GapBM   GapBW  EarnWM  EarnWW  EarnBM  EarnBW    Util
------------------------------------------------------------------------------------------------------------------------------------------
2010(base)   72607   55011   73565   0.748   57257   57068   41542   40125   0.868   0.787   0.724   30707   20684    2844    3022   35004
2023(alt)    71247   61402   77807   0.789   60129   62479   52422   53538   0.824   0.731   0.676   31785   21406    3391    3548   34176
2023(tru)    71759   61904   78332   0.790   61015   63724   53577   55015   0.857   0.736   0.673   31750   22315    3419    3531   34753
Growth(alt) -0.0015  0.0085  0.0043  0.0041  0.0038  0.0070  0.0179  0.0222 -0.0039 -0.0058 -0.0053  0.0027  0.0026  0.0135  0.0123 -0.0018
Growth(tru) -0.0009  0.0091  0.0048  0.0042  0.0049  0.0085  0.0196  0.0243 -0.0009 -0.0052 -0.0056  0.0026  0.0058  0.0141  0.0120 -0.0006
Difference   0.0006  0.0006  0.0005  0.0001  0.0011  0.0015  0.0017  0.0021  0.0030  0.0006 -0.0003 -0.0001  0.0032  0.0006 -0.0004  0.0013
// Share //   -61.0     6.9    10.7     2.6    23.0    17.9     8.6     8.6  -320.9   -11.2     5.5    -3.2    54.8     4.4    -3.0  -232.8
 
 
 
 
========================================================================
 How much poorer in 2023 with 2010 values of TauH
========================================================================
....... 
                 Y    Ymkt    Ywkr     LFP    Earn    Cons   EarnY    gdpY   GapWW   GapBM   GapBW  EarnWM  EarnWW  EarnBM  EarnBW    Util
------------------------------------------------------------------------------------------------------------------------------------------
2010(base)   72607   55011   73565   0.748   57257   57068   41542   40125   0.868   0.787   0.724   30707   20684    2844    3022   35004
2023(alt)    71351   61512   77866   0.790   60886   63369   53254   53863   0.854   0.729   0.666   31780   22234    3382    3490   34560
2023(tru)    71759   61904   78332   0.790   61015   63724   53577   55015   0.857   0.736   0.673   31750   22315    3419    3531   34753
Growth(alt) -0.0013  0.0086  0.0044  0.0042  0.0047  0.0081  0.0191  0.0226 -0.0012 -0.0060 -0.0065  0.0026  0.0056  0.0133  0.0111 -0.0010
Growth(tru) -0.0009  0.0091  0.0048  0.0042  0.0049  0.0085  0.0196  0.0243 -0.0009 -0.0052 -0.0056  0.0026  0.0058  0.0141  0.0120 -0.0006
Difference   0.0004  0.0005  0.0005  0.0000  0.0002  0.0004  0.0005  0.0016  0.0003  0.0008  0.0008 -0.0001  0.0003  0.0008  0.0009  0.0004
// Share //   -48.6     5.4     9.5     0.7     3.3     5.1     2.4     6.7   -31.9   -15.1   -14.8    -2.8     4.8     5.8     7.6   -77.2
 
 
 
 
========================================================================
 How much poorer in 2023 with 2010 values of TauW
========================================================================
....... 
                 Y    Ymkt    Ywkr     LFP    Earn    Cons   EarnY    gdpY   GapWW   GapBM   GapBW  EarnWM  EarnWW  EarnBM  EarnBW    Util
------------------------------------------------------------------------------------------------------------------------------------------
2010(base)   72607   55011   73565   0.748   57257   57068   41542   40125   0.868   0.787   0.724   30707   20684    2844    3022   35004
2023(alt)    71667   61807   78281   0.790   60279   62899   52807   54727   0.828   0.739   0.684   31754   21499    3435    3590   34403
2023(tru)    71759   61904   78332   0.790   61015   63724   53577   55015   0.857   0.736   0.673   31750   22315    3419    3531   34753
Growth(alt) -0.0010  0.0090  0.0048  0.0042  0.0040  0.0075  0.0185  0.0239 -0.0036 -0.0048 -0.0045  0.0026  0.0030  0.0145  0.0133 -0.0013
Growth(tru) -0.0009  0.0091  0.0048  0.0042  0.0049  0.0085  0.0196  0.0243 -0.0009 -0.0052 -0.0056  0.0026  0.0058  0.0141  0.0120 -0.0006
Difference   0.0001  0.0001  0.0001  0.0001  0.0009  0.0010  0.0011  0.0004  0.0027 -0.0003 -0.0012 -0.0000  0.0029 -0.0004 -0.0013  0.0008
// Share //   -10.9     1.3     1.0     1.7    19.1    11.8     5.7     1.7  -284.7     6.5    20.5    -0.4    49.1    -2.6   -10.7  -140.7
 
 
