warning: function /workspace/eval/followup/001-living-update/workspace/cases/R4_SPLIT/shims/keyboard.m shadows a built-in function
warning: function /workspace/eval/followup/001-living-update/workspace/cases/R4_SPLIT/shims/print.m shadows a core library function
HowMuchPoorer_gen_t1_7_c1_Benchmark                 05-Oct-2026 
 

=== HowMuchPoorer_gen chunk 1, t0=1 (1960), t1=7 (2023) ===
 
=============================================================
KEY PARAMETER VALUES:    CaseName = Benchmark
                   theta =  2.0000
                     eta =  0.1030
            theta*(1-eta)=  1.7940
                    dlta =  0.0000
                      mu =  0.5574
                   sigma =  3.0000
           EstimateDelta =  0.0000
           ConstrainTauH = -0.8000
PurgeWageGrowthSelection =     0
      AlphaSplitTauW1960 =  0.5000
   OccupationforWageHome = 23 Secretaries                               
   Alpha0FixedSplit =  0.5000
=============================================================
 
 
 
========================================================================
 How much poorer in 2023 with 1960 values of TauWTauH
========================================================================
....... 
                 Y    Ymkt    Ywkr     LFP    Earn    Cons   EarnY    gdpY   GapWW   GapBM   GapBW  EarnWM  EarnWW  EarnBM  EarnBW    Util
------------------------------------------------------------------------------------------------------------------------------------------
1960(base)   33004   23571   39372   0.599   24833   37051   22743   21193   0.556   0.560   0.350   19380    4181     917     355   29671
2023(alt)    52347   42664   64120   0.665   43014   45863   37144   37202   0.374   0.493   0.321   33421    6116    2298    1179   23313
2023(tru)    71759   61904   78332   0.790   61015   63724   53577   55015   0.857   0.736   0.673   31750   22315    3419    3531   34753
Growth(alt)  0.0073  0.0094  0.0077  0.0017  0.0087  0.0034  0.0078  0.0089 -0.0063 -0.0020 -0.0014  0.0087  0.0060  0.0146  0.0191 -0.0038
Growth(tru)  0.0123  0.0153  0.0109  0.0044  0.0143  0.0086  0.0136  0.0151  0.0069  0.0044  0.0104  0.0078  0.0266  0.0209  0.0365  0.0025
Difference   0.0050  0.0059  0.0032  0.0027  0.0055  0.0052  0.0058  0.0062  0.0132  0.0064  0.0118 -0.0008  0.0205  0.0063  0.0174  0.0063
// Share //    40.6    38.6    29.1    62.0    38.9    60.7    42.8    41.0   191.5   146.1   113.4   -10.4    77.3    30.2    47.7   252.6
 
 
 
 
========================================================================
 How much poorer in 2023 with 1960 values of TauH
========================================================================
....... 
                 Y    Ymkt    Ywkr     LFP    Earn    Cons   EarnY    gdpY   GapWW   GapBM   GapBW  EarnWM  EarnWW  EarnBM  EarnBW    Util
------------------------------------------------------------------------------------------------------------------------------------------
1960(base)   33004   23571   39372   0.599   24833   37051   22743   21193   0.556   0.560   0.350   19380    4181     917     355   29671
2023(alt)    53551   44488   58571   0.760   50727   52981   44046   38469   0.509   0.667   0.453   33223   11595    3527    2382   28907
2023(tru)    71759   61904   78332   0.790   61015   63724   53577   55015   0.857   0.736   0.673   31750   22315    3419    3531   34753
Growth(alt)  0.0077  0.0101  0.0063  0.0038  0.0113  0.0057  0.0105  0.0095 -0.0014  0.0028  0.0041  0.0086  0.0162  0.0214  0.0302 -0.0004
Growth(tru)  0.0123  0.0153  0.0109  0.0044  0.0143  0.0086  0.0136  0.0151  0.0069  0.0044  0.0104  0.0078  0.0266  0.0209  0.0365  0.0025
Difference   0.0046  0.0052  0.0046  0.0006  0.0029  0.0029  0.0031  0.0057  0.0083  0.0016  0.0063 -0.0007  0.0104 -0.0005  0.0062  0.0029
// Share //    37.7    34.2    42.3    14.3    20.5    34.0    22.9    37.5   120.0    36.2    60.7    -9.2    39.1    -2.4    17.1   116.5
 
 
 
 
========================================================================
 How much poorer in 2023 with 1960 values of TauW
========================================================================
....... 
                 Y    Ymkt    Ywkr     LFP    Earn    Cons   EarnY    gdpY   GapWW   GapBM   GapBW  EarnWM  EarnWW  EarnBM  EarnBW    Util
------------------------------------------------------------------------------------------------------------------------------------------
1960(base)   33004   23571   39372   0.599   24833   37051   22743   21193   0.556   0.560   0.350   19380    4181     917     355   29671
2023(alt)    68746   58294   82025   0.711   48522   52126   42674   52670   0.594   0.573   0.482   32051   12251    2282    1939   27584
2023(tru)    71759   61904   78332   0.790   61015   63724   53577   55015   0.857   0.736   0.673   31750   22315    3419    3531   34753
Growth(alt)  0.0116  0.0144  0.0117  0.0027  0.0106  0.0054  0.0100  0.0145  0.0011  0.0004  0.0051  0.0080  0.0171  0.0145  0.0270 -0.0012
Growth(tru)  0.0123  0.0153  0.0109  0.0044  0.0143  0.0086  0.0136  0.0151  0.0069  0.0044  0.0104  0.0078  0.0266  0.0209  0.0365  0.0025
Difference   0.0007  0.0010 -0.0007  0.0017  0.0036  0.0032  0.0036  0.0007  0.0058  0.0040  0.0053 -0.0001  0.0095  0.0064  0.0095  0.0037
// Share //     5.5     6.2    -6.7    38.2    25.5    37.0    26.6     4.6    84.7    91.2    51.1    -1.9    35.8    30.7    26.1   146.1
 
 
