HowMuchPoorer_gen_t6_7_c5_Benchmark                 05-Oct-2026 
 

=== HowMuchPoorer_gen chunk 5, t0=6 (2010), t1=7 (2023) ===
 
 
========================================================================
 How much poorer in 2023 with 2010 values of TauWTauH, for Black Women
========================================================================
....... 
                 Y    Ymkt    Ywkr     LFP    Earn    Cons   EarnY    gdpY   GapWW   GapBM   GapBW  EarnWM  EarnWW  EarnBM  EarnBW    Util
------------------------------------------------------------------------------------------------------------------------------------------
2010(base)   69527   52677   70443   0.748   54826   54809   39774   38418   0.868   0.787   0.724   29404   19805    2723    2894   33618
2023(alt)    71498   61664   78028   0.790   60894   63893   53554   54733   0.857   0.736   0.680   31666   22260    3411    3557   34853
2023(tru)    71578   61739   78126   0.790   60864   63919   53574   54955   0.858   0.736   0.674   31663   22265    3410    3526   34853
Growth(alt)  0.0022  0.0121  0.0079  0.0043  0.0081  0.0118  0.0229  0.0272 -0.0009 -0.0051 -0.0049  0.0057  0.0090  0.0173  0.0159  0.0028
Growth(tru)  0.0022  0.0122  0.0080  0.0042  0.0080  0.0118  0.0229  0.0275 -0.0009 -0.0052 -0.0055  0.0057  0.0090  0.0173  0.0152  0.0028
Difference   0.0001  0.0001  0.0001 -0.0000 -0.0000  0.0000  0.0000  0.0003  0.0000 -0.0000 -0.0007 -0.0000  0.0000 -0.0000 -0.0007 -0.0000
// Share //     3.8     0.8     1.2    -0.1    -0.5     0.3     0.1     1.1    -2.1     0.1    11.8    -0.1     0.2    -0.1    -4.4    -0.0
 
 
 
 
========================================================================
 How much poorer in 2023 with 2010 values of TauH, for Black Women
========================================================================
....... 
                 Y    Ymkt    Ywkr     LFP    Earn    Cons   EarnY    gdpY   GapWW   GapBM   GapBW  EarnWM  EarnWW  EarnBM  EarnBW    Util
------------------------------------------------------------------------------------------------------------------------------------------
2010(base)   69527   52677   70443   0.748   54826   54809   39774   38418   0.868   0.787   0.724   29404   19805    2723    2894   33618
2023(alt)    71495   61659   78032   0.790   60830   63819   53483   54719   0.857   0.736   0.669   31666   22259    3411    3494   34805
2023(tru)    71578   61739   78126   0.790   60864   63919   53574   54955   0.858   0.736   0.674   31663   22265    3410    3526   34853
Growth(alt)  0.0021  0.0121  0.0079  0.0042  0.0080  0.0117  0.0228  0.0272 -0.0009 -0.0051 -0.0061  0.0057  0.0090  0.0173  0.0145  0.0027
Growth(tru)  0.0022  0.0122  0.0080  0.0042  0.0080  0.0118  0.0229  0.0275 -0.0009 -0.0052 -0.0055  0.0057  0.0090  0.0173  0.0152  0.0028
Difference   0.0001  0.0001  0.0001  0.0000  0.0000  0.0001  0.0001  0.0003  0.0000 -0.0000  0.0006 -0.0000  0.0000 -0.0000  0.0007  0.0001
// Share //     4.0     0.8     1.2     0.2     0.5     1.0     0.6     1.2    -2.7     0.1   -10.7    -0.1     0.2    -0.1     4.7     3.9
 
 
 
 
========================================================================
 How much poorer in 2023 with 2010 values of TauW, for Black Women
========================================================================
....... 
                 Y    Ymkt    Ywkr     LFP    Earn    Cons   EarnY    gdpY   GapWW   GapBM   GapBW  EarnWM  EarnWW  EarnBM  EarnBW    Util
------------------------------------------------------------------------------------------------------------------------------------------
2010(base)   69527   52677   70443   0.748   54826   54809   39774   38418   0.868   0.787   0.724   29404   19805    2723    2894   33618
2023(alt)    71580   61743   78119   0.790   60929   63998   53649   54964   0.858   0.736   0.685   31663   22265    3410    3591   34906
2023(tru)    71578   61739   78126   0.790   60864   63919   53574   54955   0.858   0.736   0.674   31663   22265    3410    3526   34853
Growth(alt)  0.0022  0.0122  0.0080  0.0043  0.0081  0.0119  0.0230  0.0275 -0.0009 -0.0051 -0.0043  0.0057  0.0090  0.0173  0.0166  0.0029
Growth(tru)  0.0022  0.0122  0.0080  0.0042  0.0080  0.0118  0.0229  0.0275 -0.0009 -0.0052 -0.0055  0.0057  0.0090  0.0173  0.0152  0.0028
Difference  -0.0000 -0.0000  0.0000 -0.0000 -0.0001 -0.0001 -0.0001 -0.0000 -0.0000 -0.0000 -0.0013  0.0000 -0.0000  0.0000 -0.0014 -0.0001
// Share //    -0.1    -0.0     0.1    -0.2    -1.0    -0.8    -0.5    -0.0     0.5     0.0    22.8     0.0    -0.0     0.0    -9.2    -4.2
 
 
