HowMuchPoorer_gen_t5_6_c1_Benchmark                 05-Oct-2026 
 

=== HowMuchPoorer_gen chunk 1, t0=5 (2000), t1=6 (2010) ===
 
=============================================================
KEY PARAMETER VALUES:    CaseName = Benchmark
                   theta =  2.0000
                     eta =  0.1030
            theta*(1-eta)=  1.7940
                    dlta =  0.0000
                      mu =  0.5574
                   sigma =  3.0000
           EstimateDelta =  0.0000
           ConstrainTauH = -0.8000
PurgeWageGrowthSelection =     0
      AlphaSplitTauW1960 =  0.5000
   OccupationforWageHome = 23 Secretaries                               
   Alpha0FixedSplit =  0.5000
=============================================================
 
 
 
========================================================================
 How much poorer in 2010 with 2000 values of TauWTauH
========================================================================
....... 
                 Y    Ymkt    Ywkr     LFP    Earn    Cons   EarnY    gdpY   GapWW   GapBM   GapBW  EarnWM  EarnWW  EarnBM  EarnBW    Util
------------------------------------------------------------------------------------------------------------------------------------------
2000(base)   72240   51915   69875   0.743   55139   61919   40799   39900   0.796   0.757   0.668   31923   18016    2669    2532   46651
2010(alt)    69295   52453   70241   0.747   54205   54037   39050   37709   0.848   0.769   0.714   29409   19281    2660    2855   33383
2010(tru)    69527   52677   70443   0.748   54826   54809   39774   38418   0.868   0.787   0.724   29404   19805    2723    2894   33618
Growth(alt) -0.0042  0.0010  0.0005  0.0005 -0.0017 -0.0136 -0.0044 -0.0056  0.0064  0.0015  0.0067 -0.0082  0.0068 -0.0003  0.0120 -0.0335
Growth(tru) -0.0038  0.0015  0.0008  0.0006 -0.0006 -0.0122 -0.0025 -0.0038  0.0086  0.0040  0.0081 -0.0082  0.0095  0.0020  0.0134 -0.0328
Difference   0.0003  0.0004  0.0003  0.0001  0.0011  0.0014  0.0018  0.0019  0.0023  0.0024  0.0014 -0.0000  0.0027  0.0023  0.0014  0.0007
// Share //    -8.7    29.2    35.6    21.4  -200.1   -11.6   -72.2   -49.3    26.5    61.0    17.3     0.2    28.3   116.0    10.1    -2.1
 
 
 
 
========================================================================
 How much poorer in 2010 with 2000 values of TauH
========================================================================
....... 
                 Y    Ymkt    Ywkr     LFP    Earn    Cons   EarnY    gdpY   GapWW   GapBM   GapBW  EarnWM  EarnWW  EarnBM  EarnBW    Util
------------------------------------------------------------------------------------------------------------------------------------------
2000(base)   72240   51915   69875   0.743   55139   61919   40799   39900   0.796   0.757   0.668   31923   18016    2669    2532   46651
2010(alt)    69381   52548   70245   0.748   54784   54683   39680   38011   0.866   0.786   0.722   29402   19754    2735    2893   33647
2010(tru)    69527   52677   70443   0.748   54826   54809   39774   38418   0.868   0.787   0.724   29404   19805    2723    2894   33618
Growth(alt) -0.0040  0.0012  0.0005  0.0007 -0.0006 -0.0124 -0.0028 -0.0048  0.0084  0.0038  0.0078 -0.0082  0.0092  0.0025  0.0133 -0.0327
Growth(tru) -0.0038  0.0015  0.0008  0.0006 -0.0006 -0.0122 -0.0025 -0.0038  0.0086  0.0040  0.0081 -0.0082  0.0095  0.0020  0.0134 -0.0328
Difference   0.0002  0.0002  0.0003 -0.0000  0.0001  0.0002  0.0002  0.0011  0.0002  0.0002  0.0003  0.0000  0.0003 -0.0004  0.0000 -0.0001
// Share //    -5.5    16.8    34.8    -5.6   -13.5    -1.9    -9.3   -28.2     2.3     4.1     3.5    -0.1     2.7   -21.4     0.1     0.3
 
 
 
 
========================================================================
 How much poorer in 2010 with 2000 values of TauW
========================================================================
....... 
                 Y    Ymkt    Ywkr     LFP    Earn    Cons   EarnY    gdpY   GapWW   GapBM   GapBW  EarnWM  EarnWW  EarnBM  EarnBW    Util
------------------------------------------------------------------------------------------------------------------------------------------
2000(base)   72240   51915   69875   0.743   55139   61919   40799   39900   0.796   0.757   0.668   31923   18016    2669    2532   46651
2010(alt)    69442   52584   70437   0.747   54253   54185   39166   38121   0.850   0.770   0.716   29411   19338    2652    2852   33364
2010(tru)    69527   52677   70443   0.748   54826   54809   39774   38418   0.868   0.787   0.724   29404   19805    2723    2894   33618
Growth(alt) -0.0040  0.0013  0.0008  0.0005 -0.0016 -0.0133 -0.0041 -0.0046  0.0066  0.0017  0.0070 -0.0082  0.0071 -0.0006  0.0119 -0.0335
Growth(tru) -0.0038  0.0015  0.0008  0.0006 -0.0006 -0.0122 -0.0025 -0.0038  0.0086  0.0040  0.0081 -0.0082  0.0095  0.0020  0.0134 -0.0328
Difference   0.0001  0.0002  0.0000  0.0002  0.0011  0.0011  0.0015  0.0008  0.0021  0.0022  0.0012 -0.0000  0.0024  0.0027  0.0014  0.0008
// Share //    -3.2    12.2     1.2    25.9  -184.4    -9.4   -60.6   -20.6    23.9    56.2    14.4     0.3    25.2   131.1    10.8    -2.3
 
 
