warning: function /workspace/eval/followup/004-gate-conformance/workspace/cases/LivingDefl/shims/axis.m shadows a core library function
warning: function /workspace/eval/followup/004-gate-conformance/workspace/cases/LivingDefl/shims/errorbar.m shadows a core library function
warning: function /workspace/eval/followup/004-gate-conformance/workspace/cases/LivingDefl/shims/ylim.m shadows a core library function
warning: function /workspace/eval/followup/004-gate-conformance/workspace/cases/LivingDefl/shims/whitebg.m shadows a core library function
warning: function /workspace/eval/followup/004-gate-conformance/workspace/cases/LivingDefl/shims/gca.m shadows a core library function
warning: function /workspace/eval/followup/004-gate-conformance/workspace/cases/LivingDefl/shims/bar.m shadows a core library function
warning: function /workspace/eval/followup/004-gate-conformance/workspace/cases/LivingDefl/shims/set.m shadows a built-in function
warning: function /workspace/eval/followup/004-gate-conformance/workspace/cases/LivingDefl/shims/orient.m shadows a core library function
warning: function /workspace/eval/followup/004-gate-conformance/workspace/cases/LivingDefl/shims/title.m shadows a core library function
warning: function /workspace/eval/followup/004-gate-conformance/workspace/cases/LivingDefl/shims/colorbar.m shadows a core library function
warning: function /workspace/eval/followup/004-gate-conformance/workspace/cases/LivingDefl/shims/scatter.m shadows a core library function
warning: function /workspace/eval/followup/004-gate-conformance/workspace/cases/LivingDefl/shims/subplot.m shadows a core library function
warning: function /workspace/eval/followup/004-gate-conformance/workspace/cases/LivingDefl/shims/grid.m shadows a core library function
warning: function /workspace/eval/followup/004-gate-conformance/workspace/cases/LivingDefl/shims/keyboard.m shadows a built-in function
warning: function /workspace/eval/followup/004-gate-conformance/workspace/cases/LivingDefl/shims/figure.m shadows a core library function
warning: function /workspace/eval/followup/004-gate-conformance/workspace/cases/LivingDefl/shims/drawnow.m shadows a built-in function
warning: function /workspace/eval/followup/004-gate-conformance/workspace/cases/LivingDefl/shims/xlim.m shadows a core library function
warning: function /workspace/eval/followup/004-gate-conformance/workspace/cases/LivingDefl/shims/ylabel.m shadows a core library function
warning: function /workspace/eval/followup/004-gate-conformance/workspace/cases/LivingDefl/shims/cla.m shadows a core library function
warning: function /workspace/eval/followup/004-gate-conformance/workspace/cases/LivingDefl/shims/print.m shadows a core library function
warning: function /workspace/eval/followup/004-gate-conformance/workspace/cases/LivingDefl/shims/box.m shadows a core library function
warning: function /workspace/eval/followup/004-gate-conformance/workspace/cases/LivingDefl/shims/stem.m shadows a core library function
warning: function /workspace/eval/followup/004-gate-conformance/workspace/cases/LivingDefl/shims/text.m shadows a core library function
warning: function /workspace/eval/followup/004-gate-conformance/workspace/cases/LivingDefl/shims/plot.m shadows a core library function
warning: function /workspace/eval/followup/004-gate-conformance/workspace/cases/LivingDefl/shims/legend.m shadows a core library function
warning: function /workspace/eval/followup/004-gate-conformance/workspace/cases/LivingDefl/shims/gcf.m shadows a core library function
warning: function /workspace/eval/followup/004-gate-conformance/workspace/cases/LivingDefl/shims/line.m shadows a core library function
warning: function /workspace/eval/followup/004-gate-conformance/workspace/cases/LivingDefl/shims/xlabel.m shadows a core library function
warning: function /workspace/eval/followup/004-gate-conformance/workspace/cases/LivingDefl/shims/clf.m shadows a core library function
warning: function /workspace/eval/followup/004-gate-conformance/workspace/cases/LivingDefl/shims/hold.m shadows a core library function
HowMuchPoorer_gen_t6_7_c4_Benchmark                 05-Oct-2026 
 

=== HowMuchPoorer_gen chunk 4, t0=6 (2010), t1=7 (2023) ===
 
 
========================================================================
 How much poorer in 2023 with 2010 values of TauWTauH, for Black Men
========================================================================
....... 
                 Y    Ymkt    Ywkr     LFP    Earn    Cons   EarnY    gdpY   GapWW   GapBM   GapBW  EarnWM  EarnWW  EarnBM  EarnBW    Util
------------------------------------------------------------------------------------------------------------------------------------------
2010(base)   69527   52677   70443   0.748   54826   54809   39774   38418   0.868   0.787   0.724   29404   19805    2723    2894   33618
2023(alt)    71524   61686   78068   0.790   60834   63814   53478   54801   0.857   0.731   0.674   31666   22262    3380    3525   34806
2023(tru)    71578   61739   78126   0.790   60864   63919   53574   54955   0.858   0.736   0.674   31663   22265    3410    3526   34853
Growth(alt)  0.0022  0.0121  0.0079  0.0042  0.0080  0.0117  0.0228  0.0273 -0.0009 -0.0057 -0.0055  0.0057  0.0090  0.0166  0.0152  0.0027
Growth(tru)  0.0022  0.0122  0.0080  0.0042  0.0080  0.0118  0.0229  0.0275 -0.0009 -0.0052 -0.0055  0.0057  0.0090  0.0173  0.0152  0.0028
Difference   0.0001  0.0001  0.0001  0.0000  0.0000  0.0001  0.0001  0.0002  0.0000  0.0005  0.0000 -0.0000  0.0000  0.0007  0.0000  0.0001
// Share //     2.6     0.5     0.7     0.2     0.5     1.1     0.6     0.8    -1.5   -10.2    -0.5    -0.1     0.1     3.9     0.1     3.7
 
 
 
 
========================================================================
 How much poorer in 2023 with 2010 values of TauH, for Black Men
========================================================================
....... 
                 Y    Ymkt    Ywkr     LFP    Earn    Cons   EarnY    gdpY   GapWW   GapBM   GapBW  EarnWM  EarnWW  EarnBM  EarnBW    Util
------------------------------------------------------------------------------------------------------------------------------------------
2010(base)   69527   52677   70443   0.748   54826   54809   39774   38418   0.868   0.787   0.724   29404   19805    2723    2894   33618
2023(alt)    71505   61668   78044   0.790   60821   63789   53456   54747   0.857   0.729   0.674   31666   22261    3368    3525   34805
2023(tru)    71578   61739   78126   0.790   60864   63919   53574   54955   0.858   0.736   0.674   31663   22265    3410    3526   34853
Growth(alt)  0.0022  0.0121  0.0079  0.0042  0.0080  0.0117  0.0227  0.0272 -0.0009 -0.0060 -0.0055  0.0057  0.0090  0.0164  0.0152  0.0027
Growth(tru)  0.0022  0.0122  0.0080  0.0042  0.0080  0.0118  0.0229  0.0275 -0.0009 -0.0052 -0.0055  0.0057  0.0090  0.0173  0.0152  0.0028
Difference   0.0001  0.0001  0.0001  0.0000  0.0001  0.0002  0.0002  0.0003  0.0000  0.0008  0.0000 -0.0000  0.0000  0.0009  0.0000  0.0001
// Share //     3.5     0.7     1.0     0.2     0.7     1.3     0.7     1.1    -1.8   -15.6    -0.6    -0.1     0.1     5.4     0.2     3.8
 
 
 
 
========================================================================
 How much poorer in 2023 with 2010 values of TauW, for Black Men
========================================================================
....... 
                 Y    Ymkt    Ywkr     LFP    Earn    Cons   EarnY    gdpY   GapWW   GapBM   GapBW  EarnWM  EarnWW  EarnBM  EarnBW    Util
------------------------------------------------------------------------------------------------------------------------------------------
2010(base)   69527   52677   70443   0.748   54826   54809   39774   38418   0.868   0.787   0.724   29404   19805    2723    2894   33618
2023(alt)    71600   61760   78150   0.790   60884   63967   53617   55016   0.858   0.740   0.674   31663   22265    3429    3527   34864
2023(tru)    71578   61739   78126   0.790   60864   63919   53574   54955   0.858   0.736   0.674   31663   22265    3410    3526   34853
Growth(alt)  0.0023  0.0122  0.0080  0.0043  0.0081  0.0119  0.0230  0.0276 -0.0009 -0.0047 -0.0055  0.0057  0.0090  0.0177  0.0152  0.0028
Growth(tru)  0.0022  0.0122  0.0080  0.0042  0.0080  0.0118  0.0229  0.0275 -0.0009 -0.0052 -0.0055  0.0057  0.0090  0.0173  0.0152  0.0028
Difference  -0.0000 -0.0000 -0.0000 -0.0000 -0.0000 -0.0001 -0.0001 -0.0001 -0.0000 -0.0004 -0.0000  0.0000 -0.0000 -0.0004 -0.0000 -0.0000
// Share //    -1.0    -0.2    -0.3    -0.0    -0.3    -0.5    -0.3    -0.3     0.3     7.9     0.1     0.0    -0.0    -2.5    -0.0    -0.8
 
 
