warning: function /workspace/eval/followup/004-gate-conformance/workspace/cases/LivingDefl/shims/axis.m shadows a core library function
warning: function /workspace/eval/followup/004-gate-conformance/workspace/cases/LivingDefl/shims/errorbar.m shadows a core library function
warning: function /workspace/eval/followup/004-gate-conformance/workspace/cases/LivingDefl/shims/ylim.m shadows a core library function
warning: function /workspace/eval/followup/004-gate-conformance/workspace/cases/LivingDefl/shims/whitebg.m shadows a core library function
warning: function /workspace/eval/followup/004-gate-conformance/workspace/cases/LivingDefl/shims/gca.m shadows a core library function
warning: function /workspace/eval/followup/004-gate-conformance/workspace/cases/LivingDefl/shims/bar.m shadows a core library function
warning: function /workspace/eval/followup/004-gate-conformance/workspace/cases/LivingDefl/shims/set.m shadows a built-in function
warning: function /workspace/eval/followup/004-gate-conformance/workspace/cases/LivingDefl/shims/orient.m shadows a core library function
warning: function /workspace/eval/followup/004-gate-conformance/workspace/cases/LivingDefl/shims/title.m shadows a core library function
warning: function /workspace/eval/followup/004-gate-conformance/workspace/cases/LivingDefl/shims/colorbar.m shadows a core library function
warning: function /workspace/eval/followup/004-gate-conformance/workspace/cases/LivingDefl/shims/scatter.m shadows a core library function
warning: function /workspace/eval/followup/004-gate-conformance/workspace/cases/LivingDefl/shims/subplot.m shadows a core library function
warning: function /workspace/eval/followup/004-gate-conformance/workspace/cases/LivingDefl/shims/grid.m shadows a core library function
warning: function /workspace/eval/followup/004-gate-conformance/workspace/cases/LivingDefl/shims/keyboard.m shadows a built-in function
warning: function /workspace/eval/followup/004-gate-conformance/workspace/cases/LivingDefl/shims/figure.m shadows a core library function
warning: function /workspace/eval/followup/004-gate-conformance/workspace/cases/LivingDefl/shims/drawnow.m shadows a built-in function
warning: function /workspace/eval/followup/004-gate-conformance/workspace/cases/LivingDefl/shims/xlim.m shadows a core library function
warning: function /workspace/eval/followup/004-gate-conformance/workspace/cases/LivingDefl/shims/ylabel.m shadows a core library function
warning: function /workspace/eval/followup/004-gate-conformance/workspace/cases/LivingDefl/shims/cla.m shadows a core library function
warning: function /workspace/eval/followup/004-gate-conformance/workspace/cases/LivingDefl/shims/print.m shadows a core library function
warning: function /workspace/eval/followup/004-gate-conformance/workspace/cases/LivingDefl/shims/box.m shadows a core library function
warning: function /workspace/eval/followup/004-gate-conformance/workspace/cases/LivingDefl/shims/stem.m shadows a core library function
warning: function /workspace/eval/followup/004-gate-conformance/workspace/cases/LivingDefl/shims/text.m shadows a core library function
warning: function /workspace/eval/followup/004-gate-conformance/workspace/cases/LivingDefl/shims/plot.m shadows a core library function
warning: function /workspace/eval/followup/004-gate-conformance/workspace/cases/LivingDefl/shims/legend.m shadows a core library function
warning: function /workspace/eval/followup/004-gate-conformance/workspace/cases/LivingDefl/shims/gcf.m shadows a core library function
warning: function /workspace/eval/followup/004-gate-conformance/workspace/cases/LivingDefl/shims/line.m shadows a core library function
warning: function /workspace/eval/followup/004-gate-conformance/workspace/cases/LivingDefl/shims/xlabel.m shadows a core library function
warning: function /workspace/eval/followup/004-gate-conformance/workspace/cases/LivingDefl/shims/clf.m shadows a core library function
warning: function /workspace/eval/followup/004-gate-conformance/workspace/cases/LivingDefl/shims/hold.m shadows a core library function
HowMuchPoorer_gen_t6_7_c3_Benchmark                 05-Oct-2026 
 

=== HowMuchPoorer_gen chunk 3, t0=6 (2010), t1=7 (2023) ===
 
 
========================================================================
 How much poorer in 2023 with 2010 values of TauWTauH, for White Women
========================================================================
....... 
                 Y    Ymkt    Ywkr     LFP    Earn    Cons   EarnY    gdpY   GapWW   GapBM   GapBW  EarnWM  EarnWW  EarnBM  EarnBW    Util
------------------------------------------------------------------------------------------------------------------------------------------
2010(base)   69527   52677   70443   0.748   54826   54809   39774   38418   0.868   0.787   0.724   29404   19805    2723    2894   33618
2023(alt)    71198   61365   77744   0.789   60025   62844   52580   53856   0.826   0.736   0.672   31693   21403    3412    3518   34375
2023(tru)    71578   61739   78126   0.790   60864   63919   53574   54955   0.858   0.736   0.674   31663   22265    3410    3526   34853
Growth(alt)  0.0018  0.0117  0.0076  0.0042  0.0070  0.0105  0.0215  0.0260 -0.0037 -0.0052 -0.0058  0.0058  0.0060  0.0173  0.0150  0.0017
Growth(tru)  0.0022  0.0122  0.0080  0.0042  0.0080  0.0118  0.0229  0.0275 -0.0009 -0.0052 -0.0055  0.0057  0.0090  0.0173  0.0152  0.0028
Difference   0.0004  0.0005  0.0004  0.0001  0.0011  0.0013  0.0014  0.0016  0.0028  0.0000  0.0003 -0.0001  0.0030 -0.0000  0.0002  0.0011
// Share //    18.3     3.8     4.7     2.1    13.3    11.0     6.3     5.6  -317.5    -0.8    -4.6    -1.2    33.7    -0.3     1.3    38.3
 
 
 
 
========================================================================
 How much poorer in 2023 with 2010 values of TauH, for White Women
========================================================================
....... 
                 Y    Ymkt    Ywkr     LFP    Earn    Cons   EarnY    gdpY   GapWW   GapBM   GapBW  EarnWM  EarnWW  EarnBM  EarnBW    Util
------------------------------------------------------------------------------------------------------------------------------------------
2010(base)   69527   52677   70443   0.748   54826   54809   39774   38418   0.868   0.787   0.724   29404   19805    2723    2894   33618
2023(alt)    71335   61507   77845   0.790   60815   63800   53468   54270   0.855   0.736   0.673   31687   22195    3413    3520   34761
2023(tru)    71578   61739   78126   0.790   60864   63919   53574   54955   0.858   0.736   0.674   31663   22265    3410    3526   34853
Growth(alt)  0.0020  0.0119  0.0077  0.0042  0.0080  0.0117  0.0228  0.0266 -0.0011 -0.0052 -0.0057  0.0058  0.0088  0.0174  0.0151  0.0026
Growth(tru)  0.0022  0.0122  0.0080  0.0042  0.0080  0.0118  0.0229  0.0275 -0.0009 -0.0052 -0.0055  0.0057  0.0090  0.0173  0.0152  0.0028
Difference   0.0003  0.0003  0.0003  0.0000  0.0001  0.0001  0.0002  0.0010  0.0002  0.0000  0.0002 -0.0001  0.0002 -0.0001  0.0001  0.0002
// Share //    11.7     2.4     3.5     0.3     0.8     1.2     0.7     3.5   -27.2    -0.1    -3.5    -1.0     2.7    -0.4     0.9     7.4
 
 
 
 
========================================================================
 How much poorer in 2023 with 2010 values of TauW, for White Women
========================================================================
....... 
                 Y    Ymkt    Ywkr     LFP    Earn    Cons   EarnY    gdpY   GapWW   GapBM   GapBW  EarnWM  EarnWW  EarnBM  EarnBW    Util
------------------------------------------------------------------------------------------------------------------------------------------
2010(base)   69527   52677   70443   0.748   54826   54809   39774   38418   0.868   0.787   0.724   29404   19805    2723    2894   33618
2023(alt)    71449   61606   78031   0.790   60082   62990   52713   54564   0.829   0.736   0.674   31668   21480    3409    3524   34486
2023(tru)    71578   61739   78126   0.790   60864   63919   53574   54955   0.858   0.736   0.674   31663   22265    3410    3526   34853
Growth(alt)  0.0021  0.0120  0.0079  0.0042  0.0070  0.0107  0.0217  0.0270 -0.0035 -0.0052 -0.0056  0.0057  0.0062  0.0173  0.0152  0.0020
Growth(tru)  0.0022  0.0122  0.0080  0.0042  0.0080  0.0118  0.0229  0.0275 -0.0009 -0.0052 -0.0055  0.0057  0.0090  0.0173  0.0152  0.0028
Difference   0.0001  0.0002  0.0001  0.0001  0.0010  0.0011  0.0012  0.0006  0.0026  0.0000  0.0001 -0.0000  0.0028  0.0000  0.0000  0.0008
// Share //     6.2     1.4     1.2     1.7    12.4     9.5     5.4     2.0  -287.3    -0.7    -1.1    -0.2    30.6     0.1     0.3    29.4
 
 
