HowMuchPoorer_gen_t6_7_c1_Benchmark                 05-Oct-2026 
 

=== HowMuchPoorer_gen chunk 1, t0=6 (2010), t1=7 (2023) ===
 
=============================================================
KEY PARAMETER VALUES:    CaseName = Benchmark
                   theta =  2.0000
                     eta =  0.1030
            theta*(1-eta)=  1.7940
                    dlta =  0.0000
                      mu =  0.5574
                   sigma =  3.0000
           EstimateDelta =  0.0000
           ConstrainTauH = -0.8000
PurgeWageGrowthSelection =     0
      AlphaSplitTauW1960 =  0.5000
   OccupationforWageHome = 23 Secretaries                               
   Alpha0FixedSplit =  0.5000
=============================================================
 
 
 
========================================================================
 How much poorer in 2023 with 2010 values of TauWTauH
========================================================================
....... 
                 Y    Ymkt    Ywkr     LFP    Earn    Cons   EarnY    gdpY   GapWW   GapBM   GapBW  EarnWM  EarnWW  EarnBM  EarnBW    Util
------------------------------------------------------------------------------------------------------------------------------------------
2010(base)   72607   55012   73565   0.748   57258   56945   41542   40125   0.868   0.787   0.724   30707   20684    2844    3022   34928
2023(alt)    69830   60172   76240   0.789   58978   61211   51475   52476   0.826   0.731   0.677   31149   21022    3324    3484   33504
2023(tru)    70336   60667   76768   0.790   59807   62399   52576   53933   0.857   0.736   0.674   31115   21877    3350    3465   34024
Growth(alt) -0.0030  0.0069  0.0027  0.0042  0.0023  0.0056  0.0165  0.0206 -0.0038 -0.0057 -0.0052  0.0011  0.0012  0.0120  0.0109 -0.0032
Growth(tru) -0.0024  0.0075  0.0033  0.0042  0.0034  0.0070  0.0181  0.0227 -0.0009 -0.0052 -0.0055  0.0010  0.0043  0.0126  0.0105 -0.0020
Difference   0.0006  0.0006  0.0005  0.0001  0.0011  0.0015  0.0016  0.0021  0.0029  0.0006 -0.0004 -0.0001  0.0031  0.0006 -0.0004  0.0012
// Share //   -22.7     8.4    16.2     2.3    32.0    21.0     9.0     9.3  -318.6   -10.6     6.4    -8.2    71.1     4.8    -4.0   -58.8
 
 
 
 
========================================================================
 How much poorer in 2023 with 2010 values of TauH
========================================================================
....... 
                 Y    Ymkt    Ywkr     LFP    Earn    Cons   EarnY    gdpY   GapWW   GapBM   GapBW  EarnWM  EarnWW  EarnBM  EarnBW    Util
------------------------------------------------------------------------------------------------------------------------------------------
2010(base)   72607   55012   73565   0.748   57258   56945   41542   40125   0.868   0.787   0.724   30707   20684    2844    3022   34928
2023(alt)    69943   60289   76320   0.790   59681   62052   52259   52821   0.854   0.728   0.667   31144   21800    3312    3425   33834
2023(tru)    70336   60667   76768   0.790   59807   62399   52576   53933   0.857   0.736   0.674   31115   21877    3350    3465   34024
Growth(alt) -0.0029  0.0070  0.0028  0.0042  0.0032  0.0066  0.0177  0.0211 -0.0012 -0.0060 -0.0064  0.0011  0.0040  0.0117  0.0096 -0.0024
Growth(tru) -0.0024  0.0075  0.0033  0.0042  0.0034  0.0070  0.0181  0.0227 -0.0009 -0.0052 -0.0055  0.0010  0.0043  0.0126  0.0105 -0.0020
Difference   0.0004  0.0005  0.0005  0.0000  0.0002  0.0004  0.0005  0.0016  0.0003  0.0008  0.0008 -0.0001  0.0003  0.0009  0.0009  0.0004
// Share //   -17.6     6.4    13.7     0.7     4.8     6.1     2.6     7.0   -31.5   -15.7   -14.9    -7.0     6.2     6.9     8.5   -21.5
 
 
 
 
========================================================================
 How much poorer in 2023 with 2010 values of TauW
========================================================================
....... 
                 Y    Ymkt    Ywkr     LFP    Earn    Cons   EarnY    gdpY   GapWW   GapBM   GapBW  EarnWM  EarnWW  EarnBM  EarnBW    Util
------------------------------------------------------------------------------------------------------------------------------------------
2010(base)   72607   55012   73565   0.748   57258   56945   41542   40125   0.868   0.787   0.724   30707   20684    2844    3022   34928
2023(alt)    70232   60560   76693   0.790   59123   61617   51848   53616   0.829   0.740   0.685   31120   21108    3369    3526   33727
2023(tru)    70336   60667   76768   0.790   59807   62399   52576   53933   0.857   0.736   0.674   31115   21877    3350    3465   34024
Growth(alt) -0.0026  0.0074  0.0032  0.0042  0.0025  0.0061  0.0170  0.0223 -0.0035 -0.0048 -0.0043  0.0010  0.0016  0.0130  0.0119 -0.0027
Growth(tru) -0.0024  0.0075  0.0033  0.0042  0.0034  0.0070  0.0181  0.0227 -0.0009 -0.0052 -0.0055  0.0010  0.0043  0.0126  0.0105 -0.0020
Difference   0.0001  0.0001  0.0001  0.0001  0.0009  0.0010  0.0011  0.0005  0.0026 -0.0004 -0.0012 -0.0000  0.0028 -0.0004 -0.0013  0.0007
// Share //    -4.6     1.8     2.3     1.4    26.4    13.8     5.9     2.0  -283.3     7.5    21.6    -1.1    63.8    -3.5   -12.8   -33.5
 
 
