warning: function /workspace/eval/followup/001-living-update/workspace/cases/LivingDefl/shims/print.m shadows a core library function
warning: function /workspace/eval/followup/001-living-update/workspace/cases/LivingDefl/shims/keyboard.m shadows a built-in function
HowMuchPoorer_gen_t6_7_c1_Benchmark                 05-Oct-2026 
 

=== HowMuchPoorer_gen chunk 1, t0=6 (2010), t1=7 (2023) ===
 
=============================================================
KEY PARAMETER VALUES:    CaseName = Benchmark
                   theta =  2.0000
                     eta =  0.1030
            theta*(1-eta)=  1.7940
                    dlta =  0.0000
                      mu =  0.5574
                   sigma =  3.0000
           EstimateDelta =  0.0000
           ConstrainTauH = -0.8000
PurgeWageGrowthSelection =     0
      AlphaSplitTauW1960 =  0.5000
   OccupationforWageHome = 23 Secretaries                               
   Alpha0FixedSplit =  0.5000
=============================================================
 
 
 
========================================================================
 How much poorer in 2023 with 2010 values of TauWTauH
========================================================================
....... 
                 Y    Ymkt    Ywkr     LFP    Earn    Cons   EarnY    gdpY   GapWW   GapBM   GapBW  EarnWM  EarnWW  EarnBM  EarnBW    Util
------------------------------------------------------------------------------------------------------------------------------------------
2010(base)   69527   52677   70443   0.748   54826   54809   39774   38418   0.868   0.787   0.724   29404   19805    2723    2894   33618
2023(alt)    71064   61236   77589   0.789   60019   62702   52452   53475   0.826   0.731   0.677   31698   21393    3383    3545   34321
2023(tru)    71578   61739   78126   0.790   60864   63919   53574   54955   0.858   0.736   0.674   31663   22265    3410    3526   34853
Growth(alt)  0.0017  0.0116  0.0074  0.0041  0.0070  0.0103  0.0213  0.0254 -0.0038 -0.0057 -0.0052  0.0058  0.0059  0.0167  0.0156  0.0016
Growth(tru)  0.0022  0.0122  0.0080  0.0042  0.0080  0.0118  0.0229  0.0275 -0.0009 -0.0052 -0.0055  0.0057  0.0090  0.0173  0.0152  0.0028
Difference   0.0006  0.0006  0.0005  0.0001  0.0011  0.0015  0.0016  0.0021  0.0029  0.0006 -0.0003 -0.0001  0.0031  0.0006 -0.0004  0.0012
// Share //    24.8     5.2     6.7     2.3    13.4    12.5     7.1     7.6  -322.5   -11.1     6.2    -1.5    34.1     3.6    -2.7    42.7
 
 
 
 
========================================================================
 How much poorer in 2023 with 2010 values of TauH
========================================================================
....... 
                 Y    Ymkt    Ywkr     LFP    Earn    Cons   EarnY    gdpY   GapWW   GapBM   GapBW  EarnWM  EarnWW  EarnBM  EarnBW    Util
------------------------------------------------------------------------------------------------------------------------------------------
2010(base)   69527   52677   70443   0.748   54826   54809   39774   38418   0.868   0.787   0.724   29404   19805    2723    2894   33618
2023(alt)    71179   61355   77670   0.790   60737   63567   53254   53826   0.854   0.729   0.667   31693   22187    3372    3486   34661
2023(tru)    71578   61739   78126   0.790   60864   63919   53574   54955   0.858   0.736   0.674   31663   22265    3410    3526   34853
Growth(alt)  0.0018  0.0117  0.0075  0.0042  0.0079  0.0114  0.0225  0.0259 -0.0012 -0.0060 -0.0063  0.0058  0.0087  0.0164  0.0143  0.0023
Growth(tru)  0.0022  0.0122  0.0080  0.0042  0.0080  0.0118  0.0229  0.0275 -0.0009 -0.0052 -0.0055  0.0057  0.0090  0.0173  0.0152  0.0028
Difference   0.0004  0.0005  0.0004  0.0000  0.0002  0.0004  0.0005  0.0016  0.0003  0.0008  0.0008 -0.0001  0.0003  0.0009  0.0009  0.0004
// Share //    19.3     3.9     5.6     0.7     2.0     3.6     2.0     5.8   -31.7   -15.7   -14.9    -1.2     3.0     5.0     5.9    15.4
 
 
 
 
========================================================================
 How much poorer in 2023 with 2010 values of TauW
========================================================================
....... 
                 Y    Ymkt    Ywkr     LFP    Earn    Cons   EarnY    gdpY   GapWW   GapBM   GapBW  EarnWM  EarnWW  EarnBM  EarnBW    Util
------------------------------------------------------------------------------------------------------------------------------------------
2010(base)   69527   52677   70443   0.748   54826   54809   39774   38418   0.868   0.787   0.724   29404   19805    2723    2894   33618
2023(alt)    71472   61630   78049   0.790   60165   63114   52828   54633   0.829   0.740   0.685   31668   21481    3428    3588   34546
2023(tru)    71578   61739   78126   0.790   60864   63919   53574   54955   0.858   0.736   0.674   31663   22265    3410    3526   34853
Growth(alt)  0.0021  0.0121  0.0079  0.0042  0.0071  0.0109  0.0218  0.0271 -0.0035 -0.0048 -0.0043  0.0057  0.0062  0.0177  0.0165  0.0021
Growth(tru)  0.0022  0.0122  0.0080  0.0042  0.0080  0.0118  0.0229  0.0275 -0.0009 -0.0052 -0.0055  0.0057  0.0090  0.0173  0.0152  0.0028
Difference   0.0001  0.0001  0.0001  0.0001  0.0009  0.0010  0.0011  0.0005  0.0026 -0.0004 -0.0012 -0.0000  0.0028 -0.0004 -0.0013  0.0007
// Share //     5.1     1.1     0.9     1.4    11.1     8.2     4.7     1.6  -286.9     7.1    21.5    -0.2    30.6    -2.3    -8.7    24.6
 
 
