warning: function /workspace/eval/followup/001-living-update/workspace/cases/LivingDefl/shims/print.m shadows a core library function
warning: function /workspace/eval/followup/001-living-update/workspace/cases/LivingDefl/shims/keyboard.m shadows a built-in function
HowMuchPoorer_gen_t1_7_c1_Benchmark                 05-Oct-2026 
 

=== HowMuchPoorer_gen chunk 1, t0=1 (1960), t1=7 (2023) ===
 
=============================================================
KEY PARAMETER VALUES:    CaseName = Benchmark
                   theta =  2.0000
                     eta =  0.1030
            theta*(1-eta)=  1.7940
                    dlta =  0.0000
                      mu =  0.5574
                   sigma =  3.0000
           EstimateDelta =  0.0000
           ConstrainTauH = -0.8000
PurgeWageGrowthSelection =     0
      AlphaSplitTauW1960 =  0.5000
   OccupationforWageHome = 23 Secretaries                               
   Alpha0FixedSplit =  0.5000
=============================================================
 
 
 
========================================================================
 How much poorer in 2023 with 1960 values of TauWTauH
========================================================================
....... 
                 Y    Ymkt    Ywkr     LFP    Earn    Cons   EarnY    gdpY   GapWW   GapBM   GapBW  EarnWM  EarnWW  EarnBM  EarnBW    Util
------------------------------------------------------------------------------------------------------------------------------------------
1960(base)   33004   23571   39372   0.599   24833   37050   22743   21193   0.556   0.560   0.350   19380    4181     917     355   29671
2023(alt)    52262   42596   63951   0.666   42962   46051   37197   37227   0.376   0.494   0.323   33329    6149    2295    1188   23466
2023(tru)    71578   61739   78126   0.790   60864   63919   53574   54955   0.858   0.736   0.674   31663   22265    3410    3526   34853
Growth(alt)  0.0073  0.0094  0.0077  0.0017  0.0087  0.0035  0.0078  0.0089 -0.0062 -0.0020 -0.0013  0.0086  0.0061  0.0146  0.0192 -0.0037
Growth(tru)  0.0123  0.0153  0.0109  0.0044  0.0142  0.0087  0.0136  0.0151  0.0069  0.0044  0.0104  0.0078  0.0265  0.0208  0.0365  0.0026
Difference   0.0050  0.0059  0.0032  0.0027  0.0055  0.0052  0.0058  0.0062  0.0131  0.0063  0.0117 -0.0008  0.0204  0.0063  0.0173  0.0063
// Share //    40.6    38.5    29.2    61.6    38.9    60.1    42.6    40.9   190.2   145.6   112.3   -10.4    76.9    30.2    47.4   245.7
 
 
 
 
========================================================================
 How much poorer in 2023 with 1960 values of TauH
========================================================================
....... 
                 Y    Ymkt    Ywkr     LFP    Earn    Cons   EarnY    gdpY   GapWW   GapBM   GapBW  EarnWM  EarnWW  EarnBM  EarnBW    Util
------------------------------------------------------------------------------------------------------------------------------------------
1960(base)   33004   23571   39372   0.599   24833   37050   22743   21193   0.556   0.560   0.350   19380    4181     917     355   29671
2023(alt)    53461   44414   58450   0.760   50658   53191   44095   38489   0.511   0.667   0.456   33131   11615    3519    2393   29078
2023(tru)    71578   61739   78126   0.790   60864   63919   53574   54955   0.858   0.736   0.674   31663   22265    3410    3526   34853
Growth(alt)  0.0077  0.0101  0.0063  0.0038  0.0113  0.0057  0.0105  0.0095 -0.0013  0.0028  0.0042  0.0085  0.0162  0.0213  0.0303 -0.0003
Growth(tru)  0.0123  0.0153  0.0109  0.0044  0.0142  0.0087  0.0136  0.0151  0.0069  0.0044  0.0104  0.0078  0.0265  0.0208  0.0365  0.0026
Difference   0.0046  0.0052  0.0046  0.0006  0.0029  0.0029  0.0031  0.0057  0.0082  0.0016  0.0062 -0.0007  0.0103 -0.0005  0.0062  0.0029
// Share //    37.7    34.2    42.3    14.1    20.5    33.7    22.7    37.4   119.2    36.1    59.8    -9.2    38.9    -2.4    16.9   112.6
 
 
 
 
========================================================================
 How much poorer in 2023 with 1960 values of TauW
========================================================================
....... 
                 Y    Ymkt    Ywkr     LFP    Earn    Cons   EarnY    gdpY   GapWW   GapBM   GapBW  EarnWM  EarnWW  EarnBM  EarnBW    Util
------------------------------------------------------------------------------------------------------------------------------------------
1960(base)   33004   23571   39372   0.599   24833   37050   22743   21193   0.556   0.560   0.350   19380    4181     917     355   29671
2023(alt)    68567   58135   81771   0.711   48443   52311   42703   52572   0.595   0.574   0.484   31964   12256    2279    1944   27720
2023(tru)    71578   61739   78126   0.790   60864   63919   53574   54955   0.858   0.736   0.674   31663   22265    3410    3526   34853
Growth(alt)  0.0116  0.0143  0.0116  0.0027  0.0106  0.0055  0.0100  0.0144  0.0011  0.0004  0.0051  0.0079  0.0171  0.0144  0.0270 -0.0011
Growth(tru)  0.0123  0.0153  0.0109  0.0044  0.0142  0.0087  0.0136  0.0151  0.0069  0.0044  0.0104  0.0078  0.0265  0.0208  0.0365  0.0026
Difference   0.0007  0.0010 -0.0007  0.0017  0.0036  0.0032  0.0036  0.0007  0.0058  0.0040  0.0053 -0.0001  0.0095  0.0064  0.0095  0.0036
// Share //     5.6     6.2    -6.7    38.1    25.5    36.8    26.5     4.7    84.1    90.9    50.6    -1.9    35.7    30.7    25.9   142.3
 
 
