HowMuchPoorer_gen_t1_7_c1_Benchmark                 05-Oct-2026 
 

=== HowMuchPoorer_gen chunk 1, t0=1 (1960), t1=7 (2023) ===
 
=============================================================
KEY PARAMETER VALUES:    CaseName = Benchmark
                   theta =  2.0000
                     eta =  0.1030
            theta*(1-eta)=  1.7940
                    dlta =  0.0000
                      mu =  0.5574
                   sigma =  3.0000
           EstimateDelta =  0.0000
           ConstrainTauH = -0.8000
PurgeWageGrowthSelection =     0
      AlphaSplitTauW1960 =  0.5000
   OccupationforWageHome = 23 Secretaries                               
   Alpha0FixedSplit =  0.5000
=============================================================
 
 
 
========================================================================
 How much poorer in 2023 with 1960 values of TauWTauH
========================================================================
....... 
                 Y    Ymkt    Ywkr     LFP    Earn    Cons   EarnY    gdpY   GapWW   GapBM   GapBW  EarnWM  EarnWW  EarnBM  EarnBW    Util
------------------------------------------------------------------------------------------------------------------------------------------
1960(base)   33004   23571   39372   0.599   24833   37051   22743   21193   0.556   0.560   0.350   19380    4181     917     355   29671
2023(alt)    52706   42844   64280   0.667   43266   46320   37623   37565   0.376   0.493   0.326   33504    6242    2310    1210   23926
2023(tru)    72244   62204   78704   0.790   61515   64384   54299   55500   0.863   0.743   0.685   31805   22629    3463    3618   35509
Growth(alt)  0.0074  0.0095  0.0078  0.0017  0.0088  0.0035  0.0080  0.0091 -0.0062 -0.0020 -0.0011  0.0087  0.0064  0.0147  0.0195 -0.0034
Growth(tru)  0.0124  0.0154  0.0110  0.0044  0.0144  0.0088  0.0138  0.0153  0.0070  0.0045  0.0106  0.0079  0.0268  0.0211  0.0369  0.0029
Difference   0.0050  0.0059  0.0032  0.0027  0.0056  0.0052  0.0058  0.0062  0.0132  0.0065  0.0118 -0.0008  0.0204  0.0064  0.0174  0.0063
// Share //    40.2    38.4    29.2    61.3    38.8    59.6    42.2    40.5   188.6   144.8   110.6   -10.5    76.3    30.5    47.2   219.8
 
 
 
 
========================================================================
 How much poorer in 2023 with 1960 values of TauH
========================================================================
....... 
                 Y    Ymkt    Ywkr     LFP    Earn    Cons   EarnY    gdpY   GapWW   GapBM   GapBW  EarnWM  EarnWW  EarnBM  EarnBW    Util
------------------------------------------------------------------------------------------------------------------------------------------
1960(base)   33004   23571   39372   0.599   24833   37051   22743   21193   0.556   0.560   0.350   19380    4181     917     355   29671
2023(alt)    53913   44688   58752   0.761   51166   53618   44738   38834   0.516   0.666   0.462   33302   11870    3541    2452   29767
2023(tru)    72244   62204   78704   0.790   61515   64384   54299   55500   0.863   0.743   0.685   31805   22629    3463    3618   35509
Growth(alt)  0.0078  0.0102  0.0064  0.0038  0.0115  0.0059  0.0107  0.0096 -0.0012  0.0028  0.0044  0.0086  0.0166  0.0214  0.0307  0.0001
Growth(tru)  0.0124  0.0154  0.0110  0.0044  0.0144  0.0088  0.0138  0.0153  0.0070  0.0045  0.0106  0.0079  0.0268  0.0211  0.0369  0.0029
Difference   0.0046  0.0052  0.0046  0.0006  0.0029  0.0029  0.0031  0.0057  0.0082  0.0017  0.0062 -0.0007  0.0102 -0.0004  0.0062  0.0028
// Share //    37.4    34.1    42.2    13.8    20.3    33.1    22.3    37.1   117.0    38.6    58.6    -9.3    38.2    -1.7    16.7    98.2
 
 
 
 
========================================================================
 How much poorer in 2023 with 1960 values of TauW
========================================================================
....... 
                 Y    Ymkt    Ywkr     LFP    Earn    Cons   EarnY    gdpY   GapWW   GapBM   GapBW  EarnWM  EarnWW  EarnBM  EarnBW    Util
------------------------------------------------------------------------------------------------------------------------------------------
1960(base)   33004   23571   39372   0.599   24833   37051   22743   21193   0.556   0.560   0.350   19380    4181     917     355   29671
2023(alt)    69171   58521   82346   0.711   48766   52526   43102   53022   0.596   0.575   0.487   32112   12384    2298    1972   28154
2023(tru)    72244   62204   78704   0.790   61515   64384   54299   55500   0.863   0.743   0.685   31805   22629    3463    3618   35509
Growth(alt)  0.0117  0.0144  0.0117  0.0027  0.0107  0.0055  0.0101  0.0146  0.0011  0.0004  0.0052  0.0080  0.0172  0.0146  0.0272 -0.0008
Growth(tru)  0.0124  0.0154  0.0110  0.0044  0.0144  0.0088  0.0138  0.0153  0.0070  0.0045  0.0106  0.0079  0.0268  0.0211  0.0369  0.0029
Difference   0.0007  0.0010 -0.0007  0.0017  0.0037  0.0032  0.0037  0.0007  0.0059  0.0041  0.0054 -0.0002  0.0096  0.0065  0.0096  0.0037
// Share //     5.5     6.3    -6.5    38.3    25.6    36.8    26.5     4.7    84.1    90.4    50.9    -1.9    35.7    30.9    26.1   129.2
 
 
