warning: function /workspace/eval/followup/001-living-update/workspace/cases/R3_2024/shims/print.m shadows a core library function
warning: function /workspace/eval/followup/001-living-update/workspace/cases/R3_2024/shims/keyboard.m shadows a built-in function
HowMuchPoorer_gen_t6_7_c1_Benchmark                 05-Oct-2026 
 

=== HowMuchPoorer_gen chunk 1, t0=6 (2010), t1=7 (2023) ===
 
=============================================================
KEY PARAMETER VALUES:    CaseName = Benchmark
                   theta =  2.0000
                     eta =  0.1030
            theta*(1-eta)=  1.7940
                    dlta =  0.0000
                      mu =  0.5574
                   sigma =  3.0000
           EstimateDelta =  0.0000
           ConstrainTauH = -0.8000
PurgeWageGrowthSelection =     0
      AlphaSplitTauW1960 =  0.5000
   OccupationforWageHome = 23 Secretaries                               
   Alpha0FixedSplit =  0.5000
=============================================================
 
 
 
========================================================================
 How much poorer in 2023 with 2010 values of TauWTauH
========================================================================
....... 
                 Y    Ymkt    Ywkr     LFP    Earn    Cons   EarnY    gdpY   GapWW   GapBM   GapBW  EarnWM  EarnWW  EarnBM  EarnBW    Util
------------------------------------------------------------------------------------------------------------------------------------------
2010(base)   72608   55012   73566   0.748   57258   56824   41542   40125   0.868   0.787   0.724   30708   20684    2844    3022   34854
2023(alt)    71686   61660   78107   0.789   60551   63062   53078   53903   0.829   0.729   0.684   31847   21691    3398    3615   35001
2023(tru)    72244   62204   78704   0.790   61515   64384   54299   55500   0.863   0.743   0.685   31805   22629    3463    3618   35509
Growth(alt) -0.0010  0.0088  0.0046  0.0042  0.0043  0.0080  0.0189  0.0227 -0.0035 -0.0059 -0.0045  0.0028  0.0037  0.0137  0.0138  0.0003
Growth(tru) -0.0004  0.0095  0.0052  0.0043  0.0055  0.0096  0.0206  0.0250 -0.0004 -0.0045 -0.0043  0.0027  0.0069  0.0151  0.0138  0.0014
Difference   0.0006  0.0007  0.0006  0.0001  0.0012  0.0016  0.0017  0.0022  0.0031  0.0014  0.0001 -0.0001  0.0033  0.0014  0.0001  0.0011
// Share //  -154.3     7.1    11.3     2.1    22.0    16.6     8.5     9.0  -847.8   -31.5    -2.7    -3.8    47.1     9.6     0.4    77.3
 
 
 
 
========================================================================
 How much poorer in 2023 with 2010 values of TauH
========================================================================
....... 
                 Y    Ymkt    Ywkr     LFP    Earn    Cons   EarnY    gdpY   GapWW   GapBM   GapBW  EarnWM  EarnWW  EarnBM  EarnBW    Util
------------------------------------------------------------------------------------------------------------------------------------------
2010(base)   72608   55012   73566   0.748   57258   56824   41542   40125   0.868   0.787   0.724   30708   20684    2844    3022   34854
2023(alt)    71822   61801   78203   0.790   61398   64077   54028   54317   0.861   0.732   0.677   31839   22577    3411    3571   35416
2023(tru)    72244   62204   78704   0.790   61515   64384   54299   55500   0.863   0.743   0.685   31805   22629    3463    3618   35509
Growth(alt) -0.0008  0.0090  0.0047  0.0042  0.0054  0.0092  0.0202  0.0233 -0.0006 -0.0057 -0.0053  0.0028  0.0067  0.0140  0.0128  0.0012
Growth(tru) -0.0004  0.0095  0.0052  0.0043  0.0055  0.0096  0.0206  0.0250 -0.0004 -0.0045 -0.0043  0.0027  0.0069  0.0151  0.0138  0.0014
Difference   0.0005  0.0005  0.0005  0.0000  0.0001  0.0004  0.0004  0.0017  0.0003  0.0012  0.0009 -0.0001  0.0002  0.0012  0.0010  0.0002
// Share //  -116.8     5.3     9.5     0.2     2.6     3.8     1.9     6.6   -68.8   -26.7   -21.5    -3.1     2.6     7.7     7.2    14.0
 
 
 
 
========================================================================
 How much poorer in 2023 with 2010 values of TauW
========================================================================
....... 
                 Y    Ymkt    Ywkr     LFP    Earn    Cons   EarnY    gdpY   GapWW   GapBM   GapBW  EarnWM  EarnWW  EarnBM  EarnBW    Util
------------------------------------------------------------------------------------------------------------------------------------------
2010(base)   72608   55012   73566   0.748   57258   56824   41542   40125   0.868   0.787   0.724   30708   20684    2844    3022   34854
2023(alt)    72117   62071   78611   0.790   60688   63432   53409   55110   0.832   0.743   0.693   31811   21749    3462    3666   35130
2023(tru)    72244   62204   78704   0.790   61515   64384   54299   55500   0.863   0.743   0.685   31805   22629    3463    3618   35509
Growth(alt) -0.0005  0.0093  0.0051  0.0042  0.0045  0.0085  0.0193  0.0244 -0.0032 -0.0045 -0.0035  0.0027  0.0039  0.0151  0.0148  0.0006
Growth(tru) -0.0004  0.0095  0.0052  0.0043  0.0055  0.0096  0.0206  0.0250 -0.0004 -0.0045 -0.0043  0.0027  0.0069  0.0151  0.0138  0.0014
Difference   0.0001  0.0002  0.0001  0.0001  0.0010  0.0011  0.0013  0.0005  0.0028  0.0000 -0.0009 -0.0000  0.0031  0.0000 -0.0010  0.0008
// Share //   -35.2     1.7     1.7     1.7    18.9    11.9     6.2     2.2  -772.8    -0.3    20.2    -0.6    44.1     0.1    -7.3    57.7
 
 
