HowMuchPoorer_gen_t5_6_c1_Benchmark                 05-Oct-2026 
 

=== HowMuchPoorer_gen chunk 1, t0=5 (2000), t1=6 (2010) ===
 
=============================================================
KEY PARAMETER VALUES:    CaseName = Benchmark
                   theta =  2.0000
                     eta =  0.1030
            theta*(1-eta)=  1.7940
                    dlta =  0.0000
                      mu =  0.5574
                   sigma =  3.0000
           EstimateDelta =  0.0000
           ConstrainTauH = -0.8000
PurgeWageGrowthSelection =     0
      AlphaSplitTauW1960 =  0.5000
   OccupationforWageHome = 23 Secretaries                               
   Alpha0FixedSplit =  0.5000
=============================================================
 
 
 
========================================================================
 How much poorer in 2010 with 2000 values of TauWTauH
========================================================================
....... 
                 Y    Ymkt    Ywkr     LFP    Earn    Cons   EarnY    gdpY   GapWW   GapBM   GapBW  EarnWM  EarnWW  EarnBM  EarnBW    Util
------------------------------------------------------------------------------------------------------------------------------------------
2000(base)   72240   51915   69875   0.743   55139   62031   40799   39899   0.796   0.757   0.668   31922   18016    2669    2532   46735
2010(alt)    72366   54778   73354   0.747   56607   56230   40786   39384   0.848   0.769   0.714   30713   20136    2778    2981   34738
2010(tru)    72607   55011   73565   0.748   57257   57034   41542   40125   0.868   0.787   0.724   30707   20684    2844    3022   34983
Growth(alt)  0.0002  0.0054  0.0049  0.0005  0.0026 -0.0098 -0.0000 -0.0013  0.0064  0.0015  0.0067 -0.0039  0.0111  0.0040  0.0163 -0.0297
Growth(tru)  0.0005  0.0058  0.0051  0.0006  0.0038 -0.0084  0.0018  0.0006  0.0086  0.0040  0.0081 -0.0039  0.0138  0.0064  0.0177 -0.0290
Difference   0.0003  0.0004  0.0003  0.0001  0.0011  0.0014  0.0018  0.0019  0.0023  0.0024  0.0014 -0.0000  0.0027  0.0024  0.0014  0.0007
// Share //    65.8     7.3     5.6    21.4    30.3   -16.9   101.8   330.5    26.5    61.1    17.4     0.4    19.4    37.0     7.7    -2.4
 
 
 
 
========================================================================
 How much poorer in 2010 with 2000 values of TauH
========================================================================
....... 
                 Y    Ymkt    Ywkr     LFP    Earn    Cons   EarnY    gdpY   GapWW   GapBM   GapBW  EarnWM  EarnWW  EarnBM  EarnBW    Util
------------------------------------------------------------------------------------------------------------------------------------------
2000(base)   72240   51915   69875   0.743   55139   62031   40799   39899   0.796   0.757   0.668   31922   18016    2669    2532   46735
2010(alt)    72455   54877   73358   0.748   57214   56904   41445   39701   0.866   0.786   0.722   30705   20630    2857    3022   35014
2010(tru)    72607   55011   73565   0.748   57257   57034   41542   40125   0.868   0.787   0.724   30707   20684    2844    3022   34983
Growth(alt)  0.0003  0.0055  0.0049  0.0007  0.0037 -0.0086  0.0016 -0.0005  0.0084  0.0038  0.0079 -0.0039  0.0135  0.0068  0.0177 -0.0289
Growth(tru)  0.0005  0.0058  0.0051  0.0006  0.0038 -0.0084  0.0018  0.0006  0.0086  0.0040  0.0081 -0.0039  0.0138  0.0064  0.0177 -0.0290
Difference   0.0002  0.0002  0.0003 -0.0000  0.0001  0.0002  0.0002  0.0011  0.0002  0.0002  0.0003  0.0000  0.0003 -0.0004  0.0000 -0.0001
// Share //    41.3     4.2     5.5    -5.7     2.0    -2.7    13.0   188.5     2.3     4.0     3.5    -0.2     1.9    -6.9     0.1     0.3
 
 
 
 
========================================================================
 How much poorer in 2010 with 2000 values of TauW
========================================================================
....... 
                 Y    Ymkt    Ywkr     LFP    Earn    Cons   EarnY    gdpY   GapWW   GapBM   GapBW  EarnWM  EarnWW  EarnBM  EarnBW    Util
------------------------------------------------------------------------------------------------------------------------------------------
2000(base)   72240   51915   69875   0.743   55139   62031   40799   39899   0.796   0.757   0.668   31922   18016    2669    2532   46735
2010(alt)    72519   54914   73558   0.747   56657   56383   40906   39814   0.850   0.770   0.716   30715   20195    2769    2978   34717
2010(tru)    72607   55011   73565   0.748   57257   57034   41542   40125   0.868   0.787   0.724   30707   20684    2844    3022   34983
Growth(alt)  0.0004  0.0056  0.0051  0.0005  0.0027 -0.0095  0.0003 -0.0002  0.0066  0.0017  0.0070 -0.0039  0.0114  0.0037  0.0162 -0.0297
Growth(tru)  0.0005  0.0058  0.0051  0.0006  0.0038 -0.0084  0.0018  0.0006  0.0086  0.0040  0.0081 -0.0039  0.0138  0.0064  0.0177 -0.0290
Difference   0.0001  0.0002  0.0000  0.0002  0.0011  0.0011  0.0015  0.0008  0.0021  0.0022  0.0012 -0.0000  0.0024  0.0027  0.0015  0.0008
// Share //    24.1     3.1     0.2    26.0    27.9   -13.7    85.5   138.1    24.0    56.4    14.5     0.6    17.3    41.9     8.2    -2.6
 
 
