HowMuchPoorer_gen_t1_7_c4_Benchmark                 05-Oct-2026 
 

=== HowMuchPoorer_gen chunk 4, t0=1 (1960), t1=7 (2023) ===
 
 
========================================================================
 How much poorer in 2023 with 1960 values of TauWTauH, for Black Men
========================================================================
....... 
                 Y    Ymkt    Ywkr     LFP    Earn    Cons   EarnY    gdpY   GapWW   GapBM   GapBW  EarnWM  EarnWW  EarnBM  EarnBW    Util
------------------------------------------------------------------------------------------------------------------------------------------
1960(base)   33004   23571   39372   0.599   24833   37051   22743   21193   0.556   0.560   0.350   19380    4181     917     355   29671
2023(alt)    70663   60835   77262   0.787   59945   62590   52584   53900   0.857   0.536   0.673   31755   22338    2321    3531   34236
2023(tru)    71641   61793   78193   0.790   60918   63684   53575   54956   0.858   0.736   0.674   31692   22284    3412    3529   34725
Growth(alt)  0.0121  0.0151  0.0107  0.0043  0.0140  0.0083  0.0133  0.0148  0.0069 -0.0007  0.0104  0.0078  0.0266  0.0147  0.0365  0.0023
Growth(tru)  0.0123  0.0153  0.0109  0.0044  0.0142  0.0086  0.0136  0.0151  0.0069  0.0044  0.0104  0.0078  0.0266  0.0209  0.0365  0.0025
Difference   0.0002  0.0002  0.0002  0.0001  0.0003  0.0003  0.0003  0.0003  0.0000  0.0050  0.0000 -0.0000 -0.0000  0.0061 -0.0000  0.0002
// Share //     1.8     1.6     1.7     1.3     1.8     3.2     2.2     2.0     0.2   116.0     0.3    -0.4    -0.1    29.3    -0.0     9.0
 
 
 
 
========================================================================
 How much poorer in 2023 with 1960 values of TauH, for Black Men
========================================================================
....... 
                 Y    Ymkt    Ywkr     LFP    Earn    Cons   EarnY    gdpY   GapWW   GapBM   GapBW  EarnWM  EarnWW  EarnBM  EarnBW    Util
------------------------------------------------------------------------------------------------------------------------------------------
1960(base)   33004   23571   39372   0.599   24833   37051   22743   21193   0.556   0.560   0.350   19380    4181     917     355   29671
2023(alt)    70872   61117   76885   0.795   61223   63843   53764   54109   0.858   0.720   0.674   31712   22318    3666    3527   35136
2023(tru)    71641   61793   78193   0.790   60918   63684   53575   54956   0.858   0.736   0.674   31692   22284    3412    3529   34725
Growth(alt)  0.0121  0.0151  0.0106  0.0045  0.0143  0.0086  0.0137  0.0149  0.0069  0.0040  0.0104  0.0078  0.0266  0.0220  0.0365  0.0027
Growth(tru)  0.0123  0.0153  0.0109  0.0044  0.0142  0.0086  0.0136  0.0151  0.0069  0.0044  0.0104  0.0078  0.0266  0.0209  0.0365  0.0025
Difference   0.0002  0.0002  0.0003 -0.0001 -0.0001 -0.0000 -0.0001  0.0002 -0.0000  0.0003  0.0000 -0.0000 -0.0000 -0.0011  0.0000 -0.0002
// Share //     1.4     1.1     2.5    -2.1    -0.6    -0.5    -0.4     1.6    -0.2     7.9     0.2    -0.1    -0.1    -5.5     0.0    -7.5
 
 
 
 
========================================================================
 How much poorer in 2023 with 1960 values of TauW, for Black Men
========================================================================
....... 
                 Y    Ymkt    Ywkr     LFP    Earn    Cons   EarnY    gdpY   GapWW   GapBM   GapBW  EarnWM  EarnWW  EarnBM  EarnBW    Util
------------------------------------------------------------------------------------------------------------------------------------------
1960(base)   33004   23571   39372   0.599   24833   37051   22743   21193   0.556   0.560   0.350   19380    4181     917     355   29671
2023(alt)    71384   61474   78578   0.782   59821   62632   52579   54784   0.857   0.582   0.674   31738   22311    2237    3535   33969
2023(tru)    71641   61793   78193   0.790   60918   63684   53575   54956   0.858   0.736   0.674   31692   22284    3412    3529   34725
Growth(alt)  0.0122  0.0152  0.0110  0.0042  0.0140  0.0083  0.0133  0.0151  0.0069  0.0006  0.0104  0.0078  0.0266  0.0141  0.0365  0.0021
Growth(tru)  0.0123  0.0153  0.0109  0.0044  0.0142  0.0086  0.0136  0.0151  0.0069  0.0044  0.0104  0.0078  0.0266  0.0209  0.0365  0.0025
Difference   0.0001  0.0001 -0.0001  0.0002  0.0003  0.0003  0.0003  0.0000  0.0000  0.0037  0.0000 -0.0000 -0.0000  0.0067 -0.0000  0.0003
// Share //     0.5     0.5    -0.7     3.6     2.0     3.1     2.2     0.3     0.3    86.0     0.1    -0.3    -0.1    32.2    -0.1    14.0
 
 
