warning: function /workspace/eval/followup/001-living-update/workspace/cases/Living/shims/print.m shadows a core library function
warning: function /workspace/eval/followup/001-living-update/workspace/cases/Living/shims/keyboard.m shadows a built-in function
HowMuchPoorer_gen_t2_3_c1_Benchmark                 05-Oct-2026 
 

=== HowMuchPoorer_gen chunk 1, t0=2 (1970), t1=3 (1980) ===
 
=============================================================
KEY PARAMETER VALUES:    CaseName = Benchmark
                   theta =  2.0000
                     eta =  0.1030
            theta*(1-eta)=  1.7940
                    dlta =  0.0000
                      mu =  0.5574
                   sigma =  3.0000
           EstimateDelta =  0.0000
           ConstrainTauH = -0.8000
PurgeWageGrowthSelection =     0
      AlphaSplitTauW1960 =  0.5000
   OccupationforWageHome = 23 Secretaries                               
   Alpha0FixedSplit =  0.5000
=============================================================
 
 
 
========================================================================
 How much poorer in 1980 with 1970 values of TauWTauH
========================================================================
....... 
                 Y    Ymkt    Ywkr     LFP    Earn    Cons   EarnY    gdpY   GapWW   GapBM   GapBW  EarnWM  EarnWW  EarnBM  EarnBW    Util
------------------------------------------------------------------------------------------------------------------------------------------
1970(base)   43723   31320   50989   0.614   33428   49842   30575   28774   0.562   0.627   0.445   25313    5960    1438     716   32753
1980(alt)    45170   32746   53101   0.617   34606   42418   29180   27999   0.509   0.660   0.428   26820    5329    1659     799   24574
1980(tru)    47040   34658   53054   0.653   37391   47097   33577   32436   0.614   0.710   0.552   26657    7804    1773    1157   27366
Growth(alt)  0.0033  0.0045  0.0041  0.0004  0.0035 -0.0161 -0.0047 -0.0027 -0.0098  0.0050 -0.0040  0.0058 -0.0112  0.0143  0.0109 -0.0287
Growth(tru)  0.0073  0.0101  0.0040  0.0062  0.0112 -0.0057  0.0094  0.0120  0.0089  0.0124  0.0214  0.0052  0.0270  0.0209  0.0480 -0.0180
Difference   0.0041  0.0057 -0.0001  0.0058  0.0077  0.0105  0.0140  0.0147  0.0188  0.0074  0.0254 -0.0006  0.0382  0.0066  0.0371  0.0108
// Share //    55.5    56.0    -2.2    93.6    69.1  -184.8   149.9   122.8   210.5    59.4   118.5   -11.8   141.6    31.7    77.3   -59.9
 
 
 
 
========================================================================
 How much poorer in 1980 with 1970 values of TauH
========================================================================
....... 
                 Y    Ymkt    Ywkr     LFP    Earn    Cons   EarnY    gdpY   GapWW   GapBM   GapBW  EarnWM  EarnWW  EarnBM  EarnBW    Util
------------------------------------------------------------------------------------------------------------------------------------------
1970(base)   43723   31320   50989   0.614   33428   49842   30575   28774   0.562   0.627   0.445   25313    5960    1438     716   32753
1980(alt)    45238   32950   51535   0.639   36514   44695   31434   28475   0.581   0.703   0.525   26801    6820    1790    1104   26105
1980(tru)    47040   34658   53054   0.653   37391   47097   33577   32436   0.614   0.710   0.552   26657    7804    1773    1157   27366
Growth(alt)  0.0034  0.0051  0.0011  0.0040  0.0088 -0.0109  0.0028 -0.0010  0.0033  0.0115  0.0165  0.0057  0.0135  0.0219  0.0433 -0.0227
Growth(tru)  0.0073  0.0101  0.0040  0.0062  0.0112 -0.0057  0.0094  0.0120  0.0089  0.0124  0.0214  0.0052  0.0270  0.0209  0.0480 -0.0180
Difference   0.0039  0.0051  0.0029  0.0022  0.0024  0.0052  0.0066  0.0130  0.0056  0.0010  0.0049 -0.0005  0.0135 -0.0009  0.0047  0.0047
// Share //    53.4    49.9    73.2    34.9    21.2   -92.4    70.4   108.7    63.0     7.7    22.9   -10.4    50.0    -4.5     9.7   -26.3
 
 
 
 
========================================================================
 How much poorer in 1980 with 1970 values of TauW
========================================================================
....... 
                 Y    Ymkt    Ywkr     LFP    Earn    Cons   EarnY    gdpY   GapWW   GapBM   GapBW  EarnWM  EarnWW  EarnBM  EarnBW    Util
------------------------------------------------------------------------------------------------------------------------------------------
1970(base)   43723   31320   50989   0.614   33428   49842   30575   28774   0.562   0.627   0.445   25313    5960    1438     716   32753
1980(alt)    46970   34454   54443   0.633   35373   44540   31091   31951   0.537   0.665   0.453   26673    6208    1638     853   25731
1980(tru)    47040   34658   53054   0.653   37391   47097   33577   32436   0.614   0.710   0.552   26657    7804    1773    1157   27366
Growth(alt)  0.0072  0.0095  0.0066  0.0030  0.0057 -0.0112  0.0017  0.0105 -0.0046  0.0059  0.0016  0.0052  0.0041  0.0130  0.0175 -0.0241
Growth(tru)  0.0073  0.0101  0.0040  0.0062  0.0112 -0.0057  0.0094  0.0120  0.0089  0.0124  0.0214  0.0052  0.0270  0.0209  0.0480 -0.0180
Difference   0.0002  0.0006 -0.0026  0.0032  0.0055  0.0056  0.0077  0.0015  0.0135  0.0065  0.0198 -0.0001  0.0229  0.0079  0.0305  0.0062
// Share //     2.1     5.9   -65.1    51.6    49.5   -98.6    82.1    12.6   151.2    52.5    92.4    -1.2    84.9    37.7    63.5   -34.3
 
 
