warning: function /workspace/eval/followup/001-living-update/workspace/cases/Living/shims/print.m shadows a core library function
warning: function /workspace/eval/followup/001-living-update/workspace/cases/Living/shims/keyboard.m shadows a built-in function
HowMuchPoorer_gen_t4_5_c1_Benchmark                 05-Oct-2026 
 

=== HowMuchPoorer_gen chunk 1, t0=4 (1990), t1=5 (2000) ===
 
=============================================================
KEY PARAMETER VALUES:    CaseName = Benchmark
                   theta =  2.0000
                     eta =  0.1030
            theta*(1-eta)=  1.7940
                    dlta =  0.0000
                      mu =  0.5574
                   sigma =  3.0000
           EstimateDelta =  0.0000
           ConstrainTauH = -0.8000
PurgeWageGrowthSelection =     0
      AlphaSplitTauW1960 =  0.5000
   OccupationforWageHome = 23 Secretaries                               
   Alpha0FixedSplit =  0.5000
=============================================================
 
 
 
========================================================================
 How much poorer in 2000 with 1990 values of TauWTauH
========================================================================
....... 
                 Y    Ymkt    Ywkr     LFP    Earn    Cons   EarnY    gdpY   GapWW   GapBM   GapBW  EarnWM  EarnWW  EarnBM  EarnBW    Util
------------------------------------------------------------------------------------------------------------------------------------------
1990(base)   56259   43806   60838   0.720   45922   55661   38829   38795   0.695   0.738   0.608   29280   12635    2221    1786   31981
2000(alt)    71915   51627   69472   0.743   54538   61919   40733   38959   0.773   0.737   0.648   31950   17562    2582    2443   46727
2000(tru)    72240   51915   69875   0.743   55139   62031   40799   39899   0.796   0.757   0.668   31922   18016    2669    2532   46735
Growth(alt)  0.0246  0.0164  0.0133  0.0032  0.0172  0.0107  0.0048  0.0004  0.0106 -0.0002  0.0065  0.0087  0.0329  0.0151  0.0313  0.0379
Growth(tru)  0.0250  0.0170  0.0138  0.0031  0.0183  0.0108  0.0050  0.0028  0.0135  0.0025  0.0095  0.0086  0.0355  0.0184  0.0349  0.0379
Difference   0.0005  0.0006  0.0006 -0.0000  0.0011  0.0002  0.0002  0.0024  0.0029  0.0027  0.0030 -0.0001  0.0026  0.0033  0.0036  0.0000
// Share //     1.8     3.3     4.2    -0.7     6.0     1.7     3.3    85.0    21.3   107.2    31.8    -1.0     7.2    17.9    10.2     0.0
 
 
 
 
========================================================================
 How much poorer in 2000 with 1990 values of TauH
========================================================================
....... 
                 Y    Ymkt    Ywkr     LFP    Earn    Cons   EarnY    gdpY   GapWW   GapBM   GapBW  EarnWM  EarnWW  EarnBM  EarnBW    Util
------------------------------------------------------------------------------------------------------------------------------------------
1990(base)   56259   43806   60838   0.720   45922   55661   38829   38795   0.695   0.738   0.608   29280   12635    2221    1786   31981
2000(alt)    71972   51706   69381   0.745   55243   62599   41394   39222   0.794   0.752   0.664   31941   18132    2650    2520   47274
2000(tru)    72240   51915   69875   0.743   55139   62031   40799   39899   0.796   0.757   0.668   31922   18016    2669    2532   46735
Growth(alt)  0.0246  0.0166  0.0131  0.0034  0.0185  0.0117  0.0064  0.0011  0.0132  0.0018  0.0088  0.0087  0.0361  0.0177  0.0344  0.0391
Growth(tru)  0.0250  0.0170  0.0138  0.0031  0.0183  0.0108  0.0050  0.0028  0.0135  0.0025  0.0095  0.0086  0.0355  0.0184  0.0349  0.0379
Difference   0.0004  0.0004  0.0007 -0.0003 -0.0002 -0.0009 -0.0014  0.0017  0.0002  0.0006  0.0007 -0.0001 -0.0006  0.0007  0.0005 -0.0011
// Share //     1.5     2.4     5.1    -9.8    -1.0    -8.4   -29.2    61.0     1.8    25.8     6.9    -0.7    -1.8     3.9     1.4    -3.0
 
 
 
 
========================================================================
 How much poorer in 2000 with 1990 values of TauW
========================================================================
....... 
                 Y    Ymkt    Ywkr     LFP    Earn    Cons   EarnY    gdpY   GapWW   GapBM   GapBW  EarnWM  EarnWW  EarnBM  EarnBW    Util
------------------------------------------------------------------------------------------------------------------------------------------
1990(base)   56259   43806   60838   0.720   45922   55661   38829   38795   0.695   0.738   0.608   29280   12635    2221    1786   31981
2000(alt)    72211   51855   70039   0.740   54416   61263   40045   39700   0.775   0.742   0.653   31931   17425    2604    2455   46104
2000(tru)    72240   51915   69875   0.743   55139   62031   40799   39899   0.796   0.757   0.668   31922   18016    2669    2532   46735
Growth(alt)  0.0250  0.0169  0.0141  0.0028  0.0170  0.0096  0.0031  0.0023  0.0109  0.0005  0.0072  0.0087  0.0321  0.0159  0.0318  0.0366
Growth(tru)  0.0250  0.0170  0.0138  0.0031  0.0183  0.0108  0.0050  0.0028  0.0135  0.0025  0.0095  0.0086  0.0355  0.0184  0.0349  0.0379
Difference   0.0000  0.0001 -0.0002  0.0004  0.0013  0.0012  0.0019  0.0005  0.0026  0.0020  0.0023 -0.0000  0.0033  0.0024  0.0031  0.0014
// Share //     0.2     0.7    -1.7    11.2     7.2    11.5    37.7    17.8    19.2    79.8    24.4    -0.3     9.4    13.3     8.8     3.6
 
 
