warning: function /workspace/eval/followup/001-living-update/workspace/cases/Living/shims/print.m shadows a core library function
warning: function /workspace/eval/followup/001-living-update/workspace/cases/Living/shims/keyboard.m shadows a built-in function
HowMuchPoorer_gen_t1_7_c5_Benchmark                 05-Oct-2026 
 

=== HowMuchPoorer_gen chunk 5, t0=1 (1960), t1=7 (2023) ===
 
 
========================================================================
 How much poorer in 2023 with 1960 values of TauWTauH, for Black Women
========================================================================
....... 
                 Y    Ymkt    Ywkr     LFP    Earn    Cons   EarnY    gdpY   GapWW   GapBM   GapBW  EarnWM  EarnWW  EarnBM  EarnBW    Util
------------------------------------------------------------------------------------------------------------------------------------------
1960(base)   33004   23571   39372   0.599   24833   37051   22743   21193   0.556   0.560   0.350   19380    4181     917     355   29671
2023(alt)    69338   59456   76960   0.773   58879   61636   51661   52665   0.856   0.734   0.358   31816   22432    3429    1203   33002
2023(tru)    71641   61793   78193   0.790   60918   63684   53575   54956   0.858   0.736   0.674   31692   22284    3412    3529   34725
Growth(alt)  0.0118  0.0147  0.0106  0.0040  0.0137  0.0081  0.0130  0.0144  0.0069  0.0043  0.0003  0.0079  0.0267  0.0209  0.0194  0.0017
Growth(tru)  0.0123  0.0153  0.0109  0.0044  0.0142  0.0086  0.0136  0.0151  0.0069  0.0044  0.0104  0.0078  0.0266  0.0209  0.0365  0.0025
Difference   0.0005  0.0006  0.0003  0.0004  0.0005  0.0005  0.0006  0.0007  0.0000  0.0000  0.0101 -0.0001 -0.0001 -0.0001  0.0171  0.0008
// Share //     4.2     4.0     2.3     8.2     3.8     6.0     4.2     4.5     0.4     1.1    96.9    -0.8    -0.4    -0.4    46.8    32.4
 
 
 
 
========================================================================
 How much poorer in 2023 with 1960 values of TauH, for Black Women
========================================================================
....... 
                 Y    Ymkt    Ywkr     LFP    Earn    Cons   EarnY    gdpY   GapWW   GapBM   GapBW  EarnWM  EarnWW  EarnBM  EarnBW    Util
------------------------------------------------------------------------------------------------------------------------------------------
1960(base)   33004   23571   39372   0.599   24833   37051   22743   21193   0.556   0.560   0.350   19380    4181     917     355   29671
2023(alt)    69394   59669   75471   0.791   60177   62799   52819   52788   0.856   0.734   0.517   31778   22329    3416    2653   34379
2023(tru)    71641   61793   78193   0.790   60918   63684   53575   54956   0.858   0.736   0.674   31692   22284    3412    3529   34725
Growth(alt)  0.0118  0.0147  0.0103  0.0044  0.0140  0.0084  0.0134  0.0145  0.0069  0.0043  0.0062  0.0078  0.0266  0.0209  0.0319  0.0023
Growth(tru)  0.0123  0.0153  0.0109  0.0044  0.0142  0.0086  0.0136  0.0151  0.0069  0.0044  0.0104  0.0078  0.0266  0.0209  0.0365  0.0025
Difference   0.0005  0.0006  0.0006 -0.0000  0.0002  0.0002  0.0002  0.0006  0.0000  0.0000  0.0042 -0.0000 -0.0000 -0.0000  0.0045  0.0002
// Share //     4.1     3.6     5.2    -0.2     1.4     2.6     1.7     4.2     0.4     0.9    40.7    -0.5    -0.1    -0.1    12.4     6.4
 
 
 
 
========================================================================
 How much poorer in 2023 with 1960 values of TauW, for Black Women
========================================================================
....... 
                 Y    Ymkt    Ywkr     LFP    Earn    Cons   EarnY    gdpY   GapWW   GapBM   GapBW  EarnWM  EarnWW  EarnBM  EarnBW    Util
------------------------------------------------------------------------------------------------------------------------------------------
1960(base)   33004   23571   39372   0.599   24833   37051   22743   21193   0.556   0.560   0.350   19380    4181     917     355   29671
2023(alt)    71311   61353   78979   0.777   59433   62268   52218   54656   0.858   0.736   0.489   31728   22389    3426    1889   33514
2023(tru)    71641   61793   78193   0.790   60918   63684   53575   54956   0.858   0.736   0.674   31692   22284    3412    3529   34725
Growth(alt)  0.0122  0.0152  0.0110  0.0041  0.0139  0.0082  0.0132  0.0150  0.0069  0.0044  0.0053  0.0078  0.0266  0.0209  0.0266  0.0019
Growth(tru)  0.0123  0.0153  0.0109  0.0044  0.0142  0.0086  0.0136  0.0151  0.0069  0.0044  0.0104  0.0078  0.0266  0.0209  0.0365  0.0025
Difference   0.0001  0.0001 -0.0002  0.0003  0.0004  0.0004  0.0004  0.0001 -0.0000  0.0000  0.0051 -0.0000 -0.0001 -0.0001  0.0099  0.0006
// Share //     0.6     0.7    -1.5     6.2     2.8     4.2     3.0     0.6    -0.1     0.0    49.2    -0.2    -0.3    -0.3    27.2    22.6
 
 
