HowMuchPoorer_gen_t6_7_c1_Benchmark                 05-Oct-2026 
 

=== HowMuchPoorer_gen chunk 1, t0=6 (2010), t1=7 (2023) ===
 
=============================================================
KEY PARAMETER VALUES:    CaseName = Benchmark
                   theta =  2.0000
                     eta =  0.1030
            theta*(1-eta)=  1.7940
                    dlta =  0.0000
                      mu =  0.5574
                   sigma =  3.0000
           EstimateDelta =  0.0000
           ConstrainTauH = -0.8000
PurgeWageGrowthSelection =     0
      AlphaSplitTauW1960 =  0.5000
   OccupationforWageHome = 23 Secretaries                               
   Alpha0FixedSplit =  0.5000
=============================================================
 
 
 
========================================================================
 How much poorer in 2023 with 2010 values of TauWTauH
========================================================================
....... 
                 Y    Ymkt    Ywkr     LFP    Earn    Cons   EarnY    gdpY   GapWW   GapBM   GapBW  EarnWM  EarnWW  EarnBM  EarnBW    Util
------------------------------------------------------------------------------------------------------------------------------------------
2010(base)   72605   55010   73563   0.748   57257   57644   41542   40124   0.868   0.787   0.725   30707   20683    2844    3022   35357
2023(alt)    72711   63154   80095   0.788   61341   65021   54301   55978   0.830   0.719   0.670   31579   21508    4018    4238   33826
2023(tru)    73122   63555   80535   0.789   61877   65881   55088   57175   0.858   0.707   0.649   31549   22283    3950    4095   34217
Growth(alt)  0.0001  0.0106  0.0065  0.0041  0.0053  0.0093  0.0206  0.0256 -0.0034 -0.0070 -0.0060  0.0022  0.0030  0.0266  0.0260 -0.0034
Growth(tru)  0.0005  0.0111  0.0070  0.0041  0.0060  0.0103  0.0217  0.0272 -0.0008 -0.0082 -0.0084  0.0021  0.0057  0.0253  0.0234 -0.0025
Difference   0.0004  0.0005  0.0004  0.0001  0.0007  0.0010  0.0011  0.0016  0.0026 -0.0012 -0.0025 -0.0001  0.0027 -0.0013 -0.0026  0.0009
// Share //    79.6     4.4     6.0     1.6    11.2     9.8     5.1     6.0  -305.2    15.0    29.2    -3.5    47.6    -5.2   -11.3   -35.1
 
 
 
 
========================================================================
 How much poorer in 2023 with 2010 values of TauH
========================================================================
....... 
                 Y    Ymkt    Ywkr     LFP    Earn    Cons   EarnY    gdpY   GapWW   GapBM   GapBW  EarnWM  EarnWW  EarnBM  EarnBW    Util
------------------------------------------------------------------------------------------------------------------------------------------
2010(base)   72605   55010   73563   0.748   57257   57644   41542   40124   0.868   0.787   0.725   30707   20683    2844    3022   35357
2023(alt)    72762   63206   80137   0.789   61742   65489   54729   56136   0.855   0.701   0.643   31575   22207    3909    4050   33970
2023(tru)    73122   63555   80535   0.789   61877   65881   55088   57175   0.858   0.707   0.649   31549   22283    3950    4095   34217
Growth(alt)  0.0002  0.0107  0.0066  0.0041  0.0058  0.0098  0.0212  0.0258 -0.0011 -0.0089 -0.0091  0.0021  0.0055  0.0245  0.0225 -0.0031
Growth(tru)  0.0005  0.0111  0.0070  0.0041  0.0060  0.0103  0.0217  0.0272 -0.0008 -0.0082 -0.0084  0.0021  0.0057  0.0253  0.0234 -0.0025
Difference   0.0004  0.0004  0.0004  0.0000  0.0002  0.0005  0.0005  0.0014  0.0003  0.0007  0.0007 -0.0001  0.0003  0.0008  0.0008  0.0006
// Share //    69.6     3.8     5.5     1.0     2.8     4.5     2.3     5.2   -32.6    -8.2    -8.4    -3.0     4.6     3.2     3.6   -22.1
 
 
 
 
========================================================================
 How much poorer in 2023 with 2010 values of TauW
========================================================================
....... 
                 Y    Ymkt    Ywkr     LFP    Earn    Cons   EarnY    gdpY   GapWW   GapBM   GapBW  EarnWM  EarnWW  EarnBM  EarnBW    Util
------------------------------------------------------------------------------------------------------------------------------------------
2010(base)   72605   55010   73563   0.748   57257   57644   41542   40124   0.868   0.787   0.725   30707   20683    2844    3022   35357
2023(alt)    73079   63511   80498   0.789   61498   65479   54723   57043   0.833   0.726   0.677   31552   21593    4067    4286   34106
2023(tru)    73122   63555   80535   0.789   61877   65881   55088   57175   0.858   0.707   0.649   31549   22283    3950    4095   34217
Growth(alt)  0.0005  0.0111  0.0069  0.0041  0.0055  0.0098  0.0212  0.0271 -0.0031 -0.0062 -0.0052  0.0021  0.0033  0.0275  0.0269 -0.0028
Growth(tru)  0.0005  0.0111  0.0070  0.0041  0.0060  0.0103  0.0217  0.0272 -0.0008 -0.0082 -0.0084  0.0021  0.0057  0.0253  0.0234 -0.0025
Difference   0.0000  0.0001  0.0000  0.0000  0.0005  0.0005  0.0005  0.0002  0.0023 -0.0020 -0.0032 -0.0000  0.0024 -0.0022 -0.0035  0.0003
// Share //     8.3     0.5     0.5     0.4     7.9     4.6     2.4     0.7  -269.0    24.6    37.9    -0.4    42.2    -8.9   -15.0    -9.9
 
 
