warning: function /workspace/eval/followup/001-living-update/workspace/cases/R1_WNH/shims/print.m shadows a core library function
warning: function /workspace/eval/followup/001-living-update/workspace/cases/R1_WNH/shims/keyboard.m shadows a built-in function
HowMuchPoorer_gen_t1_7_c1_Benchmark                 05-Oct-2026 
 

=== HowMuchPoorer_gen chunk 1, t0=1 (1960), t1=7 (2023) ===
 
=============================================================
KEY PARAMETER VALUES:    CaseName = Benchmark
                   theta =  2.0000
                     eta =  0.1030
            theta*(1-eta)=  1.7940
                    dlta =  0.0000
                      mu =  0.5574
                   sigma =  3.0000
           EstimateDelta =  0.0000
           ConstrainTauH = -0.8000
PurgeWageGrowthSelection =     0
      AlphaSplitTauW1960 =  0.5000
   OccupationforWageHome = 23 Secretaries                               
   Alpha0FixedSplit =  0.5000
=============================================================
 
 
 
========================================================================
 How much poorer in 2023 with 1960 values of TauWTauH
========================================================================
....... 
                 Y    Ymkt    Ywkr     LFP    Earn    Cons   EarnY    gdpY   GapWW   GapBM   GapBW  EarnWM  EarnWW  EarnBM  EarnBW    Util
------------------------------------------------------------------------------------------------------------------------------------------
1960(base)   33004   23571   39372   0.599   24833   37051   22743   21193   0.556   0.560   0.350   19380    4181     917     355   29671
2023(alt)    52674   43310   65079   0.665   43370   47071   37997   38390   0.370   0.469   0.312   33261    6103    2624    1382   22745
2023(tru)    73122   63555   80535   0.789   61877   65881   55088   57175   0.858   0.707   0.649   31549   22283    3950    4095   34217
Growth(alt)  0.0074  0.0097  0.0080  0.0017  0.0089  0.0038  0.0081  0.0094 -0.0065 -0.0028 -0.0019  0.0086  0.0060  0.0167  0.0216 -0.0042
Growth(tru)  0.0126  0.0157  0.0114  0.0044  0.0145  0.0091  0.0140  0.0158  0.0069  0.0037  0.0098  0.0077  0.0266  0.0232  0.0388  0.0023
Difference   0.0052  0.0061  0.0034  0.0027  0.0056  0.0053  0.0059  0.0063  0.0134  0.0065  0.0116 -0.0008  0.0206  0.0065  0.0172  0.0065
// Share //    41.2    38.7    29.8    61.7    38.9    58.4    42.0    40.1   193.6   175.7   119.0   -10.8    77.4    28.0    44.4   286.5
 
 
 
 
========================================================================
 How much poorer in 2023 with 1960 values of TauH
========================================================================
....... 
                 Y    Ymkt    Ywkr     LFP    Earn    Cons   EarnY    gdpY   GapWW   GapBM   GapBW  EarnWM  EarnWW  EarnBM  EarnBW    Util
------------------------------------------------------------------------------------------------------------------------------------------
1960(base)   33004   23571   39372   0.599   24833   37051   22743   21193   0.556   0.560   0.350   19380    4181     917     355   29671
2023(alt)    53890   45143   59366   0.760   51177   54451   45050   39600   0.502   0.622   0.428   33075   11446    3955    2702   28322
2023(tru)    73122   63555   80535   0.789   61877   65881   55088   57175   0.858   0.707   0.649   31549   22283    3950    4095   34217
Growth(alt)  0.0078  0.0103  0.0065  0.0038  0.0115  0.0061  0.0108  0.0099 -0.0016  0.0017  0.0032  0.0085  0.0160  0.0232  0.0322 -0.0007
Growth(tru)  0.0126  0.0157  0.0114  0.0044  0.0145  0.0091  0.0140  0.0158  0.0069  0.0037  0.0098  0.0077  0.0266  0.0232  0.0388  0.0023
Difference   0.0048  0.0054  0.0048  0.0006  0.0030  0.0030  0.0032  0.0058  0.0085  0.0020  0.0066 -0.0007  0.0106 -0.0000  0.0066  0.0030
// Share //    38.4    34.5    42.6    13.4    20.8    33.1    22.7    37.0   123.2    54.9    67.7    -9.7    39.8    -0.1    17.0   132.7
 
 
 
 
========================================================================
 How much poorer in 2023 with 1960 values of TauW
========================================================================
....... 
                 Y    Ymkt    Ywkr     LFP    Earn    Cons   EarnY    gdpY   GapWW   GapBM   GapBW  EarnWM  EarnWW  EarnBM  EarnBW    Util
------------------------------------------------------------------------------------------------------------------------------------------
1960(base)   33004   23571   39372   0.599   24833   37051   22743   21193   0.556   0.560   0.350   19380    4181     917     355   29671
2023(alt)    70027   59875   84402   0.709   49264   53901   43983   54901   0.598   0.564   0.481   31842   12362    2712    2348   27174
2023(tru)    73122   63555   80535   0.789   61877   65881   55088   57175   0.858   0.707   0.649   31549   22283    3950    4095   34217
Growth(alt)  0.0119  0.0148  0.0121  0.0027  0.0109  0.0060  0.0105  0.0151  0.0012  0.0001  0.0050  0.0079  0.0172  0.0172  0.0300 -0.0014
Growth(tru)  0.0126  0.0157  0.0114  0.0044  0.0145  0.0091  0.0140  0.0158  0.0069  0.0037  0.0098  0.0077  0.0266  0.0232  0.0388  0.0023
Difference   0.0007  0.0009 -0.0007  0.0017  0.0036  0.0032  0.0036  0.0006  0.0057  0.0036  0.0047 -0.0001  0.0094  0.0060  0.0088  0.0037
// Share //     5.4     6.0    -6.6    38.6    25.0    34.9    25.4     4.1    83.1    96.7    48.5    -1.9    35.2    25.8    22.7   161.7
 
 
