warning: function /workspace/eval/followup/001-living-update/workspace/cases/R8_bands/shims/keyboard.m shadows a built-in function
warning: function /workspace/eval/followup/001-living-update/workspace/cases/R8_bands/shims/print.m shadows a core library function
HowMuchPoorer_gen_t6_7_c1_Benchmark                 05-Oct-2026 
 

=== HowMuchPoorer_gen chunk 1, t0=6 (2010), t1=7 (2023) ===
 
=============================================================
KEY PARAMETER VALUES:    CaseName = Benchmark
                   theta =  2.0000
                     eta =  0.1030
            theta*(1-eta)=  1.7940
                    dlta =  0.0000
                      mu =  0.5574
                   sigma =  3.0000
           EstimateDelta =  0.0000
           ConstrainTauH = -0.8000
PurgeWageGrowthSelection =     0
      AlphaSplitTauW1960 =  0.5000
   OccupationforWageHome = 23 Secretaries                               
   Alpha0FixedSplit =  0.5000
=============================================================
 
 
 
========================================================================
 How much poorer in 2023 with 2010 values of TauWTauH
========================================================================
....... 
                 Y    Ymkt    Ywkr     LFP    Earn    Cons   EarnY    gdpY   GapWW   GapBM   GapBW  EarnWM  EarnWW  EarnBM  EarnBW    Util
------------------------------------------------------------------------------------------------------------------------------------------
2010(base)   72603   55008   73560   0.748   57255   58189   41542   40124   0.868   0.788   0.725   30706   20683    2844    3022   35691
2023(alt)    71239   61181   77214   0.792   60041   63745   52277   53258   0.825   0.729   0.676   31654   21442    3388    3558   34963
2023(tru)    71806   61735   77803   0.793   60891   64981   53397   54774   0.856   0.734   0.673   31616   22320    3415    3539   35506
Growth(alt) -0.0015  0.0082  0.0037  0.0045  0.0037  0.0070  0.0177  0.0218 -0.0039 -0.0060 -0.0054  0.0023  0.0028  0.0135  0.0125 -0.0016
Growth(tru) -0.0008  0.0089  0.0043  0.0046  0.0047  0.0085  0.0193  0.0239 -0.0010 -0.0054 -0.0057  0.0022  0.0059  0.0141  0.0121 -0.0004
Difference   0.0006  0.0007  0.0006  0.0001  0.0011  0.0015  0.0016  0.0022  0.0029  0.0006 -0.0003 -0.0001  0.0031  0.0006 -0.0004  0.0012
// Share //   -71.9     7.8    13.6     2.4    22.8    17.4     8.4     9.0  -282.5   -10.3     5.9    -4.0    52.7     4.3    -3.4  -295.5
 
 
 
 
========================================================================
 How much poorer in 2023 with 2010 values of TauH
========================================================================
....... 
                 Y    Ymkt    Ywkr     LFP    Earn    Cons   EarnY    gdpY   GapWW   GapBM   GapBW  EarnWM  EarnWW  EarnBM  EarnBW    Util
------------------------------------------------------------------------------------------------------------------------------------------
2010(base)   72603   55008   73560   0.748   57255   58189   41542   40124   0.868   0.788   0.725   30706   20683    2844    3022   35691
2023(alt)    71355   61302   77293   0.793   60743   64588   53047   53589   0.853   0.725   0.665   31648   22229    3371    3494   35294
2023(tru)    71806   61735   77803   0.793   60891   64981   53397   54774   0.856   0.734   0.673   31616   22320    3415    3539   35506
Growth(alt) -0.0013  0.0083  0.0038  0.0045  0.0045  0.0080  0.0188  0.0223 -0.0013 -0.0063 -0.0066  0.0023  0.0055  0.0131  0.0112 -0.0009
Growth(tru) -0.0008  0.0089  0.0043  0.0046  0.0047  0.0085  0.0193  0.0239 -0.0010 -0.0054 -0.0057  0.0022  0.0059  0.0141  0.0121 -0.0004
Difference   0.0005  0.0005  0.0005  0.0000  0.0002  0.0005  0.0005  0.0017  0.0003  0.0009  0.0009 -0.0001  0.0003  0.0010  0.0010  0.0005
// Share //   -57.1     6.1    11.7     0.8     3.9     5.5     2.6     7.0   -31.8   -17.0   -15.5    -3.4     5.4     7.1     8.0  -114.9
 
 
 
 
========================================================================
 How much poorer in 2023 with 2010 values of TauW
========================================================================
....... 
                 Y    Ymkt    Ywkr     LFP    Earn    Cons   EarnY    gdpY   GapWW   GapBM   GapBW  EarnWM  EarnWW  EarnBM  EarnBW    Util
------------------------------------------------------------------------------------------------------------------------------------------
2010(base)   72603   55008   73560   0.748   57255   58189   41542   40124   0.868   0.788   0.725   30706   20683    2844    3022   35691
2023(alt)    71702   61628   77731   0.793   60215   64215   52699   54477   0.829   0.739   0.684   31621   21546    3442    3605   35216
2023(tru)    71806   61735   77803   0.793   60891   64981   53397   54774   0.856   0.734   0.673   31616   22320    3415    3539   35506
Growth(alt) -0.0010  0.0087  0.0042  0.0045  0.0039  0.0076  0.0183  0.0235 -0.0035 -0.0049 -0.0044  0.0023  0.0031  0.0147  0.0136 -0.0010
Growth(tru) -0.0008  0.0089  0.0043  0.0046  0.0047  0.0085  0.0193  0.0239 -0.0010 -0.0054 -0.0057  0.0022  0.0059  0.0141  0.0121 -0.0004
Difference   0.0001  0.0001  0.0001  0.0001  0.0009  0.0009  0.0010  0.0004  0.0025 -0.0005 -0.0013 -0.0000  0.0027 -0.0006 -0.0014  0.0006
// Share //   -13.1     1.5     1.7     1.4    18.1    10.7     5.2     1.7  -246.5    10.0    22.1    -0.5    46.4    -4.3   -11.9  -157.2
 
 
