warning: function /workspace/eval/followup/001-living-update/workspace/cases/R8_bands/shims/keyboard.m shadows a built-in function
warning: function /workspace/eval/followup/001-living-update/workspace/cases/R8_bands/shims/print.m shadows a core library function
HowMuchPoorer_gen_t1_7_c1_Benchmark                 05-Oct-2026 
 

=== HowMuchPoorer_gen chunk 1, t0=1 (1960), t1=7 (2023) ===
 
=============================================================
KEY PARAMETER VALUES:    CaseName = Benchmark
                   theta =  2.0000
                     eta =  0.1030
            theta*(1-eta)=  1.7940
                    dlta =  0.0000
                      mu =  0.5574
                   sigma =  3.0000
           EstimateDelta =  0.0000
           ConstrainTauH = -0.8000
PurgeWageGrowthSelection =     0
      AlphaSplitTauW1960 =  0.5000
   OccupationforWageHome = 23 Secretaries                               
   Alpha0FixedSplit =  0.5000
=============================================================
 
 
 
========================================================================
 How much poorer in 2023 with 1960 values of TauWTauH
========================================================================
....... 
                 Y    Ymkt    Ywkr     LFP    Earn    Cons   EarnY    gdpY   GapWW   GapBM   GapBW  EarnWM  EarnWW  EarnBM  EarnBW    Util
------------------------------------------------------------------------------------------------------------------------------------------
1960(base)   33004   23571   39372   0.599   24833   37051   22743   21193   0.556   0.560   0.350   19380    4181     917     355   29671
2023(alt)    52445   42542   63594   0.669   42969   46892   37088   37054   0.375   0.492   0.322   33298    6174    2301    1196   23981
2023(tru)    71806   61735   77803   0.793   60891   64981   53397   54774   0.856   0.734   0.673   31616   22320    3415    3539   35506
Growth(alt)  0.0074  0.0094  0.0076  0.0018  0.0087  0.0037  0.0078  0.0089 -0.0063 -0.0020 -0.0014  0.0086  0.0062  0.0146  0.0193 -0.0034
Growth(tru)  0.0123  0.0153  0.0108  0.0045  0.0142  0.0089  0.0135  0.0151  0.0069  0.0043  0.0104  0.0078  0.0266  0.0209  0.0365  0.0028
Difference   0.0050  0.0059  0.0032  0.0027  0.0055  0.0052  0.0058  0.0062  0.0131  0.0064  0.0117 -0.0008  0.0204  0.0063  0.0172  0.0062
// Share //    40.4    38.7    29.6    60.6    38.9    58.1    42.7    41.2   191.1   147.6   113.1   -10.6    76.7    30.0    47.1   218.6
 
 
 
 
========================================================================
 How much poorer in 2023 with 1960 values of TauH
========================================================================
....... 
                 Y    Ymkt    Ywkr     LFP    Earn    Cons   EarnY    gdpY   GapWW   GapBM   GapBW  EarnWM  EarnWW  EarnBM  EarnBW    Util
------------------------------------------------------------------------------------------------------------------------------------------
1960(base)   33004   23571   39372   0.599   24833   37051   22743   21193   0.556   0.560   0.350   19380    4181     917     355   29671
2023(alt)    53609   44350   58117   0.763   50691   54116   43966   38325   0.510   0.666   0.455   33094   11663    3529    2405   29658
2023(tru)    71806   61735   77803   0.793   60891   64981   53397   54774   0.856   0.734   0.673   31616   22320    3415    3539   35506
Growth(alt)  0.0077  0.0100  0.0062  0.0039  0.0113  0.0060  0.0105  0.0094 -0.0013  0.0028  0.0041  0.0085  0.0163  0.0214  0.0304 -0.0000
Growth(tru)  0.0123  0.0153  0.0108  0.0045  0.0142  0.0089  0.0135  0.0151  0.0069  0.0043  0.0104  0.0078  0.0266  0.0209  0.0365  0.0028
Difference   0.0046  0.0052  0.0046  0.0006  0.0029  0.0029  0.0031  0.0057  0.0082  0.0016  0.0062 -0.0007  0.0103 -0.0005  0.0061  0.0029
// Share //    37.6    34.4    42.8    13.9    20.4    32.6    22.8    37.6   119.7    36.1    60.0    -9.3    38.8    -2.5    16.8   100.2
 
 
 
 
========================================================================
 How much poorer in 2023 with 1960 values of TauW
========================================================================
....... 
                 Y    Ymkt    Ywkr     LFP    Earn    Cons   EarnY    gdpY   GapWW   GapBM   GapBW  EarnWM  EarnWW  EarnBM  EarnBW    Util
------------------------------------------------------------------------------------------------------------------------------------------
1960(base)   33004   23571   39372   0.599   24833   37051   22743   21193   0.556   0.560   0.350   19380    4181     917     355   29671
2023(alt)    68836   58149   81401   0.714   48476   53264   42589   52373   0.594   0.573   0.483   31922   12305    2292    1957   28306
2023(tru)    71806   61735   77803   0.793   60891   64981   53397   54774   0.856   0.734   0.673   31616   22320    3415    3539   35506
Growth(alt)  0.0117  0.0143  0.0115  0.0028  0.0106  0.0058  0.0100  0.0144  0.0011  0.0004  0.0051  0.0079  0.0171  0.0145  0.0271 -0.0007
Growth(tru)  0.0123  0.0153  0.0108  0.0045  0.0142  0.0089  0.0135  0.0151  0.0069  0.0043  0.0104  0.0078  0.0266  0.0209  0.0365  0.0028
Difference   0.0007  0.0009 -0.0007  0.0017  0.0036  0.0032  0.0036  0.0007  0.0058  0.0039  0.0053 -0.0002  0.0095  0.0063  0.0094  0.0036
// Share //     5.4     6.2    -6.6    37.3    25.4    35.4    26.5     4.7    84.5    91.5    50.9    -2.0    35.6    30.3    25.7   126.2
 
 
