warning: function /workspace/eval/followup/004-gate-conformance/workspace/cases/Living_s1016/shims/errorbar.m shadows a core library function
warning: function /workspace/eval/followup/004-gate-conformance/workspace/cases/Living_s1016/shims/gca.m shadows a core library function
warning: function /workspace/eval/followup/004-gate-conformance/workspace/cases/Living_s1016/shims/orient.m shadows a core library function
warning: function /workspace/eval/followup/004-gate-conformance/workspace/cases/Living_s1016/shims/bar.m shadows a core library function
warning: function /workspace/eval/followup/004-gate-conformance/workspace/cases/Living_s1016/shims/set.m shadows a built-in function
warning: function /workspace/eval/followup/004-gate-conformance/workspace/cases/Living_s1016/shims/ylim.m shadows a core library function
warning: function /workspace/eval/followup/004-gate-conformance/workspace/cases/Living_s1016/shims/axis.m shadows a core library function
warning: function /workspace/eval/followup/004-gate-conformance/workspace/cases/Living_s1016/shims/figure.m shadows a core library function
warning: function /workspace/eval/followup/004-gate-conformance/workspace/cases/Living_s1016/shims/xlim.m shadows a core library function
warning: function /workspace/eval/followup/004-gate-conformance/workspace/cases/Living_s1016/shims/colorbar.m shadows a core library function
warning: function /workspace/eval/followup/004-gate-conformance/workspace/cases/Living_s1016/shims/cla.m shadows a core library function
warning: function /workspace/eval/followup/004-gate-conformance/workspace/cases/Living_s1016/shims/ylabel.m shadows a core library function
warning: function /workspace/eval/followup/004-gate-conformance/workspace/cases/Living_s1016/shims/keyboard.m shadows a built-in function
warning: function /workspace/eval/followup/004-gate-conformance/workspace/cases/Living_s1016/shims/print.m shadows a core library function
warning: function /workspace/eval/followup/004-gate-conformance/workspace/cases/Living_s1016/shims/grid.m shadows a core library function
warning: function /workspace/eval/followup/004-gate-conformance/workspace/cases/Living_s1016/shims/xlabel.m shadows a core library function
warning: function /workspace/eval/followup/004-gate-conformance/workspace/cases/Living_s1016/shims/line.m shadows a core library function
warning: function /workspace/eval/followup/004-gate-conformance/workspace/cases/Living_s1016/shims/whitebg.m shadows a core library function
warning: function /workspace/eval/followup/004-gate-conformance/workspace/cases/Living_s1016/shims/text.m shadows a core library function
warning: function /workspace/eval/followup/004-gate-conformance/workspace/cases/Living_s1016/shims/plot.m shadows a core library function
warning: function /workspace/eval/followup/004-gate-conformance/workspace/cases/Living_s1016/shims/stem.m shadows a core library function
warning: function /workspace/eval/followup/004-gate-conformance/workspace/cases/Living_s1016/shims/box.m shadows a core library function
warning: function /workspace/eval/followup/004-gate-conformance/workspace/cases/Living_s1016/shims/gcf.m shadows a core library function
warning: function /workspace/eval/followup/004-gate-conformance/workspace/cases/Living_s1016/shims/legend.m shadows a core library function
warning: function /workspace/eval/followup/004-gate-conformance/workspace/cases/Living_s1016/shims/title.m shadows a core library function
warning: function /workspace/eval/followup/004-gate-conformance/workspace/cases/Living_s1016/shims/scatter.m shadows a core library function
warning: function /workspace/eval/followup/004-gate-conformance/workspace/cases/Living_s1016/shims/hold.m shadows a core library function
warning: function /workspace/eval/followup/004-gate-conformance/workspace/cases/Living_s1016/shims/subplot.m shadows a core library function
warning: function /workspace/eval/followup/004-gate-conformance/workspace/cases/Living_s1016/shims/drawnow.m shadows a built-in function
warning: function /workspace/eval/followup/004-gate-conformance/workspace/cases/Living_s1016/shims/clf.m shadows a core library function
HowMuchPoorer_gen_t6_7_c1_Benchmark                 05-Oct-2026 
 

=== HowMuchPoorer_gen chunk 1, t0=6 (2010), t1=7 (2023) ===
 
=============================================================
KEY PARAMETER VALUES:    CaseName = Benchmark
                   theta =  2.0000
                     eta =  0.1030
            theta*(1-eta)=  1.7940
                    dlta =  0.0000
                      mu =  0.5574
                   sigma =  3.0000
           EstimateDelta =  0.0000
           ConstrainTauH = -0.8000
PurgeWageGrowthSelection =     0
      AlphaSplitTauW1960 =  0.5000
   OccupationforWageHome = 23 Secretaries                               
   Alpha0FixedSplit =  0.5000
=============================================================
 
 
 
========================================================================
 How much poorer in 2023 with 2010 values of TauWTauH
========================================================================
....... 
                 Y    Ymkt    Ywkr     LFP    Earn    Cons   EarnY    gdpY   GapWW   GapBM   GapBW  EarnWM  EarnWW  EarnBM  EarnBW    Util
------------------------------------------------------------------------------------------------------------------------------------------
2010(base)   72607   55011   73565   0.748   57258   56959   41542   40125   0.868   0.787   0.724   30707   20684    2844    3022   34937
2023(alt)    70031   60346   76460   0.789   59149   61406   51627   52631   0.826   0.731   0.677   31239   21083    3333    3494   33612
2023(tru)    70539   60842   76990   0.790   59979   62598   52731   54092   0.857   0.736   0.674   31205   21940    3360    3475   34133
Growth(alt) -0.0028  0.0071  0.0030  0.0042  0.0025  0.0058  0.0167  0.0209 -0.0038 -0.0057 -0.0052  0.0013  0.0015  0.0122  0.0112 -0.0030
Growth(tru) -0.0022  0.0077  0.0035  0.0042  0.0036  0.0073  0.0183  0.0230 -0.0009 -0.0052 -0.0055  0.0012  0.0045  0.0128  0.0107 -0.0018
Difference   0.0006  0.0006  0.0005  0.0001  0.0011  0.0015  0.0016  0.0021  0.0029  0.0006 -0.0004 -0.0001  0.0031  0.0006 -0.0004  0.0012
// Share //   -25.0     8.1    15.2     2.3    30.0    20.4     8.9     9.2  -318.7   -10.7     6.4    -6.7    67.6     4.7    -3.9   -66.2
 
 
 
 
========================================================================
 How much poorer in 2023 with 2010 values of TauH
========================================================================
....... 
                 Y    Ymkt    Ywkr     LFP    Earn    Cons   EarnY    gdpY   GapWW   GapBM   GapBW  EarnWM  EarnWW  EarnBM  EarnBW    Util
------------------------------------------------------------------------------------------------------------------------------------------
2010(base)   72607   55011   73565   0.748   57258   56959   41542   40125   0.868   0.787   0.724   30707   20684    2844    3022   34937
2023(alt)    70145   60463   76541   0.790   59853   62250   52414   52977   0.854   0.728   0.667   31234   21863    3322    3434   33942
2023(tru)    70539   60842   76990   0.790   59979   62598   52731   54092   0.857   0.736   0.674   31205   21940    3360    3475   34133
Growth(alt) -0.0027  0.0073  0.0031  0.0042  0.0034  0.0068  0.0179  0.0214 -0.0012 -0.0060 -0.0064  0.0013  0.0043  0.0119  0.0098 -0.0022
Growth(tru) -0.0022  0.0077  0.0035  0.0042  0.0036  0.0073  0.0183  0.0230 -0.0009 -0.0052 -0.0055  0.0012  0.0045  0.0128  0.0107 -0.0018
Difference   0.0004  0.0005  0.0005  0.0000  0.0002  0.0004  0.0005  0.0016  0.0003  0.0008  0.0008 -0.0001  0.0003  0.0009  0.0009  0.0004
// Share //   -19.4     6.2    12.9     0.7     4.5     5.9     2.5     7.0   -31.5   -15.7   -14.9    -5.7     5.9     6.8     8.4   -24.2
 
 
 
 
========================================================================
 How much poorer in 2023 with 2010 values of TauW
========================================================================
....... 
                 Y    Ymkt    Ywkr     LFP    Earn    Cons   EarnY    gdpY   GapWW   GapBM   GapBW  EarnWM  EarnWW  EarnBM  EarnBW    Util
------------------------------------------------------------------------------------------------------------------------------------------
2010(base)   72607   55011   73565   0.748   57258   56959   41542   40125   0.868   0.787   0.724   30707   20684    2844    3022   34937
2023(alt)    70435   60735   76914   0.790   59293   61813   52001   53774   0.829   0.740   0.685   31209   21169    3379    3536   33835
2023(tru)    70539   60842   76990   0.790   59979   62598   52731   54092   0.857   0.736   0.674   31205   21940    3360    3475   34133
Growth(alt) -0.0023  0.0076  0.0034  0.0042  0.0027  0.0063  0.0173  0.0225 -0.0035 -0.0048 -0.0043  0.0012  0.0018  0.0132  0.0121 -0.0025
Growth(tru) -0.0022  0.0077  0.0035  0.0042  0.0036  0.0073  0.0183  0.0230 -0.0009 -0.0052 -0.0055  0.0012  0.0045  0.0128  0.0107 -0.0018
Difference   0.0001  0.0001  0.0001  0.0001  0.0009  0.0010  0.0011  0.0005  0.0026 -0.0004 -0.0012 -0.0000  0.0028 -0.0004 -0.0013  0.0007
// Share //    -5.1     1.8     2.2     1.4    24.8    13.4     5.8     2.0  -283.5     7.5    21.6    -0.9    60.6    -3.4   -12.5   -37.7
 
 
