HowMuchPoorer_gen_t5_6_c1_Benchmark                 05-Oct-2026 
 

=== HowMuchPoorer_gen chunk 1, t0=5 (2000), t1=6 (2010) ===
 
=============================================================
KEY PARAMETER VALUES:    CaseName = Benchmark
                   theta =  2.0000
                     eta =  0.1030
            theta*(1-eta)=  1.7940
                    dlta =  0.0000
                      mu =  0.5574
                   sigma =  3.0000
           EstimateDelta =  0.0000
           ConstrainTauH = -0.8000
PurgeWageGrowthSelection =     0
      AlphaSplitTauW1960 =  0.5000
   OccupationforWageHome = 23 Secretaries                               
   Alpha0FixedSplit =  0.5000
=============================================================
 
 
 
========================================================================
 How much poorer in 2010 with 2000 values of TauWTauH
========================================================================
....... 
                 Y    Ymkt    Ywkr     LFP    Earn    Cons   EarnY    gdpY   GapWW   GapBM   GapBW  EarnWM  EarnWW  EarnBM  EarnBW    Util
------------------------------------------------------------------------------------------------------------------------------------------
2000(base)   72240   51915   69875   0.743   55139   61972   40799   39899   0.796   0.757   0.668   31922   18016    2669    2532   46691
2010(alt)    70737   53545   71703   0.747   55333   55068   39865   38495   0.848   0.769   0.714   30021   19682    2715    2914   34020
2010(tru)    70973   53773   71909   0.748   55968   55855   40604   39220   0.868   0.787   0.724   30016   20218    2780    2954   34259
Growth(alt) -0.0021  0.0031  0.0026  0.0005  0.0004 -0.0118 -0.0023 -0.0036  0.0064  0.0015  0.0067 -0.0061  0.0088  0.0017  0.0141 -0.0317
Growth(tru) -0.0018  0.0035  0.0029  0.0006  0.0015 -0.0104 -0.0005 -0.0017  0.0086  0.0040  0.0081 -0.0062  0.0115  0.0041  0.0154 -0.0310
Difference   0.0003  0.0004  0.0003  0.0001  0.0011  0.0014  0.0018  0.0019  0.0023  0.0024  0.0014 -0.0000  0.0027  0.0024  0.0014  0.0007
// Share //   -18.9    12.1    10.0    21.4    76.5   -13.7  -384.3  -108.4    26.5    61.0    17.4     0.3    23.3    57.5     8.8    -2.3
 
 
 
 
========================================================================
 How much poorer in 2010 with 2000 values of TauH
========================================================================
....... 
                 Y    Ymkt    Ywkr     LFP    Earn    Cons   EarnY    gdpY   GapWW   GapBM   GapBW  EarnWM  EarnWW  EarnBM  EarnBW    Util
------------------------------------------------------------------------------------------------------------------------------------------
2000(base)   72240   51915   69875   0.743   55139   61972   40799   39899   0.796   0.757   0.668   31922   18016    2669    2532   46691
2010(alt)    70825   53642   71707   0.748   55925   55727   40509   38805   0.866   0.786   0.722   30014   20166    2792    2954   34290
2010(tru)    70973   53773   71909   0.748   55968   55855   40604   39220   0.868   0.787   0.724   30016   20218    2780    2954   34259
Growth(alt) -0.0020  0.0033  0.0026  0.0007  0.0014 -0.0106 -0.0007 -0.0028  0.0084  0.0038  0.0078 -0.0062  0.0113  0.0045  0.0154 -0.0309
Growth(tru) -0.0018  0.0035  0.0029  0.0006  0.0015 -0.0104 -0.0005 -0.0017  0.0086  0.0040  0.0081 -0.0062  0.0115  0.0041  0.0154 -0.0310
Difference   0.0002  0.0002  0.0003 -0.0000  0.0001  0.0002  0.0002  0.0011  0.0002  0.0002  0.0003  0.0000  0.0003 -0.0004  0.0000 -0.0001
// Share //   -11.8     7.0     9.8    -5.7     5.1    -2.2   -49.3   -61.9     2.3     4.1     3.5    -0.1     2.2   -10.7     0.1     0.3
 
 
 
 
========================================================================
 How much poorer in 2010 with 2000 values of TauW
========================================================================
....... 
                 Y    Ymkt    Ywkr     LFP    Earn    Cons   EarnY    gdpY   GapWW   GapBM   GapBW  EarnWM  EarnWW  EarnBM  EarnBW    Util
------------------------------------------------------------------------------------------------------------------------------------------
2000(base)   72240   51915   69875   0.743   55139   61972   40799   39899   0.796   0.757   0.668   31922   18016    2669    2532   46691
2010(alt)    70887   53678   71902   0.747   55382   55218   39983   38916   0.850   0.770   0.716   30023   19741    2707    2911   34000
2010(tru)    70973   53773   71909   0.748   55968   55855   40604   39220   0.868   0.787   0.724   30016   20218    2780    2954   34259
Growth(alt) -0.0019  0.0033  0.0029  0.0005  0.0004 -0.0115 -0.0020 -0.0025  0.0066  0.0017  0.0070 -0.0061  0.0091  0.0014  0.0140 -0.0317
Growth(tru) -0.0018  0.0035  0.0029  0.0006  0.0015 -0.0104 -0.0005 -0.0017  0.0086  0.0040  0.0081 -0.0062  0.0115  0.0041  0.0154 -0.0310
Difference   0.0001  0.0002  0.0000  0.0002  0.0011  0.0011  0.0015  0.0008  0.0021  0.0022  0.0012 -0.0000  0.0024  0.0027  0.0015  0.0008
// Share //    -6.9     5.0     0.3    26.0    70.5   -11.0  -322.6   -45.3    24.0    56.3    14.4     0.4    20.7    65.1     9.4    -2.5
 
 
