HowMuchPoorer_gen_t6_7_c1_Benchmark                 05-Oct-2026 
 

=== HowMuchPoorer_gen chunk 1, t0=6 (2010), t1=7 (2023) ===
 
=============================================================
KEY PARAMETER VALUES:    CaseName = Benchmark
                   theta =  2.0000
                     eta =  0.1030
            theta*(1-eta)=  1.7940
                    dlta =  0.0000
                      mu =  0.5574
                   sigma =  3.0000
           EstimateDelta =  0.0000
           ConstrainTauH = -0.8000
PurgeWageGrowthSelection =     0
      AlphaSplitTauW1960 =  0.5000
   OccupationforWageHome = 23 Secretaries                               
   Alpha0FixedSplit =  0.5000
=============================================================
 
 
 
========================================================================
 How much poorer in 2023 with 2010 values of TauWTauH
========================================================================
....... 
                 Y    Ymkt    Ywkr     LFP    Earn    Cons   EarnY    gdpY   GapWW   GapBM   GapBW  EarnWM  EarnWW  EarnBM  EarnBW    Util
------------------------------------------------------------------------------------------------------------------------------------------
2010(base)   70973   53773   71909   0.748   55968   55855   40604   39220   0.868   0.787   0.724   30016   20218    2780    2954   34259
2023(alt)    71093   61261   77620   0.789   60044   62592   52452   53474   0.826   0.731   0.677   31711   21402    3384    3547   34260
2023(tru)    71608   61765   78157   0.790   60889   63807   53574   54955   0.858   0.736   0.674   31677   22274    3411    3528   34792
Growth(alt)  0.0001  0.0100  0.0059  0.0041  0.0054  0.0088  0.0197  0.0238 -0.0038 -0.0057 -0.0052  0.0042  0.0044  0.0151  0.0141  0.0000
Growth(tru)  0.0007  0.0107  0.0064  0.0042  0.0065  0.0102  0.0213  0.0259 -0.0009 -0.0052 -0.0055  0.0041  0.0074  0.0157  0.0137  0.0012
Difference   0.0006  0.0006  0.0005  0.0001  0.0011  0.0015  0.0016  0.0021  0.0029  0.0006 -0.0003 -0.0001  0.0031  0.0006 -0.0004  0.0012
// Share //    81.1     5.9     8.3     2.3    16.6    14.4     7.6     8.1  -321.2   -11.0     6.2    -2.0    41.2     3.9    -3.0    99.8
 
 
 
 
========================================================================
 How much poorer in 2023 with 2010 values of TauH
========================================================================
....... 
                 Y    Ymkt    Ywkr     LFP    Earn    Cons   EarnY    gdpY   GapWW   GapBM   GapBW  EarnWM  EarnWW  EarnBM  EarnBW    Util
------------------------------------------------------------------------------------------------------------------------------------------
2010(base)   70973   53773   71909   0.748   55968   55855   40604   39220   0.868   0.787   0.724   30016   20218    2780    2954   34259
2023(alt)    71208   61380   77702   0.790   60762   63454   53254   53825   0.854   0.729   0.667   31706   22196    3373    3487   34599
2023(tru)    71608   61765   78157   0.790   60889   63807   53574   54955   0.858   0.736   0.674   31677   22274    3411    3528   34792
Growth(alt)  0.0003  0.0102  0.0060  0.0042  0.0063  0.0098  0.0209  0.0244 -0.0012 -0.0060 -0.0063  0.0042  0.0072  0.0149  0.0128  0.0008
Growth(tru)  0.0007  0.0107  0.0064  0.0042  0.0065  0.0102  0.0213  0.0259 -0.0009 -0.0052 -0.0055  0.0041  0.0074  0.0157  0.0137  0.0012
Difference   0.0004  0.0005  0.0004  0.0000  0.0002  0.0004  0.0005  0.0016  0.0003  0.0008  0.0008 -0.0001  0.0003  0.0009  0.0009  0.0004
// Share //    62.9     4.5     7.0     0.7     2.5     4.2     2.2     6.2   -31.6   -15.7   -14.9    -1.7     3.6     5.5     6.6    36.1
 
 
 
 
========================================================================
 How much poorer in 2023 with 2010 values of TauW
========================================================================
....... 
                 Y    Ymkt    Ywkr     LFP    Earn    Cons   EarnY    gdpY   GapWW   GapBM   GapBW  EarnWM  EarnWW  EarnBM  EarnBW    Util
------------------------------------------------------------------------------------------------------------------------------------------
2010(base)   70973   53773   71909   0.748   55968   55855   40604   39220   0.868   0.787   0.724   30016   20218    2780    2954   34259
2023(alt)    71502   61655   78081   0.790   60191   63004   52830   54633   0.829   0.740   0.685   31682   21490    3430    3590   34486
2023(tru)    71608   61765   78157   0.790   60889   63807   53574   54955   0.858   0.736   0.674   31677   22274    3411    3528   34792
Growth(alt)  0.0006  0.0105  0.0063  0.0042  0.0056  0.0093  0.0202  0.0255 -0.0035 -0.0048 -0.0043  0.0042  0.0047  0.0162  0.0150  0.0005
Growth(tru)  0.0007  0.0107  0.0064  0.0042  0.0065  0.0102  0.0213  0.0259 -0.0009 -0.0052 -0.0055  0.0041  0.0074  0.0157  0.0137  0.0012
Difference   0.0001  0.0001  0.0001  0.0001  0.0009  0.0010  0.0011  0.0005  0.0026 -0.0004 -0.0012 -0.0000  0.0028 -0.0004 -0.0013  0.0007
// Share //    16.6     1.3     1.2     1.4    13.7     9.5     5.0     1.7  -285.7     7.2    21.5    -0.3    37.0    -2.6    -9.8    57.3
 
 
