HowMuchPoorer_gen_t6_7_c5_Benchmark                 05-Oct-2026 
 

=== HowMuchPoorer_gen chunk 5, t0=6 (2010), t1=7 (2023) ===
 
 
========================================================================
 How much poorer in 2023 with 2010 values of TauWTauH, for Black Women
========================================================================
....... 
                 Y    Ymkt    Ywkr     LFP    Earn    Cons   EarnY    gdpY   GapWW   GapBM   GapBW  EarnWM  EarnWW  EarnBM  EarnBW    Util
------------------------------------------------------------------------------------------------------------------------------------------
2010(base)   72607   55011   73565   0.748   57257   57034   41542   40125   0.868   0.787   0.724   30707   20684    2844    3022   34983
2023(alt)    71561   61717   78095   0.790   60947   63658   53554   54733   0.857   0.736   0.680   31695   22279    3413    3560   34725
2023(tru)    71641   61793   78193   0.790   60918   63684   53575   54956   0.858   0.736   0.674   31692   22284    3412    3529   34725
Growth(alt) -0.0011  0.0088  0.0046  0.0043  0.0048  0.0085  0.0195  0.0239 -0.0009 -0.0052 -0.0049  0.0024  0.0057  0.0140  0.0126 -0.0006
Growth(tru) -0.0010  0.0089  0.0047  0.0042  0.0048  0.0085  0.0196  0.0242 -0.0009 -0.0052 -0.0055  0.0024  0.0057  0.0140  0.0119 -0.0006
Difference   0.0001  0.0001  0.0001 -0.0000 -0.0000  0.0000  0.0000  0.0003  0.0000 -0.0000 -0.0007 -0.0000  0.0000 -0.0000 -0.0007 -0.0000
// Share //    -8.3     1.1     2.1    -0.1    -0.8     0.4     0.1     1.3    -2.1     0.1    11.9    -0.2     0.2    -0.1    -5.6     0.1
 
 
 
 
========================================================================
 How much poorer in 2023 with 2010 values of TauH, for Black Women
========================================================================
....... 
                 Y    Ymkt    Ywkr     LFP    Earn    Cons   EarnY    gdpY   GapWW   GapBM   GapBW  EarnWM  EarnWW  EarnBM  EarnBW    Util
------------------------------------------------------------------------------------------------------------------------------------------
2010(base)   72607   55011   73565   0.748   57257   57034   41542   40125   0.868   0.787   0.724   30707   20684    2844    3022   34983
2023(alt)    71558   61712   78099   0.790   60883   63584   53483   54719   0.857   0.736   0.669   31695   22278    3413    3497   34677
2023(tru)    71641   61793   78193   0.790   60918   63684   53575   54956   0.858   0.736   0.674   31692   22284    3412    3529   34725
Growth(alt) -0.0011  0.0088  0.0046  0.0042  0.0047  0.0084  0.0194  0.0239 -0.0009 -0.0052 -0.0061  0.0024  0.0057  0.0140  0.0112 -0.0007
Growth(tru) -0.0010  0.0089  0.0047  0.0042  0.0048  0.0085  0.0196  0.0242 -0.0009 -0.0052 -0.0055  0.0024  0.0057  0.0140  0.0119 -0.0006
Difference   0.0001  0.0001  0.0001  0.0000  0.0000  0.0001  0.0001  0.0003  0.0000 -0.0000  0.0006 -0.0000  0.0000 -0.0000  0.0007  0.0001
// Share //    -8.7     1.1     2.0     0.2     0.9     1.4     0.7     1.4    -2.7     0.1   -10.7    -0.3     0.3    -0.1     6.0   -19.0
 
 
 
 
========================================================================
 How much poorer in 2023 with 2010 values of TauW, for Black Women
========================================================================
....... 
                 Y    Ymkt    Ywkr     LFP    Earn    Cons   EarnY    gdpY   GapWW   GapBM   GapBW  EarnWM  EarnWW  EarnBM  EarnBW    Util
------------------------------------------------------------------------------------------------------------------------------------------
2010(base)   72607   55011   73565   0.748   57257   57034   41542   40125   0.868   0.787   0.724   30707   20684    2844    3022   34983
2023(alt)    71643   61796   78186   0.790   60983   63763   53650   54965   0.858   0.736   0.685   31692   22284    3412    3594   34778
2023(tru)    71641   61793   78193   0.790   60918   63684   53575   54956   0.858   0.736   0.674   31692   22284    3412    3529   34725
Growth(alt) -0.0010  0.0089  0.0047  0.0043  0.0048  0.0086  0.0197  0.0242 -0.0009 -0.0052 -0.0043  0.0024  0.0057  0.0140  0.0133 -0.0005
Growth(tru) -0.0010  0.0089  0.0047  0.0042  0.0048  0.0085  0.0196  0.0242 -0.0009 -0.0052 -0.0055  0.0024  0.0057  0.0140  0.0119 -0.0006
Difference  -0.0000 -0.0000  0.0000 -0.0000 -0.0001 -0.0001 -0.0001 -0.0000 -0.0000 -0.0000 -0.0013  0.0000 -0.0000  0.0000 -0.0014 -0.0001
// Share //     0.2    -0.0     0.1    -0.2    -1.7    -1.1    -0.6    -0.1     0.5     0.0    22.9     0.1    -0.0     0.0   -11.8    20.5
 
 
