HowMuchPoorer_gen_t6_7_c3_Benchmark                 05-Oct-2026 
 

=== HowMuchPoorer_gen chunk 3, t0=6 (2010), t1=7 (2023) ===
 
 
========================================================================
 How much poorer in 2023 with 2010 values of TauWTauH, for White Women
========================================================================
....... 
                 Y    Ymkt    Ywkr     LFP    Earn    Cons   EarnY    gdpY   GapWW   GapBM   GapBW  EarnWM  EarnWW  EarnBM  EarnBW    Util
------------------------------------------------------------------------------------------------------------------------------------------
2010(base)   72607   55011   73565   0.748   57257   57034   41542   40125   0.868   0.787   0.724   30707   20684    2844    3022   34983
2023(alt)    71261   61419   77811   0.789   60078   62613   52580   53855   0.826   0.736   0.672   31721   21422    3415    3520   34248
2023(tru)    71641   61793   78193   0.790   60918   63684   53575   54956   0.858   0.736   0.674   31692   22284    3412    3529   34725
Growth(alt) -0.0014  0.0085  0.0043  0.0042  0.0037  0.0072  0.0181  0.0226 -0.0037 -0.0052 -0.0058  0.0025  0.0027  0.0141  0.0117 -0.0016
Growth(tru) -0.0010  0.0089  0.0047  0.0042  0.0048  0.0085  0.0196  0.0242 -0.0009 -0.0052 -0.0055  0.0024  0.0057  0.0140  0.0119 -0.0006
Difference   0.0004  0.0005  0.0004  0.0001  0.0011  0.0013  0.0014  0.0016  0.0028  0.0000  0.0003 -0.0001  0.0030 -0.0000  0.0002  0.0011
// Share //   -39.7     5.2     8.0     2.1    22.4    15.4     7.4     6.4  -314.9    -0.8    -4.6    -2.9    52.9    -0.3     1.6  -187.1
 
 
 
 
========================================================================
 How much poorer in 2023 with 2010 values of TauH, for White Women
========================================================================
....... 
                 Y    Ymkt    Ywkr     LFP    Earn    Cons   EarnY    gdpY   GapWW   GapBM   GapBW  EarnWM  EarnWW  EarnBM  EarnBW    Util
------------------------------------------------------------------------------------------------------------------------------------------
2010(base)   72607   55011   73565   0.748   57257   57034   41542   40125   0.868   0.787   0.724   30707   20684    2844    3022   34983
2023(alt)    71398   61560   77912   0.790   60869   63565   53468   54269   0.855   0.736   0.673   31716   22214    3415    3523   34632
2023(tru)    71641   61793   78193   0.790   60918   63684   53575   54956   0.858   0.736   0.674   31692   22284    3412    3529   34725
Growth(alt) -0.0013  0.0087  0.0044  0.0042  0.0047  0.0083  0.0194  0.0232 -0.0011 -0.0052 -0.0057  0.0025  0.0055  0.0141  0.0118 -0.0008
Growth(tru) -0.0010  0.0089  0.0047  0.0042  0.0048  0.0085  0.0196  0.0242 -0.0009 -0.0052 -0.0055  0.0024  0.0057  0.0140  0.0119 -0.0006
Difference   0.0003  0.0003  0.0003  0.0000  0.0001  0.0001  0.0002  0.0010  0.0002  0.0000  0.0002 -0.0001  0.0002 -0.0001  0.0001  0.0002
// Share //   -25.4     3.2     5.9     0.3     1.3     1.7     0.8     4.0   -27.0    -0.1    -3.5    -2.4     4.2    -0.5     1.2   -36.3
 
 
 
 
========================================================================
 How much poorer in 2023 with 2010 values of TauW, for White Women
========================================================================
....... 
                 Y    Ymkt    Ywkr     LFP    Earn    Cons   EarnY    gdpY   GapWW   GapBM   GapBW  EarnWM  EarnWW  EarnBM  EarnBW    Util
------------------------------------------------------------------------------------------------------------------------------------------
2010(base)   72607   55011   73565   0.748   57257   57034   41542   40125   0.868   0.787   0.724   30707   20684    2844    3022   34983
2023(alt)    71512   61660   78098   0.790   60136   62759   52715   54564   0.829   0.736   0.674   31697   21500    3411    3527   34360
2023(tru)    71641   61793   78193   0.790   60918   63684   53575   54956   0.858   0.736   0.674   31692   22284    3412    3529   34725
Growth(alt) -0.0012  0.0088  0.0046  0.0042  0.0038  0.0074  0.0183  0.0236 -0.0035 -0.0052 -0.0056  0.0024  0.0030  0.0140  0.0119 -0.0014
Growth(tru) -0.0010  0.0089  0.0047  0.0042  0.0048  0.0085  0.0196  0.0242 -0.0009 -0.0052 -0.0055  0.0024  0.0057  0.0140  0.0119 -0.0006
Difference   0.0001  0.0002  0.0001  0.0001  0.0010  0.0011  0.0012  0.0005  0.0026  0.0000  0.0001 -0.0000  0.0028  0.0000  0.0000  0.0008
// Share //   -13.5     1.9     2.0     1.7    20.8    13.3     6.4     2.3  -284.8    -0.7    -1.1    -0.5    48.1     0.2     0.4  -143.1
 
 
