HowMuchPoorer_gen_t3_4_c1_Benchmark                 05-Oct-2026 
 

=== HowMuchPoorer_gen chunk 1, t0=3 (1980), t1=4 (1990) ===
 
=============================================================
KEY PARAMETER VALUES:    CaseName = Benchmark
                   theta =  2.0000
                     eta =  0.1030
            theta*(1-eta)=  1.7940
                    dlta =  0.0000
                      mu =  0.5574
                   sigma =  3.0000
           EstimateDelta =  0.0000
           ConstrainTauH = -0.8000
PurgeWageGrowthSelection =     0
      AlphaSplitTauW1960 =  0.5000
   OccupationforWageHome = 23 Secretaries                               
   Alpha0FixedSplit =  0.5000
=============================================================
 
 
 
========================================================================
 How much poorer in 1990 with 1980 values of TauWTauH
========================================================================
....... 
                 Y    Ymkt    Ywkr     LFP    Earn    Cons   EarnY    gdpY   GapWW   GapBM   GapBW  EarnWM  EarnWW  EarnBM  EarnBW    Util
------------------------------------------------------------------------------------------------------------------------------------------
1980(base)   47040   34658   53054   0.653   37391   47097   33577   32436   0.614   0.710   0.552   26657    7804    1773    1157   27366
1990(alt)    54703   42252   60004   0.704   43427   51332   35091   34908   0.605   0.704   0.553   29380   10327    2136    1585   29787
1990(tru)    56259   43806   60838   0.720   45922   55661   38829   38795   0.695   0.738   0.608   29280   12635    2221    1786   31981
Growth(alt)  0.0151  0.0198  0.0123  0.0075  0.0150  0.0086  0.0044  0.0073 -0.0015 -0.0008  0.0003  0.0097  0.0280  0.0186  0.0314  0.0085
Growth(tru)  0.0179  0.0234  0.0137  0.0097  0.0206  0.0167  0.0145  0.0179  0.0124  0.0039  0.0096  0.0094  0.0482  0.0225  0.0434  0.0156
Difference   0.0028  0.0036  0.0014  0.0022  0.0056  0.0081  0.0101  0.0106  0.0139  0.0047  0.0094 -0.0003  0.0202  0.0039  0.0120  0.0071
// Share //    15.7    15.4    10.1    22.9    27.2    48.5    69.6    59.0   111.9   120.7    97.2    -3.6    41.9    17.3    27.5    45.6
 
 
 
 
========================================================================
 How much poorer in 1990 with 1980 values of TauH
========================================================================
....... 
                 Y    Ymkt    Ywkr     LFP    Earn    Cons   EarnY    gdpY   GapWW   GapBM   GapBW  EarnWM  EarnWW  EarnBM  EarnBW    Util
------------------------------------------------------------------------------------------------------------------------------------------
1980(base)   47040   34658   53054   0.653   37391   47097   33577   32436   0.614   0.710   0.552   26657    7804    1773    1157   27366
1990(alt)    54967   42573   59616   0.714   45270   53685   37172   35716   0.672   0.744   0.595   29353   11885    2286    1745   31022
1990(tru)    56259   43806   60838   0.720   45922   55661   38829   38795   0.695   0.738   0.608   29280   12635    2221    1786   31981
Growth(alt)  0.0156  0.0206  0.0117  0.0089  0.0191  0.0131  0.0102  0.0096  0.0089  0.0047  0.0076  0.0096  0.0421  0.0254  0.0411  0.0125
Growth(tru)  0.0179  0.0234  0.0137  0.0097  0.0206  0.0167  0.0145  0.0179  0.0124  0.0039  0.0096  0.0094  0.0482  0.0225  0.0434  0.0156
Difference   0.0023  0.0029  0.0020  0.0008  0.0014  0.0036  0.0044  0.0083  0.0035 -0.0008  0.0020 -0.0002  0.0061 -0.0029  0.0023  0.0030
// Share //    13.0    12.2    14.8     8.5     7.0    21.6    30.0    46.2    28.0   -20.3    21.2    -2.7    12.7   -12.9     5.3    19.5
 
 
 
 
========================================================================
 How much poorer in 1990 with 1980 values of TauW
========================================================================
....... 
                 Y    Ymkt    Ywkr     LFP    Earn    Cons   EarnY    gdpY   GapWW   GapBM   GapBW  EarnWM  EarnWW  EarnBM  EarnBW    Util
------------------------------------------------------------------------------------------------------------------------------------------
1980(base)   47040   34658   53054   0.653   37391   47097   33577   32436   0.614   0.710   0.552   26657    7804    1773    1157   27366
1990(alt)    55956   43448   61143   0.711   43996   53059   36548   37894   0.625   0.700   0.565   29308   10985    2079    1624   30667
1990(tru)    56259   43806   60838   0.720   45922   55661   38829   38795   0.695   0.738   0.608   29280   12635    2221    1786   31981
Growth(alt)  0.0174  0.0226  0.0142  0.0084  0.0163  0.0119  0.0085  0.0156  0.0017 -0.0014  0.0023  0.0095  0.0342  0.0159  0.0339  0.0114
Growth(tru)  0.0179  0.0234  0.0137  0.0097  0.0206  0.0167  0.0145  0.0179  0.0124  0.0039  0.0096  0.0094  0.0482  0.0225  0.0434  0.0156
Difference   0.0005  0.0008 -0.0005  0.0013  0.0043  0.0048  0.0061  0.0024  0.0106  0.0053  0.0073 -0.0001  0.0140  0.0066  0.0095  0.0042
// Share //     3.0     3.5    -3.7    13.6    20.8    28.7    41.7    13.1    85.9   135.5    76.1    -1.0    29.1    29.2    21.9    26.9
 
 
