HowMuchPoorer_gen_t6_7_c4_Benchmark                 05-Oct-2026 
 

=== HowMuchPoorer_gen chunk 4, t0=6 (2010), t1=7 (2023) ===
 
 
========================================================================
 How much poorer in 2023 with 2010 values of TauWTauH, for Black Men
========================================================================
....... 
                 Y    Ymkt    Ywkr     LFP    Earn    Cons   EarnY    gdpY   GapWW   GapBM   GapBW  EarnWM  EarnWW  EarnBM  EarnBW    Util
------------------------------------------------------------------------------------------------------------------------------------------
2010(base)   72607   55011   73565   0.748   57257   57034   41542   40125   0.868   0.787   0.724   30707   20684    2844    3022   34983
2023(alt)    71587   61740   78135   0.790   60888   63580   53479   54800   0.857   0.731   0.674   31695   22281    3383    3528   34678
2023(tru)    71641   61793   78193   0.790   60918   63684   53575   54956   0.858   0.736   0.674   31692   22284    3412    3529   34725
Growth(alt) -0.0011  0.0089  0.0046  0.0042  0.0047  0.0084  0.0194  0.0240 -0.0009 -0.0057 -0.0056  0.0024  0.0057  0.0134  0.0119 -0.0007
Growth(tru) -0.0010  0.0089  0.0047  0.0042  0.0048  0.0085  0.0196  0.0242 -0.0009 -0.0052 -0.0055  0.0024  0.0057  0.0140  0.0119 -0.0006
Difference   0.0001  0.0001  0.0001  0.0000  0.0000  0.0001  0.0001  0.0002  0.0000  0.0005  0.0000 -0.0000  0.0000  0.0007  0.0000  0.0001
// Share //    -5.7     0.7     1.2     0.2     0.8     1.5     0.7     0.9    -1.5    -9.9    -0.5    -0.2     0.1     4.7     0.2   -18.3
 
 
 
 
========================================================================
 How much poorer in 2023 with 2010 values of TauH, for Black Men
========================================================================
....... 
                 Y    Ymkt    Ywkr     LFP    Earn    Cons   EarnY    gdpY   GapWW   GapBM   GapBW  EarnWM  EarnWW  EarnBM  EarnBW    Util
------------------------------------------------------------------------------------------------------------------------------------------
2010(base)   72607   55011   73565   0.748   57257   57034   41542   40125   0.868   0.787   0.724   30707   20684    2844    3022   34983
2023(alt)    71567   61722   78112   0.790   60874   63553   53455   54747   0.857   0.729   0.674   31695   22280    3371    3528   34677
2023(tru)    71641   61793   78193   0.790   60918   63684   53575   54956   0.858   0.736   0.674   31692   22284    3412    3529   34725
Growth(alt) -0.0011  0.0089  0.0046  0.0042  0.0047  0.0083  0.0194  0.0239 -0.0009 -0.0060 -0.0056  0.0024  0.0057  0.0131  0.0119 -0.0007
Growth(tru) -0.0010  0.0089  0.0047  0.0042  0.0048  0.0085  0.0196  0.0242 -0.0009 -0.0052 -0.0055  0.0024  0.0057  0.0140  0.0119 -0.0006
Difference   0.0001  0.0001  0.0001  0.0000  0.0001  0.0002  0.0002  0.0003  0.0000  0.0008  0.0000 -0.0000  0.0000  0.0009  0.0000  0.0001
// Share //    -7.7     1.0     1.7     0.2     1.2     1.9     0.9     1.2    -1.8   -15.6    -0.6    -0.2     0.2     6.8     0.2   -18.9
 
 
 
 
========================================================================
 How much poorer in 2023 with 2010 values of TauW, for Black Men
========================================================================
....... 
                 Y    Ymkt    Ywkr     LFP    Earn    Cons   EarnY    gdpY   GapWW   GapBM   GapBW  EarnWM  EarnWW  EarnBM  EarnBW    Util
------------------------------------------------------------------------------------------------------------------------------------------
2010(base)   72607   55011   73565   0.748   57257   57034   41542   40125   0.868   0.787   0.724   30707   20684    2844    3022   34983
2023(alt)    71663   61814   78217   0.790   60939   63732   53619   55016   0.858   0.740   0.674   31692   22284    3433    3530   34736
2023(tru)    71641   61793   78193   0.790   60918   63684   53575   54956   0.858   0.736   0.674   31692   22284    3412    3529   34725
Growth(alt) -0.0010  0.0090  0.0047  0.0043  0.0048  0.0085  0.0196  0.0243 -0.0009 -0.0048 -0.0055  0.0024  0.0057  0.0145  0.0119 -0.0005
Growth(tru) -0.0010  0.0089  0.0047  0.0042  0.0048  0.0085  0.0196  0.0242 -0.0009 -0.0052 -0.0055  0.0024  0.0057  0.0140  0.0119 -0.0006
Difference  -0.0000 -0.0000 -0.0000 -0.0000 -0.0000 -0.0001 -0.0001 -0.0001 -0.0000 -0.0004 -0.0000  0.0000 -0.0000 -0.0005 -0.0000 -0.0000
// Share //     2.2    -0.3    -0.5    -0.0    -0.6    -0.7    -0.3    -0.4     0.3     8.2     0.1     0.0    -0.0    -3.2    -0.0     4.3
 
 
