warning: function /workspace/eval/followup/004-gate-conformance/workspace/cases/Living_stab/shims/box.m shadows a core library function
warning: function /workspace/eval/followup/004-gate-conformance/workspace/cases/Living_stab/shims/errorbar.m shadows a core library function
warning: function /workspace/eval/followup/004-gate-conformance/workspace/cases/Living_stab/shims/orient.m shadows a core library function
warning: function /workspace/eval/followup/004-gate-conformance/workspace/cases/Living_stab/shims/stem.m shadows a core library function
warning: function /workspace/eval/followup/004-gate-conformance/workspace/cases/Living_stab/shims/plot.m shadows a core library function
warning: function /workspace/eval/followup/004-gate-conformance/workspace/cases/Living_stab/shims/text.m shadows a core library function
warning: function /workspace/eval/followup/004-gate-conformance/workspace/cases/Living_stab/shims/whitebg.m shadows a core library function
warning: function /workspace/eval/followup/004-gate-conformance/workspace/cases/Living_stab/shims/gcf.m shadows a core library function
warning: function /workspace/eval/followup/004-gate-conformance/workspace/cases/Living_stab/shims/line.m shadows a core library function
warning: function /workspace/eval/followup/004-gate-conformance/workspace/cases/Living_stab/shims/ylabel.m shadows a core library function
warning: function /workspace/eval/followup/004-gate-conformance/workspace/cases/Living_stab/shims/clf.m shadows a core library function
warning: function /workspace/eval/followup/004-gate-conformance/workspace/cases/Living_stab/shims/colorbar.m shadows a core library function
warning: function /workspace/eval/followup/004-gate-conformance/workspace/cases/Living_stab/shims/scatter.m shadows a core library function
warning: function /workspace/eval/followup/004-gate-conformance/workspace/cases/Living_stab/shims/subplot.m shadows a core library function
warning: function /workspace/eval/followup/004-gate-conformance/workspace/cases/Living_stab/shims/figure.m shadows a core library function
warning: function /workspace/eval/followup/004-gate-conformance/workspace/cases/Living_stab/shims/drawnow.m shadows a built-in function
warning: function /workspace/eval/followup/004-gate-conformance/workspace/cases/Living_stab/shims/print.m shadows a core library function
warning: function /workspace/eval/followup/004-gate-conformance/workspace/cases/Living_stab/shims/keyboard.m shadows a built-in function
warning: function /workspace/eval/followup/004-gate-conformance/workspace/cases/Living_stab/shims/hold.m shadows a core library function
warning: function /workspace/eval/followup/004-gate-conformance/workspace/cases/Living_stab/shims/axis.m shadows a core library function
warning: function /workspace/eval/followup/004-gate-conformance/workspace/cases/Living_stab/shims/xlabel.m shadows a core library function
warning: function /workspace/eval/followup/004-gate-conformance/workspace/cases/Living_stab/shims/ylim.m shadows a core library function
warning: function /workspace/eval/followup/004-gate-conformance/workspace/cases/Living_stab/shims/gca.m shadows a core library function
warning: function /workspace/eval/followup/004-gate-conformance/workspace/cases/Living_stab/shims/title.m shadows a core library function
warning: function /workspace/eval/followup/004-gate-conformance/workspace/cases/Living_stab/shims/legend.m shadows a core library function
warning: function /workspace/eval/followup/004-gate-conformance/workspace/cases/Living_stab/shims/bar.m shadows a core library function
warning: function /workspace/eval/followup/004-gate-conformance/workspace/cases/Living_stab/shims/set.m shadows a built-in function
warning: function /workspace/eval/followup/004-gate-conformance/workspace/cases/Living_stab/shims/grid.m shadows a core library function
warning: function /workspace/eval/followup/004-gate-conformance/workspace/cases/Living_stab/shims/xlim.m shadows a core library function
warning: function /workspace/eval/followup/004-gate-conformance/workspace/cases/Living_stab/shims/cla.m shadows a core library function
HowMuchPoorer_gen_t1_6_c1_Benchmark                 05-Oct-2026 
 

=== HowMuchPoorer_gen chunk 1, t0=1 (1960), t1=6 (2010) ===
 
=============================================================
KEY PARAMETER VALUES:    CaseName = Benchmark
                   theta =  2.0000
                     eta =  0.1030
            theta*(1-eta)=  1.7940
                    dlta =  0.0000
                      mu =  0.5574
                   sigma =  3.0000
           EstimateDelta =  0.0000
           ConstrainTauH = -0.8000
PurgeWageGrowthSelection =     0
      AlphaSplitTauW1960 =  0.5000
   OccupationforWageHome = 23 Secretaries                               
   Alpha0FixedSplit =  0.5000
=============================================================
 
 
 
========================================================================
 How much poorer in 2010 with 1960 values of TauWTauH
========================================================================
....... 
                 Y    Ymkt    Ywkr     LFP    Earn    Cons   EarnY    gdpY   GapWW   GapBM   GapBW  EarnWM  EarnWW  EarnBM  EarnBW    Util
------------------------------------------------------------------------------------------------------------------------------------------
1960(base)   33004   23571   39372   0.599   24833   37051   22743   21193   0.556   0.560   0.350   19380    4181     917     355   29671
2010(alt)    56207   38764   63382   0.612   41621   44488   30306   28132   0.449   0.563   0.392   32459    6077    2060    1025   26795
2010(tru)    72607   55011   73565   0.748   57257   57034   41542   40125   0.868   0.787   0.724   30707   20684    2844    3022   34983
Growth(alt)  0.0106  0.0099  0.0095  0.0004  0.0103  0.0037  0.0057  0.0057 -0.0043  0.0001  0.0022  0.0103  0.0075  0.0162  0.0212 -0.0020
Growth(tru)  0.0158  0.0170  0.0125  0.0044  0.0167  0.0086  0.0120  0.0128  0.0089  0.0068  0.0145  0.0092  0.0320  0.0226  0.0429  0.0033
Difference   0.0051  0.0070  0.0030  0.0040  0.0064  0.0050  0.0063  0.0071  0.0132  0.0067  0.0123 -0.0011  0.0245  0.0065  0.0216  0.0053
// Share //    32.5    41.3    23.8    90.4    38.2    57.6    52.3    55.6   148.0    98.0    84.6   -12.1    76.6    28.5    50.4   161.9
 
 
 
 
========================================================================
 How much poorer in 2010 with 1960 values of TauH
========================================================================
....... 
                 Y    Ymkt    Ywkr     LFP    Earn    Cons   EarnY    gdpY   GapWW   GapBM   GapBW  EarnWM  EarnWW  EarnBM  EarnBW    Util
------------------------------------------------------------------------------------------------------------------------------------------
1960(base)   33004   23571   39372   0.599   24833   37051   22743   21193   0.556   0.560   0.350   19380    4181     917     355   29671
2010(alt)    57105   40603   57395   0.707   48937   50042   35962   29460   0.574   0.738   0.538   32162   11421    3118    2236   31105
2010(tru)    72607   55011   73565   0.748   57257   57034   41542   40125   0.868   0.787   0.724   30707   20684    2844    3022   34983
Growth(alt)  0.0110  0.0109  0.0075  0.0033  0.0136  0.0060  0.0092  0.0066  0.0007  0.0055  0.0086  0.0101  0.0201  0.0245  0.0368  0.0009
Growth(tru)  0.0158  0.0170  0.0125  0.0044  0.0167  0.0086  0.0120  0.0128  0.0089  0.0068  0.0145  0.0092  0.0320  0.0226  0.0429  0.0033
Difference   0.0048  0.0061  0.0050  0.0011  0.0031  0.0026  0.0029  0.0062  0.0082  0.0013  0.0059 -0.0009  0.0119 -0.0018  0.0060  0.0023
// Share //    30.5    35.8    39.7    25.0    18.8    30.3    23.9    48.4    92.5    18.8    40.9   -10.1    37.1    -8.1    14.1    71.3
 
 
 
 
========================================================================
 How much poorer in 2010 with 1960 values of TauW
========================================================================
....... 
                 Y    Ymkt    Ywkr     LFP    Earn    Cons   EarnY    gdpY   GapWW   GapBM   GapBW  EarnWM  EarnWW  EarnBM  EarnBW    Util
------------------------------------------------------------------------------------------------------------------------------------------
1960(base)   33004   23571   39372   0.599   24833   37051   22743   21193   0.556   0.560   0.350   19380    4181     917     355   29671
2010(alt)    70141   51576   78151   0.660   46159   48599   33340   37500   0.646   0.625   0.530   31084   11657    1872    1545   29710
2010(tru)    72607   55011   73565   0.748   57257   57034   41542   40125   0.868   0.787   0.724   30707   20684    2844    3022   34983
Growth(alt)  0.0151  0.0157  0.0137  0.0019  0.0124  0.0054  0.0077  0.0114  0.0030  0.0022  0.0083  0.0094  0.0205  0.0143  0.0294  0.0000
Growth(tru)  0.0158  0.0170  0.0125  0.0044  0.0167  0.0086  0.0120  0.0128  0.0089  0.0068  0.0145  0.0092  0.0320  0.0226  0.0429  0.0033
Difference   0.0007  0.0013 -0.0012  0.0025  0.0043  0.0032  0.0044  0.0014  0.0059  0.0046  0.0063 -0.0002  0.0115  0.0084  0.0134  0.0033
// Share //     4.4     7.6    -9.7    56.2    25.8    37.1    36.5    10.6    66.1    67.7    43.2    -2.7    35.9    36.9    31.3    99.2
 
 
