warning: function /workspace/eval/followup/004-gate-conformance/workspace/cases/Living_stab/shims/box.m shadows a core library function
warning: function /workspace/eval/followup/004-gate-conformance/workspace/cases/Living_stab/shims/errorbar.m shadows a core library function
warning: function /workspace/eval/followup/004-gate-conformance/workspace/cases/Living_stab/shims/orient.m shadows a core library function
warning: function /workspace/eval/followup/004-gate-conformance/workspace/cases/Living_stab/shims/stem.m shadows a core library function
warning: function /workspace/eval/followup/004-gate-conformance/workspace/cases/Living_stab/shims/plot.m shadows a core library function
warning: function /workspace/eval/followup/004-gate-conformance/workspace/cases/Living_stab/shims/text.m shadows a core library function
warning: function /workspace/eval/followup/004-gate-conformance/workspace/cases/Living_stab/shims/whitebg.m shadows a core library function
warning: function /workspace/eval/followup/004-gate-conformance/workspace/cases/Living_stab/shims/gcf.m shadows a core library function
warning: function /workspace/eval/followup/004-gate-conformance/workspace/cases/Living_stab/shims/line.m shadows a core library function
warning: function /workspace/eval/followup/004-gate-conformance/workspace/cases/Living_stab/shims/ylabel.m shadows a core library function
warning: function /workspace/eval/followup/004-gate-conformance/workspace/cases/Living_stab/shims/clf.m shadows a core library function
warning: function /workspace/eval/followup/004-gate-conformance/workspace/cases/Living_stab/shims/colorbar.m shadows a core library function
warning: function /workspace/eval/followup/004-gate-conformance/workspace/cases/Living_stab/shims/scatter.m shadows a core library function
warning: function /workspace/eval/followup/004-gate-conformance/workspace/cases/Living_stab/shims/subplot.m shadows a core library function
warning: function /workspace/eval/followup/004-gate-conformance/workspace/cases/Living_stab/shims/figure.m shadows a core library function
warning: function /workspace/eval/followup/004-gate-conformance/workspace/cases/Living_stab/shims/drawnow.m shadows a built-in function
warning: function /workspace/eval/followup/004-gate-conformance/workspace/cases/Living_stab/shims/print.m shadows a core library function
warning: function /workspace/eval/followup/004-gate-conformance/workspace/cases/Living_stab/shims/keyboard.m shadows a built-in function
warning: function /workspace/eval/followup/004-gate-conformance/workspace/cases/Living_stab/shims/hold.m shadows a core library function
warning: function /workspace/eval/followup/004-gate-conformance/workspace/cases/Living_stab/shims/axis.m shadows a core library function
warning: function /workspace/eval/followup/004-gate-conformance/workspace/cases/Living_stab/shims/xlabel.m shadows a core library function
warning: function /workspace/eval/followup/004-gate-conformance/workspace/cases/Living_stab/shims/ylim.m shadows a core library function
warning: function /workspace/eval/followup/004-gate-conformance/workspace/cases/Living_stab/shims/gca.m shadows a core library function
warning: function /workspace/eval/followup/004-gate-conformance/workspace/cases/Living_stab/shims/title.m shadows a core library function
warning: function /workspace/eval/followup/004-gate-conformance/workspace/cases/Living_stab/shims/legend.m shadows a core library function
warning: function /workspace/eval/followup/004-gate-conformance/workspace/cases/Living_stab/shims/bar.m shadows a core library function
warning: function /workspace/eval/followup/004-gate-conformance/workspace/cases/Living_stab/shims/set.m shadows a built-in function
warning: function /workspace/eval/followup/004-gate-conformance/workspace/cases/Living_stab/shims/grid.m shadows a core library function
warning: function /workspace/eval/followup/004-gate-conformance/workspace/cases/Living_stab/shims/xlim.m shadows a core library function
warning: function /workspace/eval/followup/004-gate-conformance/workspace/cases/Living_stab/shims/cla.m shadows a core library function
HowMuchPoorer_gen_t1_6_c3_Benchmark                 05-Oct-2026 
 

=== HowMuchPoorer_gen chunk 3, t0=1 (1960), t1=6 (2010) ===
 
 
========================================================================
 How much poorer in 2010 with 1960 values of TauWTauH, for White Women
========================================================================
....... 
                 Y    Ymkt    Ywkr     LFP    Earn    Cons   EarnY    gdpY   GapWW   GapBM   GapBW  EarnWM  EarnWW  EarnBM  EarnBW    Util
------------------------------------------------------------------------------------------------------------------------------------------
1960(base)   33004   23571   39372   0.599   24833   37051   22743   21193   0.556   0.560   0.350   19380    4181     917     355   29671
2010(alt)    58875   41373   65317   0.633   44252   46713   32302   30313   0.457   0.760   0.707   32026    6037    2970    3218   28219
2010(tru)    72607   55011   73565   0.748   57257   57034   41542   40125   0.868   0.787   0.724   30707   20684    2844    3022   34983
Growth(alt)  0.0116  0.0113  0.0101  0.0011  0.0116  0.0046  0.0070  0.0072 -0.0039  0.0061  0.0140  0.0100  0.0073  0.0235  0.0441 -0.0010
Growth(tru)  0.0158  0.0170  0.0125  0.0044  0.0167  0.0086  0.0120  0.0128  0.0089  0.0068  0.0145  0.0092  0.0320  0.0226  0.0429  0.0033
Difference   0.0042  0.0057  0.0024  0.0033  0.0052  0.0040  0.0050  0.0056  0.0128  0.0007  0.0005 -0.0008  0.0246 -0.0009 -0.0013  0.0043
// Share //    26.6    33.6    19.0    74.6    30.8    46.3    41.8    43.9   143.6    10.3     3.4    -9.1    77.0    -3.8    -2.9   130.5
 
 
 
 
========================================================================
 How much poorer in 2010 with 1960 values of TauH, for White Women
========================================================================
....... 
                 Y    Ymkt    Ywkr     LFP    Earn    Cons   EarnY    gdpY   GapWW   GapBM   GapBW  EarnWM  EarnWW  EarnBM  EarnBW    Util
------------------------------------------------------------------------------------------------------------------------------------------
1960(base)   33004   23571   39372   0.599   24833   37051   22743   21193   0.556   0.560   0.350   19380    4181     917     355   29671
2010(alt)    59598   42786   60572   0.706   49397   50593   36266   31336   0.583   0.763   0.699   31832   11529    2928    3109   31237
2010(tru)    72607   55011   73565   0.748   57257   57034   41542   40125   0.868   0.787   0.724   30707   20684    2844    3022   34983
Growth(alt)  0.0118  0.0119  0.0086  0.0033  0.0138  0.0062  0.0093  0.0078  0.0010  0.0062  0.0138  0.0099  0.0203  0.0232  0.0434  0.0010
Growth(tru)  0.0158  0.0170  0.0125  0.0044  0.0167  0.0086  0.0120  0.0128  0.0089  0.0068  0.0145  0.0092  0.0320  0.0226  0.0429  0.0033
Difference   0.0039  0.0050  0.0039  0.0011  0.0030  0.0024  0.0027  0.0049  0.0079  0.0006  0.0007 -0.0007  0.0117 -0.0006 -0.0006  0.0023
// Share //    25.0    29.7    31.1    25.6    17.7    27.8    22.5    38.7    89.1     9.4     4.8    -7.8    36.6    -2.6    -1.3    68.8
 
 
 
 
========================================================================
 How much poorer in 2010 with 1960 values of TauW, for White Women
========================================================================
....... 
                 Y    Ymkt    Ywkr     LFP    Earn    Cons   EarnY    gdpY   GapWW   GapBM   GapBW  EarnWM  EarnWW  EarnBM  EarnBW    Util
------------------------------------------------------------------------------------------------------------------------------------------
1960(base)   33004   23571   39372   0.599   24833   37051   22743   21193   0.556   0.560   0.350   19380    4181     917     355   29671
2010(alt)    70551   52243   76641   0.682   48594   50428   35151   37994   0.649   0.783   0.733   30974   11561    2900    3158   30969
2010(tru)    72607   55011   73565   0.748   57257   57034   41542   40125   0.868   0.787   0.724   30707   20684    2844    3022   34983
Growth(alt)  0.0152  0.0159  0.0133  0.0026  0.0134  0.0062  0.0087  0.0117  0.0031  0.0067  0.0147  0.0094  0.0203  0.0230  0.0437  0.0009
Growth(tru)  0.0158  0.0170  0.0125  0.0044  0.0167  0.0086  0.0120  0.0128  0.0089  0.0068  0.0145  0.0092  0.0320  0.0226  0.0429  0.0033
Difference   0.0006  0.0010 -0.0008  0.0019  0.0033  0.0025  0.0033  0.0011  0.0058  0.0001 -0.0002 -0.0002  0.0116 -0.0004 -0.0009  0.0024
// Share //     3.6     6.1    -6.6    41.6    19.6    28.5    27.7     8.5    65.2     1.5    -1.5    -1.9    36.4    -1.7    -2.1    74.0
 
 
