warning: function /workspace/eval/followup/004-gate-conformance/workspace/cases/Living_stab/shims/box.m shadows a core library function
warning: function /workspace/eval/followup/004-gate-conformance/workspace/cases/Living_stab/shims/errorbar.m shadows a core library function
warning: function /workspace/eval/followup/004-gate-conformance/workspace/cases/Living_stab/shims/orient.m shadows a core library function
warning: function /workspace/eval/followup/004-gate-conformance/workspace/cases/Living_stab/shims/stem.m shadows a core library function
warning: function /workspace/eval/followup/004-gate-conformance/workspace/cases/Living_stab/shims/plot.m shadows a core library function
warning: function /workspace/eval/followup/004-gate-conformance/workspace/cases/Living_stab/shims/text.m shadows a core library function
warning: function /workspace/eval/followup/004-gate-conformance/workspace/cases/Living_stab/shims/whitebg.m shadows a core library function
warning: function /workspace/eval/followup/004-gate-conformance/workspace/cases/Living_stab/shims/gcf.m shadows a core library function
warning: function /workspace/eval/followup/004-gate-conformance/workspace/cases/Living_stab/shims/line.m shadows a core library function
warning: function /workspace/eval/followup/004-gate-conformance/workspace/cases/Living_stab/shims/ylabel.m shadows a core library function
warning: function /workspace/eval/followup/004-gate-conformance/workspace/cases/Living_stab/shims/clf.m shadows a core library function
warning: function /workspace/eval/followup/004-gate-conformance/workspace/cases/Living_stab/shims/colorbar.m shadows a core library function
warning: function /workspace/eval/followup/004-gate-conformance/workspace/cases/Living_stab/shims/scatter.m shadows a core library function
warning: function /workspace/eval/followup/004-gate-conformance/workspace/cases/Living_stab/shims/subplot.m shadows a core library function
warning: function /workspace/eval/followup/004-gate-conformance/workspace/cases/Living_stab/shims/figure.m shadows a core library function
warning: function /workspace/eval/followup/004-gate-conformance/workspace/cases/Living_stab/shims/drawnow.m shadows a built-in function
warning: function /workspace/eval/followup/004-gate-conformance/workspace/cases/Living_stab/shims/print.m shadows a core library function
warning: function /workspace/eval/followup/004-gate-conformance/workspace/cases/Living_stab/shims/keyboard.m shadows a built-in function
warning: function /workspace/eval/followup/004-gate-conformance/workspace/cases/Living_stab/shims/hold.m shadows a core library function
warning: function /workspace/eval/followup/004-gate-conformance/workspace/cases/Living_stab/shims/axis.m shadows a core library function
warning: function /workspace/eval/followup/004-gate-conformance/workspace/cases/Living_stab/shims/xlabel.m shadows a core library function
warning: function /workspace/eval/followup/004-gate-conformance/workspace/cases/Living_stab/shims/ylim.m shadows a core library function
warning: function /workspace/eval/followup/004-gate-conformance/workspace/cases/Living_stab/shims/gca.m shadows a core library function
warning: function /workspace/eval/followup/004-gate-conformance/workspace/cases/Living_stab/shims/title.m shadows a core library function
warning: function /workspace/eval/followup/004-gate-conformance/workspace/cases/Living_stab/shims/legend.m shadows a core library function
warning: function /workspace/eval/followup/004-gate-conformance/workspace/cases/Living_stab/shims/bar.m shadows a core library function
warning: function /workspace/eval/followup/004-gate-conformance/workspace/cases/Living_stab/shims/set.m shadows a built-in function
warning: function /workspace/eval/followup/004-gate-conformance/workspace/cases/Living_stab/shims/grid.m shadows a core library function
warning: function /workspace/eval/followup/004-gate-conformance/workspace/cases/Living_stab/shims/xlim.m shadows a core library function
warning: function /workspace/eval/followup/004-gate-conformance/workspace/cases/Living_stab/shims/cla.m shadows a core library function
HowMuchPoorer_gen_t1_6_c4_Benchmark                 05-Oct-2026 
 

=== HowMuchPoorer_gen chunk 4, t0=1 (1960), t1=6 (2010) ===
 
 
========================================================================
 How much poorer in 2010 with 1960 values of TauWTauH, for Black Men
========================================================================
....... 
                 Y    Ymkt    Ywkr     LFP    Earn    Cons   EarnY    gdpY   GapWW   GapBM   GapBW  EarnWM  EarnWW  EarnBM  EarnBW    Util
------------------------------------------------------------------------------------------------------------------------------------------
1960(base)   33004   23571   39372   0.599   24833   37051   22743   21193   0.556   0.560   0.350   19380    4181     917     355   29671
2010(alt)    72021   54451   73026   0.746   56570   56476   41053   39651   0.867   0.610   0.724   30754   20735    2056    3025   34764
2010(tru)    72607   55011   73565   0.748   57257   57034   41542   40125   0.868   0.787   0.724   30707   20684    2844    3022   34983
Growth(alt)  0.0156  0.0167  0.0124  0.0044  0.0165  0.0084  0.0118  0.0125  0.0089  0.0017  0.0145  0.0092  0.0320  0.0161  0.0429  0.0032
Growth(tru)  0.0158  0.0170  0.0125  0.0044  0.0167  0.0086  0.0120  0.0128  0.0089  0.0068  0.0145  0.0092  0.0320  0.0226  0.0429  0.0033
Difference   0.0002  0.0002  0.0001  0.0001  0.0002  0.0002  0.0002  0.0002  0.0000  0.0051  0.0000 -0.0000 -0.0000  0.0065 -0.0000  0.0001
// Share //     1.0     1.2     1.2     1.3     1.4     2.3     2.0     1.9     0.1    74.8     0.2    -0.3    -0.2    28.7    -0.0     3.8
 
 
 
 
========================================================================
 How much poorer in 2010 with 1960 values of TauH, for Black Men
========================================================================
....... 
                 Y    Ymkt    Ywkr     LFP    Earn    Cons   EarnY    gdpY   GapWW   GapBM   GapBW  EarnWM  EarnWW  EarnBM  EarnBW    Util
------------------------------------------------------------------------------------------------------------------------------------------
1960(base)   33004   23571   39372   0.599   24833   37051   22743   21193   0.556   0.560   0.350   19380    4181     917     355   29671
2010(alt)    72172   54699   72687   0.753   57646   57328   41892   39848   0.869   0.793   0.725   30703   20712    3210    3021   35362
2010(tru)    72607   55011   73565   0.748   57257   57034   41542   40125   0.868   0.787   0.724   30707   20684    2844    3022   34983
Growth(alt)  0.0156  0.0168  0.0123  0.0046  0.0168  0.0087  0.0122  0.0126  0.0089  0.0070  0.0145  0.0092  0.0320  0.0251  0.0429  0.0035
Growth(tru)  0.0158  0.0170  0.0125  0.0044  0.0167  0.0086  0.0120  0.0128  0.0089  0.0068  0.0145  0.0092  0.0320  0.0226  0.0429  0.0033
Difference   0.0001  0.0001  0.0002 -0.0001 -0.0001 -0.0001 -0.0002  0.0001 -0.0000 -0.0002 -0.0000  0.0000 -0.0000 -0.0024  0.0000 -0.0002
// Share //     0.8     0.7     1.9    -2.8    -0.8    -1.2    -1.4     1.1    -0.3    -2.2    -0.0     0.0    -0.1   -10.7     0.0    -6.5
 
 
 
 
========================================================================
 How much poorer in 2010 with 1960 values of TauW, for Black Men
========================================================================
....... 
                 Y    Ymkt    Ywkr     LFP    Earn    Cons   EarnY    gdpY   GapWW   GapBM   GapBW  EarnWM  EarnWW  EarnBM  EarnBW    Util
------------------------------------------------------------------------------------------------------------------------------------------
1960(base)   33004   23571   39372   0.599   24833   37051   22743   21193   0.556   0.560   0.350   19380    4181     917     355   29671
2010(alt)    72401   54719   73917   0.740   56325   56326   40851   39900   0.866   0.633   0.724   30758   20715    1823    3028   34514
2010(tru)    72607   55011   73565   0.748   57257   57034   41542   40125   0.868   0.787   0.724   30707   20684    2844    3022   34983
Growth(alt)  0.0157  0.0168  0.0126  0.0042  0.0164  0.0084  0.0117  0.0127  0.0089  0.0025  0.0145  0.0092  0.0320  0.0137  0.0429  0.0030
Growth(tru)  0.0158  0.0170  0.0125  0.0044  0.0167  0.0086  0.0120  0.0128  0.0089  0.0068  0.0145  0.0092  0.0320  0.0226  0.0429  0.0033
Difference   0.0001  0.0001 -0.0001  0.0002  0.0003  0.0002  0.0003  0.0001  0.0000  0.0044  0.0000 -0.0000 -0.0000  0.0089 -0.0000  0.0003
// Share //     0.4     0.6    -0.8     4.5     2.0     2.9     2.8     0.9     0.3    63.7     0.2    -0.4    -0.1    39.3    -0.1     8.2
 
 
