HowMuchPoorer_gen_t1_6_c1_Benchmark                 05-Oct-2026 
 

=== HowMuchPoorer_gen chunk 1, t0=1 (1960), t1=6 (2010) ===
 
=============================================================
KEY PARAMETER VALUES:    CaseName = Benchmark
                   theta =  2.0000
                     eta =  0.1030
            theta*(1-eta)=  1.7940
                    dlta =  0.0000
                      mu =  0.5574
                   sigma =  3.0000
           EstimateDelta =  0.0000
           ConstrainTauH = -0.8000
PurgeWageGrowthSelection =     0
      AlphaSplitTauW1960 =  0.5000
   OccupationforWageHome = 23 Secretaries                               
   Alpha0FixedSplit =  0.5000
=============================================================
 
 
 
========================================================================
 How much poorer in 2010 with 1960 values of TauWTauH
========================================================================
...... 
                 Y    Ymkt    Ywkr     LFP    Earn    Cons   EarnY    gdpY   GapWW   GapBM   GapBW  EarnWM  EarnWW  EarnBM  EarnBW    Util
------------------------------------------------------------------------------------------------------------------------------------------
1960(base)   24740   17670   29516   0.599   18615   27650   16970   15814   0.556   0.560   0.350   14527    3135     687     266   22291
2010(alt)    41930   28918   47282   0.612   31049   38052   22614   20992   0.449   0.563   0.392   24214    4533    1537     765   23069
2010(tru)    54161   41035   54874   0.748   42717   48783   30999   29937   0.868   0.788   0.725   22908   15432    2123    2255   30119
Growth(alt)  0.0106  0.0099  0.0094  0.0004  0.0102  0.0064  0.0057  0.0057 -0.0043  0.0001  0.0022  0.0102  0.0074  0.0161  0.0211  0.0007
Growth(tru)  0.0157  0.0169  0.0124  0.0044  0.0166  0.0114  0.0120  0.0128  0.0089  0.0068  0.0145  0.0091  0.0319  0.0225  0.0428  0.0060
Difference   0.0051  0.0070  0.0030  0.0040  0.0064  0.0050  0.0063  0.0071  0.0132  0.0067  0.0123 -0.0011  0.0245  0.0065  0.0216  0.0053
// Share //    32.7    41.5    24.0    90.4    38.4    43.8    52.3    55.6   148.1    98.0    84.6   -12.2    76.9    28.7    50.6    88.6
 
 
 
 
========================================================================
 How much poorer in 2010 with 1960 values of TauH
========================================================================
...... 
                 Y    Ymkt    Ywkr     LFP    Earn    Cons   EarnY    gdpY   GapWW   GapBM   GapBW  EarnWM  EarnWW  EarnBM  EarnBW    Util
------------------------------------------------------------------------------------------------------------------------------------------
1960(base)   24740   17670   29516   0.599   18615   27650   16970   15814   0.556   0.560   0.350   14527    3135     687     266   22291
2010(alt)    42600   30290   42814   0.707   36513   42808   26840   21984   0.575   0.739   0.539   23992    8523    2328    1670   26784
2010(tru)    54161   41035   54874   0.748   42717   48783   30999   29937   0.868   0.788   0.725   22908   15432    2123    2255   30119
Growth(alt)  0.0109  0.0108  0.0074  0.0033  0.0135  0.0087  0.0092  0.0066  0.0007  0.0056  0.0086  0.0100  0.0200  0.0244  0.0368  0.0037
Growth(tru)  0.0157  0.0169  0.0124  0.0044  0.0166  0.0114  0.0120  0.0128  0.0089  0.0068  0.0145  0.0091  0.0319  0.0225  0.0428  0.0060
Difference   0.0048  0.0061  0.0050  0.0011  0.0031  0.0026  0.0029  0.0062  0.0082  0.0013  0.0059 -0.0009  0.0119 -0.0018  0.0060  0.0023
// Share //    30.6    36.0    40.0    24.9    18.9    23.0    23.9    48.4    92.6    18.7    40.8   -10.2    37.2    -8.2    14.1    39.0
 
 
 
 
========================================================================
 How much poorer in 2010 with 1960 values of TauW
========================================================================
...... 
                 Y    Ymkt    Ywkr     LFP    Earn    Cons   EarnY    gdpY   GapWW   GapBM   GapBW  EarnWM  EarnWW  EarnBM  EarnBW    Util
------------------------------------------------------------------------------------------------------------------------------------------
1960(base)   24740   17670   29516   0.599   18615   27650   16970   15814   0.556   0.560   0.350   14527    3135     687     266   22291
2010(alt)    52321   38472   58298   0.660   34432   41565   24875   27978   0.646   0.625   0.529   23189    8695    1396    1152   25576
2010(tru)    54161   41035   54874   0.748   42717   48783   30999   29937   0.868   0.788   0.725   22908   15432    2123    2255   30119
Growth(alt)  0.0150  0.0156  0.0136  0.0019  0.0123  0.0082  0.0076  0.0114  0.0030  0.0022  0.0083  0.0094  0.0204  0.0142  0.0293  0.0027
Growth(tru)  0.0157  0.0169  0.0124  0.0044  0.0166  0.0114  0.0120  0.0128  0.0089  0.0068  0.0145  0.0091  0.0319  0.0225  0.0428  0.0060
Difference   0.0007  0.0013 -0.0012  0.0025  0.0043  0.0032  0.0044  0.0014  0.0059  0.0046  0.0063 -0.0002  0.0115  0.0084  0.0134  0.0033
// Share //     4.4     7.7    -9.8    56.2    26.0    28.2    36.5    10.6    66.2    67.7    43.2    -2.7    36.0    37.2    31.4    54.3
 
 
