HowMuchPoorer_c4_Benchmark                 05-Oct-2026 
 
 
 
========================================================================
 How much poorer in 2010 with 1960 values of TauWTauH, for Black Men
========================================================================
...... 
                 Y    Ymkt    Ywkr     LFP    Earn    Cons   EarnY    gdpY   GapWW   GapBM   GapBW  EarnWM  EarnWW  EarnBM  EarnBW    Util
------------------------------------------------------------------------------------------------------------------------------------------
-- 1960 --   24740   17670   29516   0.599   18615   27650   16970   15814   0.556   0.560   0.350   14527    3135     687     266   22291
2010(alt)    53724   40618   54473   0.746   42203   48306   30634   29585   0.867   0.610   0.724   22942   15470    1534    2257   29930
-- 2010 --   54161   41035   54874   0.748   42717   48783   30999   29937   0.868   0.788   0.725   22908   15432    2123    2255   30119
Growth(alt)  0.0155  0.0166  0.0123  0.0044  0.0164  0.0112  0.0118  0.0125  0.0089  0.0017  0.0145  0.0091  0.0319  0.0160  0.0428  0.0059
Growth(tru)  0.0157  0.0169  0.0124  0.0044  0.0166  0.0114  0.0120  0.0128  0.0089  0.0068  0.0145  0.0091  0.0319  0.0225  0.0428  0.0060
Difference   0.0002  0.0002  0.0001  0.0001  0.0002  0.0002  0.0002  0.0002  0.0000  0.0051  0.0000 -0.0000 -0.0000  0.0065 -0.0000  0.0001
// Share //     1.0     1.2     1.2     1.3     1.5     1.7     2.0     1.9     0.1    74.8     0.2    -0.3    -0.2    28.8    -0.0     2.1
 
 
 
 
========================================================================
 How much poorer in 2010 with 1960 values of TauH, for Black Men
========================================================================
...... 
                 Y    Ymkt    Ywkr     LFP    Earn    Cons   EarnY    gdpY   GapWW   GapBM   GapBW  EarnWM  EarnWW  EarnBM  EarnBW    Util
------------------------------------------------------------------------------------------------------------------------------------------
-- 1960 --   24740   17670   29516   0.599   18615   27650   16970   15814   0.556   0.560   0.350   14527    3135     687     266   22291
2010(alt)    53837   40803   54220   0.753   43008   49036   31261   29732   0.869   0.794   0.725   22905   15452    2397    2255   30446
-- 2010 --   54161   41035   54874   0.748   42717   48783   30999   29937   0.868   0.788   0.725   22908   15432    2123    2255   30119
Growth(alt)  0.0156  0.0167  0.0122  0.0046  0.0167  0.0115  0.0122  0.0126  0.0089  0.0070  0.0145  0.0091  0.0319  0.0250  0.0428  0.0062
Growth(tru)  0.0157  0.0169  0.0124  0.0044  0.0166  0.0114  0.0120  0.0128  0.0089  0.0068  0.0145  0.0091  0.0319  0.0225  0.0428  0.0060
Difference   0.0001  0.0001  0.0002 -0.0001 -0.0001 -0.0001 -0.0002  0.0001 -0.0000 -0.0002 -0.0000  0.0000 -0.0000 -0.0024  0.0000 -0.0002
// Share //     0.8     0.7     1.9    -2.8    -0.8    -0.9    -1.4     1.1    -0.3    -2.3    -0.0     0.0    -0.1   -10.8     0.0    -3.6
 
 
 
 
========================================================================
 How much poorer in 2010 with 1960 values of TauW, for Black Men
========================================================================
...... 
                 Y    Ymkt    Ywkr     LFP    Earn    Cons   EarnY    gdpY   GapWW   GapBM   GapBW  EarnWM  EarnWW  EarnBM  EarnBW    Util
------------------------------------------------------------------------------------------------------------------------------------------
-- 1960 --   24740   17670   29516   0.599   18615   27650   16970   15814   0.556   0.560   0.350   14527    3135     687     266   22291
2010(alt)    54007   40817   55138   0.740   42020   48177   30481   29769   0.866   0.633   0.724   22946   15455    1360    2259   29715
-- 2010 --   54161   41035   54874   0.748   42717   48783   30999   29937   0.868   0.788   0.725   22908   15432    2123    2255   30119
Growth(alt)  0.0156  0.0167  0.0125  0.0042  0.0163  0.0111  0.0117  0.0127  0.0089  0.0025  0.0145  0.0091  0.0319  0.0136  0.0428  0.0057
Growth(tru)  0.0157  0.0169  0.0124  0.0044  0.0166  0.0114  0.0120  0.0128  0.0089  0.0068  0.0145  0.0091  0.0319  0.0225  0.0428  0.0060
Difference   0.0001  0.0001 -0.0001  0.0002  0.0003  0.0003  0.0003  0.0001  0.0000  0.0044  0.0000 -0.0000 -0.0000  0.0089 -0.0000  0.0003
// Share //     0.4     0.6    -0.8     4.5     2.0     2.2     2.8     0.9     0.3    63.8     0.2    -0.4    -0.1    39.5    -0.1     4.5
 
 
