HowMuchPoorer_c5_Benchmark                 05-Oct-2026 
 
 
 
========================================================================
 How much poorer in 2010 with 1960 values of TauWTauH, for Black Women
========================================================================
...... 
                 Y    Ymkt    Ywkr     LFP    Earn    Cons   EarnY    gdpY   GapWW   GapBM   GapBW  EarnWM  EarnWW  EarnBM  EarnBW    Util
------------------------------------------------------------------------------------------------------------------------------------------
-- 1960 --   24740   17670   29516   0.599   18615   27650   16970   15814   0.556   0.560   0.350   14527    3135     687     266   22291
2010(alt)    52951   39777   54470   0.730   41449   47619   30050   28923   0.866   0.785   0.428   23001   15562    2133     753   29148
-- 2010 --   54161   41035   54874   0.748   42717   48783   30999   29937   0.868   0.788   0.725   22908   15432    2123    2255   30119
Growth(alt)  0.0152  0.0162  0.0123  0.0040  0.0160  0.0109  0.0114  0.0121  0.0089  0.0068  0.0040  0.0092  0.0320  0.0226  0.0208  0.0054
Growth(tru)  0.0157  0.0169  0.0124  0.0044  0.0166  0.0114  0.0120  0.0128  0.0089  0.0068  0.0145  0.0091  0.0319  0.0225  0.0428  0.0060
Difference   0.0005  0.0006  0.0001  0.0005  0.0006  0.0005  0.0006  0.0007  0.0000  0.0001  0.0105 -0.0001 -0.0002 -0.0001  0.0219  0.0007
// Share //     2.9     3.7     1.2    10.7     3.6     4.3     5.2     5.4     0.4     1.1    72.4    -0.9    -0.5    -0.4    51.3    10.9
 
 
 
 
========================================================================
 How much poorer in 2010 with 1960 values of TauH, for Black Women
========================================================================
...... 
                 Y    Ymkt    Ywkr     LFP    Earn    Cons   EarnY    gdpY   GapWW   GapBM   GapBW  EarnWM  EarnWW  EarnBM  EarnBW    Util
------------------------------------------------------------------------------------------------------------------------------------------
-- 1960 --   24740   17670   29516   0.599   18615   27650   16970   15814   0.556   0.560   0.350   14527    3135     687     266   22291
2010(alt)    52961   39950   53428   0.748   42349   48411   30789   29042   0.866   0.785   0.597   22965   15463    2124    1797   30012
-- 2010 --   54161   41035   54874   0.748   42717   48783   30999   29937   0.868   0.788   0.725   22908   15432    2123    2255   30119
Growth(alt)  0.0152  0.0163  0.0119  0.0044  0.0164  0.0112  0.0119  0.0122  0.0089  0.0068  0.0107  0.0092  0.0319  0.0226  0.0382  0.0059
Growth(tru)  0.0157  0.0169  0.0124  0.0044  0.0166  0.0114  0.0120  0.0128  0.0089  0.0068  0.0145  0.0091  0.0319  0.0225  0.0428  0.0060
Difference   0.0004  0.0005  0.0005  0.0000  0.0002  0.0002  0.0001  0.0006  0.0000  0.0001  0.0039 -0.0000 -0.0000 -0.0000  0.0045  0.0001
// Share //     2.9     3.2     4.3     0.0     1.0     1.3     1.1     4.8     0.5     0.9    26.7    -0.5    -0.1    -0.0    10.6     1.2
 
 
 
 
========================================================================
 How much poorer in 2010 with 1960 values of TauW, for Black Women
========================================================================
...... 
                 Y    Ymkt    Ywkr     LFP    Earn    Cons   EarnY    gdpY   GapWW   GapBM   GapBW  EarnWM  EarnWW  EarnBM  EarnBW    Util
------------------------------------------------------------------------------------------------------------------------------------------
-- 1960 --   24740   17670   29516   0.599   18615   27650   16970   15814   0.556   0.560   0.350   14527    3135     687     266   22291
2010(alt)    53977   40728   55509   0.734   41715   47926   30248   29708   0.868   0.787   0.535   22945   15529    2132    1108   29389
-- 2010 --   54161   41035   54874   0.748   42717   48783   30999   29937   0.868   0.788   0.725   22908   15432    2123    2255   30119
Growth(alt)  0.0156  0.0167  0.0126  0.0041  0.0161  0.0110  0.0116  0.0126  0.0089  0.0068  0.0085  0.0091  0.0320  0.0226  0.0286  0.0055
Growth(tru)  0.0157  0.0169  0.0124  0.0044  0.0166  0.0114  0.0120  0.0128  0.0089  0.0068  0.0145  0.0091  0.0319  0.0225  0.0428  0.0060
Difference   0.0001  0.0002 -0.0002  0.0004  0.0005  0.0004  0.0005  0.0002 -0.0000  0.0000  0.0061 -0.0000 -0.0001 -0.0001  0.0142  0.0005
// Share //     0.4     0.9    -1.9     8.5     2.9     3.1     4.1     1.2    -0.1     0.1    41.8    -0.4    -0.4    -0.4    33.2     8.2
 
 
