warning: function /workspace/eval/followup/001-living-update/workspace/cases/Refac/shims/print.m shadows a core library function
warning: function /workspace/eval/followup/001-living-update/workspace/cases/Refac/shims/keyboard.m shadows a built-in function
HowMuchPoorer_c3_Benchmark                 05-Oct-2026 
 
 
 
========================================================================
 How much poorer in 2010 with 1960 values of TauWTauH, for White Women
========================================================================
...... 
                 Y    Ymkt    Ywkr     LFP    Earn    Cons   EarnY    gdpY   GapWW   GapBM   GapBW  EarnWM  EarnWW  EarnBM  EarnBW    Util
------------------------------------------------------------------------------------------------------------------------------------------
-- 1960 --   24740   17670   29516   0.599   18615   27650   16970   15814   0.556   0.560   0.350   14527    3135     687     266   22291
2010(alt)    43919   30863   48724   0.633   33014   39955   24104   22617   0.457   0.760   0.707   23891    4504    2217    2402   24294
-- 2010 --   54161   41035   54874   0.748   42717   48783   30999   29937   0.868   0.788   0.725   22908   15432    2123    2255   30119
Growth(alt)  0.0115  0.0112  0.0100  0.0011  0.0115  0.0074  0.0070  0.0072 -0.0039  0.0061  0.0140  0.0099  0.0072  0.0234  0.0440  0.0017
Growth(tru)  0.0157  0.0169  0.0124  0.0044  0.0166  0.0114  0.0120  0.0128  0.0089  0.0068  0.0145  0.0091  0.0319  0.0225  0.0428  0.0060
Difference   0.0042  0.0057  0.0024  0.0033  0.0052  0.0040  0.0050  0.0056  0.0128  0.0007  0.0005 -0.0008  0.0246 -0.0009 -0.0013  0.0043
// Share //    26.8    33.8    19.2    74.6    31.0    35.2    41.8    43.9   143.7    10.3     3.4    -9.2    77.3    -3.9    -2.9    71.4
 
 
 
 
========================================================================
 How much poorer in 2010 with 1960 values of TauH, for White Women
========================================================================
...... 
                 Y    Ymkt    Ywkr     LFP    Earn    Cons   EarnY    gdpY   GapWW   GapBM   GapBW  EarnWM  EarnWW  EarnBM  EarnBW    Util
------------------------------------------------------------------------------------------------------------------------------------------
-- 1960 --   24740   17670   29516   0.599   18615   27650   16970   15814   0.556   0.560   0.350   14527    3135     687     266   22291
2010(alt)    44458   31918   45183   0.706   36855   43276   27064   23381   0.583   0.763   0.700   23747    8603    2185    2320   26896
-- 2010 --   54161   41035   54874   0.748   42717   48783   30999   29937   0.868   0.788   0.725   22908   15432    2123    2255   30119
Growth(alt)  0.0117  0.0118  0.0085  0.0033  0.0137  0.0090  0.0093  0.0078  0.0010  0.0062  0.0138  0.0098  0.0202  0.0231  0.0433  0.0038
Growth(tru)  0.0157  0.0169  0.0124  0.0044  0.0166  0.0114  0.0120  0.0128  0.0089  0.0068  0.0145  0.0091  0.0319  0.0225  0.0428  0.0060
Difference   0.0039  0.0050  0.0039  0.0011  0.0030  0.0024  0.0027  0.0049  0.0079  0.0006  0.0007 -0.0007  0.0117 -0.0006 -0.0006  0.0023
// Share //    25.2    29.8    31.3    25.6    17.8    21.1    22.5    38.7    89.1     9.4     4.8    -7.9    36.7    -2.6    -1.3    37.6
 
 
 
 
========================================================================
 How much poorer in 2010 with 1960 values of TauW, for White Women
========================================================================
...... 
                 Y    Ymkt    Ywkr     LFP    Earn    Cons   EarnY    gdpY   GapWW   GapBM   GapBW  EarnWM  EarnWW  EarnBM  EarnBW    Util
------------------------------------------------------------------------------------------------------------------------------------------
-- 1960 --   24740   17670   29516   0.599   18615   27650   16970   15814   0.556   0.560   0.350   14527    3135     687     266   22291
2010(alt)    52627   38970   57170   0.682   36251   43131   26228   28347   0.649   0.784   0.733   23106    8623    2165    2357   26661
-- 2010 --   54161   41035   54874   0.748   42717   48783   30999   29937   0.868   0.788   0.725   22908   15432    2123    2255   30119
Growth(alt)  0.0151  0.0158  0.0132  0.0026  0.0133  0.0089  0.0087  0.0117  0.0031  0.0067  0.0148  0.0093  0.0202  0.0229  0.0437  0.0036
Growth(tru)  0.0157  0.0169  0.0124  0.0044  0.0166  0.0114  0.0120  0.0128  0.0089  0.0068  0.0145  0.0091  0.0319  0.0225  0.0428  0.0060
Difference   0.0006  0.0010 -0.0008  0.0019  0.0033  0.0025  0.0033  0.0011  0.0058  0.0001 -0.0002 -0.0002  0.0116 -0.0004 -0.0009  0.0024
// Share //     3.7     6.1    -6.6    41.6    19.8    21.7    27.7     8.6    65.2     1.5    -1.5    -1.9    36.5    -1.7    -2.1    40.5
 
 
