warning: function /workspace/eval/followup/001-living-update/workspace/cases/Benchmark/shims/keyboard.m shadows a built-in function
warning: function /workspace/eval/followup/001-living-update/workspace/cases/Benchmark/shims/print.m shadows a core library function
HowMuchPoorer_c2_Benchmark                 05-Oct-2026 
 
 
 
========================================================================
 How much poorer in 2010 with 1960 values of Both+Z
========================================================================
...... 
                 Y    Ymkt    Ywkr     LFP    Earn    Cons   EarnY    gdpY   GapWW   GapBM   GapBW  EarnWM  EarnWW  EarnBM  EarnBW    Util
------------------------------------------------------------------------------------------------------------------------------------------
-- 1960 --   24740   17670   29516   0.599   18615   27650   16970   15814   0.556   0.560   0.350   14527    3135     687     266   22291
2010(alt)    42131   29100   50005   0.582   31289   38377   22921   21241   0.560   0.531   0.431   24798    4070    1687     733   24713
-- 2010 --   54161   41035   54874   0.748   42717   48783   30999   29937   0.868   0.788   0.725   22908   15432    2123    2255   30119
Growth(alt)  0.0106  0.0100  0.0105 -0.0006  0.0104  0.0066  0.0060  0.0059  0.0002 -0.0011  0.0042  0.0107  0.0052  0.0180  0.0203  0.0021
Growth(tru)  0.0157  0.0169  0.0124  0.0044  0.0166  0.0114  0.0120  0.0128  0.0089  0.0068  0.0145  0.0091  0.0319  0.0225  0.0428  0.0060
Difference   0.0050  0.0069  0.0019  0.0050  0.0062  0.0048  0.0060  0.0069  0.0088  0.0079  0.0104 -0.0016  0.0267  0.0046  0.0225  0.0040
// Share //    32.1    40.8    15.0   112.7    37.5    42.3    50.1    53.8    98.3   115.4    71.4   -17.4    83.6    20.4    52.5    65.7
 
 
 
 
========================================================================
 How much poorer in 2010 with 1960 values of MeansOnly
========================================================================
...... 
                 Y    Ymkt    Ywkr     LFP    Earn    Cons   EarnY    gdpY   GapWW   GapBM   GapBW  EarnWM  EarnWW  EarnBM  EarnBW    Util
------------------------------------------------------------------------------------------------------------------------------------------
-- 1960 --   24740   17670   29516   0.599   18615   27650   16970   15814   0.556   0.560   0.350   14527    3135     687     266   22291
2010(alt)    41854   28437   51508   0.552   29066   36417   21085   20830   0.471   0.530   0.394   23994    3508    1072     492   21578
-- 2010 --   54161   41035   54874   0.748   42717   48783   30999   29937   0.868   0.788   0.725   22908   15432    2123    2255   30119
Growth(alt)  0.0105  0.0095  0.0111 -0.0016  0.0089  0.0055  0.0043  0.0055 -0.0033 -0.0011  0.0023  0.0100  0.0022  0.0089  0.0123 -0.0006
Growth(tru)  0.0157  0.0169  0.0124  0.0044  0.0166  0.0114  0.0120  0.0128  0.0089  0.0068  0.0145  0.0091  0.0319  0.0225  0.0428  0.0060
Difference   0.0052  0.0073  0.0013  0.0061  0.0077  0.0058  0.0077  0.0073  0.0122  0.0079  0.0122 -0.0009  0.0296  0.0137  0.0305  0.0067
// Share //    32.9    43.5    10.2   136.4    46.4    51.5    64.0    56.8   137.0   116.1    83.9   -10.2    92.9    60.6    71.2   110.8
 
 
 
 
========================================================================
 How much poorer in 2010 with 1960 values of DispersionOnly
========================================================================
...... 
                 Y    Ymkt    Ywkr     LFP    Earn    Cons   EarnY    gdpY   GapWW   GapBM   GapBW  EarnWM  EarnWW  EarnBM  EarnBW    Util
------------------------------------------------------------------------------------------------------------------------------------------
-- 1960 --   24740   17670   29516   0.599   18615   27650   16970   15814   0.556   0.560   0.350   14527    3135     687     266   22291
2010(alt)    50761   38147   49997   0.763   42538   48440   31026   27426   0.770   0.849   0.699   23302   14138    2735    2363   30620
-- 2010 --   54161   41035   54874   0.748   42717   48783   30999   29937   0.868   0.788   0.725   22908   15432    2123    2255   30119
Growth(alt)  0.0144  0.0154  0.0105  0.0049  0.0165  0.0112  0.0121  0.0110  0.0065  0.0083  0.0138  0.0095  0.0301  0.0276  0.0437  0.0063
Growth(tru)  0.0157  0.0169  0.0124  0.0044  0.0166  0.0114  0.0120  0.0128  0.0089  0.0068  0.0145  0.0091  0.0319  0.0225  0.0428  0.0060
Difference   0.0013  0.0015  0.0019 -0.0004  0.0001  0.0001 -0.0000  0.0018  0.0024 -0.0015  0.0007 -0.0003  0.0018 -0.0051 -0.0009 -0.0003
// Share //     8.3     8.7    15.0    -9.0     0.5     1.2    -0.1    13.7    26.8   -21.9     4.9    -3.7     5.5   -22.5    -2.2    -5.5
 
 
