warning: function /workspace/eval/followup/001-living-update/workspace/cases/R2_Wlit/shims/keyboard.m shadows a built-in function
warning: function /workspace/eval/followup/001-living-update/workspace/cases/R2_Wlit/shims/print.m shadows a core library function
HowMuchPoorer_gen_t6_7_c1_Benchmark                 05-Oct-2026 
 

=== HowMuchPoorer_gen chunk 1, t0=6 (2010), t1=7 (2023) ===
 
=============================================================
KEY PARAMETER VALUES:    CaseName = Benchmark
                   theta =  2.0000
                     eta =  0.1030
            theta*(1-eta)=  1.7940
                    dlta =  0.0000
                      mu =  0.5574
                   sigma =  3.0000
           EstimateDelta =  0.0000
           ConstrainTauH = -0.8000
PurgeWageGrowthSelection =     0
      AlphaSplitTauW1960 =  0.5000
   OccupationforWageHome = 23 Secretaries                               
   Alpha0FixedSplit =  0.5000
=============================================================
 
 
 
========================================================================
 How much poorer in 2023 with 2010 values of TauWTauH
========================================================================
....... 
                 Y    Ymkt    Ywkr     LFP    Earn    Cons   EarnY    gdpY   GapWW   GapBM   GapBW  EarnWM  EarnWW  EarnBM  EarnBW    Util
------------------------------------------------------------------------------------------------------------------------------------------
2010(base)   72606   55010   73563   0.748   57257   57453   41542   40124   0.868   0.787   0.725   30707   20684    2844    3022   35240
2023(alt)    72216   62525   79248   0.789   60901   64185   53674   55153   0.828   0.724   0.673   31561   21530    3805    4005   34095
2023(tru)    72664   62963   79719   0.790   61554   65193   54600   56442   0.858   0.717   0.658   31530   22348    3769    3907   34553
Growth(alt) -0.0004  0.0098  0.0057  0.0041  0.0047  0.0085  0.0197  0.0245 -0.0036 -0.0065 -0.0056  0.0021  0.0031  0.0224  0.0217 -0.0025
Growth(tru)  0.0001  0.0104  0.0062  0.0042  0.0056  0.0097  0.0210  0.0262 -0.0009 -0.0072 -0.0074  0.0020  0.0060  0.0217  0.0197 -0.0015
Difference   0.0005  0.0005  0.0005  0.0001  0.0008  0.0012  0.0013  0.0018  0.0027 -0.0007 -0.0018 -0.0001  0.0029 -0.0007 -0.0019  0.0010
// Share //   780.1     5.2     7.4     1.9    14.7    12.3     6.3     6.8  -302.6     9.8    23.9    -3.7    48.2    -3.4    -9.7   -67.8
 
 
 
 
========================================================================
 How much poorer in 2023 with 2010 values of TauH
========================================================================
....... 
                 Y    Ymkt    Ywkr     LFP    Earn    Cons   EarnY    gdpY   GapWW   GapBM   GapBW  EarnWM  EarnWW  EarnBM  EarnBW    Util
------------------------------------------------------------------------------------------------------------------------------------------
2010(base)   72606   55010   73563   0.748   57257   57453   41542   40124   0.868   0.787   0.725   30707   20684    2844    3022   35240
2023(alt)    72285   62597   79298   0.789   61415   64797   54237   55365   0.855   0.710   0.651   31557   22271    3727    3860   34312
2023(tru)    72664   62963   79719   0.790   61554   65193   54600   56442   0.858   0.717   0.658   31530   22348    3769    3907   34553
Growth(alt) -0.0003  0.0099  0.0058  0.0042  0.0054  0.0093  0.0205  0.0248 -0.0012 -0.0080 -0.0082  0.0021  0.0057  0.0208  0.0188 -0.0021
Growth(tru)  0.0001  0.0104  0.0062  0.0042  0.0056  0.0097  0.0210  0.0262 -0.0009 -0.0072 -0.0074  0.0020  0.0060  0.0217  0.0197 -0.0015
Difference   0.0004  0.0004  0.0004  0.0000  0.0002  0.0005  0.0005  0.0015  0.0003  0.0007  0.0008 -0.0001  0.0003  0.0009  0.0009  0.0005
// Share //   659.2     4.3     6.6     1.0     3.1     4.8     2.4     5.6   -31.2   -10.4   -10.6    -3.2     4.5     4.0     4.6   -35.6
 
 
 
 
========================================================================
 How much poorer in 2023 with 2010 values of TauW
========================================================================
....... 
                 Y    Ymkt    Ywkr     LFP    Earn    Cons   EarnY    gdpY   GapWW   GapBM   GapBW  EarnWM  EarnWW  EarnBM  EarnBW    Util
------------------------------------------------------------------------------------------------------------------------------------------
2010(base)   72606   55010   73563   0.748   57257   57453   41542   40124   0.868   0.787   0.725   30707   20684    2844    3022   35240
2023(alt)    72602   62899   79672   0.789   61061   64650   54101   56254   0.832   0.732   0.681   31533   21618    3856    4055   34373
2023(tru)    72664   62963   79719   0.790   61554   65193   54600   56442   0.858   0.717   0.658   31530   22348    3769    3907   34553
Growth(alt) -0.0000  0.0103  0.0061  0.0042  0.0049  0.0091  0.0203  0.0260 -0.0033 -0.0056 -0.0048  0.0020  0.0034  0.0234  0.0226 -0.0019
Growth(tru)  0.0001  0.0104  0.0062  0.0042  0.0056  0.0097  0.0210  0.0262 -0.0009 -0.0072 -0.0074  0.0020  0.0060  0.0217  0.0197 -0.0015
Difference   0.0001  0.0001  0.0000  0.0000  0.0006  0.0006  0.0007  0.0003  0.0024 -0.0016 -0.0026 -0.0000  0.0026 -0.0017 -0.0029  0.0004
// Share //   107.3     0.7     0.7     0.8    11.1     6.6     3.4     1.0  -267.9    21.9    35.0    -0.4    42.9    -8.0   -14.5   -26.6
 
 
