warning: function /workspace/eval/followup/001-living-update/workspace/cases/R2_Wlit/shims/keyboard.m shadows a built-in function
warning: function /workspace/eval/followup/001-living-update/workspace/cases/R2_Wlit/shims/print.m shadows a core library function
HowMuchPoorer_gen_t1_7_c1_Benchmark                 05-Oct-2026 
 

=== HowMuchPoorer_gen chunk 1, t0=1 (1960), t1=7 (2023) ===
 
=============================================================
KEY PARAMETER VALUES:    CaseName = Benchmark
                   theta =  2.0000
                     eta =  0.1030
            theta*(1-eta)=  1.7940
                    dlta =  0.0000
                      mu =  0.5574
                   sigma =  3.0000
           EstimateDelta =  0.0000
           ConstrainTauH = -0.8000
PurgeWageGrowthSelection =     0
      AlphaSplitTauW1960 =  0.5000
   OccupationforWageHome = 23 Secretaries                               
   Alpha0FixedSplit =  0.5000
=============================================================
 
 
 
========================================================================
 How much poorer in 2023 with 1960 values of TauWTauH
========================================================================
....... 
                 Y    Ymkt    Ywkr     LFP    Earn    Cons   EarnY    gdpY   GapWW   GapBM   GapBW  EarnWM  EarnWW  EarnBM  EarnBW    Util
------------------------------------------------------------------------------------------------------------------------------------------
1960(base)   33004   23571   39372   0.599   24833   37051   22743   21193   0.556   0.560   0.350   19380    4181     917     355   29671
2023(alt)    52534   43027   64641   0.666   43190   46652   37684   37959   0.371   0.476   0.315   33230    6134    2511    1314   23020
2023(tru)    72664   62963   79719   0.790   61554   65193   54600   56442   0.858   0.717   0.658   31530   22348    3769    3907   34553
Growth(alt)  0.0074  0.0096  0.0079  0.0017  0.0088  0.0037  0.0080  0.0093 -0.0064 -0.0026 -0.0017  0.0086  0.0061  0.0160  0.0208 -0.0040
Growth(tru)  0.0125  0.0156  0.0112  0.0044  0.0144  0.0090  0.0139  0.0155  0.0069  0.0039  0.0100  0.0077  0.0266  0.0224  0.0381  0.0024
Difference   0.0051  0.0060  0.0033  0.0027  0.0056  0.0053  0.0059  0.0063  0.0133  0.0065  0.0117 -0.0008  0.0205  0.0064  0.0173  0.0064
// Share //    41.1    38.7    29.7    61.7    39.0    59.2    42.3    40.5   193.0   165.0   116.8   -10.8    77.1    28.7    45.4   266.6
 
 
 
 
========================================================================
 How much poorer in 2023 with 1960 values of TauH
========================================================================
....... 
                 Y    Ymkt    Ywkr     LFP    Earn    Cons   EarnY    gdpY   GapWW   GapBM   GapBW  EarnWM  EarnWW  EarnBM  EarnBW    Util
------------------------------------------------------------------------------------------------------------------------------------------
1960(base)   33004   23571   39372   0.599   24833   37051   22743   21193   0.556   0.560   0.350   19380    4181     917     355   29671
2023(alt)    53740   44854   58989   0.760   50974   53946   44690   39185   0.505   0.635   0.436   33039   11536    3803    2595   28627
2023(tru)    72664   62963   79719   0.790   61554   65193   54600   56442   0.858   0.717   0.658   31530   22348    3769    3907   34553
Growth(alt)  0.0077  0.0102  0.0064  0.0038  0.0114  0.0060  0.0107  0.0098 -0.0015  0.0020  0.0035  0.0085  0.0161  0.0226  0.0316 -0.0006
Growth(tru)  0.0125  0.0156  0.0112  0.0044  0.0144  0.0090  0.0139  0.0155  0.0069  0.0039  0.0100  0.0077  0.0266  0.0224  0.0381  0.0024
Difference   0.0048  0.0054  0.0048  0.0006  0.0030  0.0030  0.0032  0.0058  0.0084  0.0019  0.0065 -0.0007  0.0105 -0.0001  0.0065  0.0030
// Share //    38.2    34.5    42.7    13.7    20.8    33.5    22.9    37.3   122.2    48.9    65.3    -9.6    39.5    -0.6    17.0   123.5
 
 
 
 
========================================================================
 How much poorer in 2023 with 1960 values of TauW
========================================================================
....... 
                 Y    Ymkt    Ywkr     LFP    Earn    Cons   EarnY    gdpY   GapWW   GapBM   GapBW  EarnWM  EarnWW  EarnBM  EarnBW    Util
------------------------------------------------------------------------------------------------------------------------------------------
1960(base)   33004   23571   39372   0.599   24833   37051   22743   21193   0.556   0.560   0.350   19380    4181     917     355   29671
2023(alt)    69600   59307   83513   0.710   48975   53324   43549   54136   0.597   0.568   0.483   31825   12369    2569    2213   27443
2023(tru)    72664   62963   79719   0.790   61554   65193   54600   56442   0.858   0.717   0.658   31530   22348    3769    3907   34553
Growth(alt)  0.0118  0.0146  0.0119  0.0027  0.0108  0.0058  0.0103  0.0149  0.0011  0.0002  0.0051  0.0079  0.0172  0.0163  0.0291 -0.0012
Growth(tru)  0.0125  0.0156  0.0112  0.0044  0.0144  0.0090  0.0139  0.0155  0.0069  0.0039  0.0100  0.0077  0.0266  0.0224  0.0381  0.0024
Difference   0.0007  0.0009 -0.0007  0.0017  0.0036  0.0032  0.0036  0.0007  0.0058  0.0037  0.0049 -0.0001  0.0094  0.0061  0.0090  0.0037
// Share //     5.5     6.1    -6.6    38.4    25.2    35.6    25.8     4.3    83.6    94.0    49.0    -1.9    35.3    27.1    23.7   151.2
 
 
