AdditionalFigures                 05-Oct-2026 
 
'AdditionalFigures' is a script from the file /workspace/output/replication/codebase/AdditionalFigures.m

 AdditionalFigures.m

  Covariance between TauH and TauW for Chang
  Benchmark levels from Chaining
  Blau-Kahn female LS elasticities 
  Charles-Guryan discrimination


Additional help for built-in functions and operators is
available in the online version of the manual.  Use the command
'doc <topic>' to search the manual index.

Help and information about Octave is also available on the WWW
at https://www.octave.org and via the help@octave.org
mailing list.
Statistics for TW := 1/(1-TauW) and TH := (1+TauH)^eta -- Unweighted
 
White Women
 
    Year     Var(TW)     Var(TH)  Cov(TW,TH) Corr(TW,TH)
--------------------------------------------------------
    1960       1.393       1.344       1.366       0.998
    1970       0.807       2.075       0.449       0.347
    1980       0.966       1.211       0.132       0.122
    1990       0.693       1.214       0.058       0.064
    2000       0.667       1.294       0.081       0.087
    2010       0.642       1.871       0.074       0.067
 
Black Men
 
    Year     Var(TW)     Var(TH)  Cov(TW,TH) Corr(TW,TH)
--------------------------------------------------------
    1960       0.222       0.202       0.210       0.991
    1970       0.137       0.390       0.060       0.259
    1980       0.097       0.240      -0.032      -0.212
    1990       0.109       0.249      -0.051      -0.307
    2000       0.137       0.456      -0.078      -0.313
    2010       0.135       1.414      -0.150      -0.344
 
Black Women
 
    Year     Var(TW)     Var(TH)  Cov(TW,TH) Corr(TW,TH)
--------------------------------------------------------
    1960       1.403       1.368       1.385       0.999
    1970       1.263       1.488       0.844       0.615
    1980       0.942       2.151       0.305       0.215
    1990       0.591       4.373       0.077       0.048
    2000       0.515       4.379       0.048       0.032
    2010       0.650       2.814       0.022       0.016
 
 
 
Education Results for Young Cohort
  ModelChg = change in model solution due to all forces
     TWTH  = change in model solution due to TauW and TauH
 
                                                            ---  Relative to WM  --- 
            Data1960 Data2010   Change ModelChg     TWTH   Change ModelChg     TWTH
-----------------------------------------------------------------------------------
White Men      12.05    14.08     2.04     2.12    -0.15     0.00     0.00     0.00
White Women    11.83    15.25     3.42     2.51     0.30     1.38     0.39     0.45
Black Men       9.85    13.47     3.63     3.13     0.37     1.59     1.01     0.53
Black Women    10.59    14.55     3.96     2.57     0.17     1.92     0.45     0.32
 
 
Benchmark levels from HowMuchPoorer
 
  YearBaselineY_alt(TWTH)
----------------------
  1960   100.0   100.0
  1970   132.6   130.0
  1980   146.4   132.8
  1990   185.0   150.5
  2000   219.2   162.4
  2010   232.2   163.7
         |                                                                     
    240 +|+                                                                    
         |                                                              ****   
        #|########################################################******##     
    220 +|+##################################################*****########     
        #|###############################################****#############     
    200 +|+###########################################***#################     
        #|########################################****####################     
        #|#####################################***########################     
    180 +|+##################################**###########################     
        #|#################################**#############################     
        #|###############################**#################################   
    160 +|+############################**#################################     
        #|###########################**###################################     
        #|######################*****#####################################     
    140 +|+##############*******##########################################     
        #|################################################################     
    120 +|+###############################################################     
        #|################################################################     
        +|-------------------------------------------------------------------  
    100 ##+##########+#############+############+#############+########### +   
      1960         1970          1980         1990          2000         2010  
                                       YEAR                                    
                                                                               
         |                                                                     
    240 +|+                                                                    
         |                                                              ****   
        #|########################################################******##     
    220 +|+##################################################*****########     
        #|######################################Overall##****#############     
    200 +|+###########################################***#################     
        #|########################################****####################     
        #|#####################################***########################     
    180 +|+##################################**###########################     
        #|#################################**#############################     
        #|###############################**#################################   
    160 +|+############################**###############h######w##########     
        #|###########################**################t# and t# at 1960 levels
        #|######################*****#####################################     
    140 +|+##############*******##########################################     
        #|################################################################     
    120 +|+###############################################################     
        #|################################################################     
        +|-------------------------------------------------------------------  
    100 ##+##########+#############+############+#############+########### +   
      1960         1970          1980         1990          2000         2010  
                                       YEAR                                    
                                                                               
Place the string: OLS Slope =   0.570

      |                                                                        
 1.1 +|+                                                                       
      |                                                                        
     #|###################################################################     
     #|###############################################$  1980o  ##########     
   1 +|+############################################$$####################     
     #|##########################################$$$######################     
     #|#####################  1980m  F#########$$#########################     
     #|###############################  1980y  ###########################     
 0.9 +|+##################################$$##############################     
     #|################################$$$################################     
     #|##############################$$###################################     
     #|###########################$$$#####################################     
 0.8 +|+########################$$########################################     
     #|#######################$$##########################################     
     #|####################$$$###  1990o  ################################     
     #|##################$$###############################################     
 0.7 +|+###########  1990y  F#############################################     
     #|######  2  2000m  ####  1990m  ####################################     
     #|##########$$$  2000o  #############################################     
     +|----------------------------------------------------------------------  
 0.6 +-+#####$$##+##########+###########+###########+##########+########## +   
    0.2         0.4        0.6         0.8          1         1.2         1.4  
                                                                               
      |                                                                        
 1.1 +|+                                                                       
      |                                                                        
     #|###################################################################     
     #|###############################################$  1980o  ##########     
   1 +|+############################################$$####################     
     #|##########################################$$$######################     
     #|#####################  1980m  F#########$$#########################     
     #|###############################  1980y  ###########################     
 0.9 +|+##################################$$##############################     
     #|################################$$$################################     
     #|##############################$$###################################     
     #|###########################$$$#####################################     
 0.8 +|+########################$$########################################     
     #|#######################$$##########################################     
     #|####################$$$###  1990o  ################################     
     #|##################$$###############################################     
 0.7 +|+###########  1990y  F#############################################     
     #|######  2  2000m  ####  1990m  ####################################     
     #|##########$$$  2000o  #############################################     
     +|----------------------------------------------------------------------  
 0.6 +-+#####$$##+##########+###########+###########+##########+########## +   
    0.2         0.4        0.6         0.8          1         1.2         1.4  
                                                                               
