HowMuchPoorer_Delta1                 05-Oct-2026 
 
'HowMuchPoorer' is a script from the file /workspace/output/replication/codebase/HowMuchPoorer.m

 HowMuchPoorer.m

  Alternative approach to evaluating contribution of tau's etc.
 "Relative to 2010 in model solution, how much poorer would we be
  if ______ had occurred?"
   Ex: if tau's stayed at 1960 level?
       if tauw had not changed since 1960
       if tauh had not changed since 1960
       if only mean tau had changed since 1960, not dispersion
       if dispersion changed, but not the means

  That is, allow everything else to change as it did, other than ______
  "// Share //" row reports the contribution in terms of growth rates.



Additional help for built-in functions and operators is
available in the online version of the manual.  Use the command
'doc <topic>' to search the manual index.

Help and information about Octave is also available on the WWW
at https://www.octave.org and via the help@octave.org
mailing list.
 
=============================================================
KEY PARAMETER VALUES:    CaseName = Delta1
                   theta =  2.0000
                     eta =  0.1030
            theta*(1-eta)=  1.7940
                    dlta =  1.0000
                      mu =  0.5574
                   sigma =  3.0000
           EstimateDelta =  0.0000
           ConstrainTauH = -0.8000
PurgeWageGrowthSelection =     0
      AlphaSplitTauW1960 =  0.5000
   OccupationforWageHome = 23 Secretaries                               
   Alpha0FixedSplit =  0.5000
=============================================================
 
Concordance of short column titles and concepts:
  Y       GDP per person
  Ymkt    GDP (mkt) per person
  Ywkr    GDP (mkt) per worker
  LFP     Labor Force Participation (LFP)
  Earn    Earnings (market)
  Cons    ConsumpYoung (total)
  EarnY   EarningsYoung (market)
  gdpY    GDPYoung (market)
  GapWW   WageGapWW
  GapBM   WageGapBM
  GapBW   WageGapBW
  EarnWM  EarningsWM
  EarnWW  EarningsWW
  EarnBM  EarningsBM
  EarnBW  EarningsBW
  Util    Utility: CE-Welfare of Young
 
 
========================================================================
 How much poorer in 2010 with 1960 values of TauWTauH
========================================================================
...... 
                 Y    Ymkt    Ywkr     LFP    Earn    Cons   EarnY    gdpY   GapWW   GapBM   GapBW  EarnWM  EarnWW  EarnBM  EarnBW    Util
------------------------------------------------------------------------------------------------------------------------------------------
-- 1960 --   32478   15210   25405   0.599   18623   36874   16974   13811   0.556   0.559   0.351   14533    3136     688     266   56921
2010(alt)    53803   35715   49604   0.720   38070   48240   28004   26332   0.643   0.646   0.572   23999   10752    1672    1646   53418
-- 2010 --   54238   37570   49653   0.757   41770   51730   31794   28609   0.772   0.771   0.663   23319   14184    2134    2133   59338
Growth(alt)  0.0101  0.0171  0.0134  0.0037  0.0143  0.0054  0.0100  0.0129  0.0029  0.0029  0.0098  0.0100  0.0246  0.0178  0.0364 -0.0013
Growth(tru)  0.0103  0.0181  0.0134  0.0047  0.0162  0.0068  0.0126  0.0146  0.0066  0.0064  0.0127  0.0095  0.0302  0.0227  0.0416  0.0008
Difference   0.0002  0.0010  0.0000  0.0010  0.0019  0.0014  0.0025  0.0017  0.0036  0.0035  0.0030 -0.0006  0.0055  0.0049  0.0052  0.0021
// Share //     1.6     5.6     0.1    21.2    11.5    20.6    20.2    11.4    55.4    55.1    23.2    -6.1    18.4    21.6    12.4   252.7
 
 
 
 
========================================================================
 How much poorer in 2010 with 1960 values of TauH
========================================================================
...... 
                 Y    Ymkt    Ywkr     LFP    Earn    Cons   EarnY    gdpY   GapWW   GapBM   GapBW  EarnWM  EarnWW  EarnBM  EarnBW    Util
------------------------------------------------------------------------------------------------------------------------------------------
-- 1960 --   32478   15210   25405   0.599   18623   36874   16974   13811   0.556   0.559   0.351   14533    3136     688     266   56921
2010(alt)    53799   37254   49162   0.758   43669   52389   32086   27156   0.792   0.920   0.858   23437   14513    2726    2992   58678
-- 2010 --   54238   37570   49653   0.757   41770   51730   31794   28609   0.772   0.771   0.663   23319   14184    2134    2133   59338
Growth(alt)  0.0101  0.0179  0.0132  0.0047  0.0170  0.0070  0.0127  0.0135  0.0071  0.0099  0.0179  0.0096  0.0306  0.0275  0.0484  0.0006
Growth(tru)  0.0103  0.0181  0.0134  0.0047  0.0162  0.0068  0.0126  0.0146  0.0066  0.0064  0.0127  0.0095  0.0302  0.0227  0.0416  0.0008
Difference   0.0002  0.0002  0.0002 -0.0000 -0.0009 -0.0003 -0.0002  0.0010 -0.0005 -0.0035 -0.0052 -0.0001 -0.0005 -0.0049 -0.0068  0.0002
// Share //     1.6     0.9     1.5    -0.6    -5.5    -3.7    -1.5     7.2    -7.7   -55.1   -40.5    -1.1    -1.5   -21.6   -16.3    26.9
 
 
 
 
========================================================================
 How much poorer in 2010 with 1960 values of TauW
========================================================================
...... 
                 Y    Ymkt    Ywkr     LFP    Earn    Cons   EarnY    gdpY   GapWW   GapBM   GapBW  EarnWM  EarnWW  EarnBM  EarnBW    Util
------------------------------------------------------------------------------------------------------------------------------------------
-- 1960 --   32478   15210   25405   0.599   18623   36874   16974   13811   0.556   0.559   0.351   14533    3136     688     266   56921
2010(alt)    54871   36764   50788   0.724   38660   49814   29632   28438   0.700   0.598   0.534   23815   11980    1441    1424   55048
-- 2010 --   54238   37570   49653   0.757   41770   51730   31794   28609   0.772   0.771   0.663   23319   14184    2134    2133   59338
Growth(alt)  0.0105  0.0177  0.0139  0.0038  0.0146  0.0060  0.0111  0.0144  0.0046  0.0013  0.0084  0.0099  0.0268  0.0148  0.0335 -0.0007
Growth(tru)  0.0103  0.0181  0.0134  0.0047  0.0162  0.0068  0.0126  0.0146  0.0066  0.0064  0.0127  0.0095  0.0302  0.0227  0.0416  0.0008
Difference  -0.0002  0.0004 -0.0005  0.0009  0.0015  0.0008  0.0014  0.0001  0.0020  0.0051  0.0043 -0.0004  0.0034  0.0079  0.0081  0.0015
// Share //    -2.3     2.4    -3.4    18.9     9.6    11.2    11.2     0.8    29.8    79.1    34.0    -4.5    11.2    34.7    19.4   180.5
 
 
 
 
========================================================================
 How much poorer in 2010 with 1960 values of Both+Z
========================================================================
...... 
                 Y    Ymkt    Ywkr     LFP    Earn    Cons   EarnY    gdpY   GapWW   GapBM   GapBW  EarnWM  EarnWW  EarnBM  EarnBW    Util
------------------------------------------------------------------------------------------------------------------------------------------
-- 1960 --   32478   15210   25405   0.599   18623   36874   16974   13811   0.556   0.559   0.351   14533    3136     688     266   56921
2010(alt)    52199   31412   49046   0.640   35318   48369   27117   24168   0.563   0.508   0.412   26890    5653    1859     916   55989
-- 2010 --   54238   37570   49653   0.757   41770   51730   31794   28609   0.772   0.771   0.663   23319   14184    2134    2133   59338
Growth(alt)  0.0095  0.0145  0.0132  0.0013  0.0128  0.0054  0.0094  0.0112  0.0003 -0.0019  0.0032  0.0123  0.0118  0.0199  0.0247 -0.0003
Growth(tru)  0.0103  0.0181  0.0134  0.0047  0.0162  0.0068  0.0126  0.0146  0.0066  0.0064  0.0127  0.0095  0.0302  0.0227  0.0416  0.0008
Difference   0.0008  0.0036  0.0002  0.0033  0.0034  0.0013  0.0032  0.0034  0.0063  0.0084  0.0095 -0.0028  0.0184  0.0028  0.0169  0.0012
// Share //     7.5    19.8     1.8    71.2    20.8    19.8    25.4    23.2    95.8   130.4    74.7   -30.1    61.0    12.2    40.6   139.7
 
 
 
 
========================================================================
 How much poorer in 2010 with 1960 values of MeansOnly
========================================================================
...... 
                 Y    Ymkt    Ywkr     LFP    Earn    Cons   EarnY    gdpY   GapWW   GapBM   GapBW  EarnWM  EarnWW  EarnBM  EarnBW    Util
------------------------------------------------------------------------------------------------------------------------------------------
-- 1960 --   32478   15210   25405   0.599   18623   36874   16974   13811   0.556   0.559   0.351   14533    3136     688     266   56921
2010(alt)    54632   36374   50620   0.719   37288   47698   27550   27014   0.632   0.613   0.501   23835   10514    1540    1399   53600
-- 2010 --   54238   37570   49653   0.757   41770   51730   31794   28609   0.772   0.771   0.663   23319   14184    2134    2133   59338
Growth(alt)  0.0104  0.0174  0.0138  0.0036  0.0139  0.0051  0.0097  0.0134  0.0026  0.0018  0.0071  0.0099  0.0242  0.0161  0.0332 -0.0012
Growth(tru)  0.0103  0.0181  0.0134  0.0047  0.0162  0.0068  0.0126  0.0146  0.0066  0.0064  0.0127  0.0095  0.0302  0.0227  0.0416  0.0008
Difference  -0.0001  0.0006 -0.0004  0.0010  0.0023  0.0016  0.0029  0.0011  0.0040  0.0046  0.0056 -0.0004  0.0060  0.0065  0.0084  0.0020
// Share //    -1.4     3.6    -2.9    22.1    14.1    24.0    22.8     7.9    61.0    71.7    44.0    -4.6    19.8    28.8    20.3   244.6
 
 
 
 
========================================================================
 How much poorer in 2010 with 1960 values of DispersionOnly
========================================================================
...... 
                 Y    Ymkt    Ywkr     LFP    Earn    Cons   EarnY    gdpY   GapWW   GapBM   GapBW  EarnWM  EarnWW  EarnBM  EarnBW    Util
------------------------------------------------------------------------------------------------------------------------------------------
-- 1960 --   32478   15210   25405   0.599   18623   36874   16974   13811   0.556   0.559   0.351   14533    3136     688     266   56921
2010(alt)    53267   36773   48517   0.758   42758   52462   32412   27779   0.784   0.811   0.752   23495   14479    2302    2481   59091
-- 2010 --   54238   37570   49653   0.757   41770   51730   31794   28609   0.772   0.771   0.663   23319   14184    2134    2133   59338
Growth(alt)  0.0099  0.0177  0.0129  0.0047  0.0166  0.0071  0.0129  0.0140  0.0069  0.0074  0.0153  0.0096  0.0306  0.0242  0.0446  0.0007
Growth(tru)  0.0103  0.0181  0.0134  0.0047  0.0162  0.0068  0.0126  0.0146  0.0066  0.0064  0.0127  0.0095  0.0302  0.0227  0.0416  0.0008
Difference   0.0004  0.0004  0.0005 -0.0000 -0.0005 -0.0003 -0.0004  0.0006 -0.0003 -0.0010 -0.0025 -0.0002 -0.0004 -0.0015 -0.0030  0.0001
// Share //     3.5     2.4     3.5    -0.7    -2.9    -4.1    -3.1     4.0    -4.8   -15.8   -19.9    -1.6    -1.4    -6.7    -7.3    10.1
 
 
