HowMuchPoorer_NoFrictions2010                 05-Oct-2026 
 
'HowMuchPoorer' is a script from the file /workspace/output/replication/codebase/HowMuchPoorer.m

 HowMuchPoorer.m

  Alternative approach to evaluating contribution of tau's etc.
 "Relative to 2010 in model solution, how much poorer would we be
  if ______ had occurred?"
   Ex: if tau's stayed at 1960 level?
       if tauw had not changed since 1960
       if tauh had not changed since 1960
       if only mean tau had changed since 1960, not dispersion
       if dispersion changed, but not the means

  That is, allow everything else to change as it did, other than ______
  "// Share //" row reports the contribution in terms of growth rates.



Additional help for built-in functions and operators is
available in the online version of the manual.  Use the command
'doc <topic>' to search the manual index.

Help and information about Octave is also available on the WWW
at https://www.octave.org and via the help@octave.org
mailing list.
 
=============================================================
KEY PARAMETER VALUES:    CaseName = NoFrictions2010
                   theta =  2.0000
                     eta =  0.1030
            theta*(1-eta)=  1.7940
                    dlta =  0.0000
                      mu =  0.5574
                   sigma =  3.0000
           EstimateDelta =  0.0000
           ConstrainTauH = -0.8000
PurgeWageGrowthSelection =     0
      AlphaSplitTauW1960 =  0.5000
   OccupationforWageHome = 23 Secretaries                               
   Alpha0FixedSplit =  0.5000
NoFrictions2010 = 1 -- choosing T(i,g,2010) s.t. set tauw(2010)=tauh(2010)=0
=============================================================
 
Concordance of short column titles and concepts:
  Y       GDP per person
  Ymkt    GDP (mkt) per person
  Ywkr    GDP (mkt) per worker
  LFP     Labor Force Participation (LFP)
  Earn    Earnings (market)
  Cons    ConsumpYoung (total)
  EarnY   EarningsYoung (market)
  gdpY    GDPYoung (market)
  GapWW   WageGapWW
  GapBM   WageGapBM
  GapBW   WageGapBW
  EarnWM  EarningsWM
  EarnWW  EarningsWW
  EarnBM  EarningsBM
  EarnBW  EarningsBW
  Util    Utility: CE-Welfare of Young
 
 
========================================================================
 How much poorer in 2010 with 1960 values of TauWTauH
========================================================================
...... 
                 Y    Ymkt    Ywkr     LFP    Earn    Cons   EarnY    gdpY   GapWW   GapBM   GapBW  EarnWM  EarnWW  EarnBM  EarnBW    Util
------------------------------------------------------------------------------------------------------------------------------------------
-- 1960 --   24740   17670   29516   0.599   18617   27654   16972   15934   0.556   0.560   0.350   14529    3135     688     266   22293
2010(alt)    42551   29244   47678   0.613   31213   38460   22837   21453   0.473   0.582   0.415   23985    4835    1579     813   23725
-- 2010 --   51839   38718   51725   0.749   42674   49047   31255   28358   0.877   0.749   0.693   22875   15619    2017    2163   30455
Growth(alt)  0.0108  0.0101  0.0096  0.0005  0.0103  0.0066  0.0059  0.0059 -0.0032  0.0008  0.0034  0.0100  0.0087  0.0166  0.0224  0.0012
Growth(tru)  0.0148  0.0157  0.0112  0.0045  0.0166  0.0115  0.0122  0.0115  0.0091  0.0058  0.0136  0.0091  0.0321  0.0215  0.0419  0.0062
Difference   0.0039  0.0056  0.0016  0.0040  0.0063  0.0049  0.0063  0.0056  0.0123  0.0050  0.0102 -0.0009  0.0235  0.0049  0.0196  0.0050
// Share //    26.7    35.8    14.5    89.1    37.7    42.4    51.4    48.4   135.3    86.3    75.1   -10.4    73.0    22.7    46.7    80.0
 
 
 
 
========================================================================
 How much poorer in 2010 with 1960 values of TauH
========================================================================
...... 
                 Y    Ymkt    Ywkr     LFP    Earn    Cons   EarnY    gdpY   GapWW   GapBM   GapBW  EarnWM  EarnWW  EarnBM  EarnBW    Util
------------------------------------------------------------------------------------------------------------------------------------------
-- 1960 --   24740   17670   29516   0.599   18617   27654   16972   15934   0.556   0.560   0.350   14529    3135     688     266   22293
2010(alt)    43883   31130   44681   0.697   34905   41629   25330   22591   0.562   0.572   0.435   23800    8159    1656    1290   25666
-- 2010 --   51839   38718   51725   0.749   42674   49047   31255   28358   0.877   0.749   0.693   22875   15619    2017    2163   30455
Growth(alt)  0.0115  0.0113  0.0083  0.0030  0.0126  0.0082  0.0080  0.0070  0.0002  0.0005  0.0043  0.0099  0.0191  0.0176  0.0316  0.0028
Growth(tru)  0.0148  0.0157  0.0112  0.0045  0.0166  0.0115  0.0122  0.0115  0.0091  0.0058  0.0136  0.0091  0.0321  0.0215  0.0419  0.0062
Difference   0.0033  0.0044  0.0029  0.0014  0.0040  0.0033  0.0042  0.0045  0.0089  0.0054  0.0093 -0.0008  0.0130  0.0040  0.0103  0.0034
// Share //    22.5    27.8    26.1    32.1    24.2    28.6    34.4    39.4    97.7    92.2    68.3    -8.7    40.4    18.4    24.6    54.8
 
 
 
 
========================================================================
 How much poorer in 2010 with 1960 values of TauW
========================================================================
...... 
                 Y    Ymkt    Ywkr     LFP    Earn    Cons   EarnY    gdpY   GapWW   GapBM   GapBW  EarnWM  EarnWW  EarnBM  EarnBW    Util
------------------------------------------------------------------------------------------------------------------------------------------
-- 1960 --   24740   17670   29516   0.599   18617   27654   16972   15934   0.556   0.560   0.350   14529    3135     688     266   22293
2010(alt)    49299   35521   53807   0.660   33956   41695   25249   25947   0.613   0.643   0.497   23167    8126    1570    1093   26303
-- 2010 --   51839   38718   51725   0.749   42674   49047   31255   28358   0.877   0.749   0.693   22875   15619    2017    2163   30455
Growth(alt)  0.0138  0.0140  0.0120  0.0020  0.0120  0.0082  0.0079  0.0098  0.0020  0.0028  0.0070  0.0093  0.0190  0.0165  0.0283  0.0033
Growth(tru)  0.0148  0.0157  0.0112  0.0045  0.0166  0.0115  0.0122  0.0115  0.0091  0.0058  0.0136  0.0091  0.0321  0.0215  0.0419  0.0062
Difference   0.0010  0.0017 -0.0008  0.0025  0.0046  0.0032  0.0043  0.0018  0.0071  0.0031  0.0066 -0.0003  0.0131  0.0050  0.0136  0.0029
// Share //     6.8    11.0    -7.0    56.2    27.5    28.3    35.0    15.4    78.4    52.6    48.7    -2.8    40.7    23.3    32.5    47.0
 
 
 
 
========================================================================
 How much poorer in 2010 with 1960 values of Both+Z
========================================================================
...... 
                 Y    Ymkt    Ywkr     LFP    Earn    Cons   EarnY    gdpY   GapWW   GapBM   GapBW  EarnWM  EarnWW  EarnBM  EarnBW    Util
------------------------------------------------------------------------------------------------------------------------------------------
-- 1960 --   24740   17670   29516   0.599   18617   27654   16972   15934   0.556   0.560   0.350   14529    3135     688     266   22293
2010(alt)    42606   29291   50244   0.583   31369   38761   23104   21622   0.593   0.549   0.456   24521    4338    1728     782   25211
-- 2010 --   51839   38718   51725   0.749   42674   49047   31255   28358   0.877   0.749   0.693   22875   15619    2017    2163   30455
Growth(alt)  0.0109  0.0101  0.0106 -0.0005  0.0104  0.0068  0.0062  0.0061  0.0013 -0.0004  0.0053  0.0105  0.0065  0.0184  0.0216  0.0025
Growth(tru)  0.0148  0.0157  0.0112  0.0045  0.0166  0.0115  0.0122  0.0115  0.0091  0.0058  0.0136  0.0091  0.0321  0.0215  0.0419  0.0062
Difference   0.0039  0.0056  0.0006  0.0050  0.0062  0.0047  0.0060  0.0054  0.0078  0.0062  0.0084 -0.0014  0.0256  0.0031  0.0204  0.0038
// Share //    26.5    35.6     5.2   111.9    37.1    41.1    49.5    47.0    85.9   106.8    61.3   -15.3    79.8    14.4    48.5    60.6
 
 
 
 
========================================================================
 How much poorer in 2010 with 1960 values of MeansOnly
========================================================================
...... 
                 Y    Ymkt    Ywkr     LFP    Earn    Cons   EarnY    gdpY   GapWW   GapBM   GapBW  EarnWM  EarnWW  EarnBM  EarnBW    Util
------------------------------------------------------------------------------------------------------------------------------------------
-- 1960 --   24740   17670   29516   0.599   18617   27654   16972   15934   0.556   0.560   0.350   14529    3135     688     266   22293
2010(alt)    41164   27612   49936   0.553   28618   36369   20977   20474   0.454   0.522   0.357   23735    3391    1041     451   21805
-- 2010 --   51839   38718   51725   0.749   42674   49047   31255   28358   0.877   0.749   0.693   22875   15619    2017    2163   30455
Growth(alt)  0.0102  0.0089  0.0105 -0.0016  0.0086  0.0055  0.0042  0.0050 -0.0041 -0.0014  0.0004  0.0098  0.0016  0.0083  0.0106 -0.0004
Growth(tru)  0.0148  0.0157  0.0112  0.0045  0.0166  0.0115  0.0122  0.0115  0.0091  0.0058  0.0136  0.0091  0.0321  0.0215  0.0419  0.0062
Difference   0.0046  0.0068  0.0007  0.0061  0.0080  0.0060  0.0080  0.0065  0.0132  0.0072  0.0133 -0.0007  0.0305  0.0132  0.0314  0.0067
// Share //    31.2    43.1     6.3   135.5    48.2    52.2    65.3    56.5   144.6   124.1    97.2    -8.1    95.1    61.5    74.8   107.1
 
 
 
 
========================================================================
 How much poorer in 2010 with 1960 values of DispersionOnly
========================================================================
...... 
                 Y    Ymkt    Ywkr     LFP    Earn    Cons   EarnY    gdpY   GapWW   GapBM   GapBW  EarnWM  EarnWW  EarnBM  EarnBW    Util
------------------------------------------------------------------------------------------------------------------------------------------
-- 1960 --   24740   17670   29516   0.599   18617   27654   16972   15934   0.556   0.560   0.350   14529    3135     688     266   22293
2010(alt)    51508   38719   50117   0.773   45737   51549   33537   28057   0.889   0.825   0.779   23411   17044    2626    2655   32793
-- 2010 --   51839   38718   51725   0.749   42674   49047   31255   28358   0.877   0.749   0.693   22875   15619    2017    2163   30455
Growth(alt)  0.0147  0.0157  0.0106  0.0051  0.0180  0.0125  0.0136  0.0113  0.0094  0.0078  0.0160  0.0095  0.0339  0.0268  0.0460  0.0077
Growth(tru)  0.0148  0.0157  0.0112  0.0045  0.0166  0.0115  0.0122  0.0115  0.0091  0.0058  0.0136  0.0091  0.0321  0.0215  0.0419  0.0062
Difference   0.0001 -0.0000  0.0006 -0.0006 -0.0014 -0.0010 -0.0014  0.0002 -0.0003 -0.0019 -0.0023 -0.0005 -0.0017 -0.0053 -0.0041 -0.0015
// Share //     0.9    -0.0     5.6   -14.1    -8.4    -8.7   -11.5     1.9    -3.0   -33.0   -17.2    -5.1    -5.4   -24.5    -9.8   -23.7
 
 
