HowMuchPoorer_EstimateDelta                 05-Oct-2026 
 
'HowMuchPoorer' is a script from the file /workspace/output/replication/codebase/HowMuchPoorer.m

 HowMuchPoorer.m

  Alternative approach to evaluating contribution of tau's etc.
 "Relative to 2010 in model solution, how much poorer would we be
  if ______ had occurred?"
   Ex: if tau's stayed at 1960 level?
       if tauw had not changed since 1960
       if tauh had not changed since 1960
       if only mean tau had changed since 1960, not dispersion
       if dispersion changed, but not the means

  That is, allow everything else to change as it did, other than ______
  "// Share //" row reports the contribution in terms of growth rates.



Additional help for built-in functions and operators is
available in the online version of the manual.  Use the command
'doc <topic>' to search the manual index.

Help and information about Octave is also available on the WWW
at https://www.octave.org and via the help@octave.org
mailing list.
 
=============================================================
KEY PARAMETER VALUES:    CaseName = EstimateDelta
                   theta =  2.0000
                     eta =  0.1030
            theta*(1-eta)=  1.7940
                    dlta =  0.2159
                      mu =  0.5574
                   sigma =  3.0000
           EstimateDelta =  1.0000
           ConstrainTauH = -0.8000
PurgeWageGrowthSelection =     0
      AlphaSplitTauW1960 =  0.5000
   OccupationforWageHome = 23 Secretaries                               
   Alpha0FixedSplit =  0.5000
=============================================================
 
Concordance of short column titles and concepts:
  Y       GDP per person
  Ymkt    GDP (mkt) per person
  Ywkr    GDP (mkt) per worker
  LFP     Labor Force Participation (LFP)
  Earn    Earnings (market)
  Cons    ConsumpYoung (total)
  EarnY   EarningsYoung (market)
  gdpY    GDPYoung (market)
  GapWW   WageGapWW
  GapBM   WageGapBM
  GapBW   WageGapBW
  EarnWM  EarningsWM
  EarnWW  EarningsWW
  EarnBM  EarningsBM
  EarnBW  EarningsBW
  Util    Utility: CE-Welfare of Young
 
 
========================================================================
 How much poorer in 2010 with 1960 values of TauWTauH
========================================================================
...... 
                 Y    Ymkt    Ywkr     LFP    Earn    Cons   EarnY    gdpY   GapWW   GapBM   GapBW  EarnWM  EarnWW  EarnBM  EarnBW    Util
------------------------------------------------------------------------------------------------------------------------------------------
-- 1960 --   25046   17151   28770   0.596   18375   26466   16457   15233   0.571   0.558   0.360   14296    3140     673     266   29563
2010(alt)    40899   28770   47086   0.611   30183   36572   22091   21018   0.494   0.597   0.429   22945    4995    1454     789   29616
-- 2010 --   51162   39187   53496   0.733   40383   46029   29662   28903   0.866   0.826   0.728   21782   14414    2072    2115   37872
Growth(alt)  0.0098  0.0103  0.0099  0.0005  0.0099  0.0065  0.0059  0.0064 -0.0029  0.0014  0.0035  0.0095  0.0093  0.0154  0.0218  0.0000
Growth(tru)  0.0143  0.0165  0.0124  0.0041  0.0157  0.0111  0.0118  0.0128  0.0083  0.0078  0.0141  0.0084  0.0305  0.0225  0.0415  0.0050
Difference   0.0045  0.0062  0.0026  0.0036  0.0058  0.0046  0.0059  0.0064  0.0112  0.0065  0.0105 -0.0010  0.0212  0.0071  0.0197  0.0049
// Share //    31.3    37.4    20.6    88.1    37.0    41.6    50.0    49.7   134.8    82.8    74.9   -12.3    69.5    31.5    47.5    99.3
 
 
 
 
========================================================================
 How much poorer in 2010 with 1960 values of TauH
========================================================================
...... 
                 Y    Ymkt    Ywkr     LFP    Earn    Cons   EarnY    gdpY   GapWW   GapBM   GapBW  EarnWM  EarnWW  EarnBM  EarnBW    Util
------------------------------------------------------------------------------------------------------------------------------------------
-- 1960 --   25046   17151   28770   0.596   18375   26466   16457   15233   0.571   0.558   0.360   14296    3140     673     266   29563
2010(alt)    41521   30044   43584   0.689   34681   40435   25577   21953   0.596   0.777   0.563   22713    8156    2228    1585   33513
-- 2010 --   51162   39187   53496   0.733   40383   46029   29662   28903   0.866   0.826   0.728   21782   14414    2072    2115   37872
Growth(alt)  0.0101  0.0112  0.0083  0.0029  0.0127  0.0085  0.0088  0.0073  0.0009  0.0066  0.0089  0.0093  0.0191  0.0239  0.0357  0.0025
Growth(tru)  0.0143  0.0165  0.0124  0.0041  0.0157  0.0111  0.0118  0.0128  0.0083  0.0078  0.0141  0.0084  0.0305  0.0225  0.0415  0.0050
Difference   0.0042  0.0053  0.0041  0.0012  0.0030  0.0026  0.0030  0.0055  0.0075  0.0012  0.0051 -0.0008  0.0114 -0.0014  0.0058  0.0024
// Share //    29.2    32.2    33.0    29.5    19.3    23.4    25.2    42.9    89.6    15.6    36.5    -9.9    37.4    -6.4    13.9    49.4
 
 
 
 
========================================================================
 How much poorer in 2010 with 1960 values of TauW
========================================================================
...... 
                 Y    Ymkt    Ywkr     LFP    Earn    Cons   EarnY    gdpY   GapWW   GapBM   GapBW  EarnWM  EarnWW  EarnBM  EarnBW    Util
------------------------------------------------------------------------------------------------------------------------------------------
-- 1960 --   25046   17151   28770   0.596   18375   26466   16457   15233   0.571   0.558   0.360   14296    3140     673     266   29563
2010(alt)    49775   37153   56018   0.663   33896   40343   24783   27362   0.690   0.663   0.560   22045    9289    1378    1183   33208
-- 2010 --   51162   39187   53496   0.733   40383   46029   29662   28903   0.866   0.826   0.728   21782   14414    2072    2115   37872
Growth(alt)  0.0137  0.0155  0.0133  0.0021  0.0122  0.0084  0.0082  0.0117  0.0038  0.0034  0.0088  0.0087  0.0217  0.0143  0.0299  0.0023
Growth(tru)  0.0143  0.0165  0.0124  0.0041  0.0157  0.0111  0.0118  0.0128  0.0083  0.0078  0.0141  0.0084  0.0305  0.0225  0.0415  0.0050
Difference   0.0005  0.0011 -0.0009  0.0020  0.0035  0.0026  0.0036  0.0011  0.0046  0.0044  0.0052 -0.0002  0.0088  0.0082  0.0116  0.0026
// Share //     3.8     6.5    -7.4    48.2    22.2    23.8    30.5     8.6    54.5    56.1    37.2    -2.8    28.8    36.3    28.0    53.1
 
 
 
 
========================================================================
 How much poorer in 2010 with 1960 values of Both+Z
========================================================================
...... 
                 Y    Ymkt    Ywkr     LFP    Earn    Cons   EarnY    gdpY   GapWW   GapBM   GapBW  EarnWM  EarnWW  EarnBM  EarnBW    Util
------------------------------------------------------------------------------------------------------------------------------------------
-- 1960 --   25046   17151   28770   0.596   18375   26466   16457   15233   0.571   0.558   0.360   14296    3140     673     266   29563
2010(alt)    40629   28422   49440   0.575   30218   36924   22411   21031   0.630   0.540   0.464   23652    4223    1618     725   31755
-- 2010 --   51162   39187   53496   0.733   40383   46029   29662   28903   0.866   0.826   0.728   21782   14414    2072    2115   37872
Growth(alt)  0.0097  0.0101  0.0108 -0.0007  0.0099  0.0067  0.0062  0.0065  0.0020 -0.0007  0.0051  0.0101  0.0059  0.0175  0.0201  0.0014
Growth(tru)  0.0143  0.0165  0.0124  0.0041  0.0157  0.0111  0.0118  0.0128  0.0083  0.0078  0.0141  0.0084  0.0305  0.0225  0.0415  0.0050
Difference   0.0046  0.0064  0.0016  0.0048  0.0058  0.0044  0.0056  0.0064  0.0064  0.0085  0.0090 -0.0016  0.0246  0.0049  0.0214  0.0035
// Share //    32.3    38.9    12.7   117.6    36.8    39.8    47.6    49.6    76.3   108.5    63.9   -19.6    80.6    22.0    51.6    71.1
 
 
 
 
========================================================================
 How much poorer in 2010 with 1960 values of MeansOnly
========================================================================
...... 
                 Y    Ymkt    Ywkr     LFP    Earn    Cons   EarnY    gdpY   GapWW   GapBM   GapBW  EarnWM  EarnWW  EarnBM  EarnBW    Util
------------------------------------------------------------------------------------------------------------------------------------------
-- 1960 --   25046   17151   28770   0.596   18375   26466   16457   15233   0.571   0.558   0.360   14296    3140     673     266   29563
2010(alt)    41064   28587   49994   0.572   28747   35449   21007   21062   0.509   0.583   0.426   22743    4267    1141     596   28303
-- 2010 --   51162   39187   53496   0.733   40383   46029   29662   28903   0.866   0.826   0.728   21782   14414    2072    2115   37872
Growth(alt)  0.0099  0.0102  0.0111 -0.0008  0.0090  0.0058  0.0049  0.0065 -0.0023  0.0009  0.0034  0.0093  0.0061  0.0105  0.0162 -0.0009
Growth(tru)  0.0143  0.0165  0.0124  0.0041  0.0157  0.0111  0.0118  0.0128  0.0083  0.0078  0.0141  0.0084  0.0305  0.0225  0.0415  0.0050
Difference   0.0044  0.0063  0.0014  0.0050  0.0068  0.0052  0.0069  0.0063  0.0107  0.0070  0.0107 -0.0009  0.0243  0.0119  0.0253  0.0058
// Share //    30.8    38.2    10.9   120.2    43.2    47.2    58.6    49.4   127.7    89.0    76.0   -10.2    79.9    53.1    61.0   117.6
 
 
 
 
========================================================================
 How much poorer in 2010 with 1960 values of DispersionOnly
========================================================================
...... 
                 Y    Ymkt    Ywkr     LFP    Earn    Cons   EarnY    gdpY   GapWW   GapBM   GapBW  EarnWM  EarnWW  EarnBM  EarnBW    Util
------------------------------------------------------------------------------------------------------------------------------------------
-- 1960 --   25046   17151   28770   0.596   18375   26466   16457   15233   0.571   0.558   0.360   14296    3140     673     266   29563
2010(alt)    48612   37009   49759   0.744   40502   45867   29741   26927   0.798   0.858   0.733   22108   13593    2504    2298   38189
-- 2010 --   51162   39187   53496   0.733   40383   46029   29662   28903   0.866   0.826   0.728   21782   14414    2072    2115   37872
Growth(alt)  0.0133  0.0154  0.0110  0.0044  0.0158  0.0110  0.0118  0.0114  0.0067  0.0086  0.0142  0.0087  0.0293  0.0263  0.0432  0.0051
Growth(tru)  0.0143  0.0165  0.0124  0.0041  0.0157  0.0111  0.0118  0.0128  0.0083  0.0078  0.0141  0.0084  0.0305  0.0225  0.0415  0.0050
Difference   0.0010  0.0011  0.0014 -0.0003 -0.0001  0.0001 -0.0001  0.0014  0.0016 -0.0008 -0.0002 -0.0003  0.0012 -0.0038 -0.0017 -0.0002
// Share //     7.2     6.9    11.7    -7.4    -0.4     0.6    -0.5    11.1    19.7    -9.8    -1.1    -3.5     3.8   -16.8    -4.0    -3.4
 
 
