HowMuchPoorer_SigmaCobb                 05-Oct-2026 
 
'HowMuchPoorer' is a script from the file /workspace/output/replication/codebase/HowMuchPoorer.m

 HowMuchPoorer.m

  Alternative approach to evaluating contribution of tau's etc.
 "Relative to 2010 in model solution, how much poorer would we be
  if ______ had occurred?"
   Ex: if tau's stayed at 1960 level?
       if tauw had not changed since 1960
       if tauh had not changed since 1960
       if only mean tau had changed since 1960, not dispersion
       if dispersion changed, but not the means

  That is, allow everything else to change as it did, other than ______
  "// Share //" row reports the contribution in terms of growth rates.



Additional help for built-in functions and operators is
available in the online version of the manual.  Use the command
'doc <topic>' to search the manual index.

Help and information about Octave is also available on the WWW
at https://www.octave.org and via the help@octave.org
mailing list.
 
=============================================================
KEY PARAMETER VALUES:    CaseName = SigmaCobb
                   theta =  2.0000
                     eta =  0.1030
            theta*(1-eta)=  1.7940
                    dlta =  0.0000
                      mu =  0.5574
                   sigma =  1.0500
           EstimateDelta =  0.0000
           ConstrainTauH = -0.8000
PurgeWageGrowthSelection =     0
      AlphaSplitTauW1960 =  0.5000
   OccupationforWageHome = 23 Secretaries                               
   Alpha0FixedSplit =  0.5000
=============================================================
 
Concordance of short column titles and concepts:
  Y       GDP per person
  Ymkt    GDP (mkt) per person
  Ywkr    GDP (mkt) per worker
  LFP     Labor Force Participation (LFP)
  Earn    Earnings (market)
  Cons    ConsumpYoung (total)
  EarnY   EarningsYoung (market)
  gdpY    GDPYoung (market)
  GapWW   WageGapWW
  GapBM   WageGapBM
  GapBW   WageGapBW
  EarnWM  EarningsWM
  EarnWW  EarningsWW
  EarnBM  EarningsBM
  EarnBW  EarningsBW
  Util    Utility: CE-Welfare of Young
 
 
========================================================================
 How much poorer in 2010 with 1960 values of TauWTauH
========================================================================
...... 
                 Y    Ymkt    Ywkr     LFP    Earn    Cons   EarnY    gdpY   GapWW   GapBM   GapBW  EarnWM  EarnWW  EarnBM  EarnBW    Util
------------------------------------------------------------------------------------------------------------------------------------------
-- 1960 --   24734     225     375   0.599   18615   27595   16938     201   0.554   0.559   0.350   14535    3126     687     266   22265
2010(alt)    41717     717    1127   0.636   32028   37117   23335     521   0.391   0.497   0.338   25548    4338    1432     710   20821
-- 2010 --   54294     999    1358   0.736   42004   48509   30479     727   0.869   0.782   0.712   22669   15137    2044    2154   29612
Growth(alt)  0.0105  0.0232  0.0220  0.0012  0.0109  0.0059  0.0064  0.0191 -0.0070 -0.0024 -0.0007  0.0113  0.0066  0.0147  0.0196 -0.0013
Growth(tru)  0.0157  0.0299  0.0257  0.0041  0.0163  0.0113  0.0117  0.0258  0.0090  0.0067  0.0142  0.0089  0.0315  0.0218  0.0418  0.0057
Difference   0.0053  0.0066  0.0037  0.0029  0.0054  0.0054  0.0053  0.0067  0.0160  0.0091  0.0149 -0.0024  0.0250  0.0071  0.0222  0.0070
// Share //    33.5    22.2    14.5    70.3    33.3    47.5    45.5    25.8   177.9   135.1   104.9   -26.9    79.2    32.7    53.1   123.5
 
 
 
 
========================================================================
 How much poorer in 2010 with 1960 values of TauH
========================================================================
...... 
                 Y    Ymkt    Ywkr     LFP    Earn    Cons   EarnY    gdpY   GapWW   GapBM   GapBW  EarnWM  EarnWW  EarnBM  EarnBW    Util
------------------------------------------------------------------------------------------------------------------------------------------
-- 1960 --   24734     225     375   0.599   18615   27595   16938     201   0.554   0.559   0.350   14535    3126     687     266   22265
2010(alt)    42455     743    1047   0.710   36177   41251   26517     540   0.504   0.657   0.453   25132    7541    2118    1386   24172
-- 2010 --   54294     999    1358   0.736   42004   48509   30479     727   0.869   0.782   0.712   22669   15137    2044    2154   29612
Growth(alt)  0.0108  0.0239  0.0205  0.0034  0.0133  0.0080  0.0090  0.0198 -0.0019  0.0033  0.0052  0.0110  0.0176  0.0225  0.0330  0.0016
Growth(tru)  0.0157  0.0299  0.0257  0.0041  0.0163  0.0113  0.0117  0.0258  0.0090  0.0067  0.0142  0.0089  0.0315  0.0218  0.0418  0.0057
Difference   0.0049  0.0059  0.0052  0.0007  0.0030  0.0032  0.0028  0.0059  0.0109  0.0035  0.0091 -0.0021  0.0139 -0.0007  0.0088  0.0041
// Share //    31.3    19.8    20.2    17.4    18.4    28.7    23.7    23.1   121.1    51.6    63.7   -23.2    44.2    -3.2    21.1    71.2
 
 
 
 
========================================================================
 How much poorer in 2010 with 1960 values of TauW
========================================================================
...... 
                 Y    Ymkt    Ywkr     LFP    Earn    Cons   EarnY    gdpY   GapWW   GapBM   GapBW  EarnWM  EarnWW  EarnBM  EarnBW    Util
------------------------------------------------------------------------------------------------------------------------------------------
-- 1960 --   24734     225     375   0.599   18615   27595   16938     201   0.554   0.559   0.350   14535    3126     687     266   22265
2010(alt)    52527     947    1412   0.671   34695   41332   25072     687   0.638   0.610   0.516   23266    8898    1378    1153   24986
-- 2010 --   54294     999    1358   0.736   42004   48509   30479     727   0.869   0.782   0.712   22669   15137    2044    2154   29612
Growth(alt)  0.0151  0.0288  0.0265  0.0023  0.0125  0.0081  0.0078  0.0246  0.0028  0.0018  0.0078  0.0094  0.0209  0.0139  0.0293  0.0023
Growth(tru)  0.0157  0.0299  0.0257  0.0041  0.0163  0.0113  0.0117  0.0258  0.0090  0.0067  0.0142  0.0089  0.0315  0.0218  0.0418  0.0057
Difference   0.0007  0.0011 -0.0008  0.0019  0.0038  0.0032  0.0039  0.0011  0.0062  0.0050  0.0065 -0.0005  0.0106  0.0079  0.0125  0.0034
// Share //     4.2     3.6    -3.0    45.0    23.5    28.4    33.2     4.4    68.6    73.7    45.4    -5.9    33.7    36.2    29.9    59.6
 
 
 
 
========================================================================
 How much poorer in 2010 with 1960 values of Both+Z
========================================================================
...... 
                 Y    Ymkt    Ywkr     LFP    Earn    Cons   EarnY    gdpY   GapWW   GapBM   GapBW  EarnWM  EarnWW  EarnBM  EarnBW    Util
------------------------------------------------------------------------------------------------------------------------------------------
-- 1960 --   24734     225     375   0.599   18615   27595   16938     201   0.554   0.559   0.350   14535    3126     687     266   22265
2010(alt)    41752     718    1176   0.611   32232   37364   23603     524   0.474   0.483   0.369   25900    4013    1617     702   22725
-- 2010 --   54294     999    1358   0.736   42004   48509   30479     727   0.869   0.782   0.712   22669   15137    2044    2154   29612
Growth(alt)  0.0105  0.0233  0.0229  0.0004  0.0110  0.0061  0.0066  0.0192 -0.0031 -0.0029  0.0011  0.0116  0.0050  0.0171  0.0194  0.0004
Growth(tru)  0.0157  0.0299  0.0257  0.0041  0.0163  0.0113  0.0117  0.0258  0.0090  0.0067  0.0142  0.0089  0.0315  0.0218  0.0418  0.0057
Difference   0.0053  0.0066  0.0029  0.0037  0.0053  0.0052  0.0051  0.0065  0.0121  0.0096  0.0132 -0.0027  0.0266  0.0047  0.0224  0.0053
// Share //    33.4    22.1    11.1    90.4    32.5    46.3    43.5    25.4   134.9   143.4    92.5   -30.0    84.2    21.5    53.6    92.8
 
 
 
 
========================================================================
 How much poorer in 2010 with 1960 values of MeansOnly
========================================================================
...... 
                 Y    Ymkt    Ywkr     LFP    Earn    Cons   EarnY    gdpY   GapWW   GapBM   GapBW  EarnWM  EarnWW  EarnBM  EarnBW    Util
------------------------------------------------------------------------------------------------------------------------------------------
-- 1960 --   24734     225     375   0.599   18615   27595   16938     201   0.554   0.559   0.350   14535    3126     687     266   22265
2010(alt)    42031     720    1180   0.611   30731   35958   22381     530   0.425   0.487   0.350   24833    4184    1140     574   20129
-- 2010 --   54294     999    1358   0.736   42004   48509   30479     727   0.869   0.782   0.712   22669   15137    2044    2154   29612
Growth(alt)  0.0106  0.0233  0.0229  0.0004  0.0100  0.0053  0.0056  0.0194 -0.0053 -0.0028  0.0000  0.0107  0.0058  0.0101  0.0154 -0.0020
Growth(tru)  0.0157  0.0299  0.0257  0.0041  0.0163  0.0113  0.0117  0.0258  0.0090  0.0067  0.0142  0.0089  0.0315  0.0218  0.0418  0.0057
Difference   0.0051  0.0065  0.0028  0.0037  0.0062  0.0060  0.0062  0.0063  0.0143  0.0095  0.0142 -0.0018  0.0257  0.0117  0.0265  0.0077
// Share //    32.6    21.9    10.9    90.5    38.4    53.1    52.6    24.6   159.2   141.1    99.9   -20.5    81.5    53.6    63.2   135.4
 
 
 
 
========================================================================
 How much poorer in 2010 with 1960 values of DispersionOnly
========================================================================
...... 
                 Y    Ymkt    Ywkr     LFP    Earn    Cons   EarnY    gdpY   GapWW   GapBM   GapBW  EarnWM  EarnWW  EarnBM  EarnBW    Util
------------------------------------------------------------------------------------------------------------------------------------------
-- 1960 --   24734     225     375   0.599   18615   27595   16938     201   0.554   0.559   0.350   14535    3126     687     266   22265
2010(alt)    50632     921    1240   0.743   41213   47154   29956     662   0.732   0.781   0.647   23666   13010    2444    2094   28613
-- 2010 --   54294     999    1358   0.736   42004   48509   30479     727   0.869   0.782   0.712   22669   15137    2044    2154   29612
Growth(alt)  0.0143  0.0282  0.0239  0.0043  0.0159  0.0107  0.0114  0.0239  0.0056  0.0067  0.0123  0.0097  0.0285  0.0254  0.0413  0.0050
Growth(tru)  0.0157  0.0299  0.0257  0.0041  0.0163  0.0113  0.0117  0.0258  0.0090  0.0067  0.0142  0.0089  0.0315  0.0218  0.0418  0.0057
Difference   0.0014  0.0016  0.0018 -0.0002  0.0004  0.0006  0.0003  0.0019  0.0034  0.0000  0.0019 -0.0009  0.0030 -0.0036  0.0006  0.0007
// Share //     8.9     5.4     7.0    -4.4     2.3     5.0     2.9     7.3    38.2     0.1    13.6    -9.7     9.6   -16.4     1.3    12.0
 
 
