HowMuchPoorer_Theta4                 05-Oct-2026 
 
'HowMuchPoorer' is a script from the file /workspace/output/replication/codebase/HowMuchPoorer.m

 HowMuchPoorer.m

  Alternative approach to evaluating contribution of tau's etc.
 "Relative to 2010 in model solution, how much poorer would we be
  if ______ had occurred?"
   Ex: if tau's stayed at 1960 level?
       if tauw had not changed since 1960
       if tauh had not changed since 1960
       if only mean tau had changed since 1960, not dispersion
       if dispersion changed, but not the means

  That is, allow everything else to change as it did, other than ______
  "// Share //" row reports the contribution in terms of growth rates.



Additional help for built-in functions and operators is
available in the online version of the manual.  Use the command
'doc <topic>' to search the manual index.

Help and information about Octave is also available on the WWW
at https://www.octave.org and via the help@octave.org
mailing list.
 
=============================================================
KEY PARAMETER VALUES:    CaseName = Theta4
                   theta =  4.0000
                     eta =  0.1030
            theta*(1-eta)=  3.5880
                    dlta =  0.0000
                      mu =  0.2787
                   sigma =  3.0000
           EstimateDelta =  0.0000
           ConstrainTauH = -0.8000
PurgeWageGrowthSelection =     0
      AlphaSplitTauW1960 =  0.5000
   OccupationforWageHome = 23 Secretaries                               
   Alpha0FixedSplit =  0.5000
=============================================================
 
Concordance of short column titles and concepts:
  Y       GDP per person
  Ymkt    GDP (mkt) per person
  Ywkr    GDP (mkt) per worker
  LFP     Labor Force Participation (LFP)
  Earn    Earnings (market)
  Cons    ConsumpYoung (total)
  EarnY   EarningsYoung (market)
  gdpY    GDPYoung (market)
  GapWW   WageGapWW
  GapBM   WageGapBM
  GapBW   WageGapBW
  EarnWM  EarningsWM
  EarnWW  EarningsWW
  EarnBM  EarningsBM
  EarnBW  EarningsBW
  Util    Utility: CE-Welfare of Young
 
 
========================================================================
 How much poorer in 2010 with 1960 values of TauWTauH
========================================================================
...... 
                 Y    Ymkt    Ywkr     LFP    Earn    Cons   EarnY    gdpY   GapWW   GapBM   GapBW  EarnWM  EarnWW  EarnBM  EarnBW    Util
------------------------------------------------------------------------------------------------------------------------------------------
-- 1960 --   27269   16601   27728   0.599   18617   30560   16968   14973   0.556   0.559   0.350   14529    3135     687     265   35008
2010(alt)    46462   30234   49093   0.616   33282   42639   24631   22319   0.511   0.550   0.449   25780    5151    1529     822   32973
-- 2010 --   54912   40189   53567   0.750   42089   50284   31501   30147   0.805   0.780   0.686   23170   14624    2123    2172   39627
Growth(alt)  0.0107  0.0120  0.0114  0.0006  0.0116  0.0067  0.0075  0.0080 -0.0017 -0.0003  0.0050  0.0115  0.0099  0.0160  0.0226 -0.0012
Growth(tru)  0.0140  0.0177  0.0132  0.0045  0.0163  0.0100  0.0124  0.0140  0.0074  0.0067  0.0135  0.0093  0.0308  0.0226  0.0421  0.0025
Difference   0.0033  0.0057  0.0017  0.0039  0.0047  0.0033  0.0049  0.0060  0.0091  0.0070  0.0085 -0.0021  0.0209  0.0066  0.0194  0.0037
// Share //    23.9    32.2    13.2    87.5    28.8    33.1    39.8    43.0   122.9   104.8    62.9   -22.9    67.8    29.1    46.2   148.3
 
 
 
 
========================================================================
 How much poorer in 2010 with 1960 values of TauH
========================================================================
...... 
                 Y    Ymkt    Ywkr     LFP    Earn    Cons   EarnY    gdpY   GapWW   GapBM   GapBW  EarnWM  EarnWW  EarnBM  EarnBW    Util
------------------------------------------------------------------------------------------------------------------------------------------
-- 1960 --   27269   16601   27728   0.599   18617   30560   16968   14973   0.556   0.559   0.350   14529    3135     687     265   35008
2010(alt)    46801   32154   45449   0.707   37774   45655   28016   23560   0.573   0.733   0.542   25097    8340    2512    1825   36332
-- 2010 --   54912   40189   53567   0.750   42089   50284   31501   30147   0.805   0.780   0.686   23170   14624    2123    2172   39627
Growth(alt)  0.0108  0.0132  0.0099  0.0033  0.0142  0.0080  0.0100  0.0091  0.0006  0.0054  0.0088  0.0109  0.0196  0.0259  0.0386  0.0007
Growth(tru)  0.0140  0.0177  0.0132  0.0045  0.0163  0.0100  0.0124  0.0140  0.0074  0.0067  0.0135  0.0093  0.0308  0.0226  0.0421  0.0025
Difference   0.0032  0.0045  0.0033  0.0012  0.0022  0.0019  0.0023  0.0049  0.0068  0.0013  0.0047 -0.0016  0.0112 -0.0034  0.0035  0.0017
// Share //    22.8    25.2    25.0    26.0    13.3    19.4    18.9    35.2    91.9    18.9    34.9   -17.1    36.5   -14.9     8.3    70.0
 
 
 
 
========================================================================
 How much poorer in 2010 with 1960 values of TauW
========================================================================
...... 
                 Y    Ymkt    Ywkr     LFP    Earn    Cons   EarnY    gdpY   GapWW   GapBM   GapBW  EarnWM  EarnWW  EarnBM  EarnBW    Util
------------------------------------------------------------------------------------------------------------------------------------------
-- 1960 --   27269   16601   27728   0.599   18617   30560   16968   14973   0.556   0.559   0.350   14529    3135     687     265   35008
2010(alt)    53818   37777   55316   0.683   36986   46414   27825   28688   0.709   0.640   0.586   23910   10490    1329    1256   36302
-- 2010 --   54912   40189   53567   0.750   42089   50284   31501   30147   0.805   0.780   0.686   23170   14624    2123    2172   39627
Growth(alt)  0.0136  0.0164  0.0138  0.0026  0.0137  0.0084  0.0099  0.0130  0.0049  0.0027  0.0103  0.0100  0.0242  0.0132  0.0311  0.0007
Growth(tru)  0.0140  0.0177  0.0132  0.0045  0.0163  0.0100  0.0124  0.0140  0.0074  0.0067  0.0135  0.0093  0.0308  0.0226  0.0421  0.0025
Difference   0.0004  0.0012 -0.0006  0.0019  0.0026  0.0016  0.0025  0.0010  0.0025  0.0039  0.0032 -0.0006  0.0066  0.0094  0.0109  0.0018
// Share //     2.9     7.0    -4.9    41.7    15.8    16.1    20.1     7.1    34.3    59.3    23.4    -6.7    21.6    41.5    26.0    70.7
 
 
 
 
========================================================================
 How much poorer in 2010 with 1960 values of Both+Z
========================================================================
...... 
                 Y    Ymkt    Ywkr     LFP    Earn    Cons   EarnY    gdpY   GapWW   GapBM   GapBW  EarnWM  EarnWW  EarnBM  EarnBW    Util
------------------------------------------------------------------------------------------------------------------------------------------
-- 1960 --   27269   16601   27728   0.599   18617   30560   16968   14973   0.556   0.559   0.350   14529    3135     687     265   35008
2010(alt)    47996   32534   49693   0.655   34999   43743   26607   24706   0.508   0.530   0.397   26728    5487    1878     906   38991
-- 2010 --   54912   40189   53567   0.750   42089   50284   31501   30147   0.805   0.780   0.686   23170   14624    2123    2172   39627
Growth(alt)  0.0113  0.0135  0.0117  0.0018  0.0126  0.0072  0.0090  0.0100 -0.0018 -0.0011  0.0025  0.0122  0.0112  0.0201  0.0246  0.0022
Growth(tru)  0.0140  0.0177  0.0132  0.0045  0.0163  0.0100  0.0124  0.0140  0.0074  0.0067  0.0135  0.0093  0.0308  0.0226  0.0421  0.0025
Difference   0.0027  0.0042  0.0015  0.0027  0.0037  0.0028  0.0034  0.0040  0.0092  0.0077  0.0109 -0.0029  0.0196  0.0024  0.0175  0.0003
// Share //    19.2    23.9    11.4    60.4    22.6    28.0    27.3    28.4   124.5   116.1    81.2   -30.6    63.7    10.9    41.6    13.1
 
 
 
 
========================================================================
 How much poorer in 2010 with 1960 values of MeansOnly
========================================================================
...... 
                 Y    Ymkt    Ywkr     LFP    Earn    Cons   EarnY    gdpY   GapWW   GapBM   GapBW  EarnWM  EarnWW  EarnBM  EarnBW    Util
------------------------------------------------------------------------------------------------------------------------------------------
-- 1960 --   27269   16601   27728   0.599   18617   30560   16968   14973   0.556   0.559   0.350   14529    3135     687     265   35008
2010(alt)    46676   29758   51779   0.575   31673   41562   23373   22084   0.545   0.573   0.455   25440    4450    1206     577   31922
-- 2010 --   54912   40189   53567   0.750   42089   50284   31501   30147   0.805   0.780   0.686   23170   14624    2123    2172   39627
Growth(alt)  0.0107  0.0117  0.0125 -0.0008  0.0106  0.0061  0.0064  0.0078 -0.0004  0.0005  0.0053  0.0112  0.0070  0.0112  0.0155 -0.0018
Growth(tru)  0.0140  0.0177  0.0132  0.0045  0.0163  0.0100  0.0124  0.0140  0.0074  0.0067  0.0135  0.0093  0.0308  0.0226  0.0421  0.0025
Difference   0.0032  0.0060  0.0007  0.0053  0.0057  0.0038  0.0060  0.0062  0.0078  0.0062  0.0082 -0.0019  0.0238  0.0113  0.0265  0.0043
// Share //    23.2    34.0     5.2   118.1    34.9    38.3    48.2    44.5   105.5    92.9    60.8   -20.0    77.3    50.1    63.0   174.4
 
 
 
 
========================================================================
 How much poorer in 2010 with 1960 values of DispersionOnly
========================================================================
...... 
                 Y    Ymkt    Ywkr     LFP    Earn    Cons   EarnY    gdpY   GapWW   GapBM   GapBW  EarnWM  EarnWW  EarnBM  EarnBW    Util
------------------------------------------------------------------------------------------------------------------------------------------
-- 1960 --   27269   16601   27728   0.599   18617   30560   16968   14973   0.556   0.559   0.350   14529    3135     687     265   35008
2010(alt)    52650   38659   50187   0.770   43404   50905   32343   28605   0.740   0.752   0.700   23931   14365    2502    2607   40481
-- 2010 --   54912   40189   53567   0.750   42089   50284   31501   30147   0.805   0.780   0.686   23170   14624    2123    2172   39627
Growth(alt)  0.0132  0.0169  0.0119  0.0050  0.0169  0.0102  0.0129  0.0129  0.0057  0.0059  0.0139  0.0100  0.0304  0.0258  0.0457  0.0029
Growth(tru)  0.0140  0.0177  0.0132  0.0045  0.0163  0.0100  0.0124  0.0140  0.0074  0.0067  0.0135  0.0093  0.0308  0.0226  0.0421  0.0025
Difference   0.0008  0.0008  0.0013 -0.0005 -0.0006 -0.0002 -0.0005  0.0010  0.0017  0.0007 -0.0004 -0.0006  0.0004 -0.0033 -0.0036 -0.0004
// Share //     6.0     4.4     9.9   -11.7    -3.8    -2.5    -4.3     7.5    22.7    10.9    -3.0    -6.9     1.2   -14.6    -8.7   -17.2
 
 
