HowMuchPoorer_Benchmark                 05-Oct-2026 
 
'HowMuchPoorer' is a script from the file /workspace/output/replication/codebase/HowMuchPoorer.m

 HowMuchPoorer.m

  Alternative approach to evaluating contribution of tau's etc.
 "Relative to 2010 in model solution, how much poorer would we be
  if ______ had occurred?"
   Ex: if tau's stayed at 1960 level?
       if tauw had not changed since 1960
       if tauh had not changed since 1960
       if only mean tau had changed since 1960, not dispersion
       if dispersion changed, but not the means

  That is, allow everything else to change as it did, other than ______
  "// Share //" row reports the contribution in terms of growth rates.



Additional help for built-in functions and operators is
available in the online version of the manual.  Use the command
'doc <topic>' to search the manual index.

Help and information about Octave is also available on the WWW
at https://www.octave.org and via the help@octave.org
mailing list.
 
=============================================================
KEY PARAMETER VALUES:    CaseName = Benchmark
                   theta =  2.0000
                     eta =  0.1030
            theta*(1-eta)=  1.7940
                    dlta =  0.0000
                      mu =  0.5574
                   sigma =  3.0000
           EstimateDelta =  0.0000
           ConstrainTauH = -0.8000
PurgeWageGrowthSelection =     0
      AlphaSplitTauW1960 =  0.5000
   OccupationforWageHome = 23 Secretaries                               
   Alpha0FixedSplit =  0.5000
=============================================================
 
Concordance of short column titles and concepts:
  Y       GDP per person
  Ymkt    GDP (mkt) per person
  Ywkr    GDP (mkt) per worker
  LFP     Labor Force Participation (LFP)
  Earn    Earnings (market)
  Cons    ConsumpYoung (total)
  EarnY   EarningsYoung (market)
  gdpY    GDPYoung (market)
  GapWW   WageGapWW
  GapBM   WageGapBM
  GapBW   WageGapBW
  EarnWM  EarningsWM
  EarnWW  EarningsWW
  EarnBM  EarningsBM
  EarnBW  EarningsBW
  Util    Utility: CE-Welfare of Young
 
 
========================================================================
 How much poorer in 2010 with 1960 values of TauWTauH
========================================================================
...... 
                 Y    Ymkt    Ywkr     LFP    Earn    Cons   EarnY    gdpY   GapWW   GapBM   GapBW  EarnWM  EarnWW  EarnBM  EarnBW    Util
------------------------------------------------------------------------------------------------------------------------------------------
-- 1960 --   24740   17670   29516   0.599   18615   27650   16970   15814   0.556   0.560   0.350   14527    3135     687     266   22291
2010(alt)    41930   28918   47282   0.612   31049   38052   22614   20992   0.449   0.563   0.392   24214    4533    1537     765   23069
-- 2010 --   54161   41035   54874   0.748   42717   48783   30999   29937   0.868   0.788   0.725   22908   15432    2123    2255   30119
Growth(alt)  0.0106  0.0099  0.0094  0.0004  0.0102  0.0064  0.0057  0.0057 -0.0043  0.0001  0.0022  0.0102  0.0074  0.0161  0.0211  0.0007
Growth(tru)  0.0157  0.0169  0.0124  0.0044  0.0166  0.0114  0.0120  0.0128  0.0089  0.0068  0.0145  0.0091  0.0319  0.0225  0.0428  0.0060
Difference   0.0051  0.0070  0.0030  0.0040  0.0064  0.0050  0.0063  0.0071  0.0132  0.0067  0.0123 -0.0011  0.0245  0.0065  0.0216  0.0053
// Share //    32.7    41.5    24.0    90.4    38.4    43.8    52.3    55.6   148.1    98.0    84.6   -12.2    76.9    28.7    50.6    88.6
 
 
 
 
========================================================================
 How much poorer in 2010 with 1960 values of TauH
========================================================================
...... 
                 Y    Ymkt    Ywkr     LFP    Earn    Cons   EarnY    gdpY   GapWW   GapBM   GapBW  EarnWM  EarnWW  EarnBM  EarnBW    Util
------------------------------------------------------------------------------------------------------------------------------------------
-- 1960 --   24740   17670   29516   0.599   18615   27650   16970   15814   0.556   0.560   0.350   14527    3135     687     266   22291
2010(alt)    42600   30290   42814   0.707   36513   42808   26840   21984   0.575   0.739   0.539   23992    8523    2328    1670   26784
-- 2010 --   54161   41035   54874   0.748   42717   48783   30999   29937   0.868   0.788   0.725   22908   15432    2123    2255   30119
Growth(alt)  0.0109  0.0108  0.0074  0.0033  0.0135  0.0087  0.0092  0.0066  0.0007  0.0056  0.0086  0.0100  0.0200  0.0244  0.0368  0.0037
Growth(tru)  0.0157  0.0169  0.0124  0.0044  0.0166  0.0114  0.0120  0.0128  0.0089  0.0068  0.0145  0.0091  0.0319  0.0225  0.0428  0.0060
Difference   0.0048  0.0061  0.0050  0.0011  0.0031  0.0026  0.0029  0.0062  0.0082  0.0013  0.0059 -0.0009  0.0119 -0.0018  0.0060  0.0023
// Share //    30.6    36.0    40.0    24.9    18.9    23.0    23.9    48.4    92.6    18.7    40.8   -10.2    37.2    -8.2    14.1    39.0
 
 
 
 
========================================================================
 How much poorer in 2010 with 1960 values of TauW
========================================================================
...... 
                 Y    Ymkt    Ywkr     LFP    Earn    Cons   EarnY    gdpY   GapWW   GapBM   GapBW  EarnWM  EarnWW  EarnBM  EarnBW    Util
------------------------------------------------------------------------------------------------------------------------------------------
-- 1960 --   24740   17670   29516   0.599   18615   27650   16970   15814   0.556   0.560   0.350   14527    3135     687     266   22291
2010(alt)    52321   38472   58298   0.660   34432   41565   24875   27978   0.646   0.625   0.529   23189    8695    1396    1152   25576
-- 2010 --   54161   41035   54874   0.748   42717   48783   30999   29937   0.868   0.788   0.725   22908   15432    2123    2255   30119
Growth(alt)  0.0150  0.0156  0.0136  0.0019  0.0123  0.0082  0.0076  0.0114  0.0030  0.0022  0.0083  0.0094  0.0204  0.0142  0.0293  0.0027
Growth(tru)  0.0157  0.0169  0.0124  0.0044  0.0166  0.0114  0.0120  0.0128  0.0089  0.0068  0.0145  0.0091  0.0319  0.0225  0.0428  0.0060
Difference   0.0007  0.0013 -0.0012  0.0025  0.0043  0.0032  0.0044  0.0014  0.0059  0.0046  0.0063 -0.0002  0.0115  0.0084  0.0134  0.0033
// Share //     4.4     7.7    -9.8    56.2    26.0    28.2    36.5    10.6    66.2    67.7    43.2    -2.7    36.0    37.2    31.4    54.3
 
 
 
 
========================================================================
 How much poorer in 2010 with 1960 values of Both+Z
========================================================================
...... 
                 Y    Ymkt    Ywkr     LFP    Earn    Cons   EarnY    gdpY   GapWW   GapBM   GapBW  EarnWM  EarnWW  EarnBM  EarnBW    Util
------------------------------------------------------------------------------------------------------------------------------------------
-- 1960 --   24740   17670   29516   0.599   18615   27650   16970   15814   0.556   0.560   0.350   14527    3135     687     266   22291
2010(alt)    42131   29100   50005   0.582   31289   38377   22921   21241   0.560   0.531   0.431   24798    4070    1687     733   24713
-- 2010 --   54161   41035   54874   0.748   42717   48783   30999   29937   0.868   0.788   0.725   22908   15432    2123    2255   30119
Growth(alt)  0.0106  0.0100  0.0105 -0.0006  0.0104  0.0066  0.0060  0.0059  0.0002 -0.0011  0.0042  0.0107  0.0052  0.0180  0.0203  0.0021
Growth(tru)  0.0157  0.0169  0.0124  0.0044  0.0166  0.0114  0.0120  0.0128  0.0089  0.0068  0.0145  0.0091  0.0319  0.0225  0.0428  0.0060
Difference   0.0050  0.0069  0.0019  0.0050  0.0062  0.0048  0.0060  0.0069  0.0088  0.0079  0.0104 -0.0016  0.0267  0.0046  0.0225  0.0040
// Share //    32.1    40.8    15.0   112.7    37.5    42.3    50.1    53.8    98.3   115.4    71.4   -17.4    83.6    20.4    52.5    65.7
 
 
 
 
========================================================================
 How much poorer in 2010 with 1960 values of MeansOnly
========================================================================
...... 
                 Y    Ymkt    Ywkr     LFP    Earn    Cons   EarnY    gdpY   GapWW   GapBM   GapBW  EarnWM  EarnWW  EarnBM  EarnBW    Util
------------------------------------------------------------------------------------------------------------------------------------------
-- 1960 --   24740   17670   29516   0.599   18615   27650   16970   15814   0.556   0.560   0.350   14527    3135     687     266   22291
2010(alt)    41854   28437   51508   0.552   29066   36417   21085   20830   0.471   0.530   0.394   23994    3508    1072     492   21578
-- 2010 --   54161   41035   54874   0.748   42717   48783   30999   29937   0.868   0.788   0.725   22908   15432    2123    2255   30119
Growth(alt)  0.0105  0.0095  0.0111 -0.0016  0.0089  0.0055  0.0043  0.0055 -0.0033 -0.0011  0.0023  0.0100  0.0022  0.0089  0.0123 -0.0006
Growth(tru)  0.0157  0.0169  0.0124  0.0044  0.0166  0.0114  0.0120  0.0128  0.0089  0.0068  0.0145  0.0091  0.0319  0.0225  0.0428  0.0060
Difference   0.0052  0.0073  0.0013  0.0061  0.0077  0.0058  0.0077  0.0073  0.0122  0.0079  0.0122 -0.0009  0.0296  0.0137  0.0305  0.0067
// Share //    32.9    43.5    10.2   136.4    46.4    51.5    64.0    56.8   137.0   116.1    83.9   -10.2    92.9    60.6    71.2   110.8
 
 
 
 
========================================================================
 How much poorer in 2010 with 1960 values of DispersionOnly
========================================================================
...... 
                 Y    Ymkt    Ywkr     LFP    Earn    Cons   EarnY    gdpY   GapWW   GapBM   GapBW  EarnWM  EarnWW  EarnBM  EarnBW    Util
------------------------------------------------------------------------------------------------------------------------------------------
-- 1960 --   24740   17670   29516   0.599   18615   27650   16970   15814   0.556   0.560   0.350   14527    3135     687     266   22291
2010(alt)    50761   38147   49997   0.763   42538   48440   31026   27426   0.770   0.849   0.699   23302   14138    2735    2363   30620
-- 2010 --   54161   41035   54874   0.748   42717   48783   30999   29937   0.868   0.788   0.725   22908   15432    2123    2255   30119
Growth(alt)  0.0144  0.0154  0.0105  0.0049  0.0165  0.0112  0.0121  0.0110  0.0065  0.0083  0.0138  0.0095  0.0301  0.0276  0.0437  0.0063
Growth(tru)  0.0157  0.0169  0.0124  0.0044  0.0166  0.0114  0.0120  0.0128  0.0089  0.0068  0.0145  0.0091  0.0319  0.0225  0.0428  0.0060
Difference   0.0013  0.0015  0.0019 -0.0004  0.0001  0.0001 -0.0000  0.0018  0.0024 -0.0015  0.0007 -0.0003  0.0018 -0.0051 -0.0009 -0.0003
// Share //     8.3     8.7    15.0    -9.0     0.5     1.2    -0.1    13.7    26.8   -21.9     4.9    -3.7     5.5   -22.5    -2.2    -5.5
 
 
 
***************  BREAKDOWN BY GROUP AND TIME PERIOD *****************
 
 
 
========================================================================
 How much poorer in 2010 with 1960 values of TauWTauH, for White Women
========================================================================
...... 
                 Y    Ymkt    Ywkr     LFP    Earn    Cons   EarnY    gdpY   GapWW   GapBM   GapBW  EarnWM  EarnWW  EarnBM  EarnBW    Util
------------------------------------------------------------------------------------------------------------------------------------------
-- 1960 --   24740   17670   29516   0.599   18615   27650   16970   15814   0.556   0.560   0.350   14527    3135     687     266   22291
2010(alt)    43919   30863   48724   0.633   33014   39955   24104   22617   0.457   0.760   0.707   23891    4504    2217    2402   24294
-- 2010 --   54161   41035   54874   0.748   42717   48783   30999   29937   0.868   0.788   0.725   22908   15432    2123    2255   30119
Growth(alt)  0.0115  0.0112  0.0100  0.0011  0.0115  0.0074  0.0070  0.0072 -0.0039  0.0061  0.0140  0.0099  0.0072  0.0234  0.0440  0.0017
Growth(tru)  0.0157  0.0169  0.0124  0.0044  0.0166  0.0114  0.0120  0.0128  0.0089  0.0068  0.0145  0.0091  0.0319  0.0225  0.0428  0.0060
Difference   0.0042  0.0057  0.0024  0.0033  0.0052  0.0040  0.0050  0.0056  0.0128  0.0007  0.0005 -0.0008  0.0246 -0.0009 -0.0013  0.0043
// Share //    26.8    33.8    19.2    74.6    31.0    35.2    41.8    43.9   143.7    10.3     3.4    -9.2    77.3    -3.9    -2.9    71.4
 
 
 
 
========================================================================
 How much poorer in 2010 with 1960 values of TauH, for White Women
========================================================================
...... 
                 Y    Ymkt    Ywkr     LFP    Earn    Cons   EarnY    gdpY   GapWW   GapBM   GapBW  EarnWM  EarnWW  EarnBM  EarnBW    Util
------------------------------------------------------------------------------------------------------------------------------------------
-- 1960 --   24740   17670   29516   0.599   18615   27650   16970   15814   0.556   0.560   0.350   14527    3135     687     266   22291
2010(alt)    44458   31918   45183   0.706   36855   43276   27064   23381   0.583   0.763   0.700   23747    8603    2185    2320   26896
-- 2010 --   54161   41035   54874   0.748   42717   48783   30999   29937   0.868   0.788   0.725   22908   15432    2123    2255   30119
Growth(alt)  0.0117  0.0118  0.0085  0.0033  0.0137  0.0090  0.0093  0.0078  0.0010  0.0062  0.0138  0.0098  0.0202  0.0231  0.0433  0.0038
Growth(tru)  0.0157  0.0169  0.0124  0.0044  0.0166  0.0114  0.0120  0.0128  0.0089  0.0068  0.0145  0.0091  0.0319  0.0225  0.0428  0.0060
Difference   0.0039  0.0050  0.0039  0.0011  0.0030  0.0024  0.0027  0.0049  0.0079  0.0006  0.0007 -0.0007  0.0117 -0.0006 -0.0006  0.0023
// Share //    25.2    29.8    31.3    25.6    17.8    21.1    22.5    38.7    89.1     9.4     4.8    -7.9    36.7    -2.6    -1.3    37.6
 
 
 
 
========================================================================
 How much poorer in 2010 with 1960 values of TauW, for White Women
========================================================================
...... 
                 Y    Ymkt    Ywkr     LFP    Earn    Cons   EarnY    gdpY   GapWW   GapBM   GapBW  EarnWM  EarnWW  EarnBM  EarnBW    Util
------------------------------------------------------------------------------------------------------------------------------------------
-- 1960 --   24740   17670   29516   0.599   18615   27650   16970   15814   0.556   0.560   0.350   14527    3135     687     266   22291
2010(alt)    52627   38970   57170   0.682   36251   43131   26228   28347   0.649   0.784   0.733   23106    8623    2165    2357   26661
-- 2010 --   54161   41035   54874   0.748   42717   48783   30999   29937   0.868   0.788   0.725   22908   15432    2123    2255   30119
Growth(alt)  0.0151  0.0158  0.0132  0.0026  0.0133  0.0089  0.0087  0.0117  0.0031  0.0067  0.0148  0.0093  0.0202  0.0229  0.0437  0.0036
Growth(tru)  0.0157  0.0169  0.0124  0.0044  0.0166  0.0114  0.0120  0.0128  0.0089  0.0068  0.0145  0.0091  0.0319  0.0225  0.0428  0.0060
Difference   0.0006  0.0010 -0.0008  0.0019  0.0033  0.0025  0.0033  0.0011  0.0058  0.0001 -0.0002 -0.0002  0.0116 -0.0004 -0.0009  0.0024
// Share //     3.7     6.1    -6.6    41.6    19.8    21.7    27.7     8.6    65.2     1.5    -1.5    -1.9    36.5    -1.7    -2.1    40.5
 
 
 
 
========================================================================
 How much poorer in 2010 with 1960 values of TauWTauH, for Black Men
========================================================================
...... 
                 Y    Ymkt    Ywkr     LFP    Earn    Cons   EarnY    gdpY   GapWW   GapBM   GapBW  EarnWM  EarnWW  EarnBM  EarnBW    Util
------------------------------------------------------------------------------------------------------------------------------------------
-- 1960 --   24740   17670   29516   0.599   18615   27650   16970   15814   0.556   0.560   0.350   14527    3135     687     266   22291
2010(alt)    53724   40618   54473   0.746   42203   48306   30634   29585   0.867   0.610   0.724   22942   15470    1534    2257   29930
-- 2010 --   54161   41035   54874   0.748   42717   48783   30999   29937   0.868   0.788   0.725   22908   15432    2123    2255   30119
Growth(alt)  0.0155  0.0166  0.0123  0.0044  0.0164  0.0112  0.0118  0.0125  0.0089  0.0017  0.0145  0.0091  0.0319  0.0160  0.0428  0.0059
Growth(tru)  0.0157  0.0169  0.0124  0.0044  0.0166  0.0114  0.0120  0.0128  0.0089  0.0068  0.0145  0.0091  0.0319  0.0225  0.0428  0.0060
Difference   0.0002  0.0002  0.0001  0.0001  0.0002  0.0002  0.0002  0.0002  0.0000  0.0051  0.0000 -0.0000 -0.0000  0.0065 -0.0000  0.0001
// Share //     1.0     1.2     1.2     1.3     1.5     1.7     2.0     1.9     0.1    74.8     0.2    -0.3    -0.2    28.8    -0.0     2.1
 
 
 
 
========================================================================
 How much poorer in 2010 with 1960 values of TauH, for Black Men
========================================================================
...... 
                 Y    Ymkt    Ywkr     LFP    Earn    Cons   EarnY    gdpY   GapWW   GapBM   GapBW  EarnWM  EarnWW  EarnBM  EarnBW    Util
------------------------------------------------------------------------------------------------------------------------------------------
-- 1960 --   24740   17670   29516   0.599   18615   27650   16970   15814   0.556   0.560   0.350   14527    3135     687     266   22291
2010(alt)    53837   40803   54220   0.753   43008   49036   31261   29732   0.869   0.794   0.725   22905   15452    2397    2255   30446
-- 2010 --   54161   41035   54874   0.748   42717   48783   30999   29937   0.868   0.788   0.725   22908   15432    2123    2255   30119
Growth(alt)  0.0156  0.0167  0.0122  0.0046  0.0167  0.0115  0.0122  0.0126  0.0089  0.0070  0.0145  0.0091  0.0319  0.0250  0.0428  0.0062
Growth(tru)  0.0157  0.0169  0.0124  0.0044  0.0166  0.0114  0.0120  0.0128  0.0089  0.0068  0.0145  0.0091  0.0319  0.0225  0.0428  0.0060
Difference   0.0001  0.0001  0.0002 -0.0001 -0.0001 -0.0001 -0.0002  0.0001 -0.0000 -0.0002 -0.0000  0.0000 -0.0000 -0.0024  0.0000 -0.0002
// Share //     0.8     0.7     1.9    -2.8    -0.8    -0.9    -1.4     1.1    -0.3    -2.3    -0.0     0.0    -0.1   -10.8     0.0    -3.6
 
 
 
 
========================================================================
 How much poorer in 2010 with 1960 values of TauW, for Black Men
========================================================================
...... 
                 Y    Ymkt    Ywkr     LFP    Earn    Cons   EarnY    gdpY   GapWW   GapBM   GapBW  EarnWM  EarnWW  EarnBM  EarnBW    Util
------------------------------------------------------------------------------------------------------------------------------------------
-- 1960 --   24740   17670   29516   0.599   18615   27650   16970   15814   0.556   0.560   0.350   14527    3135     687     266   22291
2010(alt)    54007   40817   55138   0.740   42020   48177   30481   29769   0.866   0.633   0.724   22946   15455    1360    2259   29715
-- 2010 --   54161   41035   54874   0.748   42717   48783   30999   29937   0.868   0.788   0.725   22908   15432    2123    2255   30119
Growth(alt)  0.0156  0.0167  0.0125  0.0042  0.0163  0.0111  0.0117  0.0127  0.0089  0.0025  0.0145  0.0091  0.0319  0.0136  0.0428  0.0057
Growth(tru)  0.0157  0.0169  0.0124  0.0044  0.0166  0.0114  0.0120  0.0128  0.0089  0.0068  0.0145  0.0091  0.0319  0.0225  0.0428  0.0060
Difference   0.0001  0.0001 -0.0001  0.0002  0.0003  0.0003  0.0003  0.0001  0.0000  0.0044  0.0000 -0.0000 -0.0000  0.0089 -0.0000  0.0003
// Share //     0.4     0.6    -0.8     4.5     2.0     2.2     2.8     0.9     0.3    63.8     0.2    -0.4    -0.1    39.5    -0.1     4.5
 
 
 
 
========================================================================
 How much poorer in 2010 with 1960 values of TauWTauH, for Black Women
========================================================================
...... 
                 Y    Ymkt    Ywkr     LFP    Earn    Cons   EarnY    gdpY   GapWW   GapBM   GapBW  EarnWM  EarnWW  EarnBM  EarnBW    Util
------------------------------------------------------------------------------------------------------------------------------------------
-- 1960 --   24740   17670   29516   0.599   18615   27650   16970   15814   0.556   0.560   0.350   14527    3135     687     266   22291
2010(alt)    52951   39777   54470   0.730   41449   47619   30050   28923   0.866   0.785   0.428   23001   15562    2133     753   29148
-- 2010 --   54161   41035   54874   0.748   42717   48783   30999   29937   0.868   0.788   0.725   22908   15432    2123    2255   30119
Growth(alt)  0.0152  0.0162  0.0123  0.0040  0.0160  0.0109  0.0114  0.0121  0.0089  0.0068  0.0040  0.0092  0.0320  0.0226  0.0208  0.0054
Growth(tru)  0.0157  0.0169  0.0124  0.0044  0.0166  0.0114  0.0120  0.0128  0.0089  0.0068  0.0145  0.0091  0.0319  0.0225  0.0428  0.0060
Difference   0.0005  0.0006  0.0001  0.0005  0.0006  0.0005  0.0006  0.0007  0.0000  0.0001  0.0105 -0.0001 -0.0002 -0.0001  0.0219  0.0007
// Share //     2.9     3.7     1.2    10.7     3.6     4.3     5.2     5.4     0.4     1.1    72.4    -0.9    -0.5    -0.4    51.3    10.9
 
 
 
 
========================================================================
 How much poorer in 2010 with 1960 values of TauH, for Black Women
========================================================================
...... 
                 Y    Ymkt    Ywkr     LFP    Earn    Cons   EarnY    gdpY   GapWW   GapBM   GapBW  EarnWM  EarnWW  EarnBM  EarnBW    Util
------------------------------------------------------------------------------------------------------------------------------------------
-- 1960 --   24740   17670   29516   0.599   18615   27650   16970   15814   0.556   0.560   0.350   14527    3135     687     266   22291
2010(alt)    52961   39950   53428   0.748   42349   48411   30789   29042   0.866   0.785   0.597   22965   15463    2124    1797   30012
-- 2010 --   54161   41035   54874   0.748   42717   48783   30999   29937   0.868   0.788   0.725   22908   15432    2123    2255   30119
Growth(alt)  0.0152  0.0163  0.0119  0.0044  0.0164  0.0112  0.0119  0.0122  0.0089  0.0068  0.0107  0.0092  0.0319  0.0226  0.0382  0.0059
Growth(tru)  0.0157  0.0169  0.0124  0.0044  0.0166  0.0114  0.0120  0.0128  0.0089  0.0068  0.0145  0.0091  0.0319  0.0225  0.0428  0.0060
Difference   0.0004  0.0005  0.0005  0.0000  0.0002  0.0002  0.0001  0.0006  0.0000  0.0001  0.0039 -0.0000 -0.0000 -0.0000  0.0045  0.0001
// Share //     2.9     3.2     4.3     0.0     1.0     1.3     1.1     4.8     0.5     0.9    26.7    -0.5    -0.1    -0.0    10.6     1.2
 
 
 
 
========================================================================
 How much poorer in 2010 with 1960 values of TauW, for Black Women
========================================================================
...... 
                 Y    Ymkt    Ywkr     LFP    Earn    Cons   EarnY    gdpY   GapWW   GapBM   GapBW  EarnWM  EarnWW  EarnBM  EarnBW    Util
------------------------------------------------------------------------------------------------------------------------------------------
-- 1960 --   24740   17670   29516   0.599   18615   27650   16970   15814   0.556   0.560   0.350   14527    3135     687     266   22291
2010(alt)    53977   40728   55509   0.734   41715   47926   30248   29708   0.868   0.787   0.535   22945   15529    2132    1108   29389
-- 2010 --   54161   41035   54874   0.748   42717   48783   30999   29937   0.868   0.788   0.725   22908   15432    2123    2255   30119
Growth(alt)  0.0156  0.0167  0.0126  0.0041  0.0161  0.0110  0.0116  0.0126  0.0089  0.0068  0.0085  0.0091  0.0320  0.0226  0.0286  0.0055
Growth(tru)  0.0157  0.0169  0.0124  0.0044  0.0166  0.0114  0.0120  0.0128  0.0089  0.0068  0.0145  0.0091  0.0319  0.0225  0.0428  0.0060
Difference   0.0001  0.0002 -0.0002  0.0004  0.0005  0.0004  0.0005  0.0002 -0.0000  0.0000  0.0061 -0.0000 -0.0001 -0.0001  0.0142  0.0005
// Share //     0.4     0.9    -1.9     8.5     2.9     3.1     4.1     1.2    -0.1     0.1    41.8    -0.4    -0.4    -0.4    33.2     8.2
 
 
