HowMuchPoorer_Sigma10                 05-Oct-2026 
 
'HowMuchPoorer' is a script from the file /workspace/output/replication/codebase/HowMuchPoorer.m

 HowMuchPoorer.m

  Alternative approach to evaluating contribution of tau's etc.
 "Relative to 2010 in model solution, how much poorer would we be
  if ______ had occurred?"
   Ex: if tau's stayed at 1960 level?
       if tauw had not changed since 1960
       if tauh had not changed since 1960
       if only mean tau had changed since 1960, not dispersion
       if dispersion changed, but not the means

  That is, allow everything else to change as it did, other than ______
  "// Share //" row reports the contribution in terms of growth rates.



Additional help for built-in functions and operators is
available in the online version of the manual.  Use the command
'doc <topic>' to search the manual index.

Help and information about Octave is also available on the WWW
at https://www.octave.org and via the help@octave.org
mailing list.
 
=============================================================
KEY PARAMETER VALUES:    CaseName = Sigma10
                   theta =  2.0000
                     eta =  0.1030
            theta*(1-eta)=  1.7940
                    dlta =  0.0000
                      mu =  0.5574
                   sigma = 10.0000
           EstimateDelta =  0.0000
           ConstrainTauH = -0.8000
PurgeWageGrowthSelection =     0
      AlphaSplitTauW1960 =  0.5000
   OccupationforWageHome = 23 Secretaries                               
   Alpha0FixedSplit =  0.5000
=============================================================
 
Concordance of short column titles and concepts:
  Y       GDP per person
  Ymkt    GDP (mkt) per person
  Ywkr    GDP (mkt) per worker
  LFP     Labor Force Participation (LFP)
  Earn    Earnings (market)
  Cons    ConsumpYoung (total)
  EarnY   EarningsYoung (market)
  gdpY    GDPYoung (market)
  GapWW   WageGapWW
  GapBM   WageGapBM
  GapBW   WageGapBW
  EarnWM  EarningsWM
  EarnWW  EarningsWW
  EarnBM  EarningsBM
  EarnBW  EarningsBW
  Util    Utility: CE-Welfare of Young
 
 
========================================================================
 How much poorer in 2010 with 1960 values of TauWTauH
========================================================================
...... 
                 Y    Ymkt    Ywkr     LFP    Earn    Cons   EarnY    gdpY   GapWW   GapBM   GapBW  EarnWM  EarnWW  EarnBM  EarnBW    Util
------------------------------------------------------------------------------------------------------------------------------------------
-- 1960 --   24742   19280   32205   0.599   18617   27676   16986   17268   0.557   0.560   0.350   14524    3139     688     266   22300
2010(alt)    42135   30908   51377   0.602   30580   38658   22278   22410   0.481   0.606   0.423   23466    4701    1613     800   24446
-- 2010 --   54004   44076   58575   0.752   43104   48966   31343   32259   0.868   0.794   0.734   23036   15582    2171    2315   30482
Growth(alt)  0.0106  0.0094  0.0093  0.0001  0.0099  0.0067  0.0054  0.0052 -0.0029  0.0016  0.0037  0.0096  0.0081  0.0170  0.0221  0.0018
Growth(tru)  0.0156  0.0165  0.0120  0.0046  0.0168  0.0114  0.0123  0.0125  0.0089  0.0070  0.0148  0.0092  0.0320  0.0230  0.0433  0.0063
Difference   0.0050  0.0071  0.0026  0.0045  0.0069  0.0047  0.0068  0.0073  0.0118  0.0054  0.0110 -0.0004  0.0240  0.0059  0.0213  0.0044
// Share //    31.8    42.9    21.9    97.9    40.9    41.4    55.7    58.3   132.9    77.1    74.7    -4.0    74.8    25.8    49.1    70.6
 
 
 
 
========================================================================
 How much poorer in 2010 with 1960 values of TauH
========================================================================
...... 
                 Y    Ymkt    Ywkr     LFP    Earn    Cons   EarnY    gdpY   GapWW   GapBM   GapBW  EarnWM  EarnWW  EarnBM  EarnBW    Util
------------------------------------------------------------------------------------------------------------------------------------------
-- 1960 --   24742   19280   32205   0.599   18617   27676   16986   17268   0.557   0.560   0.350   14524    3139     688     266   22300
2010(alt)    42746   32603   45866   0.711   37072   43955   27372   23645   0.622   0.795   0.599   23385    9319    2488    1880   28556
-- 2010 --   54004   44076   58575   0.752   43104   48966   31343   32259   0.868   0.794   0.734   23036   15582    2171    2315   30482
Growth(alt)  0.0109  0.0105  0.0071  0.0034  0.0138  0.0093  0.0095  0.0063  0.0022  0.0070  0.0107  0.0095  0.0218  0.0257  0.0391  0.0049
Growth(tru)  0.0156  0.0165  0.0120  0.0046  0.0168  0.0114  0.0123  0.0125  0.0089  0.0070  0.0148  0.0092  0.0320  0.0230  0.0433  0.0063
Difference   0.0047  0.0060  0.0049  0.0011  0.0030  0.0022  0.0027  0.0062  0.0067 -0.0000  0.0041 -0.0003  0.0103 -0.0027  0.0042  0.0013
// Share //    30.0    36.5    40.9    24.9    18.0    18.9    22.1    49.7    75.1    -0.5    27.6    -3.3    32.1   -11.9     9.6    20.9
 
 
 
 
========================================================================
 How much poorer in 2010 with 1960 values of TauW
========================================================================
...... 
                 Y    Ymkt    Ywkr     LFP    Earn    Cons   EarnY    gdpY   GapWW   GapBM   GapBW  EarnWM  EarnWW  EarnBM  EarnBW    Util
------------------------------------------------------------------------------------------------------------------------------------------
-- 1960 --   24742   19280   32205   0.599   18617   27676   16986   17268   0.557   0.560   0.350   14524    3139     688     266   22300
2010(alt)    52140   41076   63078   0.651   34211   41721   24756   29956   0.651   0.635   0.538   23133    8531    1404    1144   25955
-- 2010 --   54004   44076   58575   0.752   43104   48966   31343   32259   0.868   0.794   0.734   23036   15582    2171    2315   30482
Growth(alt)  0.0149  0.0151  0.0134  0.0017  0.0122  0.0082  0.0075  0.0110  0.0031  0.0025  0.0086  0.0093  0.0200  0.0143  0.0292  0.0030
Growth(tru)  0.0156  0.0165  0.0120  0.0046  0.0168  0.0114  0.0123  0.0125  0.0089  0.0070  0.0148  0.0092  0.0320  0.0230  0.0433  0.0063
Difference   0.0007  0.0014 -0.0015  0.0029  0.0046  0.0032  0.0047  0.0015  0.0058  0.0045  0.0062 -0.0001  0.0120  0.0087  0.0141  0.0032
// Share //     4.5     8.5   -12.4    63.2    27.5    28.1    38.5    11.9    64.6    64.1    42.1    -0.9    37.6    37.9    32.6    51.4
 
 
 
 
========================================================================
 How much poorer in 2010 with 1960 values of Both+Z
========================================================================
...... 
                 Y    Ymkt    Ywkr     LFP    Earn    Cons   EarnY    gdpY   GapWW   GapBM   GapBW  EarnWM  EarnWW  EarnBM  EarnBW    Util
------------------------------------------------------------------------------------------------------------------------------------------
-- 1960 --   24742   19280   32205   0.599   18617   27676   16986   17268   0.557   0.560   0.350   14524    3139     688     266   22300
2010(alt)    42407   31154   54795   0.569   30780   38996   22561   22743   0.607   0.561   0.466   24172    4116    1740     751   25837
-- 2010 --   54004   44076   58575   0.752   43104   48966   31343   32259   0.868   0.794   0.734   23036   15582    2171    2315   30482
Growth(alt)  0.0108  0.0096  0.0106 -0.0010  0.0101  0.0069  0.0057  0.0055  0.0017  0.0000  0.0057  0.0102  0.0054  0.0186  0.0208  0.0029
Growth(tru)  0.0156  0.0165  0.0120  0.0046  0.0168  0.0114  0.0123  0.0125  0.0089  0.0070  0.0148  0.0092  0.0320  0.0230  0.0433  0.0063
Difference   0.0048  0.0069  0.0013  0.0056  0.0067  0.0046  0.0066  0.0070  0.0072  0.0069  0.0091 -0.0010  0.0266  0.0044  0.0225  0.0033
// Share //    31.0    42.0    11.2   122.5    40.1    39.9    53.7    55.9    80.4    99.3    61.4   -10.4    83.1    19.2    52.0    52.9
 
 
 
 
========================================================================
 How much poorer in 2010 with 1960 values of MeansOnly
========================================================================
...... 
                 Y    Ymkt    Ywkr     LFP    Earn    Cons   EarnY    gdpY   GapWW   GapBM   GapBW  EarnWM  EarnWW  EarnBM  EarnBW    Util
------------------------------------------------------------------------------------------------------------------------------------------
-- 1960 --   24742   19280   32205   0.599   18617   27676   16986   17268   0.557   0.560   0.350   14524    3139     688     266   22300
2010(alt)    41806   29880   57514   0.520   27979   36741   20219   21795   0.500   0.558   0.421   23417    3093    1029     440   22523
-- 2010 --   54004   44076   58575   0.752   43104   48966   31343   32259   0.868   0.794   0.734   23036   15582    2171    2315   30482
Growth(alt)  0.0105  0.0088  0.0116 -0.0028  0.0081  0.0057  0.0035  0.0047 -0.0021 -0.0001  0.0037  0.0096 -0.0003  0.0081  0.0101  0.0002
Growth(tru)  0.0156  0.0165  0.0120  0.0046  0.0168  0.0114  0.0123  0.0125  0.0089  0.0070  0.0148  0.0092  0.0320  0.0230  0.0433  0.0063
Difference   0.0051  0.0078  0.0004  0.0074  0.0086  0.0057  0.0088  0.0078  0.0110  0.0071  0.0111 -0.0003  0.0323  0.0149  0.0332  0.0061
// Share //    32.8    47.0     3.1   162.0    51.5    50.3    71.6    62.7   124.1   101.1    75.3    -3.6   100.9    64.9    76.7    96.8
 
 
 
 
========================================================================
 How much poorer in 2010 with 1960 values of DispersionOnly
========================================================================
...... 
                 Y    Ymkt    Ywkr     LFP    Earn    Cons   EarnY    gdpY   GapWW   GapBM   GapBW  EarnWM  EarnWW  EarnBM  EarnBW    Util
------------------------------------------------------------------------------------------------------------------------------------------
-- 1960 --   24742   19280   32205   0.599   18617   27676   16986   17268   0.557   0.560   0.350   14524    3139     688     266   22300
2010(alt)    50884   41385   53217   0.778   43631   49324   31956   29813   0.796   0.898   0.734   23154   14982    2947    2548   32057
-- 2010 --   54004   44076   58575   0.752   43104   48966   31343   32259   0.868   0.794   0.734   23036   15582    2171    2315   30482
Growth(alt)  0.0144  0.0153  0.0100  0.0052  0.0170  0.0116  0.0126  0.0109  0.0072  0.0095  0.0148  0.0093  0.0313  0.0291  0.0452  0.0073
Growth(tru)  0.0156  0.0165  0.0120  0.0046  0.0168  0.0114  0.0123  0.0125  0.0089  0.0070  0.0148  0.0092  0.0320  0.0230  0.0433  0.0063
Difference   0.0012  0.0013  0.0019 -0.0007 -0.0002 -0.0001 -0.0004  0.0016  0.0017 -0.0025 -0.0000 -0.0001  0.0008 -0.0061 -0.0019 -0.0010
// Share //     7.6     7.6    16.0   -14.4    -1.4    -1.3    -3.2    12.6    19.5   -35.5    -0.1    -1.1     2.5   -26.6    -4.4   -16.1
 
 
