HowMuchPoorer_ThetaLow                 05-Oct-2026 
 
'HowMuchPoorer' is a script from the file /workspace/output/replication/codebase/HowMuchPoorer.m

 HowMuchPoorer.m

  Alternative approach to evaluating contribution of tau's etc.
 "Relative to 2010 in model solution, how much poorer would we be
  if ______ had occurred?"
   Ex: if tau's stayed at 1960 level?
       if tauw had not changed since 1960
       if tauh had not changed since 1960
       if only mean tau had changed since 1960, not dispersion
       if dispersion changed, but not the means

  That is, allow everything else to change as it did, other than ______
  "// Share //" row reports the contribution in terms of growth rates.



Additional help for built-in functions and operators is
available in the online version of the manual.  Use the command
'doc <topic>' to search the manual index.

Help and information about Octave is also available on the WWW
at https://www.octave.org and via the help@octave.org
mailing list.
 
=============================================================
KEY PARAMETER VALUES:    CaseName = ThetaLow
                   theta =  1.5000
                     eta =  0.1030
            theta*(1-eta)=  1.3455
                    dlta =  0.0000
                      mu =  0.7432
                   sigma =  3.0000
           EstimateDelta =  0.0000
           ConstrainTauH = -0.8000
PurgeWageGrowthSelection =     0
      AlphaSplitTauW1960 =  0.5000
   OccupationforWageHome = 23 Secretaries                               
   Alpha0FixedSplit =  0.5000
=============================================================
 
Concordance of short column titles and concepts:
  Y       GDP per person
  Ymkt    GDP (mkt) per person
  Ywkr    GDP (mkt) per worker
  LFP     Labor Force Participation (LFP)
  Earn    Earnings (market)
  Cons    ConsumpYoung (total)
  EarnY   EarningsYoung (market)
  gdpY    GDPYoung (market)
  GapWW   WageGapWW
  GapBM   WageGapBM
  GapBW   WageGapBW
  EarnWM  EarningsWM
  EarnWW  EarningsWW
  EarnBM  EarningsBM
  EarnBW  EarningsBW
  Util    Utility: CE-Welfare of Young
 
 
========================================================================
 How much poorer in 2010 with 1960 values of TauWTauH
========================================================================
...... 
                 Y    Ymkt    Ywkr     LFP    Earn    Cons   EarnY    gdpY   GapWW   GapBM   GapBW  EarnWM  EarnWW  EarnBM  EarnBW    Util
------------------------------------------------------------------------------------------------------------------------------------------
-- 1960 --   23976   18310   30587   0.599   18614   26905   16970   16297   0.556   0.560   0.350   14526    3135     687     266   16658
2010(alt)    40332   28810   47120   0.611   30401   36176   21785   20570   0.416   0.581   0.372   23820    4239    1588     753   18434
-- 2010 --   54272   41951   56285   0.745   43391   48206   30738   30026   0.899   0.795   0.755   22958   15941    2145    2347   25206
Growth(alt)  0.0104  0.0091  0.0086  0.0004  0.0098  0.0059  0.0050  0.0047 -0.0058  0.0008  0.0012  0.0099  0.0060  0.0167  0.0208  0.0020
Growth(tru)  0.0163  0.0166  0.0122  0.0044  0.0169  0.0117  0.0119  0.0122  0.0096  0.0070  0.0154  0.0092  0.0325  0.0228  0.0436  0.0083
Difference   0.0059  0.0075  0.0036  0.0040  0.0071  0.0057  0.0069  0.0076  0.0154  0.0063  0.0141 -0.0007  0.0265  0.0060  0.0227  0.0063
// Share //    36.3    45.3    29.1    90.4    42.0    49.2    58.0    61.9   160.1    89.3    92.1    -8.1    81.4    26.4    52.2    75.5
 
 
 
 
========================================================================
 How much poorer in 2010 with 1960 values of TauH
========================================================================
...... 
                 Y    Ymkt    Ywkr     LFP    Earn    Cons   EarnY    gdpY   GapWW   GapBM   GapBW  EarnWM  EarnWW  EarnBM  EarnBW    Util
------------------------------------------------------------------------------------------------------------------------------------------
-- 1960 --   23976   18310   30587   0.599   18614   26905   16970   16297   0.556   0.560   0.350   14526    3135     687     266   16658
2010(alt)    41014   29819   41870   0.712   36794   42103   26634   21305   0.588   0.768   0.565   23713    8957    2375    1749   22357
-- 2010 --   54272   41951   56285   0.745   43391   48206   30738   30026   0.899   0.795   0.755   22958   15941    2145    2347   25206
Growth(alt)  0.0107  0.0098  0.0063  0.0035  0.0136  0.0090  0.0090  0.0054  0.0011  0.0063  0.0096  0.0098  0.0210  0.0248  0.0377  0.0059
Growth(tru)  0.0163  0.0166  0.0122  0.0044  0.0169  0.0117  0.0119  0.0122  0.0096  0.0070  0.0154  0.0092  0.0325  0.0228  0.0436  0.0083
Difference   0.0056  0.0068  0.0059  0.0009  0.0033  0.0027  0.0029  0.0069  0.0085  0.0007  0.0058 -0.0006  0.0115 -0.0020  0.0059  0.0024
// Share //    34.3    41.2    48.5    20.8    19.5    23.2    24.1    56.2    88.2     9.8    37.8    -7.1    35.4    -8.9    13.5    29.0
 
 
 
 
========================================================================
 How much poorer in 2010 with 1960 values of TauW
========================================================================
...... 
                 Y    Ymkt    Ywkr     LFP    Earn    Cons   EarnY    gdpY   GapWW   GapBM   GapBW  EarnWM  EarnWW  EarnBM  EarnBW    Util
------------------------------------------------------------------------------------------------------------------------------------------
-- 1960 --   23976   18310   30587   0.599   18614   26905   16970   16297   0.556   0.560   0.350   14526    3135     687     266   16658
2010(alt)    52307   39667   61196   0.648   33347   39302   23599   28273   0.602   0.618   0.495   23096    7778    1409    1064   20388
-- 2010 --   54272   41951   56285   0.745   43391   48206   30738   30026   0.899   0.795   0.755   22958   15941    2145    2347   25206
Growth(alt)  0.0156  0.0155  0.0139  0.0016  0.0117  0.0076  0.0066  0.0110  0.0016  0.0020  0.0069  0.0093  0.0182  0.0144  0.0277  0.0040
Growth(tru)  0.0163  0.0166  0.0122  0.0044  0.0169  0.0117  0.0119  0.0122  0.0096  0.0070  0.0154  0.0092  0.0325  0.0228  0.0436  0.0083
Difference   0.0007  0.0011 -0.0017  0.0028  0.0053  0.0041  0.0053  0.0012  0.0080  0.0051  0.0084 -0.0001  0.0144  0.0084  0.0158  0.0042
// Share //     4.5     6.8   -13.7    63.7    31.1    35.0    44.5     9.8    83.3    72.0    55.0    -1.3    44.1    36.9    36.3    51.2
 
 
 
 
========================================================================
 How much poorer in 2010 with 1960 values of Both+Z
========================================================================
...... 
                 Y    Ymkt    Ywkr     LFP    Earn    Cons   EarnY    gdpY   GapWW   GapBM   GapBW  EarnWM  EarnWW  EarnBM  EarnBW    Util
------------------------------------------------------------------------------------------------------------------------------------------
-- 1960 --   23976   18310   30587   0.599   18614   26905   16970   16297   0.556   0.560   0.350   14526    3135     687     266   16658
2010(alt)    40205   28652   51241   0.559   30360   36188   21774   20467   0.610   0.542   0.467   24123    3858    1662     716   18740
-- 2010 --   54272   41951   56285   0.745   43391   48206   30738   30026   0.899   0.795   0.755   22958   15941    2145    2347   25206
Growth(alt)  0.0103  0.0090  0.0103 -0.0014  0.0098  0.0059  0.0050  0.0046  0.0019 -0.0006  0.0058  0.0101  0.0042  0.0177  0.0198  0.0024
Growth(tru)  0.0163  0.0166  0.0122  0.0044  0.0169  0.0117  0.0119  0.0122  0.0096  0.0070  0.0154  0.0092  0.0325  0.0228  0.0436  0.0083
Difference   0.0060  0.0076  0.0019  0.0057  0.0071  0.0057  0.0069  0.0077  0.0078  0.0077  0.0096 -0.0010  0.0284  0.0051  0.0237  0.0059
// Share //    36.7    46.0    15.4   131.1    42.2    49.2    58.0    62.7    80.7   108.9    62.5   -10.8    87.2    22.4    54.5    71.6
 
 
 
 
========================================================================
 How much poorer in 2010 with 1960 values of MeansOnly
========================================================================
...... 
                 Y    Ymkt    Ywkr     LFP    Earn    Cons   EarnY    gdpY   GapWW   GapBM   GapBW  EarnWM  EarnWW  EarnBM  EarnBW    Util
------------------------------------------------------------------------------------------------------------------------------------------
-- 1960 --   23976   18310   30587   0.599   18614   26905   16970   16297   0.556   0.560   0.350   14526    3135     687     266   16658
2010(alt)    40145   28417   52411   0.542   28137   34141   20074   20521   0.426   0.503   0.356   23651    3044    1006     436   16766
-- 2010 --   54272   41951   56285   0.745   43391   48206   30738   30026   0.899   0.795   0.755   22958   15941    2145    2347   25206
Growth(alt)  0.0103  0.0088  0.0108 -0.0020  0.0083  0.0048  0.0034  0.0046 -0.0053 -0.0021  0.0003  0.0097 -0.0006  0.0076  0.0099  0.0001
Growth(tru)  0.0163  0.0166  0.0122  0.0044  0.0169  0.0117  0.0119  0.0122  0.0096  0.0070  0.0154  0.0092  0.0325  0.0228  0.0436  0.0083
Difference   0.0060  0.0078  0.0014  0.0064  0.0087  0.0069  0.0085  0.0076  0.0149  0.0092  0.0150 -0.0006  0.0331  0.0151  0.0337  0.0082
// Share //    36.9    47.0    11.7   145.2    51.2    59.2    71.7    62.3   155.2   130.4    97.8    -6.5   101.8    66.5    77.3    98.4
 
 
 
 
========================================================================
 How much poorer in 2010 with 1960 values of DispersionOnly
========================================================================
...... 
                 Y    Ymkt    Ywkr     LFP    Earn    Cons   EarnY    gdpY   GapWW   GapBM   GapBW  EarnWM  EarnWW  EarnBM  EarnBW    Util
------------------------------------------------------------------------------------------------------------------------------------------
-- 1960 --   23976   18310   30587   0.599   18614   26905   16970   16297   0.556   0.560   0.350   14526    3135     687     266   16658
2010(alt)    50325   38451   50567   0.760   42903   47881   30741   27089   0.790   0.924   0.714   23212   14368    2962    2360   25782
-- 2010 --   54272   41951   56285   0.745   43391   48206   30738   30026   0.899   0.795   0.755   22958   15941    2145    2347   25206
Growth(alt)  0.0148  0.0148  0.0101  0.0048  0.0167  0.0115  0.0119  0.0102  0.0070  0.0100  0.0142  0.0094  0.0304  0.0292  0.0437  0.0087
Growth(tru)  0.0163  0.0166  0.0122  0.0044  0.0169  0.0117  0.0119  0.0122  0.0096  0.0070  0.0154  0.0092  0.0325  0.0228  0.0436  0.0083
Difference   0.0015  0.0017  0.0021 -0.0004  0.0002  0.0001 -0.0000  0.0021  0.0026 -0.0030  0.0011 -0.0002  0.0021 -0.0065 -0.0001 -0.0005
// Share //     9.2    10.5    17.6    -9.1     1.3     1.2    -0.0    16.8    26.8   -42.7     7.3    -2.4     6.4   -28.3    -0.2    -5.5
 
 
