HowMuchPoorer_DeltaHalf                 05-Oct-2026 
 
'HowMuchPoorer' is a script from the file /workspace/output/replication/codebase/HowMuchPoorer.m

 HowMuchPoorer.m

  Alternative approach to evaluating contribution of tau's etc.
 "Relative to 2010 in model solution, how much poorer would we be
  if ______ had occurred?"
   Ex: if tau's stayed at 1960 level?
       if tauw had not changed since 1960
       if tauh had not changed since 1960
       if only mean tau had changed since 1960, not dispersion
       if dispersion changed, but not the means

  That is, allow everything else to change as it did, other than ______
  "// Share //" row reports the contribution in terms of growth rates.



Additional help for built-in functions and operators is
available in the online version of the manual.  Use the command
'doc <topic>' to search the manual index.

Help and information about Octave is also available on the WWW
at https://www.octave.org and via the help@octave.org
mailing list.
 
=============================================================
KEY PARAMETER VALUES:    CaseName = DeltaHalf
                   theta =  2.0000
                     eta =  0.1030
            theta*(1-eta)=  1.7940
                    dlta =  0.5000
                      mu =  0.5574
                   sigma =  3.0000
           EstimateDelta =  0.0000
           ConstrainTauH = -0.8000
PurgeWageGrowthSelection =     0
      AlphaSplitTauW1960 =  0.5000
   OccupationforWageHome = 23 Secretaries                               
   Alpha0FixedSplit =  0.5000
=============================================================
 
Concordance of short column titles and concepts:
  Y       GDP per person
  Ymkt    GDP (mkt) per person
  Ywkr    GDP (mkt) per worker
  LFP     Labor Force Participation (LFP)
  Earn    Earnings (market)
  Cons    ConsumpYoung (total)
  EarnY   EarningsYoung (market)
  gdpY    GDPYoung (market)
  GapWW   WageGapWW
  GapBM   WageGapBM
  GapBW   WageGapBW
  EarnWM  EarningsWM
  EarnWW  EarningsWW
  EarnBM  EarningsBM
  EarnBW  EarningsBW
  Util    Utility: CE-Welfare of Young
 
 
========================================================================
 How much poorer in 2010 with 1960 values of TauWTauH
========================================================================
...... 
                 Y    Ymkt    Ywkr     LFP    Earn    Cons   EarnY    gdpY   GapWW   GapBM   GapBW  EarnWM  EarnWW  EarnBM  EarnBW    Util
------------------------------------------------------------------------------------------------------------------------------------------
-- 1960 --   26253   16622   27990   0.594   18306   26585   16501   14996   0.590   0.560   0.375   14175    3191     669     272   35644
2010(alt)    41942   30043   48222   0.623   30833   36974   22678   22088   0.556   0.652   0.488   22289    6154    1462     928   34667
-- 2010 --   49339   37935   52762   0.719   39060   44863   29240   28508   0.848   0.868   0.735   21300   13612    2091    2057   42667
Growth(alt)  0.0094  0.0118  0.0109  0.0010  0.0104  0.0066  0.0064  0.0077 -0.0012  0.0030  0.0053  0.0091  0.0131  0.0156  0.0246 -0.0006
Growth(tru)  0.0126  0.0165  0.0127  0.0038  0.0152  0.0105  0.0114  0.0128  0.0073  0.0088  0.0134  0.0081  0.0290  0.0228  0.0405  0.0036
Difference   0.0032  0.0047  0.0018  0.0029  0.0047  0.0039  0.0051  0.0051  0.0084  0.0057  0.0082 -0.0009  0.0159  0.0072  0.0159  0.0042
// Share //    25.7    28.3    14.2    74.9    31.2    37.0    44.4    39.7   116.1    65.3    60.8   -11.1    54.7    31.4    39.3   115.5
 
 
 
 
========================================================================
 How much poorer in 2010 with 1960 values of TauH
========================================================================
...... 
                 Y    Ymkt    Ywkr     LFP    Earn    Cons   EarnY    gdpY   GapWW   GapBM   GapBW  EarnWM  EarnWW  EarnBM  EarnBW    Util
------------------------------------------------------------------------------------------------------------------------------------------
-- 1960 --   26253   16622   27990   0.594   18306   26585   16501   14996   0.590   0.560   0.375   14175    3191     669     272   35644
2010(alt)    42555   31297   45939   0.681   34731   40204   25607   22945   0.646   0.849   0.624   22018    8751    2277    1686   38154
-- 2010 --   49339   37935   52762   0.719   39060   44863   29240   28508   0.848   0.868   0.735   21300   13612    2091    2057   42667
Growth(alt)  0.0097  0.0127  0.0099  0.0027  0.0128  0.0083  0.0088  0.0085  0.0018  0.0083  0.0102  0.0088  0.0202  0.0245  0.0365  0.0014
Growth(tru)  0.0126  0.0165  0.0127  0.0038  0.0152  0.0105  0.0114  0.0128  0.0073  0.0088  0.0134  0.0081  0.0290  0.0228  0.0405  0.0036
Difference   0.0030  0.0038  0.0028  0.0011  0.0023  0.0022  0.0027  0.0043  0.0054  0.0004  0.0033 -0.0007  0.0088 -0.0017  0.0040  0.0022
// Share //    23.4    23.3    21.8    28.2    15.5    21.0    23.2    33.8    74.8     5.0    24.4    -8.1    30.5    -7.5     9.8    62.2
 
 
 
 
========================================================================
 How much poorer in 2010 with 1960 values of TauW
========================================================================
...... 
                 Y    Ymkt    Ywkr     LFP    Earn    Cons   EarnY    gdpY   GapWW   GapBM   GapBW  EarnWM  EarnWW  EarnBM  EarnBW    Util
------------------------------------------------------------------------------------------------------------------------------------------
-- 1960 --   26253   16622   27990   0.594   18306   26585   16501   14996   0.590   0.560   0.375   14175    3191     669     272   35644
2010(alt)    48401   36391   54381   0.669   34375   40803   25720   27450   0.728   0.702   0.593   21570   10138    1401    1266   38811
-- 2010 --   49339   37935   52762   0.719   39060   44863   29240   28508   0.848   0.868   0.735   21300   13612    2091    2057   42667
Growth(alt)  0.0122  0.0157  0.0133  0.0024  0.0126  0.0086  0.0089  0.0121  0.0042  0.0045  0.0091  0.0084  0.0231  0.0148  0.0308  0.0017
Growth(tru)  0.0126  0.0165  0.0127  0.0038  0.0152  0.0105  0.0114  0.0128  0.0073  0.0088  0.0134  0.0081  0.0290  0.0228  0.0405  0.0036
Difference   0.0004  0.0008 -0.0006  0.0014  0.0026  0.0019  0.0026  0.0008  0.0031  0.0043  0.0043 -0.0003  0.0059  0.0080  0.0097  0.0019
// Share //     3.0     5.0    -4.8    37.5    16.9    18.1    22.4     5.9    42.2    48.5    32.0    -3.1    20.3    35.1    24.0    52.7
 
 
 
 
========================================================================
 How much poorer in 2010 with 1960 values of Both+Z
========================================================================
...... 
                 Y    Ymkt    Ywkr     LFP    Earn    Cons   EarnY    gdpY   GapWW   GapBM   GapBW  EarnWM  EarnWW  EarnBM  EarnBW    Util
------------------------------------------------------------------------------------------------------------------------------------------
-- 1960 --   26253   16622   27990   0.594   18306   26585   16501   14996   0.590   0.560   0.375   14175    3191     669     272   35644
2010(alt)    40877   28722   49972   0.575   30326   37133   22795   21576   0.715   0.555   0.514   23225    4696    1630     776   37103
-- 2010 --   49339   37935   52762   0.719   39060   44863   29240   28508   0.848   0.868   0.735   21300   13612    2091    2057   42667
Growth(alt)  0.0089  0.0109  0.0116 -0.0007  0.0101  0.0067  0.0065  0.0073  0.0038 -0.0002  0.0063  0.0099  0.0077  0.0178  0.0210  0.0008
Growth(tru)  0.0126  0.0165  0.0127  0.0038  0.0152  0.0105  0.0114  0.0128  0.0073  0.0088  0.0134  0.0081  0.0290  0.0228  0.0405  0.0036
Difference   0.0038  0.0056  0.0011  0.0045  0.0051  0.0038  0.0050  0.0056  0.0034  0.0090  0.0071 -0.0017  0.0213  0.0050  0.0195  0.0028
// Share //    29.8    33.7     8.6   117.1    33.4    36.1    43.5    43.4    47.0   102.0    53.0   -21.2    73.4    21.8    48.2    77.7
 
 
 
 
========================================================================
 How much poorer in 2010 with 1960 values of MeansOnly
========================================================================
...... 
                 Y    Ymkt    Ywkr     LFP    Earn    Cons   EarnY    gdpY   GapWW   GapBM   GapBW  EarnWM  EarnWW  EarnBM  EarnBW    Util
------------------------------------------------------------------------------------------------------------------------------------------
-- 1960 --   26253   16622   27990   0.594   18306   26585   16501   14996   0.590   0.560   0.375   14175    3191     669     272   35644
2010(alt)    42386   30217   50034   0.604   29927   36346   22040   22402   0.562   0.651   0.474   22111    5730    1286     800   33895
-- 2010 --   49339   37935   52762   0.719   39060   44863   29240   28508   0.848   0.868   0.735   21300   13612    2091    2057   42667
Growth(alt)  0.0096  0.0120  0.0116  0.0003  0.0098  0.0063  0.0058  0.0080 -0.0010  0.0030  0.0047  0.0089  0.0117  0.0131  0.0216 -0.0010
Growth(tru)  0.0126  0.0165  0.0127  0.0038  0.0152  0.0105  0.0114  0.0128  0.0073  0.0088  0.0134  0.0081  0.0290  0.0228  0.0405  0.0036
Difference   0.0030  0.0045  0.0011  0.0035  0.0053  0.0042  0.0057  0.0048  0.0082  0.0058  0.0088 -0.0007  0.0173  0.0097  0.0189  0.0046
// Share //    24.1    27.6     8.4    91.2    35.1    40.2    49.4    37.5   113.3    65.5    65.4    -9.2    59.7    42.6    46.6   128.0
 
 
 
 
========================================================================
 How much poorer in 2010 with 1960 values of DispersionOnly
========================================================================
...... 
                 Y    Ymkt    Ywkr     LFP    Earn    Cons   EarnY    gdpY   GapWW   GapBM   GapBW  EarnWM  EarnWW  EarnBM  EarnBW    Util
------------------------------------------------------------------------------------------------------------------------------------------
-- 1960 --   26253   16622   27990   0.594   18306   26585   16501   14996   0.590   0.560   0.375   14175    3191     669     272   35644
2010(alt)    47866   36736   50419   0.729   39803   45114   29559   27184   0.826   0.876   0.771   21552   13622    2331    2299   43002
-- 2010 --   49339   37935   52762   0.719   39060   44863   29240   28508   0.848   0.868   0.735   21300   13612    2091    2057   42667
Growth(alt)  0.0120  0.0159  0.0118  0.0041  0.0155  0.0106  0.0117  0.0119  0.0067  0.0090  0.0144  0.0084  0.0290  0.0250  0.0427  0.0038
Growth(tru)  0.0126  0.0165  0.0127  0.0038  0.0152  0.0105  0.0114  0.0128  0.0073  0.0088  0.0134  0.0081  0.0290  0.0228  0.0405  0.0036
Difference   0.0006  0.0006  0.0009 -0.0003 -0.0004 -0.0001 -0.0002  0.0010  0.0005 -0.0002 -0.0010 -0.0002 -0.0000 -0.0022 -0.0022 -0.0002
// Share //     4.8     3.9     7.2    -6.9    -2.5    -1.1    -1.9     7.4     7.3    -2.0    -7.2    -2.9    -0.1    -9.5    -5.5    -4.4
 
 
