HowMuchPoorer_Eta20                 05-Oct-2026 
 
'HowMuchPoorer' is a script from the file /workspace/output/replication/codebase/HowMuchPoorer.m

 HowMuchPoorer.m

  Alternative approach to evaluating contribution of tau's etc.
 "Relative to 2010 in model solution, how much poorer would we be
  if ______ had occurred?"
   Ex: if tau's stayed at 1960 level?
       if tauw had not changed since 1960
       if tauh had not changed since 1960
       if only mean tau had changed since 1960, not dispersion
       if dispersion changed, but not the means

  That is, allow everything else to change as it did, other than ______
  "// Share //" row reports the contribution in terms of growth rates.



Additional help for built-in functions and operators is
available in the online version of the manual.  Use the command
'doc <topic>' to search the manual index.

Help and information about Octave is also available on the WWW
at https://www.octave.org and via the help@octave.org
mailing list.
 
=============================================================
KEY PARAMETER VALUES:    CaseName = Eta20
                   theta =  2.0000
                     eta =  0.2000
            theta*(1-eta)=  1.6000
                    dlta =  0.0000
                      mu =  0.6250
                   sigma =  3.0000
           EstimateDelta =  0.0000
           ConstrainTauH = -0.8000
PurgeWageGrowthSelection =     0
      AlphaSplitTauW1960 =  0.5000
   OccupationforWageHome = 23 Secretaries                               
   Alpha0FixedSplit =  0.5000
=============================================================
 
Concordance of short column titles and concepts:
  Y       GDP per person
  Ymkt    GDP (mkt) per person
  Ywkr    GDP (mkt) per worker
  LFP     Labor Force Participation (LFP)
  Earn    Earnings (market)
  Cons    ConsumpYoung (total)
  EarnY   EarningsYoung (market)
  gdpY    GDPYoung (market)
  GapWW   WageGapWW
  GapBM   WageGapBM
  GapBW   WageGapBW
  EarnWM  EarningsWM
  EarnWW  EarningsWW
  EarnBM  EarningsBM
  EarnBW  EarningsBW
  Util    Utility: CE-Welfare of Young
 
 
========================================================================
 How much poorer in 2010 with 1960 values of TauWTauH
========================================================================
...... 
                 Y    Ymkt    Ywkr     LFP    Earn    Cons   EarnY    gdpY   GapWW   GapBM   GapBW  EarnWM  EarnWW  EarnBM  EarnBW    Util
------------------------------------------------------------------------------------------------------------------------------------------
-- 1960 --   24219   17740   29634   0.599   18614   24083   16969   15894   0.556   0.560   0.350   14527    3135     687     266   22834
2010(alt)    40763   28772   46630   0.617   30779   32876   22417   20894   0.432   0.562   0.380   24018    4465    1531     765   24007
-- 2010 --   54968   42334   56596   0.748   42334   42896   30917   31240   0.852   0.788   0.715   22857   15139    2116    2221   32168
Growth(alt)  0.0104  0.0097  0.0091  0.0006  0.0101  0.0062  0.0056  0.0055 -0.0050  0.0001  0.0016  0.0101  0.0071  0.0160  0.0212  0.0010
Growth(tru)  0.0164  0.0174  0.0129  0.0045  0.0164  0.0115  0.0120  0.0135  0.0085  0.0068  0.0143  0.0091  0.0315  0.0225  0.0425  0.0069
Difference   0.0060  0.0077  0.0039  0.0038  0.0064  0.0053  0.0064  0.0080  0.0136  0.0067  0.0127 -0.0010  0.0244  0.0065  0.0213  0.0059
// Share //    36.5    44.4    29.9    86.4    38.8    46.1    53.6    59.5   158.8    98.5    88.7   -10.9    77.5    28.8    50.2    85.4
 
 
 
 
========================================================================
 How much poorer in 2010 with 1960 values of TauH
========================================================================
...... 
                 Y    Ymkt    Ywkr     LFP    Earn    Cons   EarnY    gdpY   GapWW   GapBM   GapBW  EarnWM  EarnWW  EarnBM  EarnBW    Util
------------------------------------------------------------------------------------------------------------------------------------------
-- 1960 --   24219   17740   29634   0.599   18614   24083   16969   15894   0.556   0.560   0.350   14527    3135     687     266   22834
2010(alt)    41629   30040   42917   0.700   35376   36585   25989   21805   0.524   0.755   0.538   23872    7428    2383    1693   27710
-- 2010 --   54968   42334   56596   0.748   42334   42896   30917   31240   0.852   0.788   0.715   22857   15139    2116    2221   32168
Growth(alt)  0.0108  0.0105  0.0074  0.0031  0.0128  0.0084  0.0085  0.0063 -0.0012  0.0060  0.0086  0.0099  0.0173  0.0249  0.0370  0.0039
Growth(tru)  0.0164  0.0174  0.0129  0.0045  0.0164  0.0115  0.0120  0.0135  0.0085  0.0068  0.0143  0.0091  0.0315  0.0225  0.0425  0.0069
Difference   0.0056  0.0069  0.0055  0.0013  0.0036  0.0032  0.0035  0.0072  0.0097  0.0008  0.0057 -0.0009  0.0142 -0.0024  0.0054  0.0030
// Share //    33.9    39.4    42.8    29.8    21.9    27.6    28.9    53.2   113.9    12.3    40.0    -9.6    45.2   -10.5    12.8    43.5
 
 
 
 
========================================================================
 How much poorer in 2010 with 1960 values of TauW
========================================================================
...... 
                 Y    Ymkt    Ywkr     LFP    Earn    Cons   EarnY    gdpY   GapWW   GapBM   GapBW  EarnWM  EarnWW  EarnBM  EarnBW    Util
------------------------------------------------------------------------------------------------------------------------------------------
-- 1960 --   24219   17740   29634   0.599   18614   24083   16969   15894   0.556   0.560   0.350   14527    3135     687     266   22834
2010(alt)    52740   39750   58724   0.677   35303   37262   25719   29278   0.672   0.617   0.523   23054    9704    1375    1169   27752
-- 2010 --   54968   42334   56596   0.748   42334   42896   30917   31240   0.852   0.788   0.715   22857   15139    2116    2221   32168
Growth(alt)  0.0156  0.0161  0.0137  0.0025  0.0128  0.0087  0.0083  0.0122  0.0038  0.0020  0.0080  0.0092  0.0226  0.0139  0.0296  0.0039
Growth(tru)  0.0164  0.0174  0.0129  0.0045  0.0164  0.0115  0.0120  0.0135  0.0085  0.0068  0.0143  0.0091  0.0315  0.0225  0.0425  0.0069
Difference   0.0008  0.0013 -0.0007  0.0020  0.0036  0.0028  0.0037  0.0013  0.0048  0.0049  0.0063 -0.0002  0.0089  0.0086  0.0128  0.0030
// Share //     5.0     7.2    -5.7    44.8    22.1    24.4    30.7     9.6    55.6    71.4    43.9    -1.9    28.2    38.4    30.2    43.1
 
 
 
 
========================================================================
 How much poorer in 2010 with 1960 values of Both+Z
========================================================================
...... 
                 Y    Ymkt    Ywkr     LFP    Earn    Cons   EarnY    gdpY   GapWW   GapBM   GapBW  EarnWM  EarnWW  EarnBM  EarnBW    Util
------------------------------------------------------------------------------------------------------------------------------------------
-- 1960 --   24219   17740   29634   0.599   18614   24083   16969   15894   0.556   0.560   0.350   14527    3135     687     266   22834
2010(alt)    40787   28756   49753   0.578   30854   33021   22558   20954   0.568   0.528   0.436   24465    4011    1650     729   25238
-- 2010 --   54968   42334   56596   0.748   42334   42896   30917   31240   0.852   0.788   0.715   22857   15139    2116    2221   32168
Growth(alt)  0.0104  0.0097  0.0104 -0.0007  0.0101  0.0063  0.0057  0.0055  0.0004 -0.0011  0.0044  0.0104  0.0049  0.0175  0.0202  0.0020
Growth(tru)  0.0164  0.0174  0.0129  0.0045  0.0164  0.0115  0.0120  0.0135  0.0085  0.0068  0.0143  0.0091  0.0315  0.0225  0.0425  0.0069
Difference   0.0060  0.0077  0.0026  0.0052  0.0063  0.0052  0.0063  0.0080  0.0081  0.0080  0.0099 -0.0014  0.0266  0.0050  0.0223  0.0049
// Share //    36.4    44.5    19.9   115.8    38.5    45.3    52.5    59.1    94.9   116.8    69.2   -15.0    84.3    22.2    52.5    70.8
 
 
 
 
========================================================================
 How much poorer in 2010 with 1960 values of MeansOnly
========================================================================
...... 
                 Y    Ymkt    Ywkr     LFP    Earn    Cons   EarnY    gdpY   GapWW   GapBM   GapBW  EarnWM  EarnWW  EarnBM  EarnBW    Util
------------------------------------------------------------------------------------------------------------------------------------------
-- 1960 --   24219   17740   29634   0.599   18614   24083   16969   15894   0.556   0.560   0.350   14527    3135     687     266   22834
2010(alt)    40575   28298   50925   0.556   28698   31270   20813   20768   0.447   0.515   0.374   23778    3392    1047     480   22235
-- 2010 --   54968   42334   56596   0.748   42334   42896   30917   31240   0.852   0.788   0.715   22857   15139    2116    2221   32168
Growth(alt)  0.0103  0.0093  0.0108 -0.0015  0.0087  0.0052  0.0041  0.0053 -0.0044 -0.0017  0.0013  0.0099  0.0016  0.0084  0.0118 -0.0005
Growth(tru)  0.0164  0.0174  0.0129  0.0045  0.0164  0.0115  0.0120  0.0135  0.0085  0.0068  0.0143  0.0091  0.0315  0.0225  0.0425  0.0069
Difference   0.0061  0.0081  0.0021  0.0059  0.0078  0.0063  0.0079  0.0082  0.0129  0.0085  0.0130 -0.0008  0.0299  0.0141  0.0306  0.0074
// Share //    37.0    46.3    16.3   133.4    47.3    54.8    66.0    60.4   151.2   124.2    90.9    -8.7    95.0    62.6    72.1   107.8
 
 
 
 
========================================================================
 How much poorer in 2010 with 1960 values of DispersionOnly
========================================================================
...... 
                 Y    Ymkt    Ywkr     LFP    Earn    Cons   EarnY    gdpY   GapWW   GapBM   GapBW  EarnWM  EarnWW  EarnBM  EarnBW    Util
------------------------------------------------------------------------------------------------------------------------------------------
-- 1960 --   24219   17740   29634   0.599   18614   24083   16969   15894   0.556   0.560   0.350   14527    3135     687     266   22834
2010(alt)    51681   39554   51413   0.769   43256   43381   31656   28576   0.781   0.884   0.730   23273   14571    2874    2538   33288
-- 2010 --   54968   42334   56596   0.748   42334   42896   30917   31240   0.852   0.788   0.715   22857   15139    2116    2221   32168
Growth(alt)  0.0152  0.0160  0.0110  0.0050  0.0169  0.0118  0.0125  0.0117  0.0068  0.0092  0.0147  0.0094  0.0307  0.0286  0.0451  0.0075
Growth(tru)  0.0164  0.0174  0.0129  0.0045  0.0164  0.0115  0.0120  0.0135  0.0085  0.0068  0.0143  0.0091  0.0315  0.0225  0.0425  0.0069
Difference   0.0012  0.0014  0.0019 -0.0006 -0.0004 -0.0002 -0.0005  0.0018  0.0017 -0.0023 -0.0004 -0.0004  0.0008 -0.0061 -0.0027 -0.0007
// Share //     7.5     7.8    14.8   -12.6    -2.6    -1.9    -3.9    13.2    20.4   -33.8    -2.9    -4.0     2.4   -27.2    -6.3   -10.0
 
 
