HowMuchPoorer_Eta05                 05-Oct-2026 
 
'HowMuchPoorer' is a script from the file /workspace/output/replication/codebase/HowMuchPoorer.m

 HowMuchPoorer.m

  Alternative approach to evaluating contribution of tau's etc.
 "Relative to 2010 in model solution, how much poorer would we be
  if ______ had occurred?"
   Ex: if tau's stayed at 1960 level?
       if tauw had not changed since 1960
       if tauh had not changed since 1960
       if only mean tau had changed since 1960, not dispersion
       if dispersion changed, but not the means

  That is, allow everything else to change as it did, other than ______
  "// Share //" row reports the contribution in terms of growth rates.



Additional help for built-in functions and operators is
available in the online version of the manual.  Use the command
'doc <topic>' to search the manual index.

Help and information about Octave is also available on the WWW
at https://www.octave.org and via the help@octave.org
mailing list.
 
=============================================================
KEY PARAMETER VALUES:    CaseName = Eta05
                   theta =  2.0000
                     eta =  0.0500
            theta*(1-eta)=  1.9000
                    dlta =  0.0000
                      mu =  0.5263
                   sigma =  3.0000
           EstimateDelta =  0.0000
           ConstrainTauH = -0.8000
PurgeWageGrowthSelection =     0
      AlphaSplitTauW1960 =  0.5000
   OccupationforWageHome = 23 Secretaries                               
   Alpha0FixedSplit =  0.5000
=============================================================
 
Concordance of short column titles and concepts:
  Y       GDP per person
  Ymkt    GDP (mkt) per person
  Ywkr    GDP (mkt) per worker
  LFP     Labor Force Participation (LFP)
  Earn    Earnings (market)
  Cons    ConsumpYoung (total)
  EarnY   EarningsYoung (market)
  gdpY    GDPYoung (market)
  GapWW   WageGapWW
  GapBM   WageGapBM
  GapBW   WageGapBW
  EarnWM  EarningsWM
  EarnWW  EarningsWW
  EarnBM  EarningsBM
  EarnBW  EarningsBW
  Util    Utility: CE-Welfare of Young
 
 
========================================================================
 How much poorer in 2010 with 1960 values of TauWTauH
========================================================================
...... 
                 Y    Ymkt    Ywkr     LFP    Earn    Cons   EarnY    gdpY   GapWW   GapBM   GapBW  EarnWM  EarnWW  EarnBM  EarnBW    Util
------------------------------------------------------------------------------------------------------------------------------------------
-- 1960 --   24988   17626   29442   0.599   18616   29635   16971   15763   0.556   0.560   0.350   14527    3135     687     266   21218
2010(alt)    42462   28912   47511   0.609   31143   40934   22682   20980   0.457   0.565   0.399   24283    4556    1539     764   21830
-- 2010 --   53464   40111   53646   0.748   42907   52042   31041   29080   0.876   0.789   0.731   22925   15578    2128    2276   28132
Growth(alt)  0.0106  0.0099  0.0096  0.0003  0.0103  0.0065  0.0058  0.0057 -0.0039  0.0002  0.0026  0.0103  0.0075  0.0161  0.0211  0.0006
Growth(tru)  0.0152  0.0164  0.0120  0.0044  0.0167  0.0113  0.0121  0.0122  0.0091  0.0069  0.0147  0.0091  0.0321  0.0226  0.0430  0.0056
Difference   0.0046  0.0065  0.0024  0.0041  0.0064  0.0048  0.0063  0.0065  0.0130  0.0067  0.0121 -0.0012  0.0246  0.0065  0.0218  0.0051
// Share //    30.3    39.8    20.2    92.6    38.4    42.6    52.0    53.3   143.0    97.3    82.4   -12.6    76.7    28.7    50.8    89.9
 
 
 
 
========================================================================
 How much poorer in 2010 with 1960 values of TauH
========================================================================
...... 
                 Y    Ymkt    Ywkr     LFP    Earn    Cons   EarnY    gdpY   GapWW   GapBM   GapBW  EarnWM  EarnWW  EarnBM  EarnBW    Util
------------------------------------------------------------------------------------------------------------------------------------------
-- 1960 --   24988   17626   29442   0.599   18616   29635   16971   15763   0.556   0.560   0.350   14527    3135     687     266   21218
2010(alt)    43026   30372   42641   0.712   37204   46399   27345   22037   0.606   0.734   0.545   24005    9207    2310    1682   25462
-- 2010 --   53464   40111   53646   0.748   42907   52042   31041   29080   0.876   0.789   0.731   22925   15578    2128    2276   28132
Growth(alt)  0.0109  0.0109  0.0074  0.0035  0.0138  0.0090  0.0095  0.0067  0.0017  0.0054  0.0088  0.0100  0.0215  0.0242  0.0369  0.0036
Growth(tru)  0.0152  0.0164  0.0120  0.0044  0.0167  0.0113  0.0121  0.0122  0.0091  0.0069  0.0147  0.0091  0.0321  0.0226  0.0430  0.0056
Difference   0.0043  0.0056  0.0046  0.0010  0.0029  0.0023  0.0025  0.0055  0.0074  0.0014  0.0059 -0.0009  0.0105 -0.0016  0.0060  0.0020
// Share //    28.6    33.8    38.3    21.8    17.1    20.4    21.0    45.3    81.1    20.9    39.9   -10.1    32.8    -7.2    14.1    35.4
 
 
 
 
========================================================================
 How much poorer in 2010 with 1960 values of TauW
========================================================================
...... 
                 Y    Ymkt    Ywkr     LFP    Earn    Cons   EarnY    gdpY   GapWW   GapBM   GapBW  EarnWM  EarnWW  EarnBM  EarnBW    Util
------------------------------------------------------------------------------------------------------------------------------------------
-- 1960 --   24988   17626   29442   0.599   18616   29635   16971   15763   0.556   0.560   0.350   14527    3135     687     266   21218
2010(alt)    51804   37495   57776   0.649   33876   43863   24372   27074   0.630   0.627   0.527   23273    8089    1401    1114   23658
-- 2010 --   53464   40111   53646   0.748   42907   52042   31041   29080   0.876   0.789   0.731   22925   15578    2128    2276   28132
Growth(alt)  0.0146  0.0151  0.0135  0.0016  0.0120  0.0078  0.0072  0.0108  0.0025  0.0023  0.0082  0.0094  0.0190  0.0142  0.0287  0.0022
Growth(tru)  0.0152  0.0164  0.0120  0.0044  0.0167  0.0113  0.0121  0.0122  0.0091  0.0069  0.0147  0.0091  0.0321  0.0226  0.0430  0.0056
Difference   0.0006  0.0013 -0.0015  0.0028  0.0047  0.0034  0.0048  0.0014  0.0066  0.0046  0.0065 -0.0003  0.0131  0.0084  0.0143  0.0035
// Share //     4.1     8.2   -12.4    63.7    28.3    30.4    40.1    11.7    72.4    66.8    44.5    -3.3    40.9    37.0    33.3    61.4
 
 
 
 
========================================================================
 How much poorer in 2010 with 1960 values of Both+Z
========================================================================
...... 
                 Y    Ymkt    Ywkr     LFP    Earn    Cons   EarnY    gdpY   GapWW   GapBM   GapBW  EarnWM  EarnWW  EarnBM  EarnBW    Util
------------------------------------------------------------------------------------------------------------------------------------------
-- 1960 --   24988   17626   29442   0.599   18616   29635   16971   15763   0.556   0.560   0.350   14527    3135     687     266   21218
2010(alt)    42777   29230   50072   0.584   31487   41378   23091   21356   0.557   0.533   0.430   24939    4103    1707     737   23585
-- 2010 --   53464   40111   53646   0.748   42907   52042   31041   29080   0.876   0.789   0.731   22925   15578    2128    2276   28132
Growth(alt)  0.0108  0.0101  0.0106 -0.0005  0.0105  0.0067  0.0062  0.0061  0.0001 -0.0010  0.0041  0.0108  0.0054  0.0182  0.0204  0.0021
Growth(tru)  0.0152  0.0164  0.0120  0.0044  0.0167  0.0113  0.0121  0.0122  0.0091  0.0069  0.0147  0.0091  0.0321  0.0226  0.0430  0.0056
Difference   0.0045  0.0063  0.0014  0.0050  0.0062  0.0046  0.0059  0.0062  0.0090  0.0079  0.0106 -0.0017  0.0267  0.0044  0.0226  0.0035
// Share //    29.3    38.5    11.5   111.3    37.1    40.7    49.0    50.4    99.4   114.3    72.1   -18.5    83.2    19.5    52.5    62.5
 
 
 
 
========================================================================
 How much poorer in 2010 with 1960 values of MeansOnly
========================================================================
...... 
                 Y    Ymkt    Ywkr     LFP    Earn    Cons   EarnY    gdpY   GapWW   GapBM   GapBW  EarnWM  EarnWW  EarnBM  EarnBW    Util
------------------------------------------------------------------------------------------------------------------------------------------
-- 1960 --   24988   17626   29442   0.599   18616   29635   16971   15763   0.556   0.560   0.350   14527    3135     687     266   21218
2010(alt)    42435   28417   51692   0.550   29201   39290   21189   20790   0.483   0.536   0.404   24079    3546    1081     495   20507
-- 2010 --   53464   40111   53646   0.748   42907   52042   31041   29080   0.876   0.789   0.731   22925   15578    2128    2276   28132
Growth(alt)  0.0106  0.0096  0.0113 -0.0017  0.0090  0.0056  0.0044  0.0055 -0.0028 -0.0008  0.0028  0.0101  0.0025  0.0091  0.0124 -0.0007
Growth(tru)  0.0152  0.0164  0.0120  0.0044  0.0167  0.0113  0.0121  0.0122  0.0091  0.0069  0.0147  0.0091  0.0321  0.0226  0.0430  0.0056
Difference   0.0046  0.0069  0.0007  0.0062  0.0077  0.0056  0.0076  0.0067  0.0119  0.0077  0.0119 -0.0010  0.0296  0.0135  0.0305  0.0063
// Share //    30.4    41.9     6.2   138.3    46.1    49.9    63.2    54.8   130.7   112.3    80.8   -10.8    92.3    59.9    71.0   112.1
 
 
 
 
========================================================================
 How much poorer in 2010 with 1960 values of DispersionOnly
========================================================================
...... 
                 Y    Ymkt    Ywkr     LFP    Earn    Cons   EarnY    gdpY   GapWW   GapBM   GapBW  EarnWM  EarnWW  EarnBM  EarnBW    Util
------------------------------------------------------------------------------------------------------------------------------------------
-- 1960 --   24988   17626   29442   0.599   18616   29635   16971   15763   0.556   0.560   0.350   14527    3135     687     266   21218
2010(alt)    50143   37287   49038   0.760   42313   51352   30818   26740   0.768   0.841   0.690   23309   13997    2709    2298   28453
-- 2010 --   53464   40111   53646   0.748   42907   52042   31041   29080   0.876   0.789   0.731   22925   15578    2128    2276   28132
Growth(alt)  0.0139  0.0150  0.0102  0.0048  0.0164  0.0110  0.0119  0.0106  0.0065  0.0081  0.0136  0.0095  0.0299  0.0274  0.0432  0.0059
Growth(tru)  0.0152  0.0164  0.0120  0.0044  0.0167  0.0113  0.0121  0.0122  0.0091  0.0069  0.0147  0.0091  0.0321  0.0226  0.0430  0.0056
Difference   0.0013  0.0015  0.0018 -0.0003  0.0003  0.0003  0.0001  0.0017  0.0026 -0.0013  0.0012 -0.0003  0.0021 -0.0048 -0.0002 -0.0002
// Share //     8.4     8.9    15.0    -7.6     1.7     2.4     1.2    13.7    28.8   -18.6     7.9    -3.6     6.7   -21.3    -0.4    -4.0
 
 
