HowMuchPoorer_NoBrawny                 05-Oct-2026 
 
'HowMuchPoorer' is a script from the file /workspace/output/replication/codebase/HowMuchPoorer.m

 HowMuchPoorer.m

  Alternative approach to evaluating contribution of tau's etc.
 "Relative to 2010 in model solution, how much poorer would we be
  if ______ had occurred?"
   Ex: if tau's stayed at 1960 level?
       if tauw had not changed since 1960
       if tauh had not changed since 1960
       if only mean tau had changed since 1960, not dispersion
       if dispersion changed, but not the means

  That is, allow everything else to change as it did, other than ______
  "// Share //" row reports the contribution in terms of growth rates.



Additional help for built-in functions and operators is
available in the online version of the manual.  Use the command
'doc <topic>' to search the manual index.

Help and information about Octave is also available on the WWW
at https://www.octave.org and via the help@octave.org
mailing list.
 
=============================================================
KEY PARAMETER VALUES:    CaseName = NoBrawny
                   theta =  2.0000
                     eta =  0.1030
            theta*(1-eta)=  1.7940
                    dlta =  0.0000
                      mu =  0.5574
                   sigma =  3.0000
           EstimateDelta =  0.0000
           ConstrainTauH = -0.8000
PurgeWageGrowthSelection =     0
      AlphaSplitTauW1960 =  0.5000
   OccupationforWageHome = 23 Secretaries                               
IgnoreBrawnyOccupations = 1 -- choosing T(i,g) to zero out tauw/h there
   Alpha0FixedSplit =  0.5000
=============================================================
 
Concordance of short column titles and concepts:
  Y       GDP per person
  Ymkt    GDP (mkt) per person
  Ywkr    GDP (mkt) per worker
  LFP     Labor Force Participation (LFP)
  Earn    Earnings (market)
  Cons    ConsumpYoung (total)
  EarnY   EarningsYoung (market)
  gdpY    GDPYoung (market)
  GapWW   WageGapWW
  GapBM   WageGapBM
  GapBW   WageGapBW
  EarnWM  EarningsWM
  EarnWW  EarningsWW
  EarnBM  EarningsBM
  EarnBW  EarningsBW
  Util    Utility: CE-Welfare of Young
 
 
========================================================================
 How much poorer in 2010 with 1960 values of TauWTauH
========================================================================
...... 
                 Y    Ymkt    Ywkr     LFP    Earn    Cons   EarnY    gdpY   GapWW   GapBM   GapBW  EarnWM  EarnWW  EarnBM  EarnBW    Util
------------------------------------------------------------------------------------------------------------------------------------------
-- 1960 --   24274   17212   28753   0.599   18615   27648   16968   15438   0.556   0.560   0.350   14527    3135     687     265   22288
2010(alt)    41918   28996   45904   0.632   31610   38493   22979   21032   0.455   0.561   0.409   24093    5065    1503     950   23542
-- 2010 --   53437   40325   53927   0.748   42663   48761   30986   29499   0.866   0.788   0.721   22900   15397    2121    2244   30107
Growth(alt)  0.0109  0.0104  0.0094  0.0011  0.0106  0.0066  0.0061  0.0062 -0.0040  0.0000  0.0031  0.0101  0.0096  0.0156  0.0256  0.0011
Growth(tru)  0.0158  0.0170  0.0126  0.0044  0.0166  0.0113  0.0120  0.0130  0.0089  0.0068  0.0145  0.0091  0.0318  0.0225  0.0427  0.0060
Difference   0.0049  0.0066  0.0032  0.0034  0.0060  0.0047  0.0060  0.0068  0.0129  0.0068  0.0113 -0.0010  0.0222  0.0069  0.0172  0.0049
// Share //    30.8    38.7    25.6    75.8    36.2    41.7    49.6    52.2   144.9    99.3    78.3   -11.2    69.9    30.6    40.2    81.8
 
 
 
 
========================================================================
 How much poorer in 2010 with 1960 values of TauH
========================================================================
...... 
                 Y    Ymkt    Ywkr     LFP    Earn    Cons   EarnY    gdpY   GapWW   GapBM   GapBW  EarnWM  EarnWW  EarnBM  EarnBW    Util
------------------------------------------------------------------------------------------------------------------------------------------
-- 1960 --   24274   17212   28753   0.599   18615   27648   16968   15438   0.556   0.560   0.350   14527    3135     687     265   22288
2010(alt)    42535   30203   42512   0.710   36650   42935   26907   21900   0.581   0.736   0.544   23910    8755    2301    1684   26866
-- 2010 --   53437   40325   53927   0.748   42663   48761   30986   29499   0.866   0.788   0.721   22900   15397    2121    2244   30107
Growth(alt)  0.0112  0.0112  0.0078  0.0034  0.0135  0.0088  0.0092  0.0070  0.0009  0.0055  0.0088  0.0100  0.0205  0.0242  0.0370  0.0037
Growth(tru)  0.0158  0.0170  0.0126  0.0044  0.0166  0.0113  0.0120  0.0130  0.0089  0.0068  0.0145  0.0091  0.0318  0.0225  0.0427  0.0060
Difference   0.0046  0.0058  0.0048  0.0010  0.0030  0.0025  0.0028  0.0060  0.0080  0.0014  0.0056 -0.0009  0.0113 -0.0016  0.0057  0.0023
// Share //    28.9    34.0    37.8    23.0    18.3    22.4    23.4    46.0    90.0    20.0    38.9    -9.5    35.5    -7.2    13.4    37.9
 
 
 
 
========================================================================
 How much poorer in 2010 with 1960 values of TauW
========================================================================
...... 
                 Y    Ymkt    Ywkr     LFP    Earn    Cons   EarnY    gdpY   GapWW   GapBM   GapBW  EarnWM  EarnWW  EarnBM  EarnBW    Util
------------------------------------------------------------------------------------------------------------------------------------------
-- 1960 --   24274   17212   28753   0.599   18615   27648   16968   15438   0.556   0.560   0.350   14527    3135     687     265   22288
2010(alt)    51613   37890   56392   0.672   34854   41899   25192   27635   0.646   0.625   0.534   23129    9027    1383    1315   25943
-- 2010 --   53437   40325   53927   0.748   42663   48761   30986   29499   0.866   0.788   0.721   22900   15397    2121    2244   30107
Growth(alt)  0.0151  0.0158  0.0135  0.0023  0.0125  0.0083  0.0079  0.0116  0.0030  0.0022  0.0085  0.0093  0.0212  0.0140  0.0321  0.0030
Growth(tru)  0.0158  0.0170  0.0126  0.0044  0.0166  0.0113  0.0120  0.0130  0.0089  0.0068  0.0145  0.0091  0.0318  0.0225  0.0427  0.0060
Difference   0.0007  0.0012 -0.0009  0.0021  0.0040  0.0030  0.0041  0.0013  0.0058  0.0046  0.0060 -0.0002  0.0107  0.0086  0.0107  0.0030
// Share //     4.4     7.3    -7.1    48.1    24.4    26.7    34.4    10.1    65.9    67.7    41.4    -2.2    33.5    38.0    25.0    49.5
 
 
 
 
========================================================================
 How much poorer in 2010 with 1960 values of Both+Z
========================================================================
...... 
                 Y    Ymkt    Ywkr     LFP    Earn    Cons   EarnY    gdpY   GapWW   GapBM   GapBW  EarnWM  EarnWW  EarnBM  EarnBW    Util
------------------------------------------------------------------------------------------------------------------------------------------
-- 1960 --   24274   17212   28753   0.599   18615   27648   16968   15438   0.556   0.560   0.350   14527    3135     687     265   22288
2010(alt)    42209   29197   49106   0.595   31765   38782   23226   21304   0.573   0.528   0.460   24696    4517    1658     894   24995
-- 2010 --   53437   40325   53927   0.748   42663   48761   30986   29499   0.866   0.788   0.721   22900   15397    2121    2244   30107
Growth(alt)  0.0111  0.0106  0.0107 -0.0001  0.0107  0.0068  0.0063  0.0064  0.0006 -0.0012  0.0055  0.0106  0.0073  0.0176  0.0243  0.0023
Growth(tru)  0.0158  0.0170  0.0126  0.0044  0.0166  0.0113  0.0120  0.0130  0.0089  0.0068  0.0145  0.0091  0.0318  0.0225  0.0427  0.0060
Difference   0.0047  0.0065  0.0019  0.0046  0.0059  0.0046  0.0058  0.0065  0.0083  0.0080  0.0090 -0.0015  0.0245  0.0049  0.0184  0.0037
// Share //    29.9    37.9    14.9   103.1    35.6    40.4    47.9    50.3    93.3   117.1    62.1   -16.6    77.0    21.9    43.1    61.9
 
 
 
 
========================================================================
 How much poorer in 2010 with 1960 values of MeansOnly
========================================================================
...... 
                 Y    Ymkt    Ywkr     LFP    Earn    Cons   EarnY    gdpY   GapWW   GapBM   GapBW  EarnWM  EarnWW  EarnBM  EarnBW    Util
------------------------------------------------------------------------------------------------------------------------------------------
-- 1960 --   24274   17212   28753   0.599   18615   27648   16968   15438   0.556   0.560   0.350   14527    3135     687     265   22288
2010(alt)    43496   30119   50300   0.599   30933   37988   22336   21916   0.536   0.537   0.439   23716    5450    1045     722   22821
-- 2010 --   53437   40325   53927   0.748   42663   48761   30986   29499   0.866   0.788   0.721   22900   15397    2121    2244   30107
Growth(alt)  0.0117  0.0112  0.0112  0.0000  0.0102  0.0064  0.0055  0.0070 -0.0007 -0.0008  0.0045  0.0098  0.0111  0.0084  0.0201  0.0005
Growth(tru)  0.0158  0.0170  0.0126  0.0044  0.0166  0.0113  0.0120  0.0130  0.0089  0.0068  0.0145  0.0091  0.0318  0.0225  0.0427  0.0060
Difference   0.0041  0.0058  0.0014  0.0044  0.0064  0.0050  0.0065  0.0059  0.0096  0.0077  0.0099 -0.0007  0.0208  0.0142  0.0227  0.0055
// Share //    26.1    34.3    11.1    99.9    38.8    44.0    54.4    45.9   108.1   111.9    68.6    -7.7    65.3    62.9    53.1    92.1
 
 
 
 
========================================================================
 How much poorer in 2010 with 1960 values of DispersionOnly
========================================================================
...... 
                 Y    Ymkt    Ywkr     LFP    Earn    Cons   EarnY    gdpY   GapWW   GapBM   GapBW  EarnWM  EarnWW  EarnBM  EarnBW    Util
------------------------------------------------------------------------------------------------------------------------------------------
-- 1960 --   24274   17212   28753   0.599   18615   27648   16968   15438   0.556   0.560   0.350   14527    3135     687     265   22288
2010(alt)    47683   35051   47496   0.738   39285   45542   28730   25481   0.664   0.841   0.613   23454   11138    2736    1957   28730
-- 2010 --   53437   40325   53927   0.748   42663   48761   30986   29499   0.866   0.788   0.721   22900   15397    2121    2244   30107
Growth(alt)  0.0135  0.0142  0.0100  0.0042  0.0149  0.0100  0.0105  0.0100  0.0036  0.0081  0.0112  0.0096  0.0254  0.0276  0.0400  0.0051
Growth(tru)  0.0158  0.0170  0.0126  0.0044  0.0166  0.0113  0.0120  0.0130  0.0089  0.0068  0.0145  0.0091  0.0318  0.0225  0.0427  0.0060
Difference   0.0023  0.0028  0.0025  0.0003  0.0016  0.0014  0.0015  0.0029  0.0053 -0.0013  0.0033 -0.0005  0.0065 -0.0051  0.0027  0.0009
// Share //    14.4    16.5    20.2     5.9     9.9    12.0    12.5    22.6    59.8   -19.1    22.6    -5.2    20.3   -22.6     6.4    15.6
 
 
