ReadCohortData_EstimateDelta                 05-Oct-2026 
 
'ReadCohortData' is a script from the file /workspace/output/replication/codebase/ReadCohortData.m

 ReadCohortData

 Reads the cohort data assembled by Erik in chad_output_file_[Date].csv
 (see the .xls file for more details).


Additional help for built-in functions and operators is
available in the online version of the manual.  Use the command
'doc <topic>' to search the manual index.

Help and information about Octave is also available on the WWW
at https://www.octave.org and via the help@octave.org
mailing list.
 
=============================================================
KEY PARAMETER VALUES:    CaseName = EstimateDelta
                   theta =  2.0000
                     eta =  0.1030
            theta*(1-eta)=  1.7940
                    dlta =  0.0000
                      mu =  0.5574
                   sigma =  3.0000
           EstimateDelta =  1.0000
           ConstrainTauH = -0.8000
PurgeWageGrowthSelection =     0
      AlphaSplitTauW1960 =  0.5000
   OccupationforWageHome = 23 Secretaries                               
   Alpha0FixedSplit =  0.5000
=============================================================
 
fname = chad_output_file_2019_01_24.csv
Noccs = 67
Ngroups = 4
Ncohorts = 8
Putting earnings / wage in $2009 constant using PCE Deflator
 
Education of Young WM
 
                   1960    1970    1980    1990    2000    2010
---------------------------------------------------------------
Home            12.3949 13.8747 14.1335 13.8629 13.1985 14.5413
Managers        13.1269 13.9247 15.0613 14.5416 14.8643 15.0213
MgmtRelated     14.9052 14.9589 15.7670 15.4893 15.4656 15.8179
Architects      17.2859 18.1373 17.5746 16.2366 16.6077 16.7802
Engineers       15.6798 16.0023 16.2115 15.9446 16.0296 16.2759
Math/CompSci    16.3543 15.7087 16.2883 15.8971 15.1237 15.1491
Science         16.4476 16.6703 17.5446 16.8494 17.5370 17.6299
Doctors         18.7786 18.9837 18.9567 19.0529 19.0414 19.0616
Nurses          16.6627 17.1591 17.7891 16.2521 16.0859 16.7831
Therapists      17.3860 16.7239 15.8822 15.8346 16.4711 17.3072
Professors      20.4706 20.3598 20.2683 20.3538 19.7947 20.1033
Teachers        17.3524 17.8711 17.7293 16.7182 16.7877 17.1638
Librarians      17.8742 18.0000 18.1062 17.8514 17.7491 18.4301
Soc.Scientists  17.5633 17.4420 18.1683 17.4194 17.4716 16.9550
SocialWork      17.5078 17.2057 17.2399 16.5023 16.3167 16.4552
Lawyers         18.8721 19.0828 19.2159 19.1226 19.0840 19.0884
Arts/Athletes   15.2469 14.9386 15.8318 15.2777 15.4582 15.8944
HealthTechs     13.1030 14.9275 15.5356 14.6244 14.4084 14.4568
Eng.Techs       12.8519 13.1919 13.9563 13.9726 13.7739 14.2384
ScienceTechs    13.0274 14.5831 14.5939 14.2203 14.0789 14.5357
OtherTechs      13.5455 14.6574 15.7743 15.0811 15.6649 15.7728
Sales           13.2929 13.5695 14.4245 14.0152 14.0934 14.3454
Secretaries     12.9993 13.3995 14.8621 14.4450 14.6365 15.1939
Info.Clerks     12.5758 13.4070 15.1046 14.5218 14.3997 14.4439
Records         15.4032 15.2638 14.1956 14.3780 14.3059 15.0031
FinancialClerk  13.1231 13.3263 14.6489 14.1950 14.1765 14.4075
OfficeMachine   12.5075 12.5445 13.3543 12.9853 12.9753 14.3301
ComputerTech    11.7245 12.7202 13.9832 13.9242 14.0869 14.1763
Mail            12.2273 12.5208 13.3804 13.2213 13.1816 13.4805
Clerks          11.0371 12.0743 13.1137 12.9485 12.9080 13.3828
Insurance       14.3563 14.3199 15.2051 14.6381 14.2844 14.3580
Misc.Admin      12.8074 13.1934 14.7260 14.4807 14.5496 14.8179
PrivateHshld    10.4443 10.7875 11.7285 12.0926 12.2760 12.1011
Firefighting    11.4535 12.0725 13.2228 13.2903 13.3241 13.7570
Police          11.8489 12.4673 13.8990 13.5301 13.7721 13.9883
Guards          11.1561 12.3221 13.4371 13.3192 13.2641 13.8092
FoodPrep        10.4536 11.3659 12.9941 12.9468 12.8869 13.4018
HealthService   10.9642 12.9931 14.3786 13.9349 13.8488 14.1091
Cleaning        10.0858 10.9020 12.1975 12.3349 12.2412 12.6712
PersonalService 10.9602 10.9869 13.9757 13.6367 14.1863 14.4865
FarmMgrs        10.8475 11.8840 13.1624 12.7563 12.9872 13.0635
FarmWork         8.4415  9.9838 10.9335 11.1784 10.7332 10.4451
Agriculture     10.0290 10.7632 12.3451 12.1157 11.8986 11.8834
Forest           9.4743 11.1065 12.2294 11.9078 11.8311 12.2695
Mechanics       10.4436 11.1038 12.0375 12.3146 12.3127 12.6023
Elec.Repairer   11.6315 12.0218 12.7336 12.9207 12.8151 13.0423
Misc.Repairer   10.8018 11.1090 12.3653 12.5299 12.4527 12.6946
Construction    10.7086 11.2702 12.3843 12.2287 11.9896 12.0756
Extractive      10.0619 10.7249 11.6947 11.8996 11.9370 12.1352
Supervisor(P)   11.5568 12.1024 13.1356 12.7759 12.8081 12.9654
MetalWork       10.8470 11.6345 12.2456 12.4030 12.4141 12.5511
WoodWork        10.3994 10.9697 12.5586 12.2916 12.1814 12.2701
Textiles         9.6142 10.1165 11.1883 11.7676 11.8001 11.9860
Other           10.8463 11.9721 12.6037 12.4525 13.2724 13.6813
Food            10.5060 11.0800 11.8363 12.0259 11.6785 11.8427
PlantOperator   13.3274 11.8771 12.9965 12.9186 12.6876 13.2535
MetalMach.       9.9765 11.0765 11.7207 11.8855 11.8982 11.8609
MetalProc.      10.2077 10.4189 11.5731 12.0106 12.1131 12.4247
WoodMach.        9.2956  9.9155 11.6175 11.7807 11.9148 12.0052
TextileMach.    11.3234 11.7928 12.6015 12.4918 12.4575 12.6277
PrintMach.       9.6744 10.2271 10.8707 11.6203 11.4505 11.6041
OtherMach.      10.1132 10.8271 11.7877 12.0540 11.9947 12.2180
Fabricators     10.2310 10.9893 11.7325 12.0258 12.0685 12.1299
Prod.Inspectors 11.1028 12.0522 12.5698 12.7921 12.9762 13.1911
MotorVehicle    10.1204 10.9334 11.9575 12.1955 12.2036 12.5321
OtherVehicle    10.5566 10.9804 12.0658 12.1088 12.0723 12.3858
Freight          9.8769 11.0099 11.9383 12.2285 12.1683 12.5787
 
Total earnings per person
 
  Decade    Earnings
--------------------
    1960       18383
    1970       24645
    1980       27088
    1990       33953
    2000       39419
    2010       41541
 
Average growth rates of Earnings
---------------------------
  1960 1970   0.0293
  1970 1980   0.0095
  1980 1990   0.0226
  1990 2000   0.0149
  2000 2010   0.0052
  1960 2010   0.0163
 
Total earnings per person by group
 
  Decade          WM          WW          BM          BW
--------------------------------------------------------
    1960       33250        6517       16278        4972
    1970       42699        9763       23904        9740
    1980       43144       13663       25717       14272
    1990       49231       21809       27843       20227
    2000       55222       27776       29066       23966
    2010       55424       31709       31580       28183
 
Average growth rates of Earnings by Group
---------------------------
 
 Year0YearT       WM       WW       BM       BW
-----------------------------------------------
  1960 1970   0.0250   0.0404   0.0384   0.0672
  1970 1980   0.0010   0.0336   0.0073   0.0382
  1980 1990   0.0132   0.0468   0.0079   0.0349
  1990 2000   0.0115   0.0242   0.0043   0.0170
  2000 2010   0.0004   0.0132   0.0083   0.0162
  1960 2010   0.0102   0.0316   0.0133   0.0347
 
================================
BACK OF THE ENVELOPE CALCULATION
================================
 
Growth rate of all people:   0.0163
Growth rate of    WM     :   0.0102
Rough share of growth from closing gaps:    0.373
 
 
Earnings of Young: Per total population and Per person
 
    Year PerTotalPop    PerYoung   Young/Pop
--------------------------------------------
    1960        5432       16290        33.3
    1970        7577       21968        34.5
    1980       10410       24391        42.7
    1990       11316       28486        39.7
    2000        9629       31605        30.5
    2010       10014       32063        31.2
         |                                                                     
    0.7 +|+                                                                    
         |                   FarmMgrs                                          
        #|################################################################     
    0.6 +|+###############################################################     
        #|######################  Food  Sales  ###########################     
    0.5 +|+####################  Doctors  #######  PersonalService  ######     
        #|##############  OtherVehicle   Prod.Inspectors  hld  ###########     
        #|###############    MotorVehicle  cators   rep  Clerks  #########     
    0.4 +|+########  Con  MetalW     Freight    les  rTech  ialClerk  ####     
        #|######################  Cleaning  tRela  PrintMach.   ##########     
        #|####################   WoodMach.    Insu  HealthService  #######     
    0.3 +|+####################  Eng   Clerks  ficeMachine   ###  Secretaries  
        #|##########  Extractive     Mail   .Sc  Records  ################     
        #|########  Firefighting  Guards  rts/Ath  HealthTechs  ##########     
    0.2 +|+#######  Mechanics  t    ########  Therapists  ################     
        #|##############  PlantOperator      #############################     
    0.1 +|+#####################################  Librarians  ############     
        #|################################################################     
        +|-------------------------------------------------------------------  
      0 +-+########+##########+###########+##########+##########+######### +   
       -6         -4         -2           0          2          4          6   
                         RELATIVE PROPENSITY, P(WW)/P(WM)                      
                                                                               
 
                   RelP     Gap
-------------------------------
Home             4.9291     NaN
Managers         0.3891  0.4189
MgmtRelated      0.6832  0.3509
Architects       0.1215  0.2424
Engineers        0.0556  0.2281
Math/CompSci     0.3874  0.2075
Science          0.2552  0.1604
Doctors          0.1608  0.5018
Nurses           5.8762  0.2843
Therapists       1.6806  0.1767
Professors       0.6249  0.2032
Teachers         1.9044  0.2208
Librarians       3.0856  0.0947
Soc.Scientists   0.6035  0.2616
SocialWork       0.7799  0.0193
Lawyers          0.2144  0.2696
Arts/Athletes    0.6142  0.2336
HealthTechs      3.9301  0.2378
Eng.Techs        0.1645  0.3049
ScienceTechs     0.3772  0.2835
OtherTechs       0.4364  0.2798
Sales            0.5159  0.5422
Secretaries     65.8918  0.2930
Info.Clerks      4.5437  0.4329
Records          2.7173  0.2724
FinancialClerk   6.7493  0.4048
OfficeMachine    1.4168  0.2974
ComputerTech     1.4522  0.3940
Mail             0.3215  0.2529
Clerks           0.4648  0.2982
Insurance        1.4360  0.3179
Misc.Admin       4.3349  0.3775
PrivateHshld     2.8096  0.4859
Firefighting     0.0154  0.2079
Police           0.0624  0.1939
Guards           0.1942  0.2294
FoodPrep         1.7616  0.4392
HealthService    4.9972  0.3175
Cleaning         0.1889  0.3782
PersonalService  4.0254  0.5110
FarmMgrs         0.0787  0.6622
FarmWork         0.2162  0.3956
Agriculture      0.2094  0.4124
Forest           0.0400  0.2023
Mechanics        0.0160  0.1781
Elec.Repairer    0.0680  0.1417
Misc.Repairer    0.0514  0.4460
Construction     0.0189  0.3898
Extractive       0.0200  0.2600
Supervisor(P)    0.1420  0.4530
MetalWork        0.0429  0.3997
WoodWork         0.1229  0.3204
Textiles         0.8850  0.4096
Other            0.3932  0.4063
Food             0.1906  0.5603
PlantOperator    0.0418  0.1486
MetalMach.       0.1869  0.4120
MetalProc.       0.2802  0.4032
WoodMach.        0.1665  0.3318
TextileMach.     0.3470  0.4456
PrintMach.       3.5901  0.3800
OtherMach.       0.3153  0.4775
Fabricators      0.4077  0.4504
Prod.Inspectors  0.6749  0.4847
MotorVehicle     0.0698  0.4498
OtherVehicle     0.0453  0.4922
Freight          0.2931  0.4038
Missing values encountered
=============================================================================
 
 
         ------------------------------------------------------------
                   ols: Levels
         ------------------------------------------------------------
 
       NOBS:  66                Dependent Variable: logwagegap
   RHS Vars:  2
     D of F:  64
 
  R-Squared:  0.0010312                        S.E.E.:  0.12498
     RBar^2:  -0.014578                   Residual SS:  0.9997
 
                             Standard              Robust     Robust
Variable          Beta         Error    t-stat      Error     t-stat
--------          ----       --------   ------     ------     ------
 
Constant          0.337703     0.017618    19.17     0.016122    20.95
logRelProp        0.002330     0.009066     0.26     0.008454     0.28
 
 
=============================================================================
         |                                                                     
    0.7 +|+                                                                    
         |                   FarmMgrs                                          
        #|################################################################     
    0.6 +|+###############################################################     
        #|######################  Food  Sales  ###########################     
    0.5 +|+####################  Doctors  #######  PersonalService  ######     
        #|##############  OtherVehicle   Prod.Inspectors  hld  ###########     
        #|###############    MotorVehicle  cators   rep  Clerks  #########     
    0.4 +|+########  Con  MetalW     Freight    les  rTech  ialClerk  ####     
        #|######################  Cleaning  tRela  PrintMach.   ##########     
        #|####################   WoodMach.    Insu  HealthService  #######     
    0.3 +|+####################  Eng   Clerks  ficeMachine   ###  Secretaries  
        #|##########  Extractive     Mail   .Sc  Records  ################     
        #|########  Firefighting  Guards  rts/Ath  HealthTechs  ##########     
    0.2 +|+#######  Mechanics  t    ########  Therapists  ################     
        #|##############  PlantOperator      #############################     
    0.1 +|+#####################################  Librarians  ############     
        #|################################################################     
        #|-------------------------------------------------------------------  
      0 +-+#######+#######+#######+#######+######+#######+#######+########     
                1/64    1/16     1/4       1      4      16      64            
                         RELATIVE PROPENSITY, P(WW)/P(WM)                      
                                                                               
 
                DlnRelP  DlnGap
-------------------------------
Home            -1.4284     NaN
Managers         2.2019 -0.3556
MgmtRelated      2.4232 -0.1613
Architects       2.6518 -0.4660
Engineers        3.3072 -0.1073
Math/CompSci     0.6822 -0.1859
Science          2.8622 -0.1117
Doctors          3.2749 -0.3621
Nurses           0.5174 -0.3889
Therapists       1.6316 -0.2389
Professors       2.0714 -0.3872
Teachers         1.2897 -0.1654
Librarians      -0.2711 -0.2691
Soc.Scientists   2.0699 -0.1413
SocialWork       2.1428  0.0281
Lawyers          3.5047 -0.5465
Arts/Athletes    1.0214 -0.2097
HealthTechs      0.3111 -0.3407
Eng.Techs        2.2479 -0.1560
ScienceTechs     1.7753 -0.1954
OtherTechs       1.9940 -0.1518
Sales            1.1219 -0.4852
Secretaries     -0.5550 -0.1677
Info.Clerks      0.9431 -0.2843
Records          1.1225 -0.4380
FinancialClerk   0.4551 -0.1999
OfficeMachine   -0.1543 -0.3599
ComputerTech    -2.1718 -0.2948
Mail             2.3619 -0.2899
Clerks           1.8444 -0.4199
Insurance        3.7209 -0.3082
Misc.Admin       1.2234 -0.2625
PrivateHshld     1.2831 -0.6766
Firefighting        Inf     NaN
Police           2.4456 -0.0116
Guards           4.2119 -0.1435
FoodPrep        -0.8267 -0.5915
HealthService    0.9154 -0.1641
Cleaning         1.1542 -0.0376
PersonalService  1.2618 -0.4040
FarmMgrs         2.2470 -0.2599
FarmWork         0.5180 -0.1734
Agriculture      0.7249 -0.3691
Forest           2.1320     NaN
Mechanics        1.8528 -0.2011
Elec.Repairer    1.7063 -0.2952
Misc.Repairer    1.9371  0.0305
Construction     1.4295 -0.1951
Extractive       1.5821  0.2899
Supervisor(P)    1.2227 -0.3978
MetalWork        1.3824 -0.0755
WoodWork         2.3013 -0.1692
Textiles        -1.6770 -0.2997
Other            3.2615 -0.5751
Food             2.8316 -0.2699
PlantOperator    1.4577 -0.7079
MetalMach.       1.5196 -0.3508
MetalProc.       1.7865  0.1328
WoodMach.        1.7356  0.5313
TextileMach.     1.5946 -0.1080
PrintMach.      -0.0239 -0.2056
OtherMach.      -0.1533 -0.1554
Fabricators     -0.4031 -0.0509
Prod.Inspectors -0.2665 -0.2304
MotorVehicle     2.6148 -0.1216
OtherVehicle     1.7023 -0.1341
Freight          1.9386 -0.1153
Missing values encountered
=============================================================================
 
 
         ------------------------------------------------------------
                   ols: Changes
         ------------------------------------------------------------
 
       NOBS:  64                Dependent Variable: Dlogwagegap
   RHS Vars:  2
     D of F:  62
 
  R-Squared:  0.0046597                        S.E.E.:  0.20475
     RBar^2:  -0.011394                   Residual SS:  2.5991
 
                             Standard              Robust     Robust
Variable          Beta         Error    t-stat      Error     t-stat
--------          ----       --------   ------     ------     ------
 
Constant          -0.249502     0.039557    -6.31     0.030208    -8.26
DlogRelProp        0.011196     0.020781     0.54     0.015955     0.70
 
 
=============================================================================
 
 
Computing tauhat for *all* c,t:   tauhat=relp.^(-(1-dlta)/theta) .* wagegap.^(-(1-eta));
just to see what they look like. We only use the Young (c,c) version.
This version ignores the Tbar/gamma stuff. But for baseline case and Young = correct.
 
                                                                               
                                                                               
          |                        Home: White Men                             
     1.1 +|+                                                                   
          |                                                                    
         #|###############################################################     
         #|###############################################################     
    1.05 +|+##############################################################     
         #|###############################################################     
         #|###############################################################     
         #|###############################################################     
         #|###############################################################     
       1 *|&&&&&&&&&&&&%%%%%%%%%%%%%##############*************&&&&&&&&&&&&&   
         #|###############################################################     
         #|###############################################################     
         #|###############################################################     
    0.95 +|+##############################################################     
         #|###############################################################     
         #|###############################################################     
         +|------------------------------------------------------------------  
     0.9 +-+##########+############+#############+############+########### +   
       1960         1970         1980          1990         2000         2010  
                                                                               
                                                                               
                                                                               
                                                                               
          |                       Home: White Women                            
     1.1 +|+                                                                   
          |                                                                    
         #|###############################################################     
         #|###############################################################     
    1.05 +|+##############################################################     
         #|###############################################################     
         #|###############################################################     
         #|###############################################################     
         #|###############################################################     
       1 *|&&&&&&&&&&&&%%%%%%%%%%%%%##############*************&&&&&&&&&&&&&   
         #|###############################################################     
         #|###############################################################     
         #|###############################################################     
    0.95 +|+##############################################################     
         #|###############################################################     
         #|###############################################################     
         +|------------------------------------------------------------------  
     0.9 +-+##########+############+#############+############+########### +   
       1960         1970         1980          1990         2000         2010  
                                                                               
                                                                               
                                                                               
                                                                               
          |                        Home: Black Men                             
     1.1 +|+                                                                   
          |                                                                    
         #|###############################################################     
         #|###############################################################     
    1.05 +|+##############################################################     
         #|###############################################################     
         #|###############################################################     
         #|###############################################################     
         #|###############################################################     
       1 *|&&&&&&&&&&&&%%%%%%%%%%%%%##############*************&&&&&&&&&&&&&   
         #|###############################################################     
         #|###############################################################     
         #|###############################################################     
    0.95 +|+##############################################################     
         #|###############################################################     
         #|###############################################################     
         +|------------------------------------------------------------------  
     0.9 +-+##########+############+#############+############+########### +   
       1960         1970         1980          1990         2000         2010  
                                                                               
                                                                               
                                                                               
                                                                               
          |                       Home: Black Women                            
     1.1 +|+                                                                   
          |                                                                    
         #|###############################################################     
         #|###############################################################     
    1.05 +|+##############################################################     
         #|###############################################################     
         #|###############################################################     
         #|###############################################################     
         #|###############################################################     
       1 *|&&&&&&&&&&&&%%%%%%%%%%%%%##############*************&&&&&&&&&&&&&   
         #|###############################################################     
         #|###############################################################     
         #|###############################################################     
    0.95 +|+##############################################################     
         #|###############################################################     
         #|###############################################################     
         +|------------------------------------------------------------------  
     0.9 +-+##########+############+#############+############+########### +   
       1960         1970         1980          1990         2000         2010  
                                                                               
                                                                               
                                                                               
                                                                               
          |                      Doctors: White Men                            
     1.1 +|+                                                                   
          |                                                                    
         #|###############################################################     
         #|###############################################################     
    1.05 +|+##############################################################     
         #|###############################################################     
         #|###############################################################     
         #|###############################################################     
         #|###############################################################     
       1 *|&&&&&&&&&&&&%%%%%%%%%%%%%##############*************&&&&&&&&&&&&&   
         #|###############################################################     
         #|###############################################################     
         #|###############################################################     
    0.95 +|+##############################################################     
         #|###############################################################     
         #|###############################################################     
         +|------------------------------------------------------------------  
     0.9 +-+##########+############+#############+############+########### +   
       1960         1970         1980          1990         2000         2010  
                                                                               
                                                                               
                                                                               
                                                                               
        |                      Doctors: White Women                            
    12 +|+                                                                     
        |                                                                      
       &|&&&&&############################################################     
    10 +|+####&&&&&&&&####################################################     
       #|#################################################################     
       #|#################################################################     
     8 %|%%###############################################################     
       #|##%%%%%%%########################################################     
     6 *|+########%%%%%%%%%%%%%%%%%#######################################     
       #|#################################################################     
       #|#################################################################     
     4 +|+########################*******#################################     
       #|################################*********************############     
       #|#################################################################     
     2 +|+######################################&&&&&&&&&&&&&&&&&&&&&&&&&&&&   
       #|####################################################%%%%%%%%%%%%%%%   
       +|--------------------------------------------------------------------  
     0 +-+###########+############+#############+############+############ +   
     1960          1970         1980          1990         2000          2010  
                                                                               
                                                                               
                                                                               
                                                                               
         |                      Doctors: Black Men                             
      5 +|+                                                                    
        &|                                                                     
    4.5 +|&###############################################################     
        #|#&&#############################################################     
        #|###&############################################################     
      4 +|+###&&##########################################################     
        #|######&#########################################################     
    3.5 +|+######&&#######################################################     
        %|%%%%%%%%%&&%####################################################     
        *|###########&%%##################################################     
      3 +|+#############%%################################################     
        #|################%%##############################################     
    2.5 +|+#################%%############################################     
        #|####################%%##########*************###################     
        #|######################%%##############&&&&&&&********&&&&&&#####     
      2 +|+#######################%%##########################%%%%%%%&&&&&&&   
        +|-------------------------------------------------------------------  
    1.5 +-+##########+#############+############+#############+########### +   
      1960         1970          1980         1990          2000         2010  
                                                                               
                                                                               
                                                                               
                                                                               
        |                      Doctors: Black Women                            
    70 +|+                                                                     
       &|                                                                      
    60 +|+################################################################     
       #|&&###############################################################     
       #|##&##############################################################     
    50 +|+##&#############################################################     
       #|####&############################################################     
    40 +|+####&&##########################################################     
       #|#######&#########################################################     
       #|########&########################################################     
    30 +|+########&&######################################################     
       *|###########&#####################################################     
    20 +|+###########&####################################################     
       %|%%%%%##############%%%%%%%#######################################     
       #|#####%%%%%%%%%%%%%%##############################################     
    10 +|+################################################################     
       +|--------------------------------------------------------------------  
     0 +-+###########+############+#############+############+############ #   
     1960          1970         1980          1990         2000          2010  
                                                                               
                                                                               
                                                                               
                                                                               
          |                      Teachers: White Men                           
     1.1 +|+                                                                   
          |                                                                    
         #|###############################################################     
         #|###############################################################     
    1.05 +|+##############################################################     
         #|###############################################################     
         #|###############################################################     
         #|###############################################################     
         #|###############################################################     
       1 *|&&&&&&&&&&&&%%%%%%%%%%%%%##############*************&&&&&&&&&&&&&   
         #|###############################################################     
         #|###############################################################     
         #|###############################################################     
    0.95 +|+##############################################################     
         #|###############################################################     
         #|###############################################################     
         +|------------------------------------------------------------------  
     0.9 +-+##########+############+#############+############+########### +   
       1960         1970         1980          1990         2000         2010  
                                                                               
                                                                               
                                                                               
                                                                               
         |                     Teachers: White Women                           
    1.4 +|+                                                                    
        %|%%                                                                   
        #|##%%%%%%########################################################     
        #|########%%%%%###################################################     
    1.2 &|+############%%%%###############################################     
        #|&&###############%%%############################################     
        #|##&&################%%%%########################################     
        #|####&&##################%%######################################     
      1 +|+#####&&########################################################     
        #|########&&######################################################     
        #|##########&&####################################################     
        #|#########################****###################################     
        #|#############################******#############################     
    0.8 +|+##################################**********###################     
        *|#############################################********###########     
        #|######################################&&&&&&&&&&&&&&&&&&&&&&&&&&&&   
        +|-------------------------------------------------------------------  
    0.6 +-+##########+#############+############+#############+########### #   
      1960         1970          1980         1990          2000         2010  
                                                                               
                                                                               
                                                                               
                                                                               
         |                      Teachers: Black Men                            
    1.6 +|+                                                                    
         |                                                                     
        #|###########&####################################################     
    1.5 %|+########&&#####################################################     
        #|%######&&#######################################################     
        #|#%%##&&#########################################################     
        #|###&&######################*####################################     
    1.4 +|+&&#%%########################**################################     
        #|&#####%###########################**############################     
        &|#######%%############################****************###########     
    1.3 +|+########%%#######%%%%%%%%######################################     
        *|###########%%%%%%%##############################################     
        #|######################################&&&#######################     
        #|#########################################&&&&##################%%%   
    1.2 +|+############################################&&&&&#########&&&&&&&   
        #|##################################################&&&&&&&&&#####     
        +|-------------------------------------------------------------------  
    1.1 +-+##########+#############+############+#############+########### +   
      1960         1970          1980         1990          2000         2010  
                                                                               
                                                                               
                                                                               
                                                                               
         |                     Teachers: Black Women                           
    1.3 +|+                                                                    
         |                                                                     
        #|################################################################     
    1.2 *|+###############################################################     
        #|%%##############################################################     
        #|##%%%###########################################################     
        #|#####%%%########################################################     
    1.1 &|&&&&&###%%######################################################     
        #|#####&&&&&&&%%%#################################################     
        #|###############%%%%%%%##########################################     
      1 +|+#####################%%%%*#####################################     
        #|###########################***##################################     
        #|##############################****##############################     
        #|##################################***###########################     
    0.9 +|+####################################********###################     
        #|#########################################&&&&********######%%%&&&&   
        +|-------------------------------------------------------------------  
    0.8 +-+##########+#############+############+###########&&&&&&######## +   
      1960         1970          1980         1990          2000         2010  
                                                                               
                                                                               
                                                                               
                                                                               
          |                      Lawyers: White Men                            
     1.1 +|+                                                                   
          |                                                                    
         #|###############################################################     
         #|###############################################################     
    1.05 +|+##############################################################     
         #|###############################################################     
         #|###############################################################     
         #|###############################################################     
         #|###############################################################     
       1 *|&&&&&&&&&&&&%%%%%%%%%%%%%##############*************&&&&&&&&&&&&&   
         #|###############################################################     
         #|###############################################################     
         #|###############################################################     
    0.95 +|+##############################################################     
         #|###############################################################     
         #|###############################################################     
         +|------------------------------------------------------------------  
     0.9 +-+##########+############+#############+############+########### +   
       1960         1970         1980          1990         2000         2010  
                                                                               
                                                                               
                                                                               
                                                                               
        |                      Lawyers: White Women                            
    20 +|+                                                                     
        |                                                                      
       #|#################################################################     
       #|#################################################################     
    15 *|+################################################################     
       &|#################################################################     
       #|&&&&#############################################################     
       %|%%##&&&##########################################################     
    10 +|+#%%%%%&&&&######################################################     
       #|#########%%&&%%%%%%##############################################     
       #|###################%%%%%%%#######################################     
       #|#################################################################     
       #|#################################################################     
     5 +|+################################################################     
       #|#################################################################     
       #|#########################****************************&&&&&&&&&&&&&&   
       +|--------------------------------------------------------------------  
     0 +-+###########+############+#############+############+############ +   
     1960          1970         1980          1990         2000          2010  
                                                                               
                                                                               
                                                                               
                                                                               
       |                       Lawyers: Black Men                              
    8 +|+                                                                      
       |                                                                       
    7 +|+#################################################################     
      #|##################################################################     
      #|##################################################################     
    6 +|+#################################################################     
      #|##################################################################     
    5 &|+#################################################################     
      #|&&&&##############################################################     
      #|####&&&###########################################################     
    4 *|+######&&&&#######################################################     
      #|###########&&%%%##################################################     
    3 +|+###############%%%%%%%#####################################&&&&&&&&   
      #|#######################%%%%######*********************&&&&&&######     
      #|##########################*******####################%%%%%%%###### #   
    2 +|+###########################################################%%%%%%%%   
      +|---------------------------------------------------------------------  
    1 +-+###########+#############+############+#############+############ +   
    1960          1970          1980         1990          2000          2010  
                                                                               
                                                                               
                                                                               
                                                                               
        |                      Lawyers: Black Women                            
    12 +|+                                                                     
        |                        %%                                            
       %|############&#########%%#########################################     
    10 +|%%%%###############%%%###########################################     
       #|####%%%#########%%%##############################################     
       #|#######%%%%###%%#################################################     
       #|###########%%%###################################################     
     8 +|+################################################################     
       #|#################################################################     
       #|#################################################################     
     6 +|+################################################################     
       #|#################################################################     
       #|#################################################################     
       #|##############################################*******############     
     4 +|+########################*********************###################     
       #|##############################################&&&&&&&&&&&&&&&&&&&&&   
       +|--------------------------------------------------------------------  
     2 +-+###########+############+#############+############%%%%%%%###### #   
     1960          1970         1980          1990         2000          2010  
                                                                               
                                                                               
                                                                               
                                                                               
          |                    Secretaries: White Men                          
     1.1 +|+                                                                   
          |                                                                    
         #|###############################################################     
         #|###############################################################     
    1.05 +|+##############################################################     
         #|###############################################################     
         #|###############################################################     
         #|###############################################################     
         #|###############################################################     
       1 *|&&&&&&&&&&&&%%%%%%%%%%%%%##############*************&&&&&&&&&&&&&   
         #|###############################################################     
         #|###############################################################     
         #|###############################################################     
    0.95 +|+##############################################################     
         #|###############################################################     
         #|###############################################################     
         +|------------------------------------------------------------------  
     0.9 +-+##########+############+#############+############+########### +   
       1960         1970         1980          1990         2000         2010  
                                                                               
                                                                               
                                                                               
                                                                               
          |                   Secretaries: White Women                         
    0.35 +|+        &&&                                                        
          |     &&&&                                                           
         #|#&&&&####%%%################################################### #   
         &|&####%%%%###%%#################################################     
     0.3 *|+%%%%#########%################################################     
         %|%##############%%##############################################     
         #|#################%#################################%%%%%%%%%%%%%%   
         #|##################%############################################     
    0.25 +|+##################%%##########################################     
         #|#####################%####################################&&&&&&&   
         #|######################%%###########################&&&&&&&#####     
         #|########################%########################&**###########     
         #|###############################################***#############     
     0.2 +|+##########################################****################     
         #|########################################***&&##################     
         #|###############################*****###*#&&####################     
         +|------------------------------------------------------------------  
    0.15 +-+##########+############+#############&############+########### +   
       1960         1970         1980          1990         2000         2010  
                                                                               
                                                                               
                                                                               
                                                                               
         |                    Secretaries: Black Men                           
      3 +|+                                                                    
        &|                                                                     
        #|&###############################################################     
    2.5 +|+&&#############################################################     
        #|###&&###########################################################     
        #|#####&&#########################################################     
        *|#######&&#######################################################     
      2 +|+########&&#####################################################     
        #|###########&###########%%%######################################     
        #|##################%%%%%#########################################     
    1.5 %|%%%%%#########%%%%#################################**###########     
        #|#####%%%%%%%%%#################################****#############     
        #|############################################***#################     
        #|#########################*******########****########%%%%%%%##### #   
      1 +|+###############################********#####&&&&&&&&&&&&&&&&&&&&&   
        #|######################################&&&&&&&###################     
        +|-------------------------------------------------------------------  
    0.5 +-+##########+#############+############+#############+########### +   
      1960         1970          1980         1990          2000         2010  
                                                                               
                                                                               
                                                                               
                                                                               
         |                   Secretaries: Black Women                          
      1 *|+                                                                    
         |                                                                     
        #|################################################################     
    0.8 +|+###############################################################     
        #|#####&&&&&&&####################################################     
        &|&&&&&###########################################################     
        #|################################################################     
    0.6 +|+####%%%%%%%%%##################################################     
        %|%%%%%#########%%%%##############################################     
        #|##################%%%%%#########################################     
    0.4 +|+######################%%%######################################     
        #|################################################################ #   
        #|#################################################****%%%%%%&&&&&&&   
        #|##########################################*******&&&&&&&&&&#####     
    0.2 +|+########################*****************&&&###################     
        #|################################################################     
        +|-------------------------------------------------------------------  
      0 +-+##########+#############+############+#############+########### +   
      1960         1970          1980         1990          2000         2010  
                                                                               
                                                                               
 
===========================================================
Fixing tauhat missing values --> tauhat_y_cleaned (just for robustness cases)
 -- Use first non-missing value
 
===========================================================
 
*********************
White Women
*********************
 
tauhat_y_cleaned Firefighting     NaN 12.7721  9.7087  6.0175  5.4037  5.1955
tauhat_y_cleaned Firefighting 12.7721 12.7721  9.7087  6.0175  5.4037  5.1955
tauhat_y_cleaned Forest     NaN 19.4901  5.9951  4.5321  4.8984  3.7356
tauhat_y_cleaned Forest 19.4901 19.4901  5.9951  4.5321  4.8984  3.7356
 
*********************
Black Men
*********************
 
tauhat_y_cleaned Architects     NaN  2.2799  2.6102  1.9263  2.1000  2.0045
tauhat_y_cleaned Architects  2.2799  2.2799  2.6102  1.9263  2.1000  2.0045
tauhat_y_cleaned Librarians     NaN  1.3797  1.1215  1.2106  1.9407  1.2910
tauhat_y_cleaned Librarians  1.3797  1.3797  1.1215  1.2106  1.9407  1.2910
 
*********************
Black Women
*********************
 
tauhat_y_cleaned Architects     NaN     NaN  3.9488  5.5941  4.4311  2.6552
tauhat_y_cleaned Architects  3.9488  3.9488  3.9488  5.5941  4.4311  2.6552
tauhat_y_cleaned Engineers     NaN     NaN  6.1696  4.1964  3.1462  3.3659
tauhat_y_cleaned Engineers  6.1696  6.1696  6.1696  4.1964  3.1462  3.3659
tauhat_y_cleaned Math/CompSci     NaN  5.3587  2.3153  2.0193  2.0870  2.0344
tauhat_y_cleaned Math/CompSci  5.3587  5.3587  2.3153  2.0193  2.0870  2.0344
tauhat_y_cleaned Science     NaN  4.5455  3.7423  2.3938  2.3053  1.7136
tauhat_y_cleaned Science  4.5455  4.5455  3.7423  2.3938  2.3053  1.7136
tauhat_y_cleaned Eng.Techs     NaN  7.7593  3.3460  3.5182  2.6515  2.6637
tauhat_y_cleaned Eng.Techs  7.7593  7.7593  3.3460  3.5182  2.6515  2.6637
tauhat_y_cleaned OtherTechs     NaN  4.2359  2.2468  2.0088  2.1291  2.3726
tauhat_y_cleaned OtherTechs  4.2359  4.2359  2.2468  2.0088  2.1291  2.3726
tauhat_y_cleaned Firefighting     NaN     NaN 11.7493  8.1294  6.0679 12.1900
tauhat_y_cleaned Firefighting 11.7493 11.7493 11.7493  8.1294  6.0679 12.1900
tauhat_y_cleaned Police     NaN  8.2820  3.6168  1.7094  1.7816  1.8119
tauhat_y_cleaned Police  8.2820  8.2820  3.6168  1.7094  1.7816  1.8119
tauhat_y_cleaned FarmMgrs 46.5506 10.8348 23.0380 19.0608     NaN 10.8791
tauhat_y_cleaned FarmMgrs 46.5506 10.8348 23.0380 19.0608 14.9699 10.8791
tauhat_y_cleaned Agriculture     NaN  9.7826  5.0914  5.2499  4.9937  4.7822
tauhat_y_cleaned Agriculture  9.7826  9.7826  5.0914  5.2499  4.9937  4.7822
tauhat_y_cleaned Forest     NaN  4.1103  7.3002  6.0762  3.8881     NaN
tauhat_y_cleaned Forest  4.1103  4.1103  7.3002  6.0762  3.8881  3.8881
tauhat_y_cleaned Mechanics     NaN 25.5923  8.6608  6.8971  6.8033  6.8344
tauhat_y_cleaned Mechanics 25.5923 25.5923  8.6608  6.8971  6.8033  6.8344
tauhat_y_cleaned Elec.Repairer     NaN 23.9694  3.9558  3.4702  3.2065  4.6834
tauhat_y_cleaned Elec.Repairer 23.9694 23.9694  3.9558  3.4702  3.2065  4.6834
tauhat_y_cleaned Extractive     NaN  9.6600 14.2665  6.6273     NaN 12.9993
tauhat_y_cleaned Extractive  9.6600  9.6600 14.2665  6.6273  9.8133 12.9993
tauhat_y_cleaned MetalWork     NaN 11.2316  5.9366  5.7676  4.6992  6.5912
tauhat_y_cleaned MetalWork 11.2316 11.2316  5.9366  5.7676  4.6992  6.5912
tauhat_y_cleaned WoodWork     NaN  4.6312  4.7584  5.2782  5.9129  6.7012
tauhat_y_cleaned WoodWork  4.6312  4.6312  4.7584  5.2782  5.9129  6.7012
tauhat_y_cleaned PlantOperator     NaN     NaN  5.2092  6.6971  9.4165  6.8538
tauhat_y_cleaned PlantOperator  5.2092  5.2092  5.2092  6.6971  9.4165  6.8538
tauhat_y_cleaned MetalMach.     NaN  3.6797  2.8424  3.4569  2.7138  4.6250
tauhat_y_cleaned MetalMach.  3.6797  3.6797  2.8424  3.4569  2.7138  4.6250
tauhat_y_cleaned MetalProc.     NaN  9.0466  2.5723  3.4093  2.7972  2.7462
tauhat_y_cleaned MetalProc.  9.0466  9.0466  2.5723  3.4093  2.7972  2.7462
tauhat_y_cleaned WoodMach.     NaN  7.7440  2.8615  3.5876  2.1186  2.6483
tauhat_y_cleaned WoodMach.  7.7440  7.7440  2.8615  3.5876  2.1186  2.6483
tauhat_y_cleaned TextileMach.     NaN  4.7557  3.3404  2.9259  2.9421  2.3972
tauhat_y_cleaned TextileMach.  4.7557  4.7557  3.3404  2.9259  2.9421  2.3972
White Women
 
                1960    1970    1980    1990    2000    2010
------------------------------------------------------------
Doctors        7.924   4.603   3.911   2.130   1.536   1.114
Lawyers       11.625   5.691   2.750   1.625   1.360   1.234
Secretaries    0.287   0.267   0.160   0.152   0.276   0.326
Construction  20.655  10.519  10.322   7.594   7.658   8.484
Teachers       1.368   1.152   0.883   0.707   0.658   0.619
                                                                               
                                                                               
         |                   Secretaries: Black Women                          
      1 *|+                                                                    
         |                                                                     
        #|################################################################     
    0.8 +|+###############################################################     
        #|#####&&&&&&&####################################################     
        &|&&&&&###########################################################     
        #|################################################################     
    0.6 +|+####%%%%%%%%%##################################################     
        %|%%%%%#########%%%%##############################################     
        #|##################%%%%%#########################################     
    0.4 +|+######################%%%######################################     
        #|################################################################ #   
        #|#################################################****%%%%%%&&&&&&&   
        #|##########################################*******&&&&&&&&&&#####     
    0.2 +|+########################*****************&&&###################     
        #|################################################################     
        +|-------------------------------------------------------------------  
      0 +-+##########+#############+############+#############+########### +   
      1960         1970          1980         1990          2000         2010  
                                                                               
                                                                               
Black Men
 
                1960    1970    1980    1990    2000    2010
------------------------------------------------------------
Doctors        3.419   3.620   2.460   2.097   1.916   1.804
Lawyers        5.004   7.252   2.266   2.451   2.204   2.315
Secretaries    1.485   1.083   1.085   0.733   1.040   1.035
Construction   2.006   1.531   1.610   1.705   1.811   1.912
Teachers       1.501   1.360   1.423   1.234   1.117   1.202
Black Women
 
                1960    1970    1980    1990    2000    2010
------------------------------------------------------------
Doctors       15.718  10.797   4.913   2.981   2.253   1.739
Lawyers       10.984   4.936   3.560   2.669   2.064   2.001
Secretaries    0.525   0.353   0.168   0.155   0.296   0.361
Construction  16.728  31.222   9.854   8.122   8.791   9.370
Teachers       1.214   1.135   1.010   0.883   0.833   0.827
FS2 = 20
        |                                                                      
    10 +|+                                                                     
        |                                                                      
       #|#################################################################     
       $|#################################################################     
     8 +|$$$$#############################################################     
       #|####$$$##########################################################     
       *|#######$$$$######################################################     
       #|****#######$$$###################################################     
     6 +|+###***#######$$#################################################     
       #|#######****#####$$$##############################################     
       #|###########****####$$$###########################################     
     4 +|+##############****###$$#########################################     
       #|###################****#$$$$$####################################     
       #|#######################******$$$$$$$#############################     
       #|#############################*******$$$$$$$$$$$$$$$$$$$$$$$$$$$$$$$   
     2 +|+###################################*******************************   
       #|###################################################################   
       #|#################################################################     
       +|--------------------------------------------------------------------  
     0 +-+###########+############+#############+############+############ +   
     1960          1970         1980          1990         2000          2010  
                                                                               
                                                                               
                                                                               
                                                                               
        |                    Mean of Composite TauHat                          
    10 +|+                                                                     
        |                                                                      
       #|#################################################################     
     8 $|+################################################################     
       #|$$$$#############################################################     
       *|####$$$######Black women#########################################     
       #|****###$$$$######################################################     
     6 +|+###***####$$$###################################################     
       #|#######****###$$$################################################     
       #|###########****##$$$$############################################     
     4 +|+#White########****##$$$#########################################     
       #|##   women#########****#$$$$$$$$#################################     
       #|#######################*********$$$$$$$$$$$$$$###################     
       #|##############Black men#########**************$$$$$$$$$$$$$$$$$$$$$   
     2 +|+##################################################################   
       #|#################################################################     
       +|--------------------------------------------------------------------  
     0 +-+###########+############+#############+############+############ +   
     1960          1970         1980          1990         2000          2010  
                                                                               
                                                                               
 
Stdev of log(relp) across occupations
 
  Year      WM      WW      BM      BW
--------------------------------------
  1960   0.000   2.041   1.229   2.398
  1970   0.000   1.796   0.861   2.081
  1980   0.000   1.670   0.642   1.710
  1990   0.000   1.606   0.628   1.681
  2000   0.000   1.521   0.620   1.605
  2010   0.000   1.548   0.578   1.602
 
Stdev of log(Wage Gap) across occupations
 
  Year      WM      WW      BM      BW
--------------------------------------
  1960   0.000   0.185   0.185   0.369
  1970   0.000   0.176   0.172   0.264
  1980   0.000   0.108   0.089   0.140
  1990   0.000   0.105   0.095   0.166
  2000   0.000   0.100   0.108   0.180
  2010   0.000   0.095   0.106   0.191
