SolveEqmBasic_Eta05                 05-Oct-2026 
 
'SolveEqmBasic' is a script from the file /workspace/output/replication/codebase/SolveEqmBasic.m

 SolveEqmBasic.m    

  Takes the TalentData.mat data on Taus, Z's, A(i,t).
  Solves for the equilibrium w(i) and Y

  See 2015-06-02-SolvingGE.pdf notes (old but somewhat useful?)

  Method: For each year,
    1. Guess values for {mgtilde}, Y ==> 5 unknowns
    2. Solve for {wi} from Hi^supply = Hi^demand
    3. Compute mghat, Yhat 
    4. Iterate until converge.


Additional help for built-in functions and operators is
available in the online version of the manual.  Use the command
'doc <topic>' to search the manual index.

Help and information about Octave is also available on the WWW
at https://www.octave.org and via the help@octave.org
mailing list.
 
=============================================================
KEY PARAMETER VALUES:    CaseName = Eta05
                   theta =  2.0000
                     eta =  0.0500
            theta*(1-eta)=  1.9000
                    dlta =  0.0000
                      mu =  0.5263
                   sigma =  3.0000
           EstimateDelta =  0.0000
           ConstrainTauH = -0.8000
PurgeWageGrowthSelection =     0
      AlphaSplitTauW1960 =  0.5000
   OccupationforWageHome = 23 Secretaries                               
   Alpha0FixedSplit =  0.5000
=============================================================
 
...... 
 
                                         Wages                          H(i,t)                 HYoung
 
                 Data60 Model60Data2010   Model      Data60   ModelData2010   Model      Data60   ModelData2010   Model
-----------------------------------------------------------------------------------------------------------------------
Home              10851   10840   17754   18000       0.471   0.479   0.529   0.518       0.167   0.174   0.129   0.130
Managers          12962   13023   19826   21873       0.216   0.216   0.428   0.325       0.041   0.041   0.070   0.075
MgmtRelated        8789    8775   15451   15401       0.078   0.080   0.237   0.244       0.024   0.025   0.055   0.055
Architects         1732    1727    2853    2820       0.012   0.012   0.028   0.030       0.003   0.003   0.007   0.007
Engineers         10557   10490   12547   11881       0.052   0.053   0.089   0.107       0.019   0.021   0.022   0.023
Math/CompSci       1725    1712   11020   10699       0.008   0.009   0.111   0.124       0.004   0.004   0.028   0.028
Science            4424    4401    5304    5106       0.024   0.024   0.056   0.064       0.009   0.010   0.016   0.016
Doctors            5820    5915    9013   10462       0.065   0.062   0.137   0.089       0.013   0.011   0.019   0.020
Nurses             2814    2809    6164    6237       0.061   0.062   0.117   0.115       0.020   0.021   0.030   0.032
Therapists          939     944    4176    4164       0.012   0.012   0.062   0.064       0.004   0.004   0.019   0.020
Professors         3580    3581    4795    5085       0.026   0.027   0.087   0.074       0.007   0.007   0.019   0.020
Teachers           6302    6293    9146    8904       0.093   0.095   0.178   0.197       0.029   0.031   0.052   0.053
Librarians          611     610    1015    1090       0.022   0.022   0.031   0.026       0.005   0.006   0.006   0.007
Soc.Scientists     2164    2154    4113    4036       0.014   0.014   0.060   0.065       0.005   0.005   0.015   0.015
SocialWork         2932    2937    4109    3904       0.042   0.043   0.084   0.100       0.013   0.013   0.024   0.024
Lawyers            5245    5290   11705   11972       0.034   0.033   0.093   0.089       0.009   0.008   0.020   0.019
Arts/Athletes      5524    5520    7938    7525       0.049   0.050   0.110   0.132       0.018   0.019   0.034   0.031
HealthTechs        1585    1584    4499    4249       0.043   0.044   0.096   0.116       0.015   0.015   0.028   0.028
Eng.Techs          5258    5205    5009    4625       0.031   0.032   0.063   0.082       0.016   0.017   0.017   0.016
ScienceTechs       3351    3324    2024    1842       0.025   0.026   0.028   0.038       0.011   0.012   0.008   0.008
OtherTechs         2490    2481   11977   11530       0.023   0.024   0.115   0.132       0.008   0.008   0.028   0.028
Sales             11928   11960   16226   16304       0.159   0.159   0.340   0.341       0.044   0.045   0.086   0.079
Secretaries        1658    1649    2294    2034       0.100   0.103   0.073   0.107       0.036   0.039   0.017   0.016
Info.Clerks        1491    1482    2326    2077       0.030   0.031   0.073   0.104       0.011   0.012   0.025   0.023
Records            2361    2356    1980    1838       0.037   0.038   0.049   0.062       0.010   0.010   0.014   0.014
FinancialClerk     2507    2497    2580    2386       0.083   0.085   0.089   0.115       0.025   0.028   0.021   0.020
OfficeMachine      2071    2052     587     674       0.034   0.035   0.032   0.022       0.016   0.017   0.004   0.005
ComputerTech       1101    1094    1473    1226       0.044   0.046   0.031   0.054       0.016   0.018   0.007   0.006
Mail               3198    3184    2699    2707       0.051   0.052   0.081   0.082       0.013   0.014   0.012   0.013
Clerks             3793    3777    5443    5166       0.059   0.061   0.120   0.143       0.019   0.021   0.034   0.033
Insurance          2344    2328    5626    5247       0.017   0.018   0.123   0.154       0.007   0.007   0.041   0.039
Misc.Admin         6541    6515    3670    3287       0.127   0.130   0.101   0.144       0.041   0.044   0.030   0.028
PrivateHshld        967     970     767     793       0.067   0.067   0.073   0.068       0.014   0.014   0.017   0.017
Firefighting       2476    2452    5199    5029       0.024   0.025   0.040   0.045       0.009   0.010   0.011   0.011
Police             3632    3600    8541    8388       0.034   0.035   0.095   0.102       0.013   0.015   0.024   0.025
Guards             1664    1662    3791    3632       0.034   0.035   0.064   0.074       0.007   0.008   0.020   0.019
FoodPrep           2207    2214    5930    5263       0.128   0.129   0.095   0.139       0.034   0.034   0.042   0.038
HealthService       932     930    2615    2507       0.061   0.062   0.115   0.133       0.019   0.020   0.038   0.037
Cleaning           1346    1348    3802    3937       0.068   0.069   0.102   0.093       0.012   0.013   0.020   0.021
PersonalService    2465    2484    3472    3333       0.108   0.107   0.112   0.130       0.031   0.030   0.036   0.034
FarmMgrs           3493    3555    3034    3201       0.141   0.136   0.064   0.056       0.032   0.026   0.012   0.010
FarmWork           1715    1750    2526    2281       0.082   0.078   0.040   0.055       0.030   0.027   0.015   0.013
Agriculture        1156    1156    3945    3794       0.025   0.025   0.069   0.079       0.008   0.008   0.022   0.021
Forest             1072    1079    1616    1579       0.030   0.030   0.029   0.031       0.009   0.009   0.006   0.006
Mechanics          4797    4783    7774    7375       0.063   0.064   0.095   0.114       0.022   0.023   0.023   0.023
Elec.Repairer      5155    5115    5781    5430       0.037   0.039   0.063   0.077       0.017   0.019   0.017   0.017
Misc.Repairer      5927    5911    4553    4406       0.082   0.084   0.063   0.071       0.024   0.026   0.014   0.014
Construction       8037    8036   12278   11548       0.103   0.105   0.156   0.192       0.032   0.034   0.043   0.039
Extractive         2915    2904    3808    3481       0.035   0.036   0.020   0.027       0.012   0.013   0.009   0.008
Supervisor(P)      6228    6222    4268    4298       0.100   0.102   0.085   0.085       0.021   0.022   0.014   0.014
MetalWork          5626    5604    2877    2674       0.068   0.070   0.048   0.061       0.020   0.022   0.009   0.008
WoodWork           1113    1109     931     863       0.019   0.019   0.017   0.022       0.005   0.005   0.004   0.004
Textiles           1261    1259     590     580       0.095   0.096   0.022   0.024       0.023   0.025   0.004   0.003
Other              2133    2128    2199    2074       0.029   0.030   0.051   0.062       0.009   0.010   0.019   0.019
Food               2454    2449    1911    1773       0.039   0.040   0.045   0.058       0.011   0.012   0.013   0.013
PlantOperator      4039    4021    2999    2951       0.036   0.037   0.036   0.039       0.010   0.011   0.007   0.007
MetalMach.         2437    2427    1601    1382       0.042   0.043   0.025   0.039       0.011   0.012   0.007   0.006
MetalProc.         1148    1144     909     795       0.022   0.022   0.016   0.025       0.006   0.006   0.004   0.003
WoodMach.           945     947    2440    2309       0.020   0.020   0.040   0.048       0.007   0.007   0.010   0.010
TextileMach.       3385    3367    1690    1498       0.037   0.038   0.036   0.052       0.012   0.013   0.007   0.007
PrintMach.         1392    1393    1185     985       0.075   0.076   0.039   0.069       0.020   0.021   0.010   0.008
OtherMach.         9034    9010    5148    4731       0.188   0.192   0.090   0.118       0.059   0.063   0.023   0.022
Fabricators        4355    4340    4947    4340       0.085   0.087   0.074   0.112       0.026   0.028   0.021   0.019
Prod.Inspectors    3003    2993    3499    3245       0.064   0.065   0.058   0.075       0.018   0.019   0.014   0.014
MotorVehicle       7326    7328    7454    7575       0.107   0.109   0.161   0.156       0.037   0.038   0.032   0.032
OtherVehicle       4471    4463    4773    4544       0.063   0.064   0.046   0.055       0.017   0.018   0.012   0.012
Freight            5704    5702    5163    4720       0.109   0.110   0.089   0.119       0.038   0.039   0.027   0.025
 
 
1960 and 2010 quantities
White Men p(:,WM) for        Young Cohort                          Middle-Aged Cohort                      Old-Aged Cohort
 
                     Data60  Model60 Data2010Model2010      Data60  Model60 Data2010Model2010      Data60  Model60 Data2010Model2010
------------------------------------------------------------------------------------------------------------------------------------
Home                 0.0863   0.0862   0.1505   0.1609      0.0769   0.0769   0.1237   0.1577      0.1108   0.1108   0.1621   0.0947
Managers             0.0771   0.0779   0.0740   0.0937      0.1176   0.1176   0.1180   0.0929      0.1264   0.1264   0.1236   0.0986
MgmtRelated          0.0318   0.0318   0.0398   0.0411      0.0296   0.0296   0.0410   0.0424      0.0233   0.0233   0.0407   0.0384
Architects           0.0008   0.0008   0.0015   0.0015      0.0008   0.0008   0.0017   0.0024      0.0007   0.0007   0.0017   0.0022
Engineers            0.0298   0.0295   0.0185   0.0172      0.0251   0.0251   0.0186   0.0208      0.0154   0.0154   0.0219   0.0257
Math/CompSci         0.0008   0.0008   0.0240   0.0236      0.0004   0.0004   0.0236   0.0227      0.0002   0.0002   0.0175   0.0099
Science              0.0063   0.0063   0.0054   0.0052      0.0047   0.0047   0.0048   0.0062      0.0029   0.0029   0.0042   0.0048
Doctors              0.0083   0.0085   0.0058   0.0081      0.0102   0.0102   0.0095   0.0103      0.0082   0.0082   0.0103   0.0119
Nurses               0.0025   0.0025   0.0044   0.0047      0.0022   0.0022   0.0054   0.0035      0.0026   0.0026   0.0044   0.0029
Therapists           0.0004   0.0004   0.0028   0.0029      0.0003   0.0003   0.0033   0.0025      0.0004   0.0004   0.0023   0.0015
Professors           0.0033   0.0033   0.0070   0.0082      0.0033   0.0033   0.0068   0.0066      0.0026   0.0026   0.0062   0.0048
Teachers             0.0188   0.0187   0.0239   0.0236      0.0110   0.0110   0.0229   0.0194      0.0087   0.0087   0.0171   0.0145
Librarians           0.0002   0.0002   0.0004   0.0005      0.0002   0.0002   0.0006   0.0005      0.0002   0.0002   0.0005   0.0006
Soc.Scientists       0.0013   0.0013   0.0028   0.0028      0.0010   0.0010   0.0031   0.0018      0.0006   0.0006   0.0024   0.0029
SocialWork           0.0073   0.0073   0.0070   0.0065      0.0064   0.0064   0.0068   0.0055      0.0058   0.0058   0.0065   0.0059
Lawyers              0.0052   0.0053   0.0073   0.0080      0.0051   0.0051   0.0098   0.0095      0.0055   0.0055   0.0094   0.0102
Arts/Athletes        0.0127   0.0127   0.0180   0.0169      0.0096   0.0096   0.0162   0.0175      0.0070   0.0070   0.0125   0.0167
HealthTechs          0.0019   0.0019   0.0069   0.0064      0.0014   0.0014   0.0058   0.0048      0.0012   0.0012   0.0044   0.0041
Eng.Techs            0.0149   0.0146   0.0078   0.0069      0.0074   0.0074   0.0080   0.0084      0.0037   0.0037   0.0082   0.0149
ScienceTechs         0.0065   0.0064   0.0013   0.0011      0.0040   0.0040   0.0011   0.0011      0.0022   0.0022   0.0011   0.0021
OtherTechs           0.0033   0.0033   0.0197   0.0190      0.0029   0.0029   0.0200   0.0215      0.0016   0.0016   0.0172   0.0197
Sales                0.0767   0.0771   0.0889   0.0933      0.0748   0.0748   0.0912   0.0966      0.0669   0.0669   0.0896   0.1137
Secretaries          0.0019   0.0019   0.0024   0.0020      0.0013   0.0013   0.0017   0.0013      0.0014   0.0014   0.0016   0.0009
Info.Clerks          0.0016   0.0015   0.0035   0.0029      0.0015   0.0015   0.0020   0.0022      0.0009   0.0009   0.0019   0.0024
Records              0.0024   0.0024   0.0021   0.0018      0.0025   0.0025   0.0014   0.0014      0.0024   0.0024   0.0014   0.0017
FinancialClerk       0.0049   0.0049   0.0030   0.0027      0.0037   0.0037   0.0023   0.0024      0.0037   0.0037   0.0022   0.0028
OfficeMachine        0.0031   0.0031   0.0002   0.0003      0.0010   0.0010   0.0004   0.0008      0.0006   0.0006   0.0007   0.0003
ComputerTech         0.0007   0.0007   0.0010   0.0007      0.0005   0.0005   0.0009   0.0013      0.0004   0.0004   0.0010   0.0047
Mail                 0.0075   0.0074   0.0033   0.0035      0.0114   0.0114   0.0048   0.0041      0.0087   0.0087   0.0066   0.0069
Clerks               0.0144   0.0142   0.0210   0.0197      0.0131   0.0131   0.0171   0.0189      0.0132   0.0132   0.0165   0.0187
Insurance            0.0032   0.0031   0.0155   0.0140      0.0019   0.0019   0.0100   0.0123      0.0013   0.0013   0.0081   0.0049
Misc.Admin           0.0308   0.0306   0.0067   0.0056      0.0251   0.0251   0.0043   0.0045      0.0245   0.0245   0.0039   0.0071
PrivateHshld         0.0010   0.0010   0.0010   0.0011      0.0010   0.0010   0.0012   0.0008      0.0013   0.0013   0.0012   0.0011
Firefighting         0.0048   0.0047   0.0058   0.0057      0.0044   0.0044   0.0065   0.0050      0.0029   0.0029   0.0046   0.0045
Police               0.0103   0.0101   0.0181   0.0182      0.0079   0.0079   0.0226   0.0193      0.0060   0.0060   0.0144   0.0135
Guards               0.0026   0.0026   0.0084   0.0080      0.0036   0.0036   0.0062   0.0051      0.0062   0.0062   0.0059   0.0067
FoodPrep             0.0075   0.0076   0.0440   0.0361      0.0087   0.0087   0.0227   0.0201      0.0109   0.0109   0.0127   0.0166
HealthService        0.0017   0.0017   0.0056   0.0053      0.0014   0.0014   0.0038   0.0027      0.0016   0.0016   0.0034   0.0031
Cleaning             0.0032   0.0032   0.0132   0.0148      0.0053   0.0053   0.0160   0.0109      0.0099   0.0099   0.0207   0.0180
PersonalService      0.0073   0.0074   0.0081   0.0078      0.0055   0.0055   0.0068   0.0061      0.0078   0.0078   0.0059   0.0039
FarmMgrs             0.0331   0.0343   0.0045   0.0052      0.0465   0.0465   0.0054   0.0054      0.0606   0.0606   0.0080   0.0114
FarmWork             0.0152   0.0158   0.0090   0.0076      0.0114   0.0114   0.0066   0.0040      0.0128   0.0128   0.0050   0.0053
Agriculture          0.0018   0.0018   0.0183   0.0176      0.0018   0.0018   0.0157   0.0114      0.0024   0.0024   0.0120   0.0090
Forest               0.0025   0.0026   0.0017   0.0017      0.0025   0.0025   0.0023   0.0024      0.0028   0.0028   0.0022   0.0025
Mechanics            0.0243   0.0241   0.0291   0.0272      0.0221   0.0221   0.0317   0.0360      0.0188   0.0188   0.0350   0.0381
Elec.Repairer        0.0183   0.0180   0.0145   0.0133      0.0118   0.0118   0.0142   0.0148      0.0063   0.0063   0.0121   0.0115
Misc.Repairer        0.0308   0.0306   0.0097   0.0095      0.0339   0.0339   0.0113   0.0103      0.0341   0.0341   0.0136   0.0131
Construction         0.0507   0.0507   0.0910   0.0837      0.0542   0.0542   0.0892   0.0878      0.0512   0.0512   0.0801   0.0937
Extractive           0.0075   0.0075   0.0041   0.0036      0.0071   0.0071   0.0023   0.0011      0.0067   0.0067   0.0020   0.0021
Supervisor(P)        0.0216   0.0216   0.0064   0.0068      0.0343   0.0343   0.0107   0.0121      0.0366   0.0366   0.0121   0.0153
MetalWork            0.0219   0.0217   0.0039   0.0035      0.0253   0.0253   0.0055   0.0069      0.0222   0.0222   0.0071   0.0137
WoodWork             0.0013   0.0013   0.0007   0.0007      0.0016   0.0016   0.0008   0.0012      0.0015   0.0015   0.0010   0.0013
Textiles             0.0021   0.0021   0.0004   0.0004      0.0025   0.0025   0.0006   0.0006      0.0026   0.0026   0.0007   0.0013
Other                0.0035   0.0035   0.0027   0.0025      0.0034   0.0034   0.0020   0.0023      0.0028   0.0028   0.0018   0.0031
Food                 0.0060   0.0059   0.0038   0.0034      0.0056   0.0056   0.0030   0.0031      0.0069   0.0069   0.0029   0.0040
PlantOperator        0.0068   0.0068   0.0024   0.0024      0.0080   0.0080   0.0031   0.0025      0.0081   0.0081   0.0042   0.0049
MetalMach.           0.0049   0.0049   0.0017   0.0014      0.0062   0.0062   0.0017   0.0022      0.0067   0.0067   0.0019   0.0034
MetalProc.           0.0014   0.0013   0.0005   0.0004      0.0016   0.0016   0.0006   0.0012      0.0016   0.0016   0.0006   0.0015
WoodMach.            0.0016   0.0016   0.0041   0.0039      0.0014   0.0014   0.0042   0.0087      0.0016   0.0016   0.0046   0.0017
TextileMach.         0.0074   0.0073   0.0019   0.0015      0.0062   0.0062   0.0023   0.0030      0.0069   0.0069   0.0027   0.0058
PrintMach.           0.0032   0.0032   0.0016   0.0012      0.0035   0.0035   0.0016   0.0022      0.0037   0.0037   0.0014   0.0032
OtherMach.           0.0872   0.0867   0.0176   0.0155      0.0800   0.0800   0.0172   0.0172      0.0779   0.0779   0.0156   0.0224
Fabricators          0.0177   0.0176   0.0158   0.0126      0.0189   0.0189   0.0152   0.0157      0.0158   0.0158   0.0130   0.0218
Prod.Inspectors      0.0073   0.0073   0.0053   0.0047      0.0070   0.0070   0.0050   0.0055      0.0069   0.0069   0.0055   0.0063
MotorVehicle         0.0567   0.0568   0.0356   0.0383      0.0518   0.0518   0.0472   0.0447      0.0462   0.0462   0.0514   0.0489
OtherVehicle         0.0146   0.0145   0.0081   0.0076      0.0179   0.0179   0.0087   0.0075      0.0168   0.0168   0.0091   0.0095
Freight              0.0456   0.0456   0.0249   0.0216      0.0386   0.0386   0.0192   0.0164      0.0390   0.0390   0.0179   0.0268
 
 
1960 and 2010 quantities
White women p(:,WW) for      Young Cohort                          Middle-Aged Cohort                      Old-Aged Cohort
 
                     Data60  Model60 Data2010Model2010      Data60  Model60 Data2010Model2010      Data60  Model60 Data2010Model2010
------------------------------------------------------------------------------------------------------------------------------------
Home                 0.7388   0.7391   0.3087   0.3257      0.6698   0.6698   0.3235   0.3630      0.6238   0.6238   0.3149   0.3298
Managers             0.0068   0.0068   0.0587   0.0733      0.0145   0.0145   0.0722   0.0690      0.0217   0.0217   0.0727   0.0727
MgmtRelated          0.0033   0.0033   0.0467   0.0476      0.0046   0.0046   0.0509   0.0565      0.0058   0.0058   0.0525   0.0511
Architects           0.0000   0.0000   0.0008   0.0008      0.0000   0.0000   0.0005   0.0009      0.0000   0.0000   0.0004   0.0006
Engineers            0.0002   0.0002   0.0032   0.0029      0.0001   0.0001   0.0024   0.0032      0.0002   0.0002   0.0024   0.0037
Math/CompSci         0.0001   0.0001   0.0075   0.0073      0.0002   0.0002   0.0083   0.0092      0.0001   0.0001   0.0089   0.0060
Science              0.0003   0.0003   0.0046   0.0043      0.0003   0.0003   0.0029   0.0038      0.0002   0.0002   0.0021   0.0024
Doctors              0.0003   0.0003   0.0059   0.0082      0.0004   0.0004   0.0061   0.0063      0.0005   0.0005   0.0044   0.0047
Nurses               0.0109   0.0109   0.0328   0.0344      0.0107   0.0107   0.0322   0.0225      0.0118   0.0118   0.0346   0.0260
Therapists           0.0004   0.0004   0.0122   0.0124      0.0003   0.0003   0.0099   0.0088      0.0002   0.0002   0.0073   0.0054
Professors           0.0004   0.0004   0.0069   0.0080      0.0006   0.0006   0.0067   0.0062      0.0008   0.0008   0.0060   0.0039
Teachers             0.0167   0.0166   0.0772   0.0751      0.0171   0.0171   0.0731   0.0591      0.0310   0.0310   0.0637   0.0416
Librarians           0.0008   0.0008   0.0013   0.0015      0.0011   0.0011   0.0017   0.0014      0.0019   0.0019   0.0020   0.0014
Soc.Scientists       0.0003   0.0003   0.0051   0.0050      0.0003   0.0003   0.0043   0.0026      0.0003   0.0003   0.0031   0.0037
SocialWork           0.0015   0.0015   0.0119   0.0110      0.0017   0.0017   0.0103   0.0090      0.0025   0.0025   0.0089   0.0069
Lawyers              0.0001   0.0001   0.0062   0.0066      0.0001   0.0001   0.0058   0.0063      0.0001   0.0001   0.0043   0.0055
Arts/Athletes        0.0039   0.0039   0.0155   0.0143      0.0028   0.0028   0.0113   0.0144      0.0031   0.0031   0.0104   0.0147
HealthTechs          0.0035   0.0035   0.0178   0.0163      0.0037   0.0037   0.0170   0.0123      0.0055   0.0055   0.0160   0.0164
Eng.Techs            0.0005   0.0005   0.0024   0.0021      0.0006   0.0006   0.0017   0.0021      0.0003   0.0003   0.0021   0.0032
ScienceTechs         0.0006   0.0006   0.0007   0.0006      0.0006   0.0006   0.0005   0.0005      0.0003   0.0003   0.0006   0.0010
OtherTechs           0.0002   0.0002   0.0085   0.0081      0.0003   0.0003   0.0096   0.0111      0.0003   0.0003   0.0103   0.0112
Sales                0.0197   0.0198   0.0700   0.0725      0.0355   0.0355   0.0650   0.0726      0.0447   0.0447   0.0655   0.0793
Secretaries          0.0414   0.0410   0.0296   0.0239      0.0384   0.0384   0.0366   0.0269      0.0341   0.0341   0.0481   0.0513
Info.Clerks          0.0027   0.0027   0.0154   0.0126      0.0023   0.0023   0.0114   0.0127      0.0020   0.0020   0.0118   0.0136
Records              0.0019   0.0019   0.0050   0.0045      0.0025   0.0025   0.0051   0.0036      0.0028   0.0028   0.0063   0.0054
FinancialClerk       0.0149   0.0148   0.0145   0.0127      0.0178   0.0178   0.0197   0.0193      0.0176   0.0176   0.0237   0.0241
OfficeMachine        0.0049   0.0049   0.0003   0.0004      0.0039   0.0039   0.0004   0.0009      0.0032   0.0032   0.0006   0.0003
ComputerTech         0.0069   0.0068   0.0010   0.0007      0.0054   0.0054   0.0012   0.0017      0.0069   0.0069   0.0014   0.0074
Mail                 0.0003   0.0003   0.0012   0.0013      0.0007   0.0007   0.0024   0.0023      0.0007   0.0007   0.0040   0.0046
Clerks               0.0012   0.0012   0.0107   0.0099      0.0017   0.0017   0.0118   0.0114      0.0018   0.0018   0.0131   0.0130
Insurance            0.0001   0.0001   0.0275   0.0245      0.0002   0.0002   0.0226   0.0273      0.0002   0.0002   0.0219   0.0131
Misc.Admin           0.0296   0.0294   0.0220   0.0181      0.0337   0.0337   0.0198   0.0190      0.0350   0.0350   0.0232   0.0342
PrivateHshld         0.0022   0.0022   0.0076   0.0084      0.0042   0.0042   0.0108   0.0058      0.0080   0.0080   0.0105   0.0047
Firefighting         0.0000   0.0000   0.0003   0.0002      0.0000   0.0000   0.0003   0.0002      0.0000   0.0000   0.0002   0.0002
Police               0.0002   0.0002   0.0038   0.0038      0.0002   0.0002   0.0042   0.0033      0.0002   0.0002   0.0031   0.0022
Guards               0.0000   0.0000   0.0022   0.0021      0.0001   0.0001   0.0018   0.0014      0.0001   0.0001   0.0022   0.0016
FoodPrep             0.0163   0.0164   0.0416   0.0337      0.0229   0.0229   0.0266   0.0221      0.0244   0.0244   0.0242   0.0251
HealthService        0.0044   0.0044   0.0353   0.0333      0.0051   0.0051   0.0290   0.0200      0.0069   0.0069   0.0276   0.0174
Cleaning             0.0003   0.0003   0.0044   0.0048      0.0010   0.0010   0.0066   0.0033      0.0014   0.0014   0.0083   0.0053
PersonalService      0.0076   0.0078   0.0299   0.0283      0.0120   0.0120   0.0248   0.0278      0.0143   0.0143   0.0211   0.0211
FarmMgrs             0.0005   0.0005   0.0006   0.0007      0.0010   0.0010   0.0008   0.0007      0.0020   0.0020   0.0014   0.0015
FarmWork             0.0022   0.0023   0.0021   0.0018      0.0032   0.0032   0.0018   0.0011      0.0038   0.0038   0.0014   0.0012
Agriculture          0.0001   0.0001   0.0030   0.0029      0.0003   0.0003   0.0026   0.0018      0.0003   0.0003   0.0025   0.0020
Forest               0.0000   0.0000   0.0001   0.0001      0.0001   0.0001   0.0002   0.0001      0.0000   0.0000   0.0002   0.0001
Mechanics            0.0001   0.0001   0.0008   0.0008      0.0001   0.0001   0.0008   0.0010      0.0000   0.0000   0.0008   0.0009
Elec.Repairer        0.0002   0.0002   0.0008   0.0007      0.0001   0.0001   0.0008   0.0010      0.0001   0.0001   0.0009   0.0009
Misc.Repairer        0.0002   0.0002   0.0005   0.0005      0.0003   0.0003   0.0005   0.0006      0.0004   0.0004   0.0007   0.0009
Construction         0.0002   0.0002   0.0017   0.0015      0.0002   0.0002   0.0021   0.0023      0.0003   0.0003   0.0023   0.0025
Extractive           0.0000   0.0000   0.0001   0.0000      0.0000   0.0000   0.0001   0.0000      0.0000   0.0000   0.0001   0.0000
Supervisor(P)        0.0012   0.0012   0.0013   0.0013      0.0021   0.0021   0.0019   0.0026      0.0027   0.0027   0.0024   0.0030
MetalWork            0.0002   0.0002   0.0001   0.0001      0.0005   0.0005   0.0003   0.0004      0.0002   0.0002   0.0003   0.0007
WoodWork             0.0000   0.0000   0.0001   0.0000      0.0000   0.0000   0.0001   0.0001      0.0000   0.0000   0.0001   0.0002
Textiles             0.0085   0.0085   0.0003   0.0003      0.0121   0.0121   0.0004   0.0004      0.0160   0.0160   0.0007   0.0010
Other                0.0004   0.0004   0.0079   0.0072      0.0004   0.0004   0.0052   0.0051      0.0004   0.0004   0.0046   0.0018
Food                 0.0002   0.0002   0.0020   0.0017      0.0005   0.0005   0.0021   0.0016      0.0004   0.0004   0.0022   0.0015
PlantOperator        0.0001   0.0001   0.0001   0.0001      0.0001   0.0001   0.0002   0.0001      0.0001   0.0001   0.0002   0.0003
MetalMach.           0.0002   0.0002   0.0003   0.0002      0.0003   0.0003   0.0004   0.0005      0.0003   0.0003   0.0004   0.0007
MetalProc.           0.0000   0.0000   0.0001   0.0001      0.0000   0.0000   0.0001   0.0002      0.0000   0.0000   0.0002   0.0003
WoodMach.            0.0000   0.0000   0.0006   0.0006      0.0000   0.0000   0.0009   0.0023      0.0001   0.0001   0.0012   0.0003
TextileMach.         0.0003   0.0003   0.0004   0.0004      0.0004   0.0004   0.0006   0.0008      0.0004   0.0004   0.0007   0.0023
PrintMach.           0.0037   0.0038   0.0019   0.0013      0.0060   0.0060   0.0025   0.0028      0.0080   0.0080   0.0029   0.0073
OtherMach.           0.0261   0.0260   0.0045   0.0039      0.0375   0.0375   0.0059   0.0063      0.0345   0.0345   0.0066   0.0078
Fabricators          0.0054   0.0054   0.0032   0.0026      0.0082   0.0082   0.0042   0.0053      0.0062   0.0062   0.0051   0.0089
Prod.Inspectors      0.0041   0.0041   0.0023   0.0020      0.0068   0.0068   0.0027   0.0034      0.0066   0.0066   0.0034   0.0044
MotorVehicle         0.0004   0.0004   0.0030   0.0032      0.0007   0.0007   0.0053   0.0046      0.0005   0.0005   0.0073   0.0049
OtherVehicle         0.0001   0.0001   0.0002   0.0002      0.0002   0.0002   0.0002   0.0002      0.0002   0.0002   0.0002   0.0003
Freight              0.0014   0.0014   0.0052   0.0045      0.0016   0.0016   0.0064   0.0045      0.0018   0.0018   0.0067   0.0085
 
 
1980 and 2010 quantities (the 1960 ones fit by construction)
White Women p(:,WW) for      Young Cohort                          Middle-Aged Cohort                      Old-Aged Cohort
 
                     Data80  Model80 Data2010Model2010      Data80  Model80 Data2010Model2010      Data80  Model80 Data2010Model2010
------------------------------------------------------------------------------------------------------------------------------------
Home                 0.4606   0.4453   0.3087   0.3257      0.4763   0.6499   0.3235   0.3630      0.5097   0.7391   0.3149   0.3298
Managers             0.0341   0.0440   0.0587   0.0733      0.0377   0.0180   0.0722   0.0690      0.0356   0.0068   0.0727   0.0727
MgmtRelated          0.0264   0.0307   0.0467   0.0476      0.0221   0.0039   0.0509   0.0565      0.0200   0.0033   0.0525   0.0511
Architects           0.0003   0.0003   0.0008   0.0008      0.0001   0.0001   0.0005   0.0009      0.0001   0.0000   0.0004   0.0006
Engineers            0.0014   0.0013   0.0032   0.0029      0.0008   0.0002   0.0024   0.0032      0.0006   0.0002   0.0024   0.0037
Math/CompSci         0.0023   0.0024   0.0075   0.0073      0.0012   0.0008   0.0083   0.0092      0.0007   0.0001   0.0089   0.0060
Science              0.0015   0.0015   0.0046   0.0043      0.0008   0.0005   0.0029   0.0038      0.0005   0.0003   0.0021   0.0024
Doctors              0.0016   0.0020   0.0059   0.0082      0.0009   0.0007   0.0061   0.0063      0.0007   0.0003   0.0044   0.0047
Nurses               0.0226   0.0218   0.0328   0.0344      0.0183   0.0125   0.0322   0.0225      0.0169   0.0109   0.0346   0.0260
Therapists           0.0039   0.0033   0.0122   0.0124      0.0015   0.0009   0.0099   0.0088      0.0009   0.0004   0.0073   0.0054
Professors           0.0033   0.0042   0.0069   0.0080      0.0037   0.0026   0.0067   0.0062      0.0025   0.0004   0.0060   0.0039
Teachers             0.0512   0.0507   0.0772   0.0751      0.0432   0.0323   0.0731   0.0591      0.0318   0.0166   0.0637   0.0416
Librarians           0.0022   0.0023   0.0013   0.0015      0.0022   0.0013   0.0017   0.0014      0.0025   0.0008   0.0020   0.0014
Soc.Scientists       0.0020   0.0022   0.0051   0.0050      0.0013   0.0007   0.0043   0.0026      0.0008   0.0003   0.0031   0.0037
SocialWork           0.0064   0.0063   0.0119   0.0110      0.0045   0.0030   0.0103   0.0090      0.0037   0.0015   0.0089   0.0069
Lawyers              0.0024   0.0026   0.0062   0.0066      0.0009   0.0003   0.0058   0.0063      0.0005   0.0001   0.0043   0.0055
Arts/Athletes        0.0089   0.0091   0.0155   0.0143      0.0058   0.0034   0.0113   0.0144      0.0043   0.0039   0.0104   0.0147
HealthTechs          0.0143   0.0137   0.0178   0.0163      0.0094   0.0055   0.0170   0.0123      0.0073   0.0035   0.0160   0.0164
Eng.Techs            0.0028   0.0026   0.0024   0.0021      0.0019   0.0010   0.0017   0.0021      0.0015   0.0005   0.0021   0.0032
ScienceTechs         0.0009   0.0008   0.0007   0.0006      0.0005   0.0003   0.0005   0.0005      0.0006   0.0006   0.0006   0.0010
OtherTechs           0.0063   0.0071   0.0085   0.0081      0.0034   0.0014   0.0096   0.0111      0.0021   0.0002   0.0103   0.0112
Sales                0.0431   0.0485   0.0700   0.0725      0.0488   0.0240   0.0650   0.0726      0.0511   0.0198   0.0655   0.0793
Secretaries          0.0674   0.0648   0.0296   0.0239      0.0660   0.0575   0.0366   0.0269      0.0571   0.0410   0.0481   0.0513
Info.Clerks          0.0091   0.0099   0.0154   0.0126      0.0084   0.0050   0.0114   0.0127      0.0078   0.0027   0.0118   0.0136
Records              0.0086   0.0078   0.0050   0.0045      0.0075   0.0046   0.0051   0.0036      0.0078   0.0019   0.0063   0.0054
FinancialClerk       0.0265   0.0265   0.0145   0.0127      0.0284   0.0214   0.0197   0.0193      0.0303   0.0148   0.0237   0.0241
OfficeMachine        0.0004   0.0002   0.0003   0.0004      0.0004   0.0005   0.0004   0.0009      0.0004   0.0049   0.0006   0.0003
ComputerTech         0.0078   0.0080   0.0010   0.0007      0.0066   0.0040   0.0012   0.0017      0.0073   0.0068   0.0014   0.0074
Mail                 0.0022   0.0023   0.0012   0.0013      0.0022   0.0010   0.0024   0.0023      0.0023   0.0003   0.0040   0.0046
Clerks               0.0085   0.0090   0.0107   0.0099      0.0078   0.0027   0.0118   0.0114      0.0072   0.0012   0.0131   0.0130
Insurance            0.0060   0.0059   0.0275   0.0245      0.0041   0.0023   0.0226   0.0273      0.0031   0.0001   0.0219   0.0131
Misc.Admin           0.0336   0.0314   0.0220   0.0181      0.0330   0.0296   0.0198   0.0190      0.0317   0.0294   0.0232   0.0342
PrivateHshld         0.0034   0.0035   0.0076   0.0084      0.0051   0.0041   0.0108   0.0058      0.0064   0.0022   0.0105   0.0047
Firefighting         0.0001   0.0001   0.0003   0.0002      0.0000   0.0000   0.0003   0.0002      0.0000   0.0000   0.0002   0.0002
Police               0.0009   0.0009   0.0038   0.0038      0.0006   0.0003   0.0042   0.0033      0.0005   0.0002   0.0031   0.0022
Guards               0.0009   0.0011   0.0022   0.0021      0.0009   0.0002   0.0018   0.0014      0.0010   0.0000   0.0022   0.0016
FoodPrep             0.0206   0.0207   0.0416   0.0337      0.0240   0.0161   0.0266   0.0221      0.0262   0.0164   0.0242   0.0251
HealthService        0.0144   0.0151   0.0353   0.0333      0.0141   0.0079   0.0290   0.0200      0.0143   0.0044   0.0276   0.0174
Cleaning             0.0027   0.0034   0.0044   0.0048      0.0039   0.0008   0.0066   0.0033      0.0049   0.0003   0.0083   0.0053
PersonalService      0.0179   0.0187   0.0299   0.0283      0.0161   0.0156   0.0248   0.0278      0.0108   0.0078   0.0211   0.0211
FarmMgrs             0.0011   0.0014   0.0006   0.0007      0.0019   0.0007   0.0008   0.0007      0.0023   0.0005   0.0014   0.0015
FarmWork             0.0017   0.0015   0.0021   0.0018      0.0021   0.0012   0.0018   0.0011      0.0021   0.0023   0.0014   0.0012
Agriculture          0.0010   0.0010   0.0030   0.0029      0.0007   0.0003   0.0026   0.0018      0.0006   0.0001   0.0025   0.0020
Forest               0.0001   0.0001   0.0001   0.0001      0.0001   0.0000   0.0002   0.0001      0.0001   0.0000   0.0002   0.0001
Mechanics            0.0006   0.0006   0.0008   0.0008      0.0005   0.0004   0.0008   0.0010      0.0004   0.0001   0.0008   0.0009
Elec.Repairer        0.0010   0.0009   0.0008   0.0007      0.0007   0.0003   0.0008   0.0010      0.0006   0.0002   0.0009   0.0009
Misc.Repairer        0.0007   0.0006   0.0005   0.0005      0.0006   0.0006   0.0005   0.0006      0.0007   0.0002   0.0007   0.0009
Construction         0.0016   0.0017   0.0017   0.0015      0.0013   0.0008   0.0021   0.0023      0.0010   0.0002   0.0023   0.0025
Extractive           0.0001   0.0001   0.0001   0.0000      0.0001   0.0000   0.0001   0.0000      0.0000   0.0000   0.0001   0.0000
Supervisor(P)        0.0036   0.0044   0.0013   0.0013      0.0053   0.0017   0.0019   0.0026      0.0051   0.0012   0.0024   0.0030
MetalWork            0.0006   0.0006   0.0001   0.0001      0.0007   0.0004   0.0003   0.0004      0.0005   0.0002   0.0003   0.0007
WoodWork             0.0002   0.0002   0.0001   0.0000      0.0002   0.0001   0.0001   0.0001      0.0002   0.0000   0.0001   0.0002
Textiles             0.0011   0.0009   0.0003   0.0003      0.0017   0.0007   0.0004   0.0004      0.0021   0.0085   0.0007   0.0010
Other                0.0011   0.0012   0.0079   0.0072      0.0011   0.0003   0.0052   0.0051      0.0011   0.0004   0.0046   0.0018
Food                 0.0009   0.0008   0.0020   0.0017      0.0012   0.0005   0.0021   0.0016      0.0011   0.0002   0.0022   0.0015
PlantOperator        0.0002   0.0001   0.0001   0.0001      0.0002   0.0000   0.0002   0.0001      0.0001   0.0001   0.0002   0.0003
MetalMach.           0.0018   0.0017   0.0003   0.0002      0.0021   0.0018   0.0004   0.0005      0.0021   0.0002   0.0004   0.0007
MetalProc.           0.0007   0.0007   0.0001   0.0001      0.0008   0.0002   0.0001   0.0002      0.0008   0.0000   0.0002   0.0003
WoodMach.            0.0003   0.0003   0.0006   0.0006      0.0003   0.0001   0.0009   0.0023      0.0003   0.0000   0.0012   0.0003
TextileMach.         0.0017   0.0016   0.0004   0.0004      0.0015   0.0007   0.0006   0.0008      0.0013   0.0003   0.0007   0.0023
PrintMach.           0.0117   0.0116   0.0019   0.0013      0.0156   0.0180   0.0025   0.0028      0.0172   0.0038   0.0029   0.0073
OtherMach.           0.0105   0.0084   0.0045   0.0039      0.0125   0.0171   0.0059   0.0063      0.0122   0.0260   0.0066   0.0078
Fabricators          0.0108   0.0105   0.0032   0.0026      0.0128   0.0073   0.0042   0.0053      0.0126   0.0054   0.0051   0.0089
Prod.Inspectors      0.0048   0.0049   0.0023   0.0020      0.0064   0.0052   0.0027   0.0034      0.0078   0.0041   0.0034   0.0044
MotorVehicle         0.0034   0.0035   0.0030   0.0032      0.0046   0.0011   0.0053   0.0046      0.0032   0.0004   0.0073   0.0049
OtherVehicle         0.0007   0.0007   0.0002   0.0002      0.0007   0.0002   0.0002   0.0002      0.0007   0.0001   0.0002   0.0003
Freight              0.0086   0.0079   0.0052   0.0045      0.0100   0.0029   0.0064   0.0045      0.0103   0.0014   0.0067   0.0085
 
 
====================================================================== 
    PRODUCTION: w*H in data and model for various groups/cohorts
====================================================================== 
 
 
 
/// 1960 ///          Young                       Middle                      Old
 
               Data   Model       %        Data   Model       %        Data   Model       %
-------------------------------------------------------------------------------------------
White Men      4680    4858   103.8        5984    5987   100.0        5113    5118   100.1
White Women    2245    2338   104.1        2716    2714    99.9        2402    2401   100.0
Black Men       314     325   103.5         344     344   100.0         268     268   100.0
Black Women     241     274   113.6         219     219   100.0         141     141   100.1
 
Total income for the year:    Data = 24668  Model = 24988
 
 
/// 1970 ///          Young                       Middle                      Old
 
               Data   Model       %        Data   Model       %        Data   Model       %
-------------------------------------------------------------------------------------------
White Men      6175    6398   103.6        7004    7163   102.3        7151    7218   100.9
White Women    3235    3275   101.2        3239    3139    96.9        3380    3368    99.6
Black Men       488     497   102.0         471     459    97.5         402     400    99.4
Black Women     420     436   103.8         354     380   107.2         255     253    99.5
 
Total income for the year:    Data = 32575  Model = 32987
 
 
/// 1980 ///          Young                       Middle                      Old
 
               Data   Model       %        Data   Model       %        Data   Model       %
-------------------------------------------------------------------------------------------
White Men      7406    7539   101.8        6857    7249   105.7        6290    6779   107.8
White Women    4547    4696   103.3        3500    3360    96.0        2984    2776    93.0
Black Men       641     636    99.1         531     549   103.4         420     412    98.0
Black Women     599     604   100.8         440     453   103.1         308     323   105.0
 
Total income for the year:    Data = 34522  Model = 35377
 
 
/// 1990 ///          Young                       Middle                      Old
 
               Data   Model       %        Data   Model       %        Data   Model       %
-------------------------------------------------------------------------------------------
White Men      7301    7300   100.0        9114    9030    99.1        6994    7360   105.2
White Women    5262    5449   103.6        5405    5598   103.6        3601    3413    94.8
Black Men       671     676   100.7         739     771   104.3         540     561   103.7
Black Women     691     716   103.7         722     731   101.3         451     465   103.1
 
Total income for the year:    Data = 41490  Model = 42069
 
 
/// 2000 ///          Young                       Middle                      Old
 
               Data   Model       %        Data   Model       %        Data   Model       %
-------------------------------------------------------------------------------------------
White Men      6260    6065    96.9       11145   10630    95.4       10801   10393    96.2
White Women    4849    4895   100.9        7662    8660   113.0        6562    7435   113.3
Black Men       727     721    99.2        1088    1120   102.9         912     944   103.6
Black Women     776     794   102.3        1105    1219   110.4         903     960   106.4
 
Total income for the year:    Data = 52788  Model = 53836
 
 
/// 2010 ///          Young                       Middle                      Old
 
               Data   Model       %        Data   Model       %        Data   Model       %
-------------------------------------------------------------------------------------------
White Men      6122    5897    96.3        9057    8532    94.2       11988   11472    95.7
White Women    4898    4916   100.4        6373    6956   109.2        8144    9579   117.6
Black Men       726     712    98.1         994     983    98.9        1132    1188   104.9
Black Women     795     803   101.0        1043    1116   107.0        1165    1312   112.5
 
Total income for the year:    Data = 52437  Model = 53464
 
 
==================================================================================== 
    EARNINGS (Market): (1-tauw)*w*H in data and model for various groups/cohorts
==================================================================================== 
 
 
 
/// 1960 ///          Young                       Middle                      Old
 
               Data   Model       %        Data   Model       %        Data   Model       %
-------------------------------------------------------------------------------------------
White Men      4282    4448   103.9        5534    5537   100.1        4537    4542   100.1
White Women     827     872   105.5        1129    1128    99.9        1136    1135    99.9
Black Men       231     239   103.8         255     255   100.0         194     194   100.1
Black Women      92      99   107.0         100     100   100.1          67      67   100.2
 
Market income for the year:   Data = 18383  Model = 18616
 
 
/// 1970 ///          Young                       Middle                      Old
 
               Data   Model       %        Data   Model       %        Data   Model       %
-------------------------------------------------------------------------------------------
White Men      5610    5839   104.1        6467    6613   102.2        6406    6487   101.3
White Women    1381    1435   103.9        1471    1321    89.8        1713    1709    99.8
Black Men       375     383   102.0         369     381   103.3         314     313    99.5
Black Women     210     216   103.0         186     178    95.5         142     143   100.4
 
Market income for the year:   Data = 24645  Model = 25017
 
 
/// 1980 ///          Young                       Middle                      Old
 
               Data   Model       %        Data   Model       %        Data   Model       %
-------------------------------------------------------------------------------------------
White Men      6816    6991   102.6        6360    6644   104.5        5584    6281   112.5
White Women    2701    2813   104.2        1914    1714    89.5        1646    1352    82.1
Black Men       503     499    99.3         402     458   114.0         311     370   118.8
Black Women     391     397   101.5         272     288   105.8         188     183    97.2
 
Market income for the year:   Data = 27088  Model = 27990
 
 
/// 1990 ///          Young                       Middle                      Old
 
               Data   Model       %        Data   Model       %        Data   Model       %
-------------------------------------------------------------------------------------------
White Men      6709    6760   100.8        8458    8385    99.1        6235    6752   108.3
White Women    3593    3728   103.8        3737    3897   104.3        2408    2007    83.3
Black Men       530     536   101.0         579     634   109.5         394     494   125.5
Black Women     484     498   103.0         521     525   100.8         305     322   105.5
 
Market income for the year:   Data = 33953  Model = 34536
 
 
/// 2000 ///          Young                       Middle                      Old
 
               Data   Model       %        Data   Model       %        Data   Model       %
-------------------------------------------------------------------------------------------
White Men      5442    5225    96.0        9497    9393    98.9        8871    9228   104.0
White Women    3176    3090    97.3        4636    5708   123.1        4312    4826   111.9
Black Men       508     484    95.3         709     800   112.8         566     711   125.7
Black Women     504     485    96.2         671     789   117.6         527     635   120.4
 
Market income for the year:   Data = 39419  Model = 41372
 
 
/// 2010 ///          Young                       Middle                      Old
 
               Data   Model       %        Data   Model       %        Data   Model       %
-------------------------------------------------------------------------------------------
White Men      5320    5089    95.7        8212    7522    91.6       10088   10314   102.2
White Women    3605    3555    98.6        4517    4953   109.6        5594    7070   126.4
Black Men       521     497    95.5         772     713    92.4         792     918   115.9
Black Women     568     553    97.3         766     769   100.3         787     954   121.3
 
Market income for the year:   Data = 41541  Model = 42907
Production GDP = Total Labor Income (pre-tax) has been confirmed to the nearest dime per person :-).
 
 
GDP per person in data and model
 
        Year        Data       Model    ExitFlag
------------------------------------------------
        1960       24668       24988           1
        1970       32575       32987           1
        1980       34522       35377           1
        1990       41490       42069           1
        2000       52788       53836           1
        2010       52437       53464           1
 
 
GDP (mkt) per person in data and model
 
        Year        Data       Model
------------------------------------
        1960       17414       17626
        1970       23426       23378
        1980       25843       25779
        1990       32843       32458
        2000       36720       38153
        2010       38993       40111
 
 
GDP per worker (market) in data and model
 
        Year        Data       Model
------------------------------------
        1960       29093       29442
        1970       36856       38057
        1980       36804       39460
        1990       43013       45083
        2000       49161       51358
        2010       51365       53646
 
 
LFP in data and model
 
        Year        Data       Model
------------------------------------
        1960       0.599       0.599
        1970       0.636       0.614
        1980       0.702       0.653
        1990       0.764       0.720
        2000       0.747       0.743
        2010       0.759       0.748
 
 
Market Wage Gap in data and model
 
  Year      WWdata WWmodel      BMdata BMmodel      BWdata BWmodel
------------------------------------------------------------------
  1960       0.555   0.556       0.559   0.560       0.347   0.350
  1970       0.527   0.563       0.627   0.628       0.418   0.445
  1980       0.549   0.620       0.714   0.711       0.513   0.554
  1990       0.613   0.709       0.700   0.739       0.555   0.612
  2000       0.647   0.806       0.694   0.757       0.566   0.674
  2010       0.714   0.876       0.710   0.789       0.604   0.731
 
 
Earnings (market, after tauw) in data and model
 
        Year        Data       Model
------------------------------------
        1960       18383       18616
        1970       24645       25017
        1980       27088       27990
        1990       33953       34536
        2000       39419       41372
        2010       41541       42907
 
 
Earnings (market, after tauw) by Group in data and model
 
  Year      WMdata WMmodel      WWdata WWmodel      BMdata BMmodel      BWdata BWmodel
--------------------------------------------------------------------------------------
  1960       14352   14527        3093    3135         679     687         259     266
  1970       18483   18939        4566    4465        1058    1077         538     536
  1980       18760   19916        6261    5879        1216    1327         852     868
  1990       21402   21897        9738    9631        1503    1663        1310    1345
  2000       23810   23845       12124   13624        1783    1995        1701    1908
  2010       23619   22925       13716   15578        2085    2128        2121    2276
 
 
ConsumptionYoung (total) per young person in data and model (and Utility)
 
        Year        Data       Model     Utility
------------------------------------------------
        1960       28429       29635       21218
        1970       39054       40119       23520
        1980       36778       37251       19298
        1990       44192       44411       22690
        2000       53409       52343       34821
        2010       53231       52042       28132
 
 
EarningsYoung (market) per young person in data and model
 
        Year        Data       Model
------------------------------------
        1960       16290       16971
        1970       21968       22827
        1980       24391       25071
        1990       28486       29003
        2000       31605       30468
        2010       32063       31041
 
 
GDP (mkt) of only Young Cohorts...
 
  Year    Data   Model
----------------------
  1960   15141   15763
  1970   20715   21426
  1980   23418   24073
  1990   27862   28448
  2000   29659   29133
  2010   29740   29080
 
 
Share of growth accounted for by the Full Model:
 
                                      Share
-------------------------------------------
GDP per person                        100.9
GDP per person (mkt)                  102.0
GDP (mkt) per worker                  105.5
Labor Force Participation (LFP)        93.5
Earnings                              102.4
ConsumpYoung (total)                   89.8
EarningsYoung (market)                 89.2
GDPYoung (market)                      90.7
WageGapWW                             180.4
WageGapBM                             144.1
WageGapBW                             133.0
EarningsWM                             91.6
EarningsWW                            107.6
EarningsBM                            100.7
EarningsBW                            102.1
