SolveEqmBasic_DeltaHalf                 05-Oct-2026 
 
'SolveEqmBasic' is a script from the file /workspace/output/replication/codebase/SolveEqmBasic.m

 SolveEqmBasic.m    

  Takes the TalentData.mat data on Taus, Z's, A(i,t).
  Solves for the equilibrium w(i) and Y

  See 2015-06-02-SolvingGE.pdf notes (old but somewhat useful?)

  Method: For each year,
    1. Guess values for {mgtilde}, Y ==> 5 unknowns
    2. Solve for {wi} from Hi^supply = Hi^demand
    3. Compute mghat, Yhat 
    4. Iterate until converge.


Additional help for built-in functions and operators is
available in the online version of the manual.  Use the command
'doc <topic>' to search the manual index.

Help and information about Octave is also available on the WWW
at https://www.octave.org and via the help@octave.org
mailing list.
 
=============================================================
KEY PARAMETER VALUES:    CaseName = DeltaHalf
                   theta =  2.0000
                     eta =  0.1030
            theta*(1-eta)=  1.7940
                    dlta =  0.5000
                      mu =  0.5574
                   sigma =  3.0000
           EstimateDelta =  0.0000
           ConstrainTauH = -0.8000
PurgeWageGrowthSelection =     0
      AlphaSplitTauW1960 =  0.5000
   OccupationforWageHome = 23 Secretaries                               
   Alpha0FixedSplit =  0.5000
=============================================================
 
...... 
 
                                         Wages                          H(i,t)                 HYoung
 
                 Data60 Model60Data2010   Model      Data60   ModelData2010   Model      Data60   ModelData2010   Model
-----------------------------------------------------------------------------------------------------------------------
Home               9432    9757   13218   14389       0.802   0.707   0.782   0.551       0.293   0.198   0.195   0.139
Managers          11441   11484   17175   19688       0.234   0.225   0.483   0.291       0.045   0.037   0.079   0.071
MgmtRelated        9647    9534   15578   15970       0.068   0.068   0.236   0.199       0.021   0.021   0.055   0.048
Architects         4748    4252    6594    5294       0.004   0.006   0.011   0.020       0.001   0.003   0.003   0.004
Engineers         11637   11490   15175   13605       0.046   0.047   0.065   0.082       0.017   0.018   0.016   0.017
Math/CompSci       4657    3947   12665   12016       0.003   0.005   0.089   0.095       0.001   0.003   0.023   0.023
Science            7227    6777    8864    7676       0.014   0.016   0.034   0.047       0.006   0.008   0.010   0.012
Doctors            8819    8713   14364   15044       0.041   0.042   0.086   0.068       0.008   0.009   0.012   0.016
Nurses             5803    5589   10654   10569       0.034   0.037   0.103   0.096       0.011   0.014   0.027   0.027
Therapists         3046    2651    8180    7600       0.004   0.006   0.042   0.047       0.001   0.003   0.014   0.016
Professors         6847    6433    7581    7428       0.013   0.015   0.056   0.055       0.003   0.006   0.012   0.015
Teachers           7926    7814   10630   10906       0.073   0.074   0.195   0.164       0.023   0.024   0.057   0.050
Librarians         2452    2217    3355    2837       0.007   0.010   0.012   0.019       0.002   0.004   0.002   0.005
Soc.Scientists     5228    4645    8057    7040       0.005   0.008   0.034   0.046       0.002   0.004   0.009   0.011
SocialWork         4750    4539    6566    5987       0.025   0.027   0.060   0.071       0.007   0.010   0.017   0.019
Lawyers            8857    8549   17446   16332       0.020   0.021   0.063   0.070       0.005   0.007   0.013   0.015
Arts/Athletes      7634    7377    9903    9049       0.034   0.037   0.089   0.106       0.013   0.015   0.027   0.025
HealthTechs        3595    3373    7168    6542       0.020   0.024   0.075   0.090       0.007   0.010   0.022   0.022
Eng.Techs          7028    6735    7717    6380       0.022   0.024   0.036   0.059       0.011   0.014   0.010   0.011
ScienceTechs       5521    5142    4905    3610       0.014   0.017   0.010   0.024       0.006   0.009   0.003   0.005
OtherTechs         4860    4502   14316   13215       0.011   0.014   0.089   0.102       0.004   0.006   0.022   0.022
Sales             10590   10671   13649   14416       0.169   0.161   0.391   0.302       0.048   0.040   0.098   0.072
Secretaries        3729    3702    4804    4375       0.092   0.091   0.085   0.102       0.033   0.032   0.019   0.018
Info.Clerks        3532    3231    4485    3839       0.013   0.017   0.053   0.077       0.005   0.008   0.018   0.018
Records            4937    4622    4320    3593       0.018   0.021   0.026   0.041       0.005   0.008   0.008   0.009
FinancialClerk     4467    4334    5087    4521       0.052   0.056   0.072   0.093       0.016   0.019   0.016   0.017
OfficeMachine      4131    3826    2218    1887       0.017   0.021   0.009   0.014       0.008   0.012   0.001   0.003
ComputerTech       3127    2946    3850    2592       0.023   0.027   0.014   0.042       0.008   0.012   0.003   0.005
Mail               5125    4924    5211    4558       0.031   0.034   0.038   0.052       0.008   0.011   0.006   0.008
Clerks             5208    5050    6706    6196       0.041   0.044   0.088   0.101       0.014   0.016   0.025   0.024
Insurance          4622    4220    7401    6883       0.008   0.010   0.112   0.127       0.003   0.006   0.037   0.033
Misc.Admin         7354    7306    5947    5183       0.112   0.111   0.085   0.117       0.036   0.035   0.025   0.023
PrivateHshld       2578    2470    2073    1908       0.029   0.033   0.032   0.037       0.006   0.009   0.007   0.009
Firefighting       4445    4151    8531    7329       0.013   0.016   0.022   0.032       0.005   0.007   0.006   0.008
Police             5386    5134   10597    9930       0.022   0.025   0.068   0.075       0.009   0.012   0.017   0.019
Guards             3490    3298    5836    5198       0.016   0.018   0.037   0.047       0.003   0.006   0.012   0.013
FoodPrep           3605    3552    6168    5676       0.084   0.086   0.097   0.113       0.022   0.024   0.043   0.033
HealthService      2211    2103    4506    4388       0.030   0.034   0.107   0.106       0.010   0.014   0.035   0.032
Cleaning           2732    2637    5293    5153       0.036   0.039   0.073   0.072       0.007   0.010   0.015   0.016
PersonalService    4032    3987    5420    5151       0.071   0.072   0.095   0.100       0.020   0.021   0.031   0.028
FarmMgrs           4002    4041    5443    5006       0.120   0.114   0.033   0.039       0.027   0.021   0.006   0.007
FarmWork           2432    2421    3924    3285       0.056   0.055   0.025   0.039       0.021   0.020   0.009   0.010
Agriculture        2681    2473    5100    4717       0.011   0.013   0.051   0.059       0.003   0.006   0.016   0.016
Forest             2318    2196    3711    2953       0.014   0.016   0.012   0.021       0.004   0.006   0.003   0.004
Mechanics          5784    5709    8732    8107       0.052   0.052   0.082   0.093       0.018   0.019   0.020   0.018
Elec.Repairer      6594    6412    7702    6844       0.028   0.030   0.044   0.057       0.013   0.015   0.012   0.013
Misc.Repairer      6701    6636    6721    5972       0.072   0.072   0.041   0.053       0.021   0.022   0.009   0.010
Construction       7997    8021   10435   10164       0.103   0.099   0.178   0.175       0.032   0.029   0.049   0.036
Extractive         4689    4482    6880    5577       0.022   0.024   0.011   0.019       0.007   0.010   0.005   0.006
Supervisor(P)      7596    7472    6932    6173       0.079   0.081   0.048   0.062       0.016   0.018   0.008   0.010
MetalWork          6882    6759    5352    4235       0.055   0.056   0.024   0.045       0.016   0.018   0.004   0.006
WoodWork           2770    2527    2655    1903       0.007   0.009   0.006   0.014       0.002   0.004   0.001   0.002
Textiles           2833    2726    2003    1468       0.047   0.052   0.007   0.016       0.011   0.016   0.001   0.002
Other              4142    3856    4475    3821       0.014   0.017   0.026   0.038       0.005   0.008   0.010   0.012
Food               4196    3992    3652    2946       0.022   0.025   0.021   0.036       0.007   0.009   0.006   0.008
PlantOperator      6516    6229    6191    5093       0.022   0.025   0.016   0.027       0.006   0.009   0.003   0.005
MetalMach.         4349    4121    3668    2600       0.023   0.026   0.010   0.026       0.006   0.009   0.003   0.004
MetalProc.         2845    2605    2808    1838       0.009   0.011   0.005   0.016       0.002   0.005   0.001   0.002
WoodMach.          2297    2095    4508    3710       0.008   0.011   0.021   0.034       0.003   0.005   0.005   0.007
TextileMach.       5418    5144    3801    2759       0.023   0.026   0.015   0.035       0.007   0.011   0.003   0.004
PrintMach.         2821    2707    2798    1970       0.039   0.043   0.017   0.045       0.010   0.014   0.004   0.005
OtherMach.         7917    7979    6612    5796       0.205   0.195   0.068   0.091       0.065   0.055   0.018   0.017
Fabricators        5662    5521    6527    5431       0.062   0.066   0.054   0.086       0.019   0.022   0.015   0.014
Prod.Inspectors    4851    4647    6008    4980       0.038   0.042   0.033   0.053       0.011   0.015   0.008   0.010
MotorVehicle       7146    7203    8023    8003       0.109   0.104   0.137   0.125       0.038   0.033   0.028   0.026
OtherVehicle       6063    5924    7316    6425       0.045   0.048   0.030   0.040       0.012   0.014   0.008   0.009
Freight            5922    5948    6142    5496       0.106   0.102   0.071   0.090       0.037   0.033   0.022   0.020
 
 
1960 and 2010 quantities
White Men p(:,WM) for        Young Cohort                          Middle-Aged Cohort                      Old-Aged Cohort
 
                     Data60  Model60 Data2010Model2010      Data60  Model60 Data2010Model2010      Data60  Model60 Data2010Model2010
------------------------------------------------------------------------------------------------------------------------------------
Home                 0.0863   0.0938   0.1505   0.1841      0.0769   0.0769   0.1237   0.1794      0.1108   0.1108   0.1621   0.1108
Managers             0.0771   0.0789   0.0740   0.1004      0.1176   0.1176   0.1180   0.1004      0.1264   0.1264   0.1236   0.1059
MgmtRelated          0.0318   0.0316   0.0398   0.0432      0.0296   0.0296   0.0410   0.0456      0.0233   0.0233   0.0407   0.0398
Architects           0.0008   0.0006   0.0015   0.0010      0.0008   0.0008   0.0017   0.0017      0.0007   0.0007   0.0017   0.0016
Engineers            0.0298   0.0295   0.0185   0.0153      0.0251   0.0251   0.0186   0.0189      0.0154   0.0154   0.0219   0.0246
Math/CompSci         0.0008   0.0006   0.0240   0.0223      0.0004   0.0004   0.0236   0.0220      0.0002   0.0002   0.0175   0.0086
Science              0.0063   0.0056   0.0054   0.0041      0.0047   0.0047   0.0048   0.0050      0.0029   0.0029   0.0042   0.0038
Doctors              0.0083   0.0082   0.0058   0.0066      0.0102   0.0102   0.0095   0.0084      0.0082   0.0082   0.0103   0.0099
Nurses               0.0025   0.0023   0.0044   0.0045      0.0022   0.0022   0.0054   0.0034      0.0026   0.0026   0.0044   0.0029
Therapists           0.0004   0.0003   0.0028   0.0025      0.0003   0.0003   0.0033   0.0022      0.0004   0.0004   0.0023   0.0012
Professors           0.0033   0.0029   0.0070   0.0070      0.0033   0.0033   0.0068   0.0056      0.0026   0.0026   0.0062   0.0037
Teachers             0.0188   0.0185   0.0239   0.0260      0.0110   0.0110   0.0229   0.0207      0.0087   0.0087   0.0171   0.0144
Librarians           0.0002   0.0002   0.0004   0.0003      0.0002   0.0002   0.0006   0.0003      0.0002   0.0002   0.0005   0.0004
Soc.Scientists       0.0013   0.0010   0.0028   0.0022      0.0010   0.0010   0.0031   0.0014      0.0006   0.0006   0.0024   0.0022
SocialWork           0.0073   0.0067   0.0070   0.0060      0.0064   0.0064   0.0068   0.0049      0.0058   0.0058   0.0065   0.0049
Lawyers              0.0052   0.0049   0.0073   0.0066      0.0051   0.0051   0.0098   0.0080      0.0055   0.0055   0.0094   0.0087
Arts/Athletes        0.0127   0.0120   0.0180   0.0155      0.0096   0.0096   0.0162   0.0166      0.0070   0.0070   0.0125   0.0158
HealthTechs          0.0019   0.0017   0.0069   0.0059      0.0014   0.0014   0.0058   0.0045      0.0012   0.0012   0.0044   0.0039
Eng.Techs            0.0149   0.0139   0.0078   0.0055      0.0074   0.0074   0.0080   0.0069      0.0037   0.0037   0.0082   0.0133
ScienceTechs         0.0065   0.0057   0.0013   0.0007      0.0040   0.0040   0.0011   0.0007      0.0022   0.0022   0.0011   0.0015
OtherTechs           0.0033   0.0029   0.0197   0.0173      0.0029   0.0029   0.0200   0.0206      0.0016   0.0016   0.0172   0.0188
Sales                0.0767   0.0791   0.0889   0.1023      0.0748   0.0748   0.0912   0.1040      0.0669   0.0669   0.0896   0.1262
Secretaries          0.0019   0.0019   0.0024   0.0020      0.0013   0.0013   0.0017   0.0014      0.0014   0.0014   0.0016   0.0010
Info.Clerks          0.0016   0.0013   0.0035   0.0026      0.0015   0.0015   0.0020   0.0021      0.0009   0.0009   0.0019   0.0022
Records              0.0024   0.0022   0.0021   0.0015      0.0025   0.0025   0.0014   0.0011      0.0024   0.0024   0.0014   0.0014
FinancialClerk       0.0049   0.0047   0.0030   0.0025      0.0037   0.0037   0.0023   0.0023      0.0037   0.0037   0.0022   0.0027
OfficeMachine        0.0031   0.0027   0.0002   0.0002      0.0010   0.0010   0.0004   0.0005      0.0006   0.0006   0.0007   0.0002
ComputerTech         0.0007   0.0007   0.0010   0.0005      0.0005   0.0005   0.0009   0.0009      0.0004   0.0004   0.0010   0.0040
Mail                 0.0075   0.0070   0.0033   0.0026      0.0114   0.0114   0.0048   0.0031      0.0087   0.0087   0.0066   0.0057
Clerks               0.0144   0.0137   0.0210   0.0185      0.0131   0.0131   0.0171   0.0178      0.0132   0.0132   0.0165   0.0174
Insurance            0.0032   0.0027   0.0155   0.0138      0.0019   0.0019   0.0100   0.0125      0.0013   0.0013   0.0081   0.0046
Misc.Admin           0.0308   0.0309   0.0067   0.0053      0.0251   0.0251   0.0043   0.0043      0.0245   0.0245   0.0039   0.0074
PrivateHshld         0.0010   0.0010   0.0010   0.0009      0.0010   0.0010   0.0012   0.0006      0.0013   0.0013   0.0012   0.0009
Firefighting         0.0048   0.0042   0.0058   0.0044      0.0044   0.0044   0.0065   0.0039      0.0029   0.0029   0.0046   0.0035
Police               0.0103   0.0095   0.0181   0.0164      0.0079   0.0079   0.0226   0.0179      0.0060   0.0060   0.0144   0.0119
Guards               0.0026   0.0024   0.0084   0.0069      0.0036   0.0036   0.0062   0.0041      0.0062   0.0062   0.0059   0.0055
FoodPrep             0.0075   0.0074   0.0440   0.0385      0.0087   0.0087   0.0227   0.0206      0.0109   0.0109   0.0127   0.0169
HealthService        0.0017   0.0016   0.0056   0.0055      0.0014   0.0014   0.0038   0.0026      0.0016   0.0016   0.0034   0.0029
Cleaning             0.0032   0.0030   0.0132   0.0129      0.0053   0.0053   0.0160   0.0093      0.0099   0.0099   0.0207   0.0164
PersonalService      0.0073   0.0072   0.0081   0.0075      0.0055   0.0055   0.0068   0.0061      0.0078   0.0078   0.0059   0.0037
FarmMgrs             0.0331   0.0343   0.0045   0.0039      0.0465   0.0465   0.0054   0.0040      0.0606   0.0606   0.0080   0.0096
FarmWork             0.0152   0.0153   0.0090   0.0065      0.0114   0.0114   0.0066   0.0031      0.0128   0.0128   0.0050   0.0043
Agriculture          0.0018   0.0016   0.0183   0.0161      0.0018   0.0018   0.0157   0.0101      0.0024   0.0024   0.0120   0.0078
Forest               0.0025   0.0023   0.0017   0.0011      0.0025   0.0025   0.0023   0.0017      0.0028   0.0028   0.0022   0.0018
Mechanics            0.0243   0.0240   0.0291   0.0259      0.0221   0.0221   0.0317   0.0354      0.0188   0.0188   0.0350   0.0384
Elec.Repairer        0.0183   0.0176   0.0145   0.0118      0.0118   0.0118   0.0142   0.0133      0.0063   0.0063   0.0121   0.0099
Misc.Repairer        0.0308   0.0306   0.0097   0.0079      0.0339   0.0339   0.0113   0.0087      0.0341   0.0341   0.0136   0.0116
Construction         0.0507   0.0517   0.0910   0.0891      0.0542   0.0542   0.0892   0.0942      0.0512   0.0512   0.0801   0.1033
Extractive           0.0075   0.0070   0.0041   0.0028      0.0071   0.0071   0.0023   0.0007      0.0067   0.0067   0.0020   0.0015
Supervisor(P)        0.0216   0.0212   0.0064   0.0053      0.0343   0.0343   0.0107   0.0102      0.0366   0.0366   0.0121   0.0135
MetalWork            0.0219   0.0214   0.0039   0.0025      0.0253   0.0253   0.0055   0.0056      0.0222   0.0222   0.0071   0.0122
WoodWork             0.0013   0.0011   0.0007   0.0004      0.0016   0.0016   0.0008   0.0008      0.0015   0.0015   0.0010   0.0009
Textiles             0.0021   0.0019   0.0004   0.0002      0.0025   0.0025   0.0006   0.0004      0.0026   0.0026   0.0007   0.0009
Other                0.0035   0.0031   0.0027   0.0021      0.0034   0.0034   0.0020   0.0017      0.0028   0.0028   0.0018   0.0023
Food                 0.0060   0.0055   0.0038   0.0025      0.0056   0.0056   0.0030   0.0023      0.0069   0.0069   0.0029   0.0030
PlantOperator        0.0068   0.0063   0.0024   0.0017      0.0080   0.0080   0.0031   0.0018      0.0081   0.0081   0.0042   0.0039
MetalMach.           0.0049   0.0045   0.0017   0.0009      0.0062   0.0062   0.0017   0.0015      0.0067   0.0067   0.0019   0.0025
MetalProc.           0.0014   0.0012   0.0005   0.0002      0.0016   0.0016   0.0006   0.0008      0.0016   0.0016   0.0006   0.0010
WoodMach.            0.0016   0.0013   0.0041   0.0029      0.0014   0.0014   0.0042   0.0072      0.0016   0.0016   0.0046   0.0012
TextileMach.         0.0074   0.0068   0.0019   0.0010      0.0062   0.0062   0.0023   0.0023      0.0069   0.0069   0.0027   0.0047
PrintMach.           0.0032   0.0030   0.0016   0.0008      0.0035   0.0035   0.0016   0.0018      0.0037   0.0037   0.0014   0.0028
OtherMach.           0.0872   0.0899   0.0176   0.0140      0.0800   0.0800   0.0172   0.0158      0.0779   0.0779   0.0156   0.0215
Fabricators          0.0177   0.0171   0.0158   0.0113      0.0189   0.0189   0.0152   0.0144      0.0158   0.0158   0.0130   0.0209
Prod.Inspectors      0.0073   0.0068   0.0053   0.0037      0.0070   0.0070   0.0050   0.0044      0.0069   0.0069   0.0055   0.0052
MotorVehicle         0.0567   0.0585   0.0356   0.0366      0.0518   0.0518   0.0472   0.0443      0.0462   0.0462   0.0514   0.0495
OtherVehicle         0.0146   0.0141   0.0081   0.0064      0.0179   0.0179   0.0087   0.0062      0.0168   0.0168   0.0091   0.0082
Freight              0.0456   0.0467   0.0249   0.0206      0.0386   0.0386   0.0192   0.0152      0.0390   0.0390   0.0179   0.0263
 
 
1960 and 2010 quantities
White women p(:,WW) for      Young Cohort                          Middle-Aged Cohort                      Old-Aged Cohort
 
                     Data60  Model60 Data2010Model2010      Data60  Model60 Data2010Model2010      Data60  Model60 Data2010Model2010
------------------------------------------------------------------------------------------------------------------------------------
Home                 0.7388   0.7582   0.3087   0.3573      0.6698   0.6698   0.3235   0.3952      0.6238   0.6238   0.3149   0.3676
Managers             0.0068   0.0065   0.0587   0.0753      0.0145   0.0145   0.0722   0.0714      0.0217   0.0217   0.0727   0.0744
MgmtRelated          0.0033   0.0031   0.0467   0.0479      0.0046   0.0046   0.0509   0.0581      0.0058   0.0058   0.0525   0.0506
Architects           0.0000   0.0000   0.0008   0.0005      0.0000   0.0000   0.0005   0.0006      0.0000   0.0000   0.0004   0.0004
Engineers            0.0002   0.0002   0.0032   0.0025      0.0001   0.0001   0.0024   0.0027      0.0002   0.0002   0.0024   0.0033
Math/CompSci         0.0001   0.0001   0.0075   0.0066      0.0002   0.0002   0.0083   0.0086      0.0001   0.0001   0.0089   0.0050
Science              0.0003   0.0003   0.0046   0.0034      0.0003   0.0003   0.0029   0.0030      0.0002   0.0002   0.0021   0.0018
Doctors              0.0003   0.0003   0.0059   0.0063      0.0004   0.0004   0.0061   0.0048      0.0005   0.0005   0.0044   0.0038
Nurses               0.0109   0.0097   0.0328   0.0315      0.0107   0.0107   0.0322   0.0209      0.0118   0.0118   0.0346   0.0245
Therapists           0.0004   0.0003   0.0122   0.0102      0.0003   0.0003   0.0099   0.0071      0.0002   0.0002   0.0073   0.0042
Professors           0.0004   0.0003   0.0069   0.0065      0.0006   0.0006   0.0067   0.0050      0.0008   0.0008   0.0060   0.0029
Teachers             0.0167   0.0155   0.0772   0.0793      0.0171   0.0171   0.0731   0.0605      0.0310   0.0310   0.0637   0.0393
Librarians           0.0008   0.0006   0.0013   0.0009      0.0011   0.0011   0.0017   0.0009      0.0019   0.0019   0.0020   0.0009
Soc.Scientists       0.0003   0.0002   0.0051   0.0038      0.0003   0.0003   0.0043   0.0018      0.0003   0.0003   0.0031   0.0027
SocialWork           0.0015   0.0013   0.0119   0.0096      0.0017   0.0017   0.0103   0.0077      0.0025   0.0025   0.0089   0.0055
Lawyers              0.0001   0.0001   0.0062   0.0053      0.0001   0.0001   0.0058   0.0051      0.0001   0.0001   0.0043   0.0044
Arts/Athletes        0.0039   0.0035   0.0155   0.0126      0.0028   0.0028   0.0113   0.0131      0.0031   0.0031   0.0104   0.0133
HealthTechs          0.0035   0.0030   0.0178   0.0145      0.0037   0.0037   0.0170   0.0110      0.0055   0.0055   0.0160   0.0150
Eng.Techs            0.0005   0.0004   0.0024   0.0016      0.0006   0.0006   0.0017   0.0017      0.0003   0.0003   0.0021   0.0028
ScienceTechs         0.0006   0.0005   0.0007   0.0004      0.0006   0.0006   0.0005   0.0003      0.0003   0.0003   0.0006   0.0007
OtherTechs           0.0002   0.0002   0.0085   0.0071      0.0003   0.0003   0.0096   0.0102      0.0003   0.0003   0.0103   0.0102
Sales                0.0197   0.0191   0.0700   0.0762      0.0355   0.0355   0.0650   0.0748      0.0447   0.0447   0.0655   0.0839
Secretaries          0.0414   0.0391   0.0296   0.0240      0.0384   0.0384   0.0366   0.0278      0.0341   0.0341   0.0481   0.0512
Info.Clerks          0.0027   0.0022   0.0154   0.0110      0.0023   0.0023   0.0114   0.0112      0.0020   0.0020   0.0118   0.0118
Records              0.0019   0.0016   0.0050   0.0034      0.0025   0.0025   0.0051   0.0027      0.0028   0.0028   0.0063   0.0042
FinancialClerk       0.0149   0.0134   0.0145   0.0112      0.0178   0.0178   0.0197   0.0174      0.0176   0.0176   0.0237   0.0226
OfficeMachine        0.0049   0.0041   0.0003   0.0002      0.0039   0.0039   0.0004   0.0006      0.0032   0.0032   0.0006   0.0002
ComputerTech         0.0069   0.0058   0.0010   0.0005      0.0054   0.0054   0.0012   0.0011      0.0069   0.0069   0.0014   0.0060
Mail                 0.0003   0.0002   0.0012   0.0009      0.0007   0.0007   0.0024   0.0017      0.0007   0.0007   0.0040   0.0037
Clerks               0.0012   0.0010   0.0107   0.0090      0.0017   0.0017   0.0118   0.0103      0.0018   0.0018   0.0131   0.0116
Insurance            0.0001   0.0001   0.0275   0.0232      0.0002   0.0002   0.0226   0.0265      0.0002   0.0002   0.0219   0.0116
Misc.Admin           0.0296   0.0280   0.0220   0.0163      0.0337   0.0337   0.0198   0.0173      0.0350   0.0350   0.0232   0.0340
PrivateHshld         0.0022   0.0019   0.0076   0.0063      0.0042   0.0042   0.0108   0.0041      0.0080   0.0080   0.0105   0.0034
Firefighting         0.0000   0.0000   0.0003   0.0002      0.0000   0.0000   0.0003   0.0002      0.0000   0.0000   0.0002   0.0001
Police               0.0002   0.0002   0.0038   0.0033      0.0002   0.0002   0.0042   0.0030      0.0002   0.0002   0.0031   0.0018
Guards               0.0000   0.0000   0.0022   0.0017      0.0001   0.0001   0.0018   0.0011      0.0001   0.0001   0.0022   0.0013
FoodPrep             0.0163   0.0152   0.0416   0.0344      0.0229   0.0229   0.0266   0.0216      0.0244   0.0244   0.0242   0.0243
HealthService        0.0044   0.0038   0.0353   0.0327      0.0051   0.0051   0.0290   0.0184      0.0069   0.0069   0.0276   0.0158
Cleaning             0.0003   0.0003   0.0044   0.0040      0.0010   0.0010   0.0066   0.0027      0.0014   0.0014   0.0083   0.0046
PersonalService      0.0076   0.0071   0.0299   0.0264      0.0120   0.0120   0.0248   0.0264      0.0143   0.0143   0.0211   0.0189
FarmMgrs             0.0005   0.0004   0.0006   0.0005      0.0010   0.0010   0.0008   0.0005      0.0020   0.0020   0.0014   0.0012
FarmWork             0.0022   0.0021   0.0021   0.0015      0.0032   0.0032   0.0018   0.0008      0.0038   0.0038   0.0014   0.0009
Agriculture          0.0001   0.0001   0.0030   0.0025      0.0003   0.0003   0.0026   0.0015      0.0003   0.0003   0.0025   0.0016
Forest               0.0000   0.0000   0.0001   0.0001      0.0001   0.0001   0.0002   0.0001      0.0000   0.0000   0.0002   0.0001
Mechanics            0.0001   0.0001   0.0008   0.0007      0.0001   0.0001   0.0008   0.0010      0.0000   0.0000   0.0008   0.0009
Elec.Repairer        0.0002   0.0002   0.0008   0.0006      0.0001   0.0001   0.0008   0.0008      0.0001   0.0001   0.0009   0.0007
Misc.Repairer        0.0002   0.0002   0.0005   0.0004      0.0003   0.0003   0.0005   0.0005      0.0004   0.0004   0.0007   0.0008
Construction         0.0002   0.0002   0.0017   0.0016      0.0002   0.0002   0.0021   0.0023      0.0003   0.0003   0.0023   0.0026
Extractive           0.0000   0.0000   0.0001   0.0000      0.0000   0.0000   0.0001   0.0000      0.0000   0.0000   0.0001   0.0000
Supervisor(P)        0.0012   0.0012   0.0013   0.0010      0.0021   0.0021   0.0019   0.0021      0.0027   0.0027   0.0024   0.0025
MetalWork            0.0002   0.0002   0.0001   0.0001      0.0005   0.0005   0.0003   0.0003      0.0002   0.0002   0.0003   0.0006
WoodWork             0.0000   0.0000   0.0001   0.0000      0.0000   0.0000   0.0001   0.0001      0.0000   0.0000   0.0001   0.0001
Textiles             0.0085   0.0075   0.0003   0.0002      0.0121   0.0121   0.0004   0.0002      0.0160   0.0160   0.0007   0.0007
Other                0.0004   0.0003   0.0079   0.0056      0.0004   0.0004   0.0052   0.0036      0.0004   0.0004   0.0046   0.0013
Food                 0.0002   0.0002   0.0020   0.0012      0.0005   0.0005   0.0021   0.0011      0.0004   0.0004   0.0022   0.0011
PlantOperator        0.0001   0.0001   0.0001   0.0001      0.0001   0.0001   0.0002   0.0001      0.0001   0.0001   0.0002   0.0002
MetalMach.           0.0002   0.0001   0.0003   0.0001      0.0003   0.0003   0.0004   0.0003      0.0003   0.0003   0.0004   0.0005
MetalProc.           0.0000   0.0000   0.0001   0.0000      0.0000   0.0000   0.0001   0.0001      0.0000   0.0000   0.0002   0.0002
WoodMach.            0.0000   0.0000   0.0006   0.0004      0.0000   0.0000   0.0009   0.0018      0.0001   0.0001   0.0012   0.0002
TextileMach.         0.0003   0.0003   0.0004   0.0002      0.0004   0.0004   0.0006   0.0006      0.0004   0.0004   0.0007   0.0018
PrintMach.           0.0037   0.0033   0.0019   0.0009      0.0060   0.0060   0.0025   0.0022      0.0080   0.0080   0.0029   0.0062
OtherMach.           0.0261   0.0254   0.0045   0.0034      0.0375   0.0375   0.0059   0.0055      0.0345   0.0345   0.0066   0.0072
Fabricators          0.0054   0.0050   0.0032   0.0022      0.0082   0.0082   0.0042   0.0047      0.0062   0.0062   0.0051   0.0081
Prod.Inspectors      0.0041   0.0036   0.0023   0.0015      0.0068   0.0068   0.0027   0.0026      0.0066   0.0066   0.0034   0.0035
MotorVehicle         0.0004   0.0003   0.0030   0.0029      0.0007   0.0007   0.0053   0.0043      0.0005   0.0005   0.0073   0.0047
OtherVehicle         0.0001   0.0001   0.0002   0.0002      0.0002   0.0002   0.0002   0.0002      0.0002   0.0002   0.0002   0.0003
Freight              0.0014   0.0013   0.0052   0.0041      0.0016   0.0016   0.0064   0.0040      0.0018   0.0018   0.0067   0.0080
 
 
1980 and 2010 quantities (the 1960 ones fit by construction)
White Women p(:,WW) for      Young Cohort                          Middle-Aged Cohort                      Old-Aged Cohort
 
                     Data80  Model80 Data2010Model2010      Data80  Model80 Data2010Model2010      Data80  Model80 Data2010Model2010
------------------------------------------------------------------------------------------------------------------------------------
Home                 0.4606   0.4966   0.3087   0.3573      0.4763   0.6892   0.3235   0.3952      0.5097   0.7582   0.3149   0.3676
Managers             0.0341   0.0439   0.0587   0.0753      0.0377   0.0172   0.0722   0.0714      0.0356   0.0065   0.0727   0.0744
MgmtRelated          0.0264   0.0288   0.0467   0.0479      0.0221   0.0034   0.0509   0.0581      0.0200   0.0031   0.0525   0.0506
Architects           0.0003   0.0002   0.0008   0.0005      0.0001   0.0001   0.0005   0.0006      0.0001   0.0000   0.0004   0.0004
Engineers            0.0014   0.0012   0.0032   0.0025      0.0008   0.0002   0.0024   0.0027      0.0006   0.0002   0.0024   0.0033
Math/CompSci         0.0023   0.0017   0.0075   0.0066      0.0012   0.0006   0.0083   0.0086      0.0007   0.0001   0.0089   0.0050
Science              0.0015   0.0011   0.0046   0.0034      0.0008   0.0004   0.0029   0.0030      0.0005   0.0003   0.0021   0.0018
Doctors              0.0016   0.0015   0.0059   0.0063      0.0009   0.0006   0.0061   0.0048      0.0007   0.0003   0.0044   0.0038
Nurses               0.0226   0.0194   0.0328   0.0315      0.0183   0.0104   0.0322   0.0209      0.0169   0.0097   0.0346   0.0245
Therapists           0.0039   0.0023   0.0122   0.0102      0.0015   0.0006   0.0099   0.0071      0.0009   0.0003   0.0073   0.0042
Professors           0.0033   0.0030   0.0069   0.0065      0.0037   0.0021   0.0067   0.0050      0.0025   0.0003   0.0060   0.0029
Teachers             0.0512   0.0489   0.0772   0.0793      0.0432   0.0301   0.0731   0.0605      0.0318   0.0155   0.0637   0.0393
Librarians           0.0022   0.0015   0.0013   0.0009      0.0022   0.0009   0.0017   0.0009      0.0025   0.0006   0.0020   0.0009
Soc.Scientists       0.0020   0.0015   0.0051   0.0038      0.0013   0.0005   0.0043   0.0018      0.0008   0.0002   0.0031   0.0027
SocialWork           0.0064   0.0049   0.0119   0.0096      0.0045   0.0023   0.0103   0.0077      0.0037   0.0013   0.0089   0.0055
Lawyers              0.0024   0.0021   0.0062   0.0053      0.0009   0.0003   0.0058   0.0051      0.0005   0.0001   0.0043   0.0044
Arts/Athletes        0.0089   0.0075   0.0155   0.0126      0.0058   0.0028   0.0113   0.0131      0.0043   0.0035   0.0104   0.0133
HealthTechs          0.0143   0.0116   0.0178   0.0145      0.0094   0.0042   0.0170   0.0110      0.0073   0.0030   0.0160   0.0150
Eng.Techs            0.0028   0.0022   0.0024   0.0016      0.0019   0.0009   0.0017   0.0017      0.0015   0.0004   0.0021   0.0028
ScienceTechs         0.0009   0.0005   0.0007   0.0004      0.0005   0.0002   0.0005   0.0003      0.0006   0.0005   0.0006   0.0007
OtherTechs           0.0063   0.0059   0.0085   0.0071      0.0034   0.0011   0.0096   0.0102      0.0021   0.0002   0.0103   0.0102
Sales                0.0431   0.0492   0.0700   0.0762      0.0488   0.0228   0.0650   0.0748      0.0511   0.0191   0.0655   0.0839
Secretaries          0.0674   0.0652   0.0296   0.0240      0.0660   0.0547   0.0366   0.0278      0.0571   0.0391   0.0481   0.0512
Info.Clerks          0.0091   0.0077   0.0154   0.0110      0.0084   0.0038   0.0114   0.0112      0.0078   0.0022   0.0118   0.0118
Records              0.0086   0.0059   0.0050   0.0034      0.0075   0.0037   0.0051   0.0027      0.0078   0.0016   0.0063   0.0042
FinancialClerk       0.0265   0.0242   0.0145   0.0112      0.0284   0.0187   0.0197   0.0174      0.0303   0.0134   0.0237   0.0226
OfficeMachine        0.0004   0.0001   0.0003   0.0002      0.0004   0.0004   0.0004   0.0006      0.0004   0.0041   0.0006   0.0002
ComputerTech         0.0078   0.0066   0.0010   0.0005      0.0066   0.0033   0.0012   0.0011      0.0073   0.0058   0.0014   0.0060
Mail                 0.0022   0.0018   0.0012   0.0009      0.0022   0.0008   0.0024   0.0017      0.0023   0.0002   0.0040   0.0037
Clerks               0.0085   0.0077   0.0107   0.0090      0.0078   0.0023   0.0118   0.0103      0.0072   0.0010   0.0131   0.0116
Insurance            0.0060   0.0044   0.0275   0.0232      0.0041   0.0018   0.0226   0.0265      0.0031   0.0001   0.0219   0.0116
Misc.Admin           0.0336   0.0290   0.0220   0.0163      0.0330   0.0260   0.0198   0.0173      0.0317   0.0280   0.0232   0.0340
PrivateHshld         0.0034   0.0025   0.0076   0.0063      0.0051   0.0033   0.0108   0.0041      0.0064   0.0019   0.0105   0.0034
Firefighting         0.0001   0.0001   0.0003   0.0002      0.0000   0.0000   0.0003   0.0002      0.0000   0.0000   0.0002   0.0001
Police               0.0009   0.0007   0.0038   0.0033      0.0006   0.0002   0.0042   0.0030      0.0005   0.0002   0.0031   0.0018
Guards               0.0009   0.0008   0.0022   0.0017      0.0009   0.0001   0.0018   0.0011      0.0010   0.0000   0.0022   0.0013
FoodPrep             0.0206   0.0186   0.0416   0.0344      0.0240   0.0139   0.0266   0.0216      0.0262   0.0152   0.0242   0.0243
HealthService        0.0144   0.0131   0.0353   0.0327      0.0141   0.0065   0.0290   0.0184      0.0143   0.0038   0.0276   0.0158
Cleaning             0.0027   0.0029   0.0044   0.0040      0.0039   0.0006   0.0066   0.0027      0.0049   0.0003   0.0083   0.0046
PersonalService      0.0179   0.0156   0.0299   0.0264      0.0161   0.0136   0.0248   0.0264      0.0108   0.0071   0.0211   0.0189
FarmMgrs             0.0011   0.0011   0.0006   0.0005      0.0019   0.0006   0.0008   0.0005      0.0023   0.0004   0.0014   0.0012
FarmWork             0.0017   0.0012   0.0021   0.0015      0.0021   0.0009   0.0018   0.0008      0.0021   0.0021   0.0014   0.0009
Agriculture          0.0010   0.0007   0.0030   0.0025      0.0007   0.0002   0.0026   0.0015      0.0006   0.0001   0.0025   0.0016
Forest               0.0001   0.0001   0.0001   0.0001      0.0001   0.0000   0.0002   0.0001      0.0001   0.0000   0.0002   0.0001
Mechanics            0.0006   0.0006   0.0008   0.0007      0.0005   0.0004   0.0008   0.0010      0.0004   0.0001   0.0008   0.0009
Elec.Repairer        0.0010   0.0008   0.0008   0.0006      0.0007   0.0003   0.0008   0.0008      0.0006   0.0002   0.0009   0.0007
Misc.Repairer        0.0007   0.0005   0.0005   0.0004      0.0006   0.0005   0.0005   0.0005      0.0007   0.0002   0.0007   0.0008
Construction         0.0016   0.0017   0.0017   0.0016      0.0013   0.0008   0.0021   0.0023      0.0010   0.0002   0.0023   0.0026
Extractive           0.0001   0.0001   0.0001   0.0000      0.0001   0.0000   0.0001   0.0000      0.0000   0.0000   0.0001   0.0000
Supervisor(P)        0.0036   0.0038   0.0013   0.0010      0.0053   0.0015   0.0019   0.0021      0.0051   0.0012   0.0024   0.0025
MetalWork            0.0006   0.0005   0.0001   0.0001      0.0007   0.0003   0.0003   0.0003      0.0005   0.0002   0.0003   0.0006
WoodWork             0.0002   0.0001   0.0001   0.0000      0.0002   0.0001   0.0001   0.0001      0.0002   0.0000   0.0001   0.0001
Textiles             0.0011   0.0006   0.0003   0.0002      0.0017   0.0005   0.0004   0.0002      0.0021   0.0075   0.0007   0.0007
Other                0.0011   0.0008   0.0079   0.0056      0.0011   0.0002   0.0052   0.0036      0.0011   0.0003   0.0046   0.0013
Food                 0.0009   0.0006   0.0020   0.0012      0.0012   0.0004   0.0021   0.0011      0.0011   0.0002   0.0022   0.0011
PlantOperator        0.0002   0.0001   0.0001   0.0001      0.0002   0.0000   0.0002   0.0001      0.0001   0.0001   0.0002   0.0002
MetalMach.           0.0018   0.0013   0.0003   0.0001      0.0021   0.0015   0.0004   0.0003      0.0021   0.0001   0.0004   0.0005
MetalProc.           0.0007   0.0005   0.0001   0.0000      0.0008   0.0001   0.0001   0.0001      0.0008   0.0000   0.0002   0.0002
WoodMach.            0.0003   0.0002   0.0006   0.0004      0.0003   0.0001   0.0009   0.0018      0.0003   0.0000   0.0012   0.0002
TextileMach.         0.0017   0.0011   0.0004   0.0002      0.0015   0.0005   0.0006   0.0006      0.0013   0.0003   0.0007   0.0018
PrintMach.           0.0117   0.0092   0.0019   0.0009      0.0156   0.0155   0.0025   0.0022      0.0172   0.0033   0.0029   0.0062
OtherMach.           0.0105   0.0077   0.0045   0.0034      0.0125   0.0161   0.0059   0.0055      0.0122   0.0254   0.0066   0.0072
Fabricators          0.0108   0.0095   0.0032   0.0022      0.0128   0.0064   0.0042   0.0047      0.0126   0.0050   0.0051   0.0081
Prod.Inspectors      0.0048   0.0038   0.0023   0.0015      0.0064   0.0042   0.0027   0.0026      0.0078   0.0036   0.0034   0.0035
MotorVehicle         0.0034   0.0033   0.0030   0.0029      0.0046   0.0011   0.0053   0.0043      0.0032   0.0003   0.0073   0.0047
OtherVehicle         0.0007   0.0006   0.0002   0.0002      0.0007   0.0002   0.0002   0.0002      0.0007   0.0001   0.0002   0.0003
Freight              0.0086   0.0071   0.0052   0.0041      0.0100   0.0026   0.0064   0.0040      0.0103   0.0013   0.0067   0.0080
 
 
====================================================================== 
    PRODUCTION: w*H in data and model for various groups/cohorts
====================================================================== 
 
 
 
/// 1960 ///          Young                       Middle                      Old
 
               Data   Model       %        Data   Model       %        Data   Model       %
-------------------------------------------------------------------------------------------
White Men      4680    4541    97.0        5961    5917    99.3        5053    5027    99.5
White Women    3081    2598    84.3        3471    3520   101.4        2873    2900   101.0
Black Men       336     316    94.0         365     364    99.9         287     287   100.1
Black Women     324     301    93.0         287     290   101.0         189     191   101.0
 
Total income for the year:    Data = 26906  Model = 26253
 
 
/// 1970 ///          Young                       Middle                      Old
 
               Data   Model       %        Data   Model       %        Data   Model       %
-------------------------------------------------------------------------------------------
White Men      6175    5963    96.6        6976    6500    93.2        7073    7088   100.2
White Women    4083    3487    85.4        3920    3418    87.2        3914    3971   101.5
Black Men       493     468    95.1         476     443    93.1         416     413    99.2
Black Women     495     445    89.9         422     405    96.0         309     312   101.0
 
Total income for the year:    Data = 34751  Model = 32913
 
 
/// 1980 ///          Young                       Middle                      Old
 
               Data   Model       %        Data   Model       %        Data   Model       %
-------------------------------------------------------------------------------------------
White Men      7406    6995    94.5        6848    6558    95.8        6239    5941    95.2
White Women    4966    4575    92.1        4015    3565    88.8        3448    2992    86.8
Black Men       647     596    92.1         523     505    96.5         424     385    90.8
Black Women     649     594    91.6         490     459    93.6         361     343    95.1
 
Total income for the year:    Data = 36016  Model = 33507
 
 
/// 1990 ///          Young                       Middle                      Old
 
               Data   Model       %        Data   Model       %        Data   Model       %
-------------------------------------------------------------------------------------------
White Men      7301    6783    92.9        9089    8250    90.8        6946    6502    93.6
White Women    5539    5219    94.2        5826    5341    91.7        4075    3501    85.9
Black Men       682     642    94.1         726     710    97.7         527     506    95.9
Black Women     718     678    94.4         733     707    96.5         487     457    93.8
 
Total income for the year:    Data = 42650  Model = 39296
 
 
/// 2000 ///          Young                       Middle                      Old
 
               Data   Model       %        Data   Model       %        Data   Model       %
-------------------------------------------------------------------------------------------
White Men      6260    5542    88.5       10962    9598    87.6       10495    9087    86.6
White Women    5174    4643    89.7        8119    7881    97.1        7180    6580    91.6
Black Men       735     660    89.8        1080    1017    94.1         887     824    92.9
Black Women     781     713    91.3        1112    1091    98.1         920     863    93.7
 
Total income for the year:    Data = 53707  Model = 48499
 
 
/// 2010 ///          Young                       Middle                      Old
 
               Data   Model       %        Data   Model       %        Data   Model       %
-------------------------------------------------------------------------------------------
White Men      6122    5435    88.8        9054    7854    86.8       11755   10363    88.2
White Women    5486    4908    89.5        7075    6614    93.5        8950    8646    96.6
Black Men       729     650    89.2         964     903    93.6        1107    1075    97.1
Black Women     812     731    90.0        1031    1001    97.1        1171    1159    99.0
 
Total income for the year:    Data = 54257  Model = 49339
 
 
==================================================================================== 
    EARNINGS (Market): (1-tauw)*w*H in data and model for various groups/cohorts
==================================================================================== 
 
 
 
/// 1960 ///          Young                       Middle                      Old
 
               Data   Model       %        Data   Model       %        Data   Model       %
-------------------------------------------------------------------------------------------
White Men      4282    4206    98.2        5534    5476    98.9        4537    4493    99.0
White Women     827     963   116.4        1129    1111    98.4        1136    1117    98.4
Black Men       231     225    97.4         255     252    99.0         194     192    99.1
Black Women      92     108   117.4         100      98    98.0          67      65    98.0
 
Market income for the year:   Data = 18383  Model = 18306
 
 
/// 1970 ///          Young                       Middle                      Old
 
               Data   Model       %        Data   Model       %        Data   Model       %
-------------------------------------------------------------------------------------------
White Men      5610    5480    97.7        6467    6058    93.7        6406    6387    99.7
White Women    1381    1494   108.1        1471    1379    93.7        1713    1677    97.9
Black Men       375     366    97.6         369     354    96.1         314     306    97.4
Black Women     210     213   101.5         186     172    92.3         142     138    97.1
 
Market income for the year:   Data = 24645  Model = 24023
 
 
/// 1980 ///          Young                       Middle                      Old
 
               Data   Model       %        Data   Model       %        Data   Model       %
-------------------------------------------------------------------------------------------
White Men      6816    6500    95.4        6360    6033    94.8        5584    5541    99.2
White Women    2701    2759   102.2        1914    1664    86.9        1646    1309    79.5
Black Men       503     484    96.4         402     423   105.2         311     331   106.1
Black Women     391     386    98.6         272     258    94.8         188     169    89.7
 
Market income for the year:   Data = 27088  Model = 25856
 
 
/// 1990 ///          Young                       Middle                      Old
 
               Data   Model       %        Data   Model       %        Data   Model       %
-------------------------------------------------------------------------------------------
White Men      6709    6316    94.1        8458    7696    91.0        6235    6005    96.3
White Women    3593    3610   100.5        3737    3467    92.8        2408    1772    73.6
Black Men       530     533   100.4         579     608   105.1         394     450   114.2
Black Women     484     490   101.4         521     503    96.5         305     283    92.6
 
Market income for the year:   Data = 33953  Model = 31732
 
 
/// 2000 ///          Young                       Middle                      Old
 
               Data   Model       %        Data   Model       %        Data   Model       %
-------------------------------------------------------------------------------------------
White Men      5442    4858    89.3        9497    8661    91.2        8871    8224    92.7
White Women    3176    2954    93.0        4636    5090   109.8        4312    3868    89.7
Black Men       508     481    94.8         709     787   111.0         566     668   118.0
Black Women     504     472    93.6         671     730   108.8         527     563   106.8
 
Market income for the year:   Data = 39419  Model = 37356
 
 
/// 2010 ///          Young                       Middle                      Old
 
               Data   Model       %        Data   Model       %        Data   Model       %
-------------------------------------------------------------------------------------------
White Men      5320    4776    89.8        8212    7032    85.6       10088    9493    94.1
White Women    3605    3339    92.6        4517    4424    97.9        5594    5849   104.6
Black Men       521     493    94.6         772     707    91.6         792     890   112.4
Black Women     568     524    92.3         766     706    92.1         787     827   105.2
 
Market income for the year:   Data = 41541  Model = 39060
Error! GDP is not equal to labor income in SolveEqmBasic. Stopping...
  DIAG max|gdp1-wHincome| = 0.117436 ; per-year gdp1-wHincome = [0.0002033 0.1174 7.085e-07 2.324e-07 5.08e-05 3.247e-07]
  DIAG gdp1 = [26253.4 32913.1 33507.3 39295.6 48498.8 49339]
 
 
GDP per person in data and model
 
        Year        Data       Model    ExitFlag
------------------------------------------------
        1960       26906       26253           1
        1970       34751       32913           1
        1980       36016       33507           1
        1990       42650       39296           1
        2000       53707       48499           1
        2010       54257       49339           1
 
 
GDP (mkt) per person in data and model
 
        Year        Data       Model
------------------------------------
        1960       16401       16622
        1970       22182       22074
        1980       24480       23752
        1990       31917       29997
        2000       36289       35181
        2010       39518       37935
 
 
GDP per worker (market) in data and model
 
        Year        Data       Model
------------------------------------
        1960       27401       27990
        1970       34898       36825
        1980       34863       38012
        1990       41799       43590
        2000       48584       49442
        2010       52056       52762
 
 
LFP in data and model
 
        Year        Data       Model
------------------------------------
        1960       0.599       0.594
        1970       0.636       0.599
        1980       0.702       0.625
        1990       0.764       0.688
        2000       0.747       0.712
        2010       0.759       0.719
 
 
Market Wage Gap in data and model
 
  Year      WWdata WWmodel      BMdata BMmodel      BWdata BWmodel
------------------------------------------------------------------
  1960       0.555   0.590       0.559   0.560       0.347   0.375
  1970       0.527   0.636       0.627   0.639       0.418   0.484
  1980       0.549   0.723       0.714   0.750       0.513   0.616
  1990       0.613   0.759       0.700   0.801       0.555   0.677
  2000       0.647   0.810       0.694   0.840       0.566   0.718
  2010       0.714   0.848       0.710   0.868       0.604   0.735
 
 
Earnings (market, after tauw) in data and model
 
        Year        Data       Model
------------------------------------
        1960       18383       18306
        1970       24645       24023
        1980       27088       25856
        1990       33953       31732
        2000       39419       37356
        2010       41541       39060
 
 
Earnings (market, after tauw) by Group in data and model
 
  Year      WMdata WMmodel      WWdata WWmodel      BMdata BMmodel      BWdata BWmodel
--------------------------------------------------------------------------------------
  1960       14352   14175        3093    3191         679     669         259     272
  1970       18483   17925        4566    4549        1058    1027         538     523
  1980       18760   18074        6261    5732        1216    1238         852     813
  1990       21402   20016        9738    8849        1503    1591        1310    1276
  2000       23810   21744       12124   11912        1783    1936        1701    1764
  2010       23619   21300       13716   13612        2085    2091        2121    2057
 
 
ConsumptionYoung (total) per young person in data and model (and Utility)
 
        Year        Data       Model     Utility
------------------------------------------------
        1960       29309       26585       35644
        1970       39029       35458       38449
        1980       36000       33058       32778
        1990       42547       39227       37944
        2000       51267       45247       53043
        2010       50723       44863       42667
 
 
EarningsYoung (market) per young person in data and model
 
        Year        Data       Model
------------------------------------
        1960       16290       16501
        1970       21968       21899
        1980       24391       23732
        1990       28486       27561
        2000       31605       28768
        2010       32063       29240
 
 
GDP (mkt) of only Young Cohorts...
 
  Year    Data   Model
----------------------
  1960   14383   14996
  1970   19688   20256
  1980   22127   22233
  1990   26967   26659
  2000   29276   27620
  2010   30455   28508
 
 
Share of growth accounted for by the Full Model:
 
                                      Share
-------------------------------------------
GDP per person                         90.0
GDP per person (mkt)                   93.8
GDP (mkt) per worker                   98.8
Labor Force Participation (LFP)        80.5
Earnings                               93.0
ConsumpYoung (total)                   95.4
EarningsYoung (market)                 84.5
GDPYoung (market)                      85.6
WageGapWW                             144.0
WageGapBM                             184.0
WageGapBW                             121.5
EarningsWM                             81.8
EarningsWW                             97.4
EarningsBM                            101.6
EarningsBW                             96.3
