SolveEqmBasic_Sigma10                 05-Oct-2026 
 
'SolveEqmBasic' is a script from the file /workspace/output/replication/codebase/SolveEqmBasic.m

 SolveEqmBasic.m    

  Takes the TalentData.mat data on Taus, Z's, A(i,t).
  Solves for the equilibrium w(i) and Y

  See 2015-06-02-SolvingGE.pdf notes (old but somewhat useful?)

  Method: For each year,
    1. Guess values for {mgtilde}, Y ==> 5 unknowns
    2. Solve for {wi} from Hi^supply = Hi^demand
    3. Compute mghat, Yhat 
    4. Iterate until converge.


Additional help for built-in functions and operators is
available in the online version of the manual.  Use the command
'doc <topic>' to search the manual index.

Help and information about Octave is also available on the WWW
at https://www.octave.org and via the help@octave.org
mailing list.
 
=============================================================
KEY PARAMETER VALUES:    CaseName = Sigma10
                   theta =  2.0000
                     eta =  0.1030
            theta*(1-eta)=  1.7940
                    dlta =  0.0000
                      mu =  0.5574
                   sigma = 10.0000
           EstimateDelta =  0.0000
           ConstrainTauH = -0.8000
PurgeWageGrowthSelection =     0
      AlphaSplitTauW1960 =  0.5000
   OccupationforWageHome = 23 Secretaries                               
   Alpha0FixedSplit =  0.5000
=============================================================
 
...... 
 
                                         Wages                          H(i,t)                 HYoung
 
                 Data60 Model60Data2010   Model      Data60   ModelData2010   Model      Data60   ModelData2010   Model
-----------------------------------------------------------------------------------------------------------------------
Home               6019    6017    9717    9758       0.814   0.827   0.952   0.925       0.286   0.299   0.232   0.229
Managers           7097    7107   10573   10949       0.393   0.393   0.823   0.588       0.075   0.074   0.135   0.135
MgmtRelated        4797    4795    8212    8215       0.143   0.145   0.463   0.467       0.043   0.046   0.108   0.107
Architects          933     932    1519    1515       0.022   0.023   0.053   0.055       0.006   0.006   0.012   0.013
Engineers          5693    5682    6604    6485       0.096   0.099   0.171   0.207       0.035   0.038   0.043   0.045
Math/CompSci        931     929    5885    5826       0.016   0.016   0.210   0.235       0.007   0.008   0.053   0.054
Science            2399    2394    2829    2796       0.043   0.045   0.109   0.124       0.017   0.019   0.032   0.032
Doctors            3131    3147    4678    4947       0.120   0.116   0.271   0.157       0.024   0.019   0.039   0.037
Nurses             1524    1523    3243    3249       0.112   0.114   0.233   0.232       0.036   0.038   0.061   0.063
Therapists          515     516    2217    2210       0.022   0.022   0.122   0.128       0.008   0.008   0.039   0.040
Professors         1928    1929    2592    2656       0.049   0.049   0.169   0.134       0.012   0.013   0.036   0.036
Teachers           3453    3452    4935    4898       0.169   0.172   0.347   0.379       0.053   0.056   0.102   0.105
Librarians          335     335     551     566       0.042   0.043   0.061   0.047       0.010   0.011   0.012   0.012
Soc.Scientists     1168    1167    2185    2177       0.026   0.027   0.117   0.124       0.009   0.010   0.030   0.030
SocialWork         1633    1634    2240    2203       0.076   0.077   0.163   0.194       0.023   0.024   0.047   0.048
Lawyers            2802    2809    6027    6094       0.063   0.062   0.187   0.170       0.016   0.015   0.040   0.038
Arts/Athletes      3016    3015    4283    4207       0.090   0.091   0.212   0.257       0.033   0.035   0.066   0.061
HealthTechs         879     879    2439    2388       0.077   0.078   0.184   0.230       0.026   0.027   0.054   0.055
Eng.Techs          2892    2882    2709    2633       0.056   0.058   0.117   0.158       0.028   0.031   0.031   0.032
ScienceTechs       1846    1842    1095    1060       0.045   0.047   0.052   0.072       0.020   0.022   0.015   0.015
OtherTechs         1368    1367    6332    6250       0.043   0.044   0.226   0.260       0.014   0.015   0.055   0.055
Sales              6560    6565    8795    8847       0.286   0.288   0.646   0.618       0.080   0.082   0.164   0.149
Secretaries         918     917    1254    1201       0.191   0.197   0.142   0.221       0.068   0.074   0.033   0.033
Info.Clerks         826     825    1284    1235       0.054   0.055   0.139   0.206       0.020   0.022   0.048   0.047
Records            1291    1290    1087    1056       0.068   0.069   0.093   0.126       0.018   0.019   0.027   0.027
FinancialClerk     1393    1392    1411    1372       0.151   0.155   0.173   0.231       0.046   0.050   0.040   0.040
OfficeMachine      1148    1145     325     340       0.061   0.063   0.059   0.038       0.029   0.031   0.007   0.008
ComputerTech        608     607     805     757       0.084   0.087   0.057   0.107       0.031   0.033   0.013   0.013
Mail               1774    1771    1475    1478       0.092   0.094   0.149   0.149       0.024   0.026   0.023   0.023
Clerks             2122    2119    3012    2958       0.106   0.109   0.216   0.263       0.034   0.037   0.061   0.060
Insurance          1292    1289    3081    3008       0.031   0.032   0.235   0.303       0.012   0.013   0.078   0.078
Misc.Admin         3627    3622    2012    1936       0.228   0.234   0.194   0.289       0.074   0.080   0.058   0.057
PrivateHshld        542     543     435     439       0.118   0.118   0.128   0.118       0.024   0.025   0.029   0.029
Firefighting       1376    1371    2783    2752       0.043   0.045   0.074   0.084       0.016   0.018   0.020   0.021
Police             2018    2012    4590    4560       0.061   0.064   0.176   0.191       0.024   0.027   0.045   0.047
Guards              929     929    2087    2058       0.061   0.062   0.117   0.135       0.013   0.014   0.037   0.036
FoodPrep           1250    1251    3334    3193       0.225   0.226   0.169   0.263       0.059   0.060   0.074   0.072
HealthService       532     531    1453    1431       0.108   0.110   0.220   0.259       0.035   0.036   0.072   0.072
Cleaning            765     765    2119    2143       0.121   0.122   0.183   0.165       0.022   0.023   0.036   0.037
PersonalService    1386    1389    1918    1892       0.190   0.188   0.212   0.246       0.054   0.052   0.069   0.065
FarmMgrs           2009    2021    1662    1695       0.245   0.235   0.117   0.097       0.055   0.045   0.022   0.018
FarmWork           1005    1011    1425    1373       0.140   0.132   0.070   0.103       0.052   0.045   0.026   0.025
Agriculture         652     652    2214    2183       0.044   0.045   0.122   0.143       0.014   0.014   0.038   0.037
Forest              613     614     892     885       0.053   0.053   0.052   0.057       0.016   0.015   0.011   0.011
Mechanics          2688    2685    4256    4179       0.112   0.115   0.174   0.211       0.039   0.042   0.042   0.042
Elec.Repairer      2854    2847    3156    3090       0.067   0.070   0.114   0.143       0.031   0.034   0.031   0.031
Misc.Repairer      3304    3301    2490    2463       0.148   0.151   0.116   0.131       0.044   0.047   0.026   0.026
Construction       4466    4466    6764    6619       0.186   0.188   0.283   0.356       0.058   0.060   0.077   0.073
Extractive         1626    1624    2054    1989       0.063   0.065   0.038   0.052       0.022   0.023   0.016   0.015
Supervisor(P)      3428    3427    2316    2318       0.182   0.185   0.156   0.157       0.037   0.040   0.025   0.025
MetalWork          3116    3112    1574    1534       0.123   0.127   0.087   0.114       0.036   0.039   0.016   0.016
WoodWork            624     623     518     504       0.033   0.034   0.031   0.041       0.009   0.010   0.007   0.007
Textiles            711     710     331     329       0.166   0.169   0.040   0.043       0.040   0.043   0.006   0.006
Other              1185    1184    1209    1189       0.052   0.053   0.098   0.117       0.017   0.018   0.037   0.037
Food               1373    1372    1069    1040       0.069   0.071   0.080   0.106       0.020   0.022   0.024   0.024
PlantOperator      2206    2203    1615    1609       0.066   0.068   0.067   0.070       0.018   0.020   0.014   0.014
MetalMach.         1357    1355     885     839       0.075   0.078   0.045   0.077       0.019   0.021   0.012   0.011
MetalProc.          643     642     501     478       0.039   0.040   0.030   0.048       0.011   0.012   0.007   0.007
WoodMach.           537     538    1349    1329       0.036   0.036   0.072   0.084       0.012   0.012   0.018   0.018
TextileMach.       1871    1868     933     894       0.067   0.069   0.064   0.100       0.022   0.024   0.013   0.013
PrintMach.          790     790     665     623       0.132   0.133   0.069   0.134       0.034   0.036   0.017   0.016
OtherMach.         5064    5060    2844    2757       0.334   0.341   0.162   0.224       0.105   0.112   0.042   0.041
Fabricators        2432    2429    2730    2611       0.152   0.156   0.134   0.212       0.046   0.050   0.038   0.036
Prod.Inspectors    1670    1669    1909    1862       0.114   0.116   0.107   0.139       0.031   0.034   0.026   0.026
MotorVehicle       4105    4106    4113    4130       0.191   0.194   0.291   0.283       0.066   0.069   0.058   0.057
OtherVehicle       2479    2478    2591    2547       0.113   0.115   0.086   0.103       0.031   0.033   0.022   0.022
Freight            3222    3221    2879    2786       0.194   0.197   0.161   0.227       0.068   0.070   0.049   0.048
 
 
1960 and 2010 quantities
White Men p(:,WM) for        Young Cohort                          Middle-Aged Cohort                      Old-Aged Cohort
 
                     Data60  Model60 Data2010Model2010      Data60  Model60 Data2010Model2010      Data60  Model60 Data2010Model2010
------------------------------------------------------------------------------------------------------------------------------------
Home                 0.0863   0.0863   0.1505   0.1540      0.0769   0.0769   0.1237   0.1488      0.1108   0.1108   0.1621   0.0993
Managers             0.0771   0.0773   0.0740   0.0805      0.1176   0.1176   0.1180   0.0827      0.1264   0.1264   0.1236   0.0869
MgmtRelated          0.0318   0.0318   0.0398   0.0404      0.0296   0.0296   0.0410   0.0419      0.0233   0.0233   0.0407   0.0362
Architects           0.0008   0.0008   0.0015   0.0015      0.0008   0.0008   0.0017   0.0022      0.0007   0.0007   0.0017   0.0022
Engineers            0.0298   0.0297   0.0185   0.0181      0.0251   0.0251   0.0186   0.0212      0.0154   0.0154   0.0219   0.0273
Math/CompSci         0.0008   0.0008   0.0240   0.0239      0.0004   0.0004   0.0236   0.0229      0.0002   0.0002   0.0175   0.0100
Science              0.0063   0.0063   0.0054   0.0053      0.0047   0.0047   0.0048   0.0059      0.0029   0.0029   0.0042   0.0050
Doctors              0.0083   0.0084   0.0058   0.0066      0.0102   0.0102   0.0095   0.0077      0.0082   0.0082   0.0103   0.0095
Nurses               0.0025   0.0025   0.0044   0.0045      0.0022   0.0022   0.0054   0.0036      0.0026   0.0026   0.0044   0.0031
Therapists           0.0004   0.0004   0.0028   0.0028      0.0003   0.0003   0.0033   0.0026      0.0004   0.0004   0.0023   0.0016
Professors           0.0033   0.0033   0.0070   0.0075      0.0033   0.0033   0.0068   0.0058      0.0026   0.0026   0.0062   0.0039
Teachers             0.0188   0.0187   0.0239   0.0239      0.0110   0.0110   0.0229   0.0196      0.0087   0.0087   0.0171   0.0136
Librarians           0.0002   0.0002   0.0004   0.0004      0.0002   0.0002   0.0006   0.0005      0.0002   0.0002   0.0005   0.0005
Soc.Scientists       0.0013   0.0013   0.0028   0.0028      0.0010   0.0010   0.0031   0.0019      0.0006   0.0006   0.0024   0.0026
SocialWork           0.0073   0.0073   0.0070   0.0068      0.0064   0.0064   0.0068   0.0057      0.0058   0.0058   0.0065   0.0057
Lawyers              0.0052   0.0052   0.0073   0.0076      0.0051   0.0051   0.0098   0.0085      0.0055   0.0055   0.0094   0.0092
Arts/Athletes        0.0127   0.0127   0.0180   0.0176      0.0096   0.0096   0.0162   0.0182      0.0070   0.0070   0.0125   0.0164
HealthTechs          0.0019   0.0019   0.0069   0.0067      0.0014   0.0014   0.0058   0.0054      0.0012   0.0012   0.0044   0.0044
Eng.Techs            0.0149   0.0148   0.0078   0.0075      0.0074   0.0074   0.0080   0.0093      0.0037   0.0037   0.0082   0.0160
ScienceTechs         0.0065   0.0065   0.0013   0.0012      0.0040   0.0040   0.0011   0.0012      0.0022   0.0022   0.0011   0.0022
OtherTechs           0.0033   0.0033   0.0197   0.0195      0.0029   0.0029   0.0200   0.0221      0.0016   0.0016   0.0172   0.0204
Sales                0.0767   0.0768   0.0889   0.0912      0.0748   0.0748   0.0912   0.0938      0.0669   0.0669   0.0896   0.1058
Secretaries          0.0019   0.0019   0.0024   0.0022      0.0013   0.0013   0.0017   0.0017      0.0014   0.0014   0.0016   0.0010
Info.Clerks          0.0016   0.0016   0.0035   0.0033      0.0015   0.0015   0.0020   0.0025      0.0009   0.0009   0.0019   0.0024
Records              0.0024   0.0024   0.0021   0.0020      0.0025   0.0025   0.0014   0.0016      0.0024   0.0024   0.0014   0.0019
FinancialClerk       0.0049   0.0049   0.0030   0.0029      0.0037   0.0037   0.0023   0.0027      0.0037   0.0037   0.0022   0.0030
OfficeMachine        0.0031   0.0031   0.0002   0.0003      0.0010   0.0010   0.0004   0.0007      0.0006   0.0006   0.0007   0.0003
ComputerTech         0.0007   0.0007   0.0010   0.0009      0.0005   0.0005   0.0009   0.0016      0.0004   0.0004   0.0010   0.0049
Mail                 0.0075   0.0074   0.0033   0.0034      0.0114   0.0114   0.0048   0.0039      0.0087   0.0087   0.0066   0.0067
Clerks               0.0144   0.0143   0.0210   0.0205      0.0131   0.0131   0.0171   0.0196      0.0132   0.0132   0.0165   0.0188
Insurance            0.0032   0.0032   0.0155   0.0150      0.0019   0.0019   0.0100   0.0124      0.0013   0.0013   0.0081   0.0052
Misc.Admin           0.0308   0.0307   0.0067   0.0063      0.0251   0.0251   0.0043   0.0052      0.0245   0.0245   0.0039   0.0074
PrivateHshld         0.0010   0.0010   0.0010   0.0010      0.0010   0.0010   0.0012   0.0008      0.0013   0.0013   0.0012   0.0011
Firefighting         0.0048   0.0047   0.0058   0.0058      0.0044   0.0044   0.0065   0.0051      0.0029   0.0029   0.0046   0.0046
Police               0.0103   0.0102   0.0181   0.0182      0.0079   0.0079   0.0226   0.0202      0.0060   0.0060   0.0144   0.0136
Guards               0.0026   0.0026   0.0084   0.0083      0.0036   0.0036   0.0062   0.0053      0.0062   0.0062   0.0059   0.0064
FoodPrep             0.0075   0.0075   0.0440   0.0410      0.0087   0.0087   0.0227   0.0235      0.0109   0.0109   0.0127   0.0184
HealthService        0.0017   0.0017   0.0056   0.0055      0.0014   0.0014   0.0038   0.0029      0.0016   0.0016   0.0034   0.0031
Cleaning             0.0032   0.0032   0.0132   0.0137      0.0053   0.0053   0.0160   0.0111      0.0099   0.0099   0.0207   0.0170
PersonalService      0.0073   0.0073   0.0081   0.0080      0.0055   0.0055   0.0068   0.0062      0.0078   0.0078   0.0059   0.0040
FarmMgrs             0.0331   0.0335   0.0045   0.0047      0.0465   0.0465   0.0054   0.0050      0.0606   0.0606   0.0080   0.0107
FarmWork             0.0152   0.0154   0.0090   0.0084      0.0114   0.0114   0.0066   0.0047      0.0128   0.0128   0.0050   0.0060
Agriculture          0.0018   0.0018   0.0183   0.0180      0.0018   0.0018   0.0157   0.0119      0.0024   0.0024   0.0120   0.0093
Forest               0.0025   0.0026   0.0017   0.0017      0.0025   0.0025   0.0023   0.0024      0.0028   0.0028   0.0022   0.0026
Mechanics            0.0243   0.0242   0.0291   0.0285      0.0221   0.0221   0.0317   0.0366      0.0188   0.0188   0.0350   0.0398
Elec.Repairer        0.0183   0.0182   0.0145   0.0141      0.0118   0.0118   0.0142   0.0153      0.0063   0.0063   0.0121   0.0118
Misc.Repairer        0.0308   0.0307   0.0097   0.0096      0.0339   0.0339   0.0113   0.0103      0.0341   0.0341   0.0136   0.0134
Construction         0.0507   0.0507   0.0910   0.0884      0.0542   0.0542   0.0892   0.0928      0.0512   0.0512   0.0801   0.0978
Extractive           0.0075   0.0075   0.0041   0.0039      0.0071   0.0071   0.0023   0.0012      0.0067   0.0067   0.0020   0.0024
Supervisor(P)        0.0216   0.0216   0.0064   0.0065      0.0343   0.0343   0.0107   0.0124      0.0366   0.0366   0.0121   0.0158
MetalWork            0.0219   0.0218   0.0039   0.0037      0.0253   0.0253   0.0055   0.0075      0.0222   0.0222   0.0071   0.0143
WoodWork             0.0013   0.0013   0.0007   0.0007      0.0016   0.0016   0.0008   0.0013      0.0015   0.0015   0.0010   0.0015
Textiles             0.0021   0.0021   0.0004   0.0004      0.0025   0.0025   0.0006   0.0007      0.0026   0.0026   0.0007   0.0012
Other                0.0035   0.0035   0.0027   0.0027      0.0034   0.0034   0.0020   0.0022      0.0028   0.0028   0.0018   0.0031
Food                 0.0060   0.0060   0.0038   0.0036      0.0056   0.0056   0.0030   0.0033      0.0069   0.0069   0.0029   0.0042
PlantOperator        0.0068   0.0068   0.0024   0.0024      0.0080   0.0080   0.0031   0.0024      0.0081   0.0081   0.0042   0.0047
MetalMach.           0.0049   0.0049   0.0017   0.0016      0.0062   0.0062   0.0017   0.0025      0.0067   0.0067   0.0019   0.0040
MetalProc.           0.0014   0.0014   0.0005   0.0005      0.0016   0.0016   0.0006   0.0014      0.0016   0.0016   0.0006   0.0017
WoodMach.            0.0016   0.0016   0.0041   0.0041      0.0014   0.0014   0.0042   0.0075      0.0016   0.0016   0.0046   0.0018
TextileMach.         0.0074   0.0074   0.0019   0.0017      0.0062   0.0062   0.0023   0.0035      0.0069   0.0069   0.0027   0.0062
PrintMach.           0.0032   0.0032   0.0016   0.0015      0.0035   0.0035   0.0016   0.0027      0.0037   0.0037   0.0014   0.0036
OtherMach.           0.0872   0.0870   0.0176   0.0168      0.0800   0.0800   0.0172   0.0188      0.0779   0.0779   0.0156   0.0249
Fabricators          0.0177   0.0177   0.0158   0.0146      0.0189   0.0189   0.0152   0.0178      0.0158   0.0158   0.0130   0.0232
Prod.Inspectors      0.0073   0.0073   0.0053   0.0051      0.0070   0.0070   0.0050   0.0056      0.0069   0.0069   0.0055   0.0065
MotorVehicle         0.0567   0.0568   0.0356   0.0364      0.0518   0.0518   0.0472   0.0451      0.0462   0.0462   0.0514   0.0490
OtherVehicle         0.0146   0.0145   0.0081   0.0079      0.0179   0.0179   0.0087   0.0079      0.0168   0.0168   0.0091   0.0098
Freight              0.0456   0.0456   0.0249   0.0236      0.0386   0.0386   0.0192   0.0190      0.0390   0.0390   0.0179   0.0288
 
 
1960 and 2010 quantities
White women p(:,WW) for      Young Cohort                          Middle-Aged Cohort                      Old-Aged Cohort
 
                     Data60  Model60 Data2010Model2010      Data60  Model60 Data2010Model2010      Data60  Model60 Data2010Model2010
------------------------------------------------------------------------------------------------------------------------------------
Home                 0.7388   0.7389   0.3087   0.3144      0.6698   0.6698   0.3235   0.3448      0.6238   0.6238   0.3149   0.3411
Managers             0.0068   0.0068   0.0587   0.0636      0.0145   0.0145   0.0722   0.0618      0.0217   0.0217   0.0727   0.0632
MgmtRelated          0.0033   0.0033   0.0467   0.0472      0.0046   0.0046   0.0509   0.0562      0.0058   0.0058   0.0525   0.0476
Architects           0.0000   0.0000   0.0008   0.0008      0.0000   0.0000   0.0005   0.0008      0.0000   0.0000   0.0004   0.0006
Engineers            0.0002   0.0002   0.0032   0.0031      0.0001   0.0001   0.0024   0.0032      0.0002   0.0002   0.0024   0.0038
Math/CompSci         0.0001   0.0001   0.0075   0.0074      0.0002   0.0002   0.0083   0.0094      0.0001   0.0001   0.0089   0.0060
Science              0.0003   0.0003   0.0046   0.0045      0.0003   0.0003   0.0029   0.0036      0.0002   0.0002   0.0021   0.0025
Doctors              0.0003   0.0003   0.0059   0.0067      0.0004   0.0004   0.0061   0.0047      0.0005   0.0005   0.0044   0.0037
Nurses               0.0109   0.0109   0.0328   0.0332      0.0107   0.0107   0.0322   0.0237      0.0118   0.0118   0.0346   0.0272
Therapists           0.0004   0.0004   0.0122   0.0122      0.0003   0.0003   0.0099   0.0090      0.0002   0.0002   0.0073   0.0057
Professors           0.0004   0.0004   0.0069   0.0073      0.0006   0.0006   0.0067   0.0056      0.0008   0.0008   0.0060   0.0032
Teachers             0.0167   0.0167   0.0772   0.0768      0.0171   0.0171   0.0731   0.0602      0.0310   0.0310   0.0637   0.0385
Librarians           0.0008   0.0008   0.0013   0.0014      0.0011   0.0011   0.0017   0.0012      0.0019   0.0019   0.0020   0.0012
Soc.Scientists       0.0003   0.0003   0.0051   0.0051      0.0003   0.0003   0.0043   0.0027      0.0003   0.0003   0.0031   0.0033
SocialWork           0.0015   0.0015   0.0119   0.0116      0.0017   0.0017   0.0103   0.0095      0.0025   0.0025   0.0089   0.0066
Lawyers              0.0001   0.0001   0.0062   0.0064      0.0001   0.0001   0.0058   0.0057      0.0001   0.0001   0.0043   0.0048
Arts/Athletes        0.0039   0.0039   0.0155   0.0151      0.0028   0.0028   0.0113   0.0151      0.0031   0.0031   0.0104   0.0142
HealthTechs          0.0035   0.0035   0.0178   0.0172      0.0037   0.0037   0.0170   0.0139      0.0055   0.0055   0.0160   0.0175
Eng.Techs            0.0005   0.0005   0.0024   0.0022      0.0006   0.0006   0.0017   0.0024      0.0003   0.0003   0.0021   0.0034
ScienceTechs         0.0006   0.0006   0.0007   0.0007      0.0006   0.0006   0.0005   0.0006      0.0003   0.0003   0.0006   0.0010
OtherTechs           0.0002   0.0002   0.0085   0.0084      0.0003   0.0003   0.0096   0.0115      0.0003   0.0003   0.0103   0.0115
Sales                0.0197   0.0197   0.0700   0.0715      0.0355   0.0355   0.0650   0.0710      0.0447   0.0447   0.0655   0.0728
Secretaries          0.0414   0.0413   0.0296   0.0275      0.0384   0.0384   0.0366   0.0341      0.0341   0.0341   0.0481   0.0541
Info.Clerks          0.0027   0.0027   0.0154   0.0144      0.0023   0.0023   0.0114   0.0140      0.0020   0.0020   0.0118   0.0137
Records              0.0019   0.0019   0.0050   0.0048      0.0025   0.0025   0.0051   0.0041      0.0028   0.0028   0.0063   0.0060
FinancialClerk       0.0149   0.0148   0.0145   0.0138      0.0178   0.0178   0.0197   0.0213      0.0176   0.0176   0.0237   0.0256
OfficeMachine        0.0049   0.0049   0.0003   0.0004      0.0039   0.0039   0.0004   0.0007      0.0032   0.0032   0.0006   0.0003
ComputerTech         0.0069   0.0068   0.0010   0.0009      0.0054   0.0054   0.0012   0.0021      0.0069   0.0069   0.0014   0.0076
Mail                 0.0003   0.0003   0.0012   0.0013      0.0007   0.0007   0.0024   0.0022      0.0007   0.0007   0.0040   0.0044
Clerks               0.0012   0.0012   0.0107   0.0105      0.0017   0.0017   0.0118   0.0120      0.0018   0.0018   0.0131   0.0129
Insurance            0.0001   0.0001   0.0275   0.0264      0.0002   0.0002   0.0226   0.0276      0.0002   0.0002   0.0219   0.0137
Misc.Admin           0.0296   0.0295   0.0220   0.0206      0.0337   0.0337   0.0198   0.0219      0.0350   0.0350   0.0232   0.0354
PrivateHshld         0.0022   0.0022   0.0076   0.0078      0.0042   0.0042   0.0108   0.0057      0.0080   0.0080   0.0105   0.0047
Firefighting         0.0000   0.0000   0.0003   0.0003      0.0000   0.0000   0.0003   0.0002      0.0000   0.0000   0.0002   0.0002
Police               0.0002   0.0002   0.0038   0.0038      0.0002   0.0002   0.0042   0.0035      0.0002   0.0002   0.0031   0.0022
Guards               0.0000   0.0000   0.0022   0.0021      0.0001   0.0001   0.0018   0.0015      0.0001   0.0001   0.0022   0.0016
FoodPrep             0.0163   0.0163   0.0416   0.0386      0.0229   0.0229   0.0266   0.0260      0.0244   0.0244   0.0242   0.0274
HealthService        0.0044   0.0044   0.0353   0.0346      0.0051   0.0051   0.0290   0.0217      0.0069   0.0069   0.0276   0.0174
Cleaning             0.0003   0.0003   0.0044   0.0045      0.0010   0.0010   0.0066   0.0034      0.0014   0.0014   0.0083   0.0049
PersonalService      0.0076   0.0077   0.0299   0.0294      0.0120   0.0120   0.0248   0.0281      0.0143   0.0143   0.0211   0.0211
FarmMgrs             0.0005   0.0005   0.0006   0.0006      0.0010   0.0010   0.0008   0.0006      0.0020   0.0020   0.0014   0.0014
FarmWork             0.0022   0.0022   0.0021   0.0020      0.0032   0.0032   0.0018   0.0013      0.0038   0.0038   0.0014   0.0013
Agriculture          0.0001   0.0001   0.0030   0.0030      0.0003   0.0003   0.0026   0.0019      0.0003   0.0003   0.0025   0.0020
Forest               0.0000   0.0000   0.0001   0.0001      0.0001   0.0001   0.0002   0.0001      0.0000   0.0000   0.0002   0.0001
Mechanics            0.0001   0.0001   0.0008   0.0008      0.0001   0.0001   0.0008   0.0011      0.0000   0.0000   0.0008   0.0010
Elec.Repairer        0.0002   0.0002   0.0008   0.0007      0.0001   0.0001   0.0008   0.0010      0.0001   0.0001   0.0009   0.0009
Misc.Repairer        0.0002   0.0002   0.0005   0.0005      0.0003   0.0003   0.0005   0.0006      0.0004   0.0004   0.0007   0.0009
Construction         0.0002   0.0002   0.0017   0.0016      0.0002   0.0002   0.0021   0.0024      0.0003   0.0003   0.0023   0.0025
Extractive           0.0000   0.0000   0.0001   0.0001      0.0000   0.0000   0.0001   0.0000      0.0000   0.0000   0.0001   0.0000
Supervisor(P)        0.0012   0.0012   0.0013   0.0013      0.0021   0.0021   0.0019   0.0027      0.0027   0.0027   0.0024   0.0030
MetalWork            0.0002   0.0002   0.0001   0.0001      0.0005   0.0005   0.0003   0.0004      0.0002   0.0002   0.0003   0.0007
WoodWork             0.0000   0.0000   0.0001   0.0001      0.0000   0.0000   0.0001   0.0001      0.0000   0.0000   0.0001   0.0002
Textiles             0.0085   0.0085   0.0003   0.0003      0.0121   0.0121   0.0004   0.0004      0.0160   0.0160   0.0007   0.0010
Other                0.0004   0.0004   0.0079   0.0077      0.0004   0.0004   0.0052   0.0049      0.0004   0.0004   0.0046   0.0018
Food                 0.0002   0.0002   0.0020   0.0019      0.0005   0.0005   0.0021   0.0017      0.0004   0.0004   0.0022   0.0016
PlantOperator        0.0001   0.0001   0.0001   0.0001      0.0001   0.0001   0.0002   0.0001      0.0001   0.0001   0.0002   0.0003
MetalMach.           0.0002   0.0002   0.0003   0.0002      0.0003   0.0003   0.0004   0.0006      0.0003   0.0003   0.0004   0.0008
MetalProc.           0.0000   0.0000   0.0001   0.0001      0.0000   0.0000   0.0001   0.0002      0.0000   0.0000   0.0002   0.0003
WoodMach.            0.0000   0.0000   0.0006   0.0006      0.0000   0.0000   0.0009   0.0020      0.0001   0.0001   0.0012   0.0003
TextileMach.         0.0003   0.0003   0.0004   0.0004      0.0004   0.0004   0.0006   0.0010      0.0004   0.0004   0.0007   0.0025
PrintMach.           0.0037   0.0037   0.0019   0.0017      0.0060   0.0060   0.0025   0.0035      0.0080   0.0080   0.0029   0.0083
OtherMach.           0.0261   0.0260   0.0045   0.0043      0.0375   0.0375   0.0059   0.0069      0.0345   0.0345   0.0066   0.0086
Fabricators          0.0054   0.0054   0.0032   0.0030      0.0082   0.0082   0.0042   0.0061      0.0062   0.0062   0.0051   0.0093
Prod.Inspectors      0.0041   0.0041   0.0023   0.0022      0.0068   0.0068   0.0027   0.0035      0.0066   0.0066   0.0034   0.0045
MotorVehicle         0.0004   0.0004   0.0030   0.0031      0.0007   0.0007   0.0053   0.0046      0.0005   0.0005   0.0073   0.0048
OtherVehicle         0.0001   0.0001   0.0002   0.0002      0.0002   0.0002   0.0002   0.0002      0.0002   0.0002   0.0002   0.0003
Freight              0.0014   0.0014   0.0052   0.0050      0.0016   0.0016   0.0064   0.0053      0.0018   0.0018   0.0067   0.0090
 
 
1980 and 2010 quantities (the 1960 ones fit by construction)
White Women p(:,WW) for      Young Cohort                          Middle-Aged Cohort                      Old-Aged Cohort
 
                     Data80  Model80 Data2010Model2010      Data80  Model80 Data2010Model2010      Data80  Model80 Data2010Model2010
------------------------------------------------------------------------------------------------------------------------------------
Home                 0.4606   0.4557   0.3087   0.3144      0.4763   0.6541   0.3235   0.3448      0.5097   0.7389   0.3149   0.3411
Managers             0.0341   0.0372   0.0587   0.0636      0.0377   0.0163   0.0722   0.0618      0.0356   0.0068   0.0727   0.0632
MgmtRelated          0.0264   0.0277   0.0467   0.0472      0.0221   0.0039   0.0509   0.0562      0.0200   0.0033   0.0525   0.0476
Architects           0.0003   0.0003   0.0008   0.0008      0.0001   0.0001   0.0005   0.0008      0.0001   0.0000   0.0004   0.0006
Engineers            0.0014   0.0014   0.0032   0.0031      0.0008   0.0002   0.0024   0.0032      0.0006   0.0002   0.0024   0.0038
Math/CompSci         0.0023   0.0023   0.0075   0.0074      0.0012   0.0008   0.0083   0.0094      0.0007   0.0001   0.0089   0.0060
Science              0.0015   0.0015   0.0046   0.0045      0.0008   0.0006   0.0029   0.0036      0.0005   0.0003   0.0021   0.0025
Doctors              0.0016   0.0017   0.0059   0.0067      0.0009   0.0006   0.0061   0.0047      0.0007   0.0003   0.0044   0.0037
Nurses               0.0226   0.0224   0.0328   0.0332      0.0183   0.0123   0.0322   0.0237      0.0169   0.0109   0.0346   0.0272
Therapists           0.0039   0.0037   0.0122   0.0122      0.0015   0.0009   0.0099   0.0090      0.0009   0.0004   0.0073   0.0057
Professors           0.0033   0.0036   0.0069   0.0073      0.0037   0.0024   0.0067   0.0056      0.0025   0.0004   0.0060   0.0032
Teachers             0.0512   0.0511   0.0772   0.0768      0.0432   0.0324   0.0731   0.0602      0.0318   0.0167   0.0637   0.0385
Librarians           0.0022   0.0022   0.0013   0.0014      0.0022   0.0012   0.0017   0.0012      0.0025   0.0008   0.0020   0.0012
Soc.Scientists       0.0020   0.0021   0.0051   0.0051      0.0013   0.0007   0.0043   0.0027      0.0008   0.0003   0.0031   0.0033
SocialWork           0.0064   0.0064   0.0119   0.0116      0.0045   0.0030   0.0103   0.0095      0.0037   0.0015   0.0089   0.0066
Lawyers              0.0024   0.0025   0.0062   0.0064      0.0009   0.0003   0.0058   0.0057      0.0005   0.0001   0.0043   0.0048
Arts/Athletes        0.0089   0.0089   0.0155   0.0151      0.0058   0.0035   0.0113   0.0151      0.0043   0.0039   0.0104   0.0142
HealthTechs          0.0143   0.0142   0.0178   0.0172      0.0094   0.0054   0.0170   0.0139      0.0073   0.0035   0.0160   0.0175
Eng.Techs            0.0028   0.0027   0.0024   0.0022      0.0019   0.0010   0.0017   0.0024      0.0015   0.0005   0.0021   0.0034
ScienceTechs         0.0009   0.0009   0.0007   0.0007      0.0005   0.0003   0.0005   0.0006      0.0006   0.0006   0.0006   0.0010
OtherTechs           0.0063   0.0066   0.0085   0.0084      0.0034   0.0014   0.0096   0.0115      0.0021   0.0002   0.0103   0.0115
Sales                0.0431   0.0448   0.0700   0.0715      0.0488   0.0232   0.0650   0.0710      0.0511   0.0197   0.0655   0.0728
Secretaries          0.0674   0.0665   0.0296   0.0275      0.0660   0.0580   0.0366   0.0341      0.0571   0.0413   0.0481   0.0541
Info.Clerks          0.0091   0.0094   0.0154   0.0144      0.0084   0.0051   0.0114   0.0140      0.0078   0.0027   0.0118   0.0137
Records              0.0086   0.0084   0.0050   0.0048      0.0075   0.0044   0.0051   0.0041      0.0078   0.0019   0.0063   0.0060
FinancialClerk       0.0265   0.0266   0.0145   0.0138      0.0284   0.0208   0.0197   0.0213      0.0303   0.0148   0.0237   0.0256
OfficeMachine        0.0004   0.0003   0.0003   0.0004      0.0004   0.0006   0.0004   0.0007      0.0004   0.0049   0.0006   0.0003
ComputerTech         0.0078   0.0079   0.0010   0.0009      0.0066   0.0043   0.0012   0.0021      0.0073   0.0068   0.0014   0.0076
Mail                 0.0022   0.0022   0.0012   0.0013      0.0022   0.0009   0.0024   0.0022      0.0023   0.0003   0.0040   0.0044
Clerks               0.0085   0.0087   0.0107   0.0105      0.0078   0.0027   0.0118   0.0120      0.0072   0.0012   0.0131   0.0129
Insurance            0.0060   0.0060   0.0275   0.0264      0.0041   0.0022   0.0226   0.0276      0.0031   0.0001   0.0219   0.0137
Misc.Admin           0.0336   0.0330   0.0220   0.0206      0.0330   0.0303   0.0198   0.0219      0.0317   0.0295   0.0232   0.0354
PrivateHshld         0.0034   0.0034   0.0076   0.0078      0.0051   0.0038   0.0108   0.0057      0.0064   0.0022   0.0105   0.0047
Firefighting         0.0001   0.0001   0.0003   0.0003      0.0000   0.0000   0.0003   0.0002      0.0000   0.0000   0.0002   0.0002
Police               0.0009   0.0009   0.0038   0.0038      0.0006   0.0003   0.0042   0.0035      0.0005   0.0002   0.0031   0.0022
Guards               0.0009   0.0010   0.0022   0.0021      0.0009   0.0002   0.0018   0.0015      0.0010   0.0000   0.0022   0.0016
FoodPrep             0.0206   0.0206   0.0416   0.0386      0.0240   0.0156   0.0266   0.0260      0.0262   0.0163   0.0242   0.0274
HealthService        0.0144   0.0147   0.0353   0.0346      0.0141   0.0076   0.0290   0.0217      0.0143   0.0044   0.0276   0.0174
Cleaning             0.0027   0.0029   0.0044   0.0045      0.0039   0.0007   0.0066   0.0034      0.0049   0.0003   0.0083   0.0049
PersonalService      0.0179   0.0182   0.0299   0.0294      0.0161   0.0156   0.0248   0.0281      0.0108   0.0077   0.0211   0.0211
FarmMgrs             0.0011   0.0012   0.0006   0.0006      0.0019   0.0007   0.0008   0.0006      0.0023   0.0005   0.0014   0.0014
FarmWork             0.0017   0.0017   0.0021   0.0020      0.0021   0.0012   0.0018   0.0013      0.0021   0.0022   0.0014   0.0013
Agriculture          0.0010   0.0010   0.0030   0.0030      0.0007   0.0003   0.0026   0.0019      0.0006   0.0001   0.0025   0.0020
Forest               0.0001   0.0001   0.0001   0.0001      0.0001   0.0000   0.0002   0.0001      0.0001   0.0000   0.0002   0.0001
Mechanics            0.0006   0.0006   0.0008   0.0008      0.0005   0.0004   0.0008   0.0011      0.0004   0.0001   0.0008   0.0010
Elec.Repairer        0.0010   0.0010   0.0008   0.0007      0.0007   0.0003   0.0008   0.0010      0.0006   0.0002   0.0009   0.0009
Misc.Repairer        0.0007   0.0006   0.0005   0.0005      0.0006   0.0006   0.0005   0.0006      0.0007   0.0002   0.0007   0.0009
Construction         0.0016   0.0016   0.0017   0.0016      0.0013   0.0008   0.0021   0.0024      0.0010   0.0002   0.0023   0.0025
Extractive           0.0001   0.0001   0.0001   0.0001      0.0001   0.0000   0.0001   0.0000      0.0000   0.0000   0.0001   0.0000
Supervisor(P)        0.0036   0.0039   0.0013   0.0013      0.0053   0.0016   0.0019   0.0027      0.0051   0.0012   0.0024   0.0030
MetalWork            0.0006   0.0006   0.0001   0.0001      0.0007   0.0004   0.0003   0.0004      0.0005   0.0002   0.0003   0.0007
WoodWork             0.0002   0.0002   0.0001   0.0001      0.0002   0.0001   0.0001   0.0001      0.0002   0.0000   0.0001   0.0002
Textiles             0.0011   0.0010   0.0003   0.0003      0.0017   0.0008   0.0004   0.0004      0.0021   0.0085   0.0007   0.0010
Other                0.0011   0.0011   0.0079   0.0077      0.0011   0.0004   0.0052   0.0049      0.0011   0.0004   0.0046   0.0018
Food                 0.0009   0.0009   0.0020   0.0019      0.0012   0.0005   0.0021   0.0017      0.0011   0.0002   0.0022   0.0016
PlantOperator        0.0002   0.0002   0.0001   0.0001      0.0002   0.0000   0.0002   0.0001      0.0001   0.0001   0.0002   0.0003
MetalMach.           0.0018   0.0018   0.0003   0.0002      0.0021   0.0017   0.0004   0.0006      0.0021   0.0002   0.0004   0.0008
MetalProc.           0.0007   0.0007   0.0001   0.0001      0.0008   0.0002   0.0001   0.0002      0.0008   0.0000   0.0002   0.0003
WoodMach.            0.0003   0.0003   0.0006   0.0006      0.0003   0.0001   0.0009   0.0020      0.0003   0.0000   0.0012   0.0003
TextileMach.         0.0017   0.0017   0.0004   0.0004      0.0015   0.0007   0.0006   0.0010      0.0013   0.0003   0.0007   0.0025
PrintMach.           0.0117   0.0117   0.0019   0.0017      0.0156   0.0170   0.0025   0.0035      0.0172   0.0037   0.0029   0.0083
OtherMach.           0.0105   0.0098   0.0045   0.0043      0.0125   0.0179   0.0059   0.0069      0.0122   0.0260   0.0066   0.0086
Fabricators          0.0108   0.0107   0.0032   0.0030      0.0128   0.0073   0.0042   0.0061      0.0126   0.0054   0.0051   0.0093
Prod.Inspectors      0.0048   0.0049   0.0023   0.0022      0.0064   0.0049   0.0027   0.0035      0.0078   0.0041   0.0034   0.0045
MotorVehicle         0.0034   0.0034   0.0030   0.0031      0.0046   0.0011   0.0053   0.0046      0.0032   0.0004   0.0073   0.0048
OtherVehicle         0.0007   0.0007   0.0002   0.0002      0.0007   0.0002   0.0002   0.0002      0.0007   0.0001   0.0002   0.0003
Freight              0.0086   0.0083   0.0052   0.0050      0.0100   0.0030   0.0064   0.0053      0.0103   0.0014   0.0067   0.0090
 
 
====================================================================== 
    PRODUCTION: w*H in data and model for various groups/cohorts
====================================================================== 
 
 
 
/// 1960 ///          Young                       Middle                      Old
 
               Data   Model       %        Data   Model       %        Data   Model       %
-------------------------------------------------------------------------------------------
White Men      4680    4862   103.9        5988    5989   100.0        5124    5126   100.0
White Women    2160    2251   104.2        2627    2627   100.0        2336    2336   100.0
Black Men       314     326   103.7         345     345   100.0         269     269   100.0
Black Women     232     264   113.7         212     212   100.0         136     136   100.0
 
Total income for the year:    Data = 24424  Model = 24742
 
 
/// 1970 ///          Young                       Middle                      Old
 
               Data   Model       %        Data   Model       %        Data   Model       %
-------------------------------------------------------------------------------------------
White Men      6175    6381   103.3        7009    7180   102.4        7165    7186   100.3
White Women    3139    3186   101.5        3153    3071    97.4        3304    3301    99.9
Black Men       488     500   102.4         471     465    98.7         403     403    99.8
Black Women     411     429   104.4         346     371   107.3         249     248    99.8
 
Total income for the year:    Data = 32312  Model = 32721
 
 
/// 1980 ///          Young                       Middle                      Old
 
               Data   Model       %        Data   Model       %        Data   Model       %
-------------------------------------------------------------------------------------------
White Men      7406    7491   101.1        6856    7222   105.3        6297    6799   108.0
White Women    4511    4604   102.1        3444    3294    95.7        2938    2743    93.4
Black Men       640     636    99.4         529     555   104.8         420     421   100.4
Black Women     594     598   100.6         433     450   104.0         301     320   106.2
 
Total income for the year:    Data = 34368  Model = 35133
 
 
/// 1990 ///          Young                       Middle                      Old
 
               Data   Model       %        Data   Model       %        Data   Model       %
-------------------------------------------------------------------------------------------
White Men      7301    7283    99.8        9117    9007    98.8        6995    7347   105.0
White Women    5383    5482   101.8        5538    5495    99.2        3655    3349    91.6
Black Men       670     676   100.9         737     775   105.1         539     568   105.4
Black Women     690     709   102.7         722     724   100.4         447     462   103.3
 
Total income for the year:    Data = 41793  Model = 41878
 
 
/// 2000 ///          Young                       Middle                      Old
 
               Data   Model       %        Data   Model       %        Data   Model       %
-------------------------------------------------------------------------------------------
White Men      6260    6072    97.0       11126   10649    95.7       10786   10401    96.4
White Women    4975    4963    99.8        7792    8703   111.7        6683    7242   108.4
Black Men       723     718    99.3        1074    1113   103.6         901     944   104.8
Black Women     781     791   101.4        1100    1202   109.3         897     943   105.2
 
Total income for the year:    Data = 53097  Model = 53742
 
 
/// 2010 ///          Young                       Middle                      Old
 
               Data   Model       %        Data   Model       %        Data   Model       %
-------------------------------------------------------------------------------------------
White Men      6122    5910    96.5        9067    8568    94.5       11987   11498    95.9
White Women    5114    5080    99.3        6673    7128   106.8        8452    9695   114.7
Black Men       727     714    98.2         995     987    99.2        1125    1186   105.4
Black Women     812     811   100.0        1064    1124   105.7        1177    1302   110.6
 
Total income for the year:    Data = 53316  Model = 54004
 
 
==================================================================================== 
    EARNINGS (Market): (1-tauw)*w*H in data and model for various groups/cohorts
==================================================================================== 
 
 
 
/// 1960 ///          Young                       Middle                      Old
 
               Data   Model       %        Data   Model       %        Data   Model       %
-------------------------------------------------------------------------------------------
White Men      4282    4451   104.0        5534    5535   100.0        4537    4538   100.0
White Women     827     874   105.7        1129    1129   100.0        1136    1136   100.0
Black Men       231     239   103.8         255     255   100.0         194     194   100.0
Black Women      92      99   107.0         100     100   100.0          67      67   100.1
 
Market income for the year:   Data = 18383  Model = 18617
 
 
/// 1970 ///          Young                       Middle                      Old
 
               Data   Model       %        Data   Model       %        Data   Model       %
-------------------------------------------------------------------------------------------
White Men      5610    5808   103.5        6467    6616   102.3        6406    6431   100.4
White Women    1381    1433   103.7        1471    1331    90.5        1713    1712    99.9
Black Men       375     384   102.4         369     384   104.0         314     314    99.8
Black Women     210     216   102.9         186     178    95.7         142     142   100.1
 
Market income for the year:   Data = 24645  Model = 24948
 
 
/// 1980 ///          Young                       Middle                      Old
 
               Data   Model       %        Data   Model       %        Data   Model       %
-------------------------------------------------------------------------------------------
White Men      6816    6911   101.4        6360    6593   103.7        5584    6281   112.5
White Women    2701    2794   103.4        1914    1697    88.7        1646    1353    82.2
Black Men       503     499    99.4         402     461   114.8         311     375   120.4
Black Women     391     399   101.9         272     288   106.0         188     185    98.2
 
Market income for the year:   Data = 27088  Model = 27837
 
 
/// 1990 ///          Young                       Middle                      Old
 
               Data   Model       %        Data   Model       %        Data   Model       %
-------------------------------------------------------------------------------------------
White Men      6709    6712   100.0        8458    8319    98.4        6235    6710   107.6
White Women    3593    3687   102.6        3737    3761   100.6        2408    1940    80.6
Black Men       530     537   101.1         579     638   110.2         394     500   127.0
Black Women     484     499   103.2         521     524   100.6         305     321   105.2
 
Market income for the year:   Data = 33953  Model = 34149
 
 
/// 2000 ///          Young                       Middle                      Old
 
               Data   Model       %        Data   Model       %        Data   Model       %
-------------------------------------------------------------------------------------------
White Men      5442    5270    96.8        9497    9417    99.2        8871    9233   104.1
White Women    3176    3160    99.5        4636    5761   124.3        4312    4760   110.4
Black Men       508     499    98.4         709     815   114.9         566     726   128.3
Black Women     504     503    99.8         671     807   120.3         527     648   122.9
 
Market income for the year:   Data = 39419  Model = 41599
 
 
/// 2010 ///          Young                       Middle                      Old
 
               Data   Model       %        Data   Model       %        Data   Model       %
-------------------------------------------------------------------------------------------
White Men      5320    5127    96.4        8212    7585    92.4       10088   10325   102.3
White Women    3605    3589    99.6        4517    4988   110.4        5594    7005   125.2
Black Men       521     509    97.6         772     734    95.0         792     929   117.2
Black Women     568     565    99.3         766     789   103.0         787     961   122.2
 
Market income for the year:   Data = 41541  Model = 43104
Production GDP = Total Labor Income (pre-tax) has been confirmed to the nearest dime per person :-).
 
 
GDP per person in data and model
 
        Year        Data       Model    ExitFlag
------------------------------------------------
        1960       24424       24742           1
        1970       32312       32721           1
        1980       34368       35133           1
        1990       41793       41878           1
        2000       53097       53742           1
        2010       53316       54004           1
 
 
GDP (mkt) per person in data and model
 
        Year        Data       Model
------------------------------------
        1960       19045       19280
        1970       25502       25452
        1980       27934       27776
        1990       35381       34438
        2000       41023       42150
        2010       43143       44076
 
 
GDP per worker (market) in data and model
 
        Year        Data       Model
------------------------------------
        1960       31819       32205
        1970       40122       41515
        1980       39783       42801
        1990       46336       48287
        2000       54922       56815
        2010       56831       58575
 
 
LFP in data and model
 
        Year        Data       Model
------------------------------------
        1960       0.599       0.599
        1970       0.636       0.613
        1980       0.702       0.649
        1990       0.764       0.713
        2000       0.747       0.742
        2010       0.759       0.752
 
 
Market Wage Gap in data and model
 
  Year      WWdata WWmodel      BMdata BMmodel      BWdata BWmodel
------------------------------------------------------------------
  1960       0.555   0.557       0.559   0.560       0.347   0.350
  1970       0.527   0.568       0.627   0.633       0.418   0.449
  1980       0.549   0.627       0.714   0.722       0.513   0.564
  1990       0.613   0.705       0.700   0.752       0.555   0.621
  2000       0.647   0.809       0.694   0.769       0.566   0.687
  2010       0.714   0.868       0.710   0.794       0.604   0.734
 
 
Earnings (market, after tauw) in data and model
 
        Year        Data       Model
------------------------------------
        1960       18383       18617
        1970       24645       24948
        1980       27088       27837
        1990       33953       34149
        2000       39419       41599
        2010       41541       43104
 
 
Earnings (market, after tauw) by Group in data and model
 
  Year      WMdata WMmodel      WWdata WWmodel      BMdata BMmodel      BWdata BWmodel
--------------------------------------------------------------------------------------
  1960       14352   14524        3093    3139         679     688         259     266
  1970       18483   18855        4566    4475        1058    1082         538     536
  1980       18760   19785        6261    5844        1216    1336         852     872
  1990       21402   21741        9738    9389        1503    1674        1310    1344
  2000       23810   23920       12124   13682        1783    2041        1701    1957
  2010       23619   23036       13716   15582        2085    2171        2121    2315
 
 
ConsumptionYoung (total) per young person in data and model (and Utility)
 
        Year        Data       Model     Utility
------------------------------------------------
        1960       26528       27676       22300
        1970       36221       37263       24776
        1980       34782       35220       20800
        1990       41667       41898       24551
        2000       50102       49262       37624
        2010       49974       48966       30482
 
 
EarningsYoung (market) per young person in data and model
 
        Year        Data       Model
------------------------------------
        1960       16290       16986
        1970       21968       22732
        1980       24391       24842
        1990       28486       28785
        2000       31605       30957
        2010       32063       31343
 
 
GDP (mkt) of only Young Cohorts...
 
  Year    Data   Model
----------------------
  1960   16571   17268
  1970   22558   23274
  1980   25335   25752
  1990   30043   30333
  2000   33163   32602
  2010   32975   32259
 
 
Share of growth accounted for by the Full Model:
 
                                      Share
-------------------------------------------
GDP per person                        100.0
GDP per person (mkt)                  101.1
GDP (mkt) per worker                  103.1
Labor Force Participation (LFP)        96.2
Earnings                              103.0
ConsumpYoung (total)                   90.1
EarningsYoung (market)                 90.5
GDPYoung (market)                      90.8
WageGapWW                             176.6
WageGapBM                             146.2
WageGapBW                             133.6
EarningsWM                             92.6
EarningsWW                            107.6
EarningsBM                            102.4
EarningsBW                            103.0
