SolveEqmBasic_Eta20                 05-Oct-2026 
 
'SolveEqmBasic' is a script from the file /workspace/output/replication/codebase/SolveEqmBasic.m

 SolveEqmBasic.m    

  Takes the TalentData.mat data on Taus, Z's, A(i,t).
  Solves for the equilibrium w(i) and Y

  See 2015-06-02-SolvingGE.pdf notes (old but somewhat useful?)

  Method: For each year,
    1. Guess values for {mgtilde}, Y ==> 5 unknowns
    2. Solve for {wi} from Hi^supply = Hi^demand
    3. Compute mghat, Yhat 
    4. Iterate until converge.


Additional help for built-in functions and operators is
available in the online version of the manual.  Use the command
'doc <topic>' to search the manual index.

Help and information about Octave is also available on the WWW
at https://www.octave.org and via the help@octave.org
mailing list.
 
=============================================================
KEY PARAMETER VALUES:    CaseName = Eta20
                   theta =  2.0000
                     eta =  0.2000
            theta*(1-eta)=  1.6000
                    dlta =  0.0000
                      mu =  0.6250
                   sigma =  3.0000
           EstimateDelta =  0.0000
           ConstrainTauH = -0.8000
PurgeWageGrowthSelection =     0
      AlphaSplitTauW1960 =  0.5000
   OccupationforWageHome = 23 Secretaries                               
   Alpha0FixedSplit =  0.5000
=============================================================
 
...... 
 
                                         Wages                          H(i,t)                 HYoung
 
                 Data60 Model60Data2010   Model      Data60   ModelData2010   Model      Data60   ModelData2010   Model
-----------------------------------------------------------------------------------------------------------------------
Home               1915    1913    3019    3057       2.337   2.373   2.960   2.873       0.809   0.845   0.725   0.726
Managers           2204    2214    3133    3458       1.261   1.259   2.923   2.190       0.240   0.238   0.483   0.520
MgmtRelated        1482    1479    2418    2409       0.461   0.469   1.678   1.710       0.140   0.148   0.394   0.392
Architects          281     281     449     443       0.074   0.076   0.178   0.187       0.019   0.021   0.042   0.042
Engineers          1720    1709    1910    1815       0.317   0.327   0.591   0.694       0.117   0.127   0.149   0.151
Math/CompSci        282     280    1748    1694       0.051   0.053   0.703   0.778       0.023   0.025   0.179   0.178
Science             732     728     839     806       0.142   0.146   0.391   0.445       0.057   0.061   0.116   0.115
Doctors             942     957    1319    1522       0.398   0.384   1.007   0.660       0.079   0.065   0.148   0.153
Nurses              464     463     938     944       0.360   0.366   0.875   0.863       0.116   0.122   0.229   0.240
Therapists          160     161     651     644       0.072   0.072   0.458   0.478       0.026   0.026   0.146   0.150
Professors          581     581     787     836       0.161   0.163   0.605   0.510       0.040   0.042   0.130   0.136
Teachers           1074    1072    1494    1455       0.538   0.547   1.259   1.372       0.168   0.177   0.370   0.378
Librarians          104     104     169     182       0.147   0.150   0.222   0.179       0.035   0.037   0.042   0.048
Soc.Scientists      354     352     643     630       0.085   0.087   0.431   0.461       0.030   0.032   0.111   0.111
SocialWork          523     524     691     659       0.237   0.239   0.577   0.669       0.071   0.074   0.167   0.168
Lawyers             832     839    1675    1709       0.212   0.209   0.716   0.678       0.053   0.051   0.157   0.150
Arts/Athletes       932     931    1296    1223       0.289   0.294   0.753   0.904       0.107   0.112   0.234   0.211
HealthTechs         280     280     745     702       0.238   0.241   0.650   0.782       0.081   0.084   0.192   0.187
Eng.Techs           906     897     824     760       0.177   0.185   0.383   0.491       0.091   0.099   0.103   0.099
ScienceTechs        580     576     333     303       0.142   0.148   0.171   0.229       0.064   0.069   0.050   0.048
OtherTechs          428     427    1846    1779       0.135   0.139   0.779   0.878       0.044   0.047   0.191   0.187
Sales              2054    2059    2685    2720       0.905   0.909   2.115   2.049       0.255   0.259   0.536   0.497
Secretaries         291     290     389     342       0.669   0.688   0.511   0.757       0.239   0.258   0.118   0.109
Info.Clerks         262     261     405     359       0.167   0.173   0.483   0.697       0.063   0.068   0.168   0.151
Records             400     399     339     313       0.217   0.221   0.316   0.407       0.057   0.061   0.092   0.087
FinancialClerk      445     443     437     403       0.466   0.478   0.617   0.792       0.144   0.155   0.142   0.137
OfficeMachine       365     362     103     116       0.189   0.197   0.191   0.132       0.089   0.097   0.024   0.029
ComputerTech        192     190     250     207       0.289   0.298   0.190   0.338       0.105   0.114   0.044   0.038
Mail                564     562     457     456       0.289   0.296   0.485   0.492       0.076   0.083   0.075   0.076
Clerks              686     683     955     900       0.326   0.334   0.676   0.812       0.106   0.114   0.189   0.182
Insurance           406     403     959     889       0.098   0.102   0.829   1.047       0.039   0.042   0.275   0.262
Misc.Admin         1153    1148     627     558       0.710   0.728   0.683   0.975       0.229   0.247   0.202   0.185
PrivateHshld        176     177     144     148       0.358   0.360   0.380   0.354       0.074   0.076   0.087   0.089
Firefighting        439     435     831     804       0.135   0.141   0.249   0.276       0.049   0.055   0.067   0.068
Police              644     638    1380    1356       0.191   0.199   0.586   0.621       0.076   0.083   0.150   0.154
Guards              300     299     655     626       0.190   0.193   0.376   0.434       0.040   0.044   0.119   0.113
FoodPrep            413     414    1088     960       0.665   0.668   0.509   0.746       0.175   0.177   0.225   0.201
HealthService       178     178     464     444       0.327   0.332   0.769   0.886       0.106   0.111   0.252   0.248
Cleaning            255     255     681     702       0.370   0.373   0.572   0.526       0.068   0.071   0.114   0.118
PersonalService     452     456     607     580       0.567   0.562   0.721   0.830       0.162   0.156   0.236   0.217
FarmMgrs            683     696     517     549       0.719   0.690   0.374   0.314       0.162   0.134   0.070   0.060
FarmWork            353     360     468     423       0.394   0.376   0.214   0.291       0.146   0.128   0.079   0.072
Agriculture         214     214     720     690       0.134   0.135   0.374   0.429       0.041   0.043   0.118   0.111
Forest              206     208     282     275       0.157   0.156   0.163   0.176       0.046   0.045   0.036   0.035
Mechanics           871     869    1323    1254       0.346   0.353   0.558   0.660       0.121   0.129   0.136   0.131
Elec.Repairer       905     898     976     915       0.211   0.219   0.368   0.449       0.099   0.107   0.101   0.098
Misc.Repairer      1061    1058     773     748       0.460   0.469   0.372   0.413       0.136   0.146   0.084   0.082
Construction       1426    1425    2127    1996       0.581   0.589   0.899   1.096       0.181   0.189   0.246   0.225
Extractive          522     520     621     571       0.197   0.202   0.124   0.161       0.067   0.072   0.053   0.049
Supervisor(P)      1075    1074     709     712       0.578   0.588   0.507   0.503       0.119   0.128   0.081   0.084
MetalWork           988     984     488     452       0.389   0.399   0.281   0.356       0.114   0.124   0.051   0.049
WoodWork            202     202     166     153       0.102   0.104   0.096   0.124       0.028   0.030   0.021   0.020
Textiles            233     232     107     105       0.497   0.506   0.122   0.132       0.119   0.129   0.019   0.019
Other               378     377     379     362       0.163   0.167   0.337   0.390       0.053   0.056   0.127   0.127
Food                443     442     345     318       0.214   0.218   0.245   0.314       0.063   0.067   0.072   0.069
PlantOperator       682     679     487     480       0.213   0.219   0.222   0.234       0.059   0.065   0.045   0.045
MetalMach.          434     432     280     241       0.235   0.241   0.141   0.221       0.059   0.065   0.037   0.033
MetalProc.          208     207     158     138       0.121   0.124   0.094   0.143       0.033   0.035   0.021   0.019
WoodMach.           179     179     427     404       0.107   0.107   0.225   0.268       0.037   0.037   0.055   0.054
TextileMach.        591     588     295     259       0.212   0.218   0.203   0.300       0.070   0.076   0.041   0.039
PrintMach.          262     262     216     179       0.390   0.394   0.211   0.377       0.102   0.106   0.052   0.045
OtherMach.         1642    1638     899     823       1.021   1.042   0.508   0.667       0.322   0.344   0.132   0.123
Fabricators         783     781     861     755       0.469   0.480   0.423   0.633       0.144   0.155   0.119   0.106
Prod.Inspectors     534     532     590     547       0.352   0.360   0.345   0.437       0.098   0.106   0.085   0.081
MotorVehicle       1331    1331    1297    1312       0.588   0.595   0.918   0.894       0.204   0.211   0.183   0.183
OtherVehicle        788     787     793     757       0.355   0.361   0.279   0.323       0.096   0.103   0.071   0.070
Freight            1059    1059     926     842       0.588   0.597   0.499   0.669       0.205   0.213   0.152   0.140
 
 
1960 and 2010 quantities
White Men p(:,WM) for        Young Cohort                          Middle-Aged Cohort                      Old-Aged Cohort
 
                     Data60  Model60 Data2010Model2010      Data60  Model60 Data2010Model2010      Data60  Model60 Data2010Model2010
------------------------------------------------------------------------------------------------------------------------------------
Home                 0.0863   0.0862   0.1505   0.1608      0.0769   0.0769   0.1237   0.1579      0.1108   0.1108   0.1621   0.0950
Managers             0.0771   0.0779   0.0740   0.0940      0.1176   0.1176   0.1180   0.0948      0.1264   0.1264   0.1236   0.0999
MgmtRelated          0.0318   0.0318   0.0398   0.0412      0.0296   0.0296   0.0410   0.0432      0.0233   0.0233   0.0407   0.0392
Architects           0.0008   0.0008   0.0015   0.0015      0.0008   0.0008   0.0017   0.0024      0.0007   0.0007   0.0017   0.0022
Engineers            0.0298   0.0295   0.0185   0.0174      0.0251   0.0251   0.0186   0.0206      0.0154   0.0154   0.0219   0.0258
Math/CompSci         0.0008   0.0008   0.0240   0.0235      0.0004   0.0004   0.0236   0.0227      0.0002   0.0002   0.0175   0.0099
Science              0.0063   0.0063   0.0054   0.0051      0.0047   0.0047   0.0048   0.0062      0.0029   0.0029   0.0042   0.0049
Doctors              0.0083   0.0085   0.0058   0.0080      0.0102   0.0102   0.0095   0.0103      0.0082   0.0082   0.0103   0.0120
Nurses               0.0025   0.0025   0.0044   0.0047      0.0022   0.0022   0.0054   0.0035      0.0026   0.0026   0.0044   0.0030
Therapists           0.0004   0.0004   0.0028   0.0028      0.0003   0.0003   0.0033   0.0026      0.0004   0.0004   0.0023   0.0016
Professors           0.0033   0.0033   0.0070   0.0083      0.0033   0.0033   0.0068   0.0068      0.0026   0.0026   0.0062   0.0049
Teachers             0.0188   0.0187   0.0239   0.0237      0.0110   0.0110   0.0229   0.0201      0.0087   0.0087   0.0171   0.0152
Librarians           0.0002   0.0002   0.0004   0.0005      0.0002   0.0002   0.0006   0.0005      0.0002   0.0002   0.0005   0.0006
Soc.Scientists       0.0013   0.0013   0.0028   0.0028      0.0010   0.0010   0.0031   0.0019      0.0006   0.0006   0.0024   0.0029
SocialWork           0.0073   0.0073   0.0070   0.0066      0.0064   0.0064   0.0068   0.0057      0.0058   0.0058   0.0065   0.0060
Lawyers              0.0052   0.0053   0.0073   0.0080      0.0051   0.0051   0.0098   0.0094      0.0055   0.0055   0.0094   0.0105
Arts/Athletes        0.0127   0.0127   0.0180   0.0167      0.0096   0.0096   0.0162   0.0179      0.0070   0.0070   0.0125   0.0172
HealthTechs          0.0019   0.0019   0.0069   0.0064      0.0014   0.0014   0.0058   0.0048      0.0012   0.0012   0.0044   0.0042
Eng.Techs            0.0149   0.0146   0.0078   0.0069      0.0074   0.0074   0.0080   0.0083      0.0037   0.0037   0.0082   0.0148
ScienceTechs         0.0065   0.0064   0.0013   0.0011      0.0040   0.0040   0.0011   0.0010      0.0022   0.0022   0.0011   0.0021
OtherTechs           0.0033   0.0033   0.0197   0.0191      0.0029   0.0029   0.0200   0.0219      0.0016   0.0016   0.0172   0.0200
Sales                0.0767   0.0771   0.0889   0.0950      0.0748   0.0748   0.0912   0.0963      0.0669   0.0669   0.0896   0.1134
Secretaries          0.0019   0.0019   0.0024   0.0019      0.0013   0.0013   0.0017   0.0013      0.0014   0.0014   0.0016   0.0009
Info.Clerks          0.0016   0.0015   0.0035   0.0028      0.0015   0.0015   0.0020   0.0022      0.0009   0.0009   0.0019   0.0024
Records              0.0024   0.0024   0.0021   0.0018      0.0025   0.0025   0.0014   0.0014      0.0024   0.0024   0.0014   0.0017
FinancialClerk       0.0049   0.0049   0.0030   0.0027      0.0037   0.0037   0.0023   0.0024      0.0037   0.0037   0.0022   0.0028
OfficeMachine        0.0031   0.0031   0.0002   0.0003      0.0010   0.0010   0.0004   0.0008      0.0006   0.0006   0.0007   0.0003
ComputerTech         0.0007   0.0007   0.0010   0.0007      0.0005   0.0005   0.0009   0.0013      0.0004   0.0004   0.0010   0.0047
Mail                 0.0075   0.0074   0.0033   0.0034      0.0114   0.0114   0.0048   0.0040      0.0087   0.0087   0.0066   0.0069
Clerks               0.0144   0.0142   0.0210   0.0194      0.0131   0.0131   0.0171   0.0187      0.0132   0.0132   0.0165   0.0185
Insurance            0.0032   0.0031   0.0155   0.0139      0.0019   0.0019   0.0100   0.0122      0.0013   0.0013   0.0081   0.0049
Misc.Admin           0.0308   0.0306   0.0067   0.0056      0.0251   0.0251   0.0043   0.0045      0.0245   0.0245   0.0039   0.0071
PrivateHshld         0.0010   0.0010   0.0010   0.0011      0.0010   0.0010   0.0012   0.0008      0.0013   0.0013   0.0012   0.0011
Firefighting         0.0048   0.0047   0.0058   0.0057      0.0044   0.0044   0.0065   0.0050      0.0029   0.0029   0.0046   0.0045
Police               0.0103   0.0101   0.0181   0.0183      0.0079   0.0079   0.0226   0.0192      0.0060   0.0060   0.0144   0.0134
Guards               0.0026   0.0026   0.0084   0.0080      0.0036   0.0036   0.0062   0.0050      0.0062   0.0062   0.0059   0.0067
FoodPrep             0.0075   0.0076   0.0440   0.0357      0.0087   0.0087   0.0227   0.0201      0.0109   0.0109   0.0127   0.0164
HealthService        0.0017   0.0017   0.0056   0.0053      0.0014   0.0014   0.0038   0.0027      0.0016   0.0016   0.0034   0.0031
Cleaning             0.0032   0.0032   0.0132   0.0146      0.0053   0.0053   0.0160   0.0108      0.0099   0.0099   0.0207   0.0177
PersonalService      0.0073   0.0074   0.0081   0.0077      0.0055   0.0055   0.0068   0.0061      0.0078   0.0078   0.0059   0.0039
FarmMgrs             0.0331   0.0343   0.0045   0.0053      0.0465   0.0465   0.0054   0.0054      0.0606   0.0606   0.0080   0.0113
FarmWork             0.0152   0.0158   0.0090   0.0076      0.0114   0.0114   0.0066   0.0040      0.0128   0.0128   0.0050   0.0053
Agriculture          0.0018   0.0018   0.0183   0.0175      0.0018   0.0018   0.0157   0.0114      0.0024   0.0024   0.0120   0.0089
Forest               0.0025   0.0026   0.0017   0.0017      0.0025   0.0025   0.0023   0.0023      0.0028   0.0028   0.0022   0.0025
Mechanics            0.0243   0.0241   0.0291   0.0272      0.0221   0.0221   0.0317   0.0357      0.0188   0.0188   0.0350   0.0377
Elec.Repairer        0.0183   0.0180   0.0145   0.0133      0.0118   0.0118   0.0142   0.0146      0.0063   0.0063   0.0121   0.0113
Misc.Repairer        0.0308   0.0306   0.0097   0.0095      0.0339   0.0339   0.0113   0.0102      0.0341   0.0341   0.0136   0.0129
Construction         0.0507   0.0507   0.0910   0.0835      0.0542   0.0542   0.0892   0.0870      0.0512   0.0512   0.0801   0.0926
Extractive           0.0075   0.0075   0.0041   0.0036      0.0071   0.0071   0.0023   0.0010      0.0067   0.0067   0.0020   0.0021
Supervisor(P)        0.0216   0.0216   0.0064   0.0068      0.0343   0.0343   0.0107   0.0120      0.0366   0.0366   0.0121   0.0152
MetalWork            0.0219   0.0217   0.0039   0.0034      0.0253   0.0253   0.0055   0.0068      0.0222   0.0222   0.0071   0.0136
WoodWork             0.0013   0.0013   0.0007   0.0007      0.0016   0.0016   0.0008   0.0012      0.0015   0.0015   0.0010   0.0013
Textiles             0.0021   0.0021   0.0004   0.0004      0.0025   0.0025   0.0006   0.0006      0.0026   0.0026   0.0007   0.0013
Other                0.0035   0.0035   0.0027   0.0026      0.0034   0.0034   0.0020   0.0023      0.0028   0.0028   0.0018   0.0031
Food                 0.0060   0.0059   0.0038   0.0033      0.0056   0.0056   0.0030   0.0030      0.0069   0.0069   0.0029   0.0039
PlantOperator        0.0068   0.0068   0.0024   0.0024      0.0080   0.0080   0.0031   0.0025      0.0081   0.0081   0.0042   0.0049
MetalMach.           0.0049   0.0049   0.0017   0.0014      0.0062   0.0062   0.0017   0.0021      0.0067   0.0067   0.0019   0.0033
MetalProc.           0.0014   0.0013   0.0005   0.0004      0.0016   0.0016   0.0006   0.0012      0.0016   0.0016   0.0006   0.0015
WoodMach.            0.0016   0.0016   0.0041   0.0039      0.0014   0.0014   0.0042   0.0087      0.0016   0.0016   0.0046   0.0017
TextileMach.         0.0074   0.0073   0.0019   0.0015      0.0062   0.0062   0.0023   0.0030      0.0069   0.0069   0.0027   0.0058
PrintMach.           0.0032   0.0032   0.0016   0.0012      0.0035   0.0035   0.0016   0.0021      0.0037   0.0037   0.0014   0.0031
OtherMach.           0.0872   0.0867   0.0176   0.0154      0.0800   0.0800   0.0172   0.0169      0.0779   0.0779   0.0156   0.0221
Fabricators          0.0177   0.0176   0.0158   0.0126      0.0189   0.0189   0.0152   0.0155      0.0158   0.0158   0.0130   0.0215
Prod.Inspectors      0.0073   0.0073   0.0053   0.0047      0.0070   0.0070   0.0050   0.0054      0.0069   0.0069   0.0055   0.0062
MotorVehicle         0.0567   0.0568   0.0356   0.0380      0.0518   0.0518   0.0472   0.0442      0.0462   0.0462   0.0514   0.0483
OtherVehicle         0.0146   0.0145   0.0081   0.0077      0.0179   0.0179   0.0087   0.0074      0.0168   0.0168   0.0091   0.0093
Freight              0.0456   0.0456   0.0249   0.0214      0.0386   0.0386   0.0192   0.0162      0.0390   0.0390   0.0179   0.0264
 
 
1960 and 2010 quantities
White women p(:,WW) for      Young Cohort                          Middle-Aged Cohort                      Old-Aged Cohort
 
                     Data60  Model60 Data2010Model2010      Data60  Model60 Data2010Model2010      Data60  Model60 Data2010Model2010
------------------------------------------------------------------------------------------------------------------------------------
Home                 0.7388   0.7391   0.3087   0.3258      0.6698   0.6698   0.3235   0.3621      0.6238   0.6238   0.3149   0.3282
Managers             0.0068   0.0068   0.0587   0.0736      0.0145   0.0145   0.0722   0.0701      0.0217   0.0217   0.0727   0.0731
MgmtRelated          0.0033   0.0033   0.0467   0.0477      0.0046   0.0046   0.0509   0.0574      0.0058   0.0058   0.0525   0.0518
Architects           0.0000   0.0000   0.0008   0.0008      0.0000   0.0000   0.0005   0.0009      0.0000   0.0000   0.0004   0.0006
Engineers            0.0002   0.0002   0.0032   0.0029      0.0001   0.0001   0.0024   0.0031      0.0002   0.0002   0.0024   0.0037
Math/CompSci         0.0001   0.0001   0.0075   0.0072      0.0002   0.0002   0.0083   0.0092      0.0001   0.0001   0.0089   0.0060
Science              0.0003   0.0003   0.0046   0.0043      0.0003   0.0003   0.0029   0.0038      0.0002   0.0002   0.0021   0.0024
Doctors              0.0003   0.0003   0.0059   0.0081      0.0004   0.0004   0.0061   0.0062      0.0005   0.0005   0.0044   0.0047
Nurses               0.0109   0.0109   0.0328   0.0342      0.0107   0.0107   0.0322   0.0226      0.0118   0.0118   0.0346   0.0266
Therapists           0.0004   0.0004   0.0122   0.0122      0.0003   0.0003   0.0099   0.0088      0.0002   0.0002   0.0073   0.0057
Professors           0.0004   0.0004   0.0069   0.0080      0.0006   0.0006   0.0067   0.0064      0.0008   0.0008   0.0060   0.0039
Teachers             0.0167   0.0166   0.0772   0.0754      0.0171   0.0171   0.0731   0.0609      0.0310   0.0310   0.0637   0.0434
Librarians           0.0008   0.0008   0.0013   0.0016      0.0011   0.0011   0.0017   0.0014      0.0019   0.0019   0.0020   0.0013
Soc.Scientists       0.0003   0.0003   0.0051   0.0050      0.0003   0.0003   0.0043   0.0026      0.0003   0.0003   0.0031   0.0038
SocialWork           0.0015   0.0015   0.0119   0.0111      0.0017   0.0017   0.0103   0.0093      0.0025   0.0025   0.0089   0.0070
Lawyers              0.0001   0.0001   0.0062   0.0066      0.0001   0.0001   0.0058   0.0063      0.0001   0.0001   0.0043   0.0055
Arts/Athletes        0.0039   0.0039   0.0155   0.0142      0.0028   0.0028   0.0113   0.0147      0.0031   0.0031   0.0104   0.0150
HealthTechs          0.0035   0.0035   0.0178   0.0163      0.0037   0.0037   0.0170   0.0123      0.0055   0.0055   0.0160   0.0168
Eng.Techs            0.0005   0.0005   0.0024   0.0021      0.0006   0.0006   0.0017   0.0021      0.0003   0.0003   0.0021   0.0032
ScienceTechs         0.0006   0.0006   0.0007   0.0006      0.0006   0.0006   0.0005   0.0005      0.0003   0.0003   0.0006   0.0010
OtherTechs           0.0002   0.0002   0.0085   0.0081      0.0003   0.0003   0.0096   0.0113      0.0003   0.0003   0.0103   0.0113
Sales                0.0197   0.0198   0.0700   0.0739      0.0355   0.0355   0.0650   0.0721      0.0447   0.0447   0.0655   0.0785
Secretaries          0.0414   0.0410   0.0296   0.0236      0.0384   0.0384   0.0366   0.0268      0.0341   0.0341   0.0481   0.0510
Info.Clerks          0.0027   0.0027   0.0154   0.0125      0.0023   0.0023   0.0114   0.0126      0.0020   0.0020   0.0118   0.0137
Records              0.0019   0.0019   0.0050   0.0044      0.0025   0.0025   0.0051   0.0036      0.0028   0.0028   0.0063   0.0056
FinancialClerk       0.0149   0.0148   0.0145   0.0127      0.0178   0.0178   0.0197   0.0190      0.0176   0.0176   0.0237   0.0243
OfficeMachine        0.0049   0.0048   0.0003   0.0004      0.0039   0.0039   0.0004   0.0009      0.0032   0.0032   0.0006   0.0003
ComputerTech         0.0069   0.0068   0.0010   0.0007      0.0054   0.0054   0.0012   0.0016      0.0069   0.0069   0.0014   0.0073
Mail                 0.0003   0.0003   0.0012   0.0013      0.0007   0.0007   0.0024   0.0023      0.0007   0.0007   0.0040   0.0046
Clerks               0.0012   0.0012   0.0107   0.0098      0.0017   0.0017   0.0118   0.0113      0.0018   0.0018   0.0131   0.0128
Insurance            0.0001   0.0001   0.0275   0.0243      0.0002   0.0002   0.0226   0.0270      0.0002   0.0002   0.0219   0.0131
Misc.Admin           0.0296   0.0294   0.0220   0.0179      0.0337   0.0337   0.0198   0.0186      0.0350   0.0350   0.0232   0.0343
PrivateHshld         0.0022   0.0022   0.0076   0.0083      0.0042   0.0042   0.0108   0.0057      0.0080   0.0080   0.0105   0.0045
Firefighting         0.0000   0.0000   0.0003   0.0002      0.0000   0.0000   0.0003   0.0002      0.0000   0.0000   0.0002   0.0002
Police               0.0002   0.0002   0.0038   0.0038      0.0002   0.0002   0.0042   0.0033      0.0002   0.0002   0.0031   0.0022
Guards               0.0000   0.0000   0.0022   0.0021      0.0001   0.0001   0.0018   0.0014      0.0001   0.0001   0.0022   0.0016
FoodPrep             0.0163   0.0164   0.0416   0.0334      0.0229   0.0229   0.0266   0.0220      0.0244   0.0244   0.0242   0.0246
HealthService        0.0044   0.0044   0.0353   0.0332      0.0051   0.0051   0.0290   0.0200      0.0069   0.0069   0.0276   0.0174
Cleaning             0.0003   0.0003   0.0044   0.0048      0.0010   0.0010   0.0066   0.0033      0.0014   0.0014   0.0083   0.0052
PersonalService      0.0076   0.0078   0.0299   0.0282      0.0120   0.0120   0.0248   0.0274      0.0143   0.0143   0.0211   0.0209
FarmMgrs             0.0005   0.0005   0.0006   0.0007      0.0010   0.0010   0.0008   0.0007      0.0020   0.0020   0.0014   0.0014
FarmWork             0.0022   0.0023   0.0021   0.0018      0.0032   0.0032   0.0018   0.0011      0.0038   0.0038   0.0014   0.0012
Agriculture          0.0001   0.0001   0.0030   0.0029      0.0003   0.0003   0.0026   0.0018      0.0003   0.0003   0.0025   0.0020
Forest               0.0000   0.0000   0.0001   0.0001      0.0001   0.0001   0.0002   0.0001      0.0000   0.0000   0.0002   0.0001
Mechanics            0.0001   0.0001   0.0008   0.0008      0.0001   0.0001   0.0008   0.0010      0.0000   0.0000   0.0008   0.0009
Elec.Repairer        0.0002   0.0002   0.0008   0.0007      0.0001   0.0001   0.0008   0.0009      0.0001   0.0001   0.0009   0.0009
Misc.Repairer        0.0002   0.0002   0.0005   0.0005      0.0003   0.0003   0.0005   0.0006      0.0004   0.0004   0.0007   0.0009
Construction         0.0002   0.0002   0.0017   0.0015      0.0002   0.0002   0.0021   0.0023      0.0003   0.0003   0.0023   0.0024
Extractive           0.0000   0.0000   0.0001   0.0000      0.0000   0.0000   0.0001   0.0000      0.0000   0.0000   0.0001   0.0000
Supervisor(P)        0.0012   0.0012   0.0013   0.0013      0.0021   0.0021   0.0019   0.0026      0.0027   0.0027   0.0024   0.0029
MetalWork            0.0002   0.0002   0.0001   0.0001      0.0005   0.0005   0.0003   0.0003      0.0002   0.0002   0.0003   0.0006
WoodWork             0.0000   0.0000   0.0001   0.0000      0.0000   0.0000   0.0001   0.0001      0.0000   0.0000   0.0001   0.0002
Textiles             0.0085   0.0085   0.0003   0.0003      0.0121   0.0121   0.0004   0.0004      0.0160   0.0160   0.0007   0.0010
Other                0.0004   0.0004   0.0079   0.0074      0.0004   0.0004   0.0052   0.0051      0.0004   0.0004   0.0046   0.0018
Food                 0.0002   0.0002   0.0020   0.0017      0.0005   0.0005   0.0021   0.0015      0.0004   0.0004   0.0022   0.0015
PlantOperator        0.0001   0.0001   0.0001   0.0001      0.0001   0.0001   0.0002   0.0001      0.0001   0.0001   0.0002   0.0003
MetalMach.           0.0002   0.0002   0.0003   0.0002      0.0003   0.0003   0.0004   0.0005      0.0003   0.0003   0.0004   0.0006
MetalProc.           0.0000   0.0000   0.0001   0.0001      0.0000   0.0000   0.0001   0.0002      0.0000   0.0000   0.0002   0.0003
WoodMach.            0.0000   0.0000   0.0006   0.0006      0.0000   0.0000   0.0009   0.0023      0.0001   0.0001   0.0012   0.0003
TextileMach.         0.0003   0.0003   0.0004   0.0003      0.0004   0.0004   0.0006   0.0008      0.0004   0.0004   0.0007   0.0023
PrintMach.           0.0037   0.0038   0.0019   0.0013      0.0060   0.0060   0.0025   0.0028      0.0080   0.0080   0.0029   0.0073
OtherMach.           0.0261   0.0260   0.0045   0.0039      0.0375   0.0375   0.0059   0.0062      0.0345   0.0345   0.0066   0.0077
Fabricators          0.0054   0.0054   0.0032   0.0026      0.0082   0.0082   0.0042   0.0052      0.0062   0.0062   0.0051   0.0087
Prod.Inspectors      0.0041   0.0041   0.0023   0.0020      0.0068   0.0068   0.0027   0.0033      0.0066   0.0066   0.0034   0.0043
MotorVehicle         0.0004   0.0004   0.0030   0.0032      0.0007   0.0007   0.0053   0.0045      0.0005   0.0005   0.0073   0.0048
OtherVehicle         0.0001   0.0001   0.0002   0.0002      0.0002   0.0002   0.0002   0.0002      0.0002   0.0002   0.0002   0.0003
Freight              0.0014   0.0014   0.0052   0.0045      0.0016   0.0016   0.0064   0.0044      0.0018   0.0018   0.0067   0.0083
 
 
1980 and 2010 quantities (the 1960 ones fit by construction)
White Women p(:,WW) for      Young Cohort                          Middle-Aged Cohort                      Old-Aged Cohort
 
                     Data80  Model80 Data2010Model2010      Data80  Model80 Data2010Model2010      Data80  Model80 Data2010Model2010
------------------------------------------------------------------------------------------------------------------------------------
Home                 0.4606   0.4453   0.3087   0.3258      0.4763   0.6504   0.3235   0.3621      0.5097   0.7391   0.3149   0.3282
Managers             0.0341   0.0436   0.0587   0.0736      0.0377   0.0179   0.0722   0.0701      0.0356   0.0068   0.0727   0.0731
MgmtRelated          0.0264   0.0305   0.0467   0.0477      0.0221   0.0039   0.0509   0.0574      0.0200   0.0033   0.0525   0.0518
Architects           0.0003   0.0003   0.0008   0.0008      0.0001   0.0001   0.0005   0.0009      0.0001   0.0000   0.0004   0.0006
Engineers            0.0014   0.0013   0.0032   0.0029      0.0008   0.0002   0.0024   0.0031      0.0006   0.0002   0.0024   0.0037
Math/CompSci         0.0023   0.0024   0.0075   0.0072      0.0012   0.0008   0.0083   0.0092      0.0007   0.0001   0.0089   0.0060
Science              0.0015   0.0015   0.0046   0.0043      0.0008   0.0005   0.0029   0.0038      0.0005   0.0003   0.0021   0.0024
Doctors              0.0016   0.0020   0.0059   0.0081      0.0009   0.0007   0.0061   0.0062      0.0007   0.0003   0.0044   0.0047
Nurses               0.0226   0.0222   0.0328   0.0342      0.0183   0.0126   0.0322   0.0226      0.0169   0.0109   0.0346   0.0266
Therapists           0.0039   0.0033   0.0122   0.0122      0.0015   0.0009   0.0099   0.0088      0.0009   0.0004   0.0073   0.0057
Professors           0.0033   0.0042   0.0069   0.0080      0.0037   0.0026   0.0067   0.0064      0.0025   0.0004   0.0060   0.0039
Teachers             0.0512   0.0506   0.0772   0.0754      0.0432   0.0323   0.0731   0.0609      0.0318   0.0166   0.0637   0.0434
Librarians           0.0022   0.0023   0.0013   0.0016      0.0022   0.0013   0.0017   0.0014      0.0025   0.0008   0.0020   0.0013
Soc.Scientists       0.0020   0.0022   0.0051   0.0050      0.0013   0.0007   0.0043   0.0026      0.0008   0.0003   0.0031   0.0038
SocialWork           0.0064   0.0063   0.0119   0.0111      0.0045   0.0030   0.0103   0.0093      0.0037   0.0015   0.0089   0.0070
Lawyers              0.0024   0.0026   0.0062   0.0066      0.0009   0.0003   0.0058   0.0063      0.0005   0.0001   0.0043   0.0055
Arts/Athletes        0.0089   0.0089   0.0155   0.0142      0.0058   0.0034   0.0113   0.0147      0.0043   0.0039   0.0104   0.0150
HealthTechs          0.0143   0.0139   0.0178   0.0163      0.0094   0.0055   0.0170   0.0123      0.0073   0.0035   0.0160   0.0168
Eng.Techs            0.0028   0.0026   0.0024   0.0021      0.0019   0.0010   0.0017   0.0021      0.0015   0.0005   0.0021   0.0032
ScienceTechs         0.0009   0.0008   0.0007   0.0006      0.0005   0.0002   0.0005   0.0005      0.0006   0.0006   0.0006   0.0010
OtherTechs           0.0063   0.0070   0.0085   0.0081      0.0034   0.0014   0.0096   0.0113      0.0021   0.0002   0.0103   0.0113
Sales                0.0431   0.0481   0.0700   0.0739      0.0488   0.0240   0.0650   0.0721      0.0511   0.0198   0.0655   0.0785
Secretaries          0.0674   0.0639   0.0296   0.0236      0.0660   0.0573   0.0366   0.0268      0.0571   0.0410   0.0481   0.0510
Info.Clerks          0.0091   0.0100   0.0154   0.0125      0.0084   0.0050   0.0114   0.0126      0.0078   0.0027   0.0118   0.0137
Records              0.0086   0.0079   0.0050   0.0044      0.0075   0.0046   0.0051   0.0036      0.0078   0.0019   0.0063   0.0056
FinancialClerk       0.0265   0.0275   0.0145   0.0127      0.0284   0.0215   0.0197   0.0190      0.0303   0.0148   0.0237   0.0243
OfficeMachine        0.0004   0.0002   0.0003   0.0004      0.0004   0.0005   0.0004   0.0009      0.0004   0.0048   0.0006   0.0003
ComputerTech         0.0078   0.0079   0.0010   0.0007      0.0066   0.0039   0.0012   0.0016      0.0073   0.0068   0.0014   0.0073
Mail                 0.0022   0.0023   0.0012   0.0013      0.0022   0.0010   0.0024   0.0023      0.0023   0.0003   0.0040   0.0046
Clerks               0.0085   0.0089   0.0107   0.0098      0.0078   0.0027   0.0118   0.0113      0.0072   0.0012   0.0131   0.0128
Insurance            0.0060   0.0060   0.0275   0.0243      0.0041   0.0023   0.0226   0.0270      0.0031   0.0001   0.0219   0.0131
Misc.Admin           0.0336   0.0326   0.0220   0.0179      0.0330   0.0296   0.0198   0.0186      0.0317   0.0294   0.0232   0.0343
PrivateHshld         0.0034   0.0034   0.0076   0.0083      0.0051   0.0041   0.0108   0.0057      0.0064   0.0022   0.0105   0.0045
Firefighting         0.0001   0.0001   0.0003   0.0002      0.0000   0.0000   0.0003   0.0002      0.0000   0.0000   0.0002   0.0002
Police               0.0009   0.0009   0.0038   0.0038      0.0006   0.0003   0.0042   0.0033      0.0005   0.0002   0.0031   0.0022
Guards               0.0009   0.0011   0.0022   0.0021      0.0009   0.0002   0.0018   0.0014      0.0010   0.0000   0.0022   0.0016
FoodPrep             0.0206   0.0202   0.0416   0.0334      0.0240   0.0161   0.0266   0.0220      0.0262   0.0164   0.0242   0.0246
HealthService        0.0144   0.0151   0.0353   0.0332      0.0141   0.0080   0.0290   0.0200      0.0143   0.0044   0.0276   0.0174
Cleaning             0.0027   0.0033   0.0044   0.0048      0.0039   0.0008   0.0066   0.0033      0.0049   0.0003   0.0083   0.0052
PersonalService      0.0179   0.0189   0.0299   0.0282      0.0161   0.0156   0.0248   0.0274      0.0108   0.0078   0.0211   0.0209
FarmMgrs             0.0011   0.0014   0.0006   0.0007      0.0019   0.0007   0.0008   0.0007      0.0023   0.0005   0.0014   0.0014
FarmWork             0.0017   0.0015   0.0021   0.0018      0.0021   0.0012   0.0018   0.0011      0.0021   0.0023   0.0014   0.0012
Agriculture          0.0010   0.0010   0.0030   0.0029      0.0007   0.0003   0.0026   0.0018      0.0006   0.0001   0.0025   0.0020
Forest               0.0001   0.0001   0.0001   0.0001      0.0001   0.0000   0.0002   0.0001      0.0001   0.0000   0.0002   0.0001
Mechanics            0.0006   0.0006   0.0008   0.0008      0.0005   0.0004   0.0008   0.0010      0.0004   0.0001   0.0008   0.0009
Elec.Repairer        0.0010   0.0009   0.0008   0.0007      0.0007   0.0003   0.0008   0.0009      0.0006   0.0002   0.0009   0.0009
Misc.Repairer        0.0007   0.0006   0.0005   0.0005      0.0006   0.0006   0.0005   0.0006      0.0007   0.0002   0.0007   0.0009
Construction         0.0016   0.0017   0.0017   0.0015      0.0013   0.0008   0.0021   0.0023      0.0010   0.0002   0.0023   0.0024
Extractive           0.0001   0.0001   0.0001   0.0000      0.0001   0.0000   0.0001   0.0000      0.0000   0.0000   0.0001   0.0000
Supervisor(P)        0.0036   0.0043   0.0013   0.0013      0.0053   0.0017   0.0019   0.0026      0.0051   0.0012   0.0024   0.0029
MetalWork            0.0006   0.0006   0.0001   0.0001      0.0007   0.0004   0.0003   0.0003      0.0005   0.0002   0.0003   0.0006
WoodWork             0.0002   0.0002   0.0001   0.0000      0.0002   0.0001   0.0001   0.0001      0.0002   0.0000   0.0001   0.0002
Textiles             0.0011   0.0009   0.0003   0.0003      0.0017   0.0007   0.0004   0.0004      0.0021   0.0085   0.0007   0.0010
Other                0.0011   0.0011   0.0079   0.0074      0.0011   0.0003   0.0052   0.0051      0.0011   0.0004   0.0046   0.0018
Food                 0.0009   0.0008   0.0020   0.0017      0.0012   0.0005   0.0021   0.0015      0.0011   0.0002   0.0022   0.0015
PlantOperator        0.0002   0.0001   0.0001   0.0001      0.0002   0.0000   0.0002   0.0001      0.0001   0.0001   0.0002   0.0003
MetalMach.           0.0018   0.0017   0.0003   0.0002      0.0021   0.0018   0.0004   0.0005      0.0021   0.0002   0.0004   0.0006
MetalProc.           0.0007   0.0007   0.0001   0.0001      0.0008   0.0002   0.0001   0.0002      0.0008   0.0000   0.0002   0.0003
WoodMach.            0.0003   0.0003   0.0006   0.0006      0.0003   0.0001   0.0009   0.0023      0.0003   0.0000   0.0012   0.0003
TextileMach.         0.0017   0.0016   0.0004   0.0003      0.0015   0.0007   0.0006   0.0008      0.0013   0.0003   0.0007   0.0023
PrintMach.           0.0117   0.0116   0.0019   0.0013      0.0156   0.0180   0.0025   0.0028      0.0172   0.0038   0.0029   0.0073
OtherMach.           0.0105   0.0084   0.0045   0.0039      0.0125   0.0171   0.0059   0.0062      0.0122   0.0260   0.0066   0.0077
Fabricators          0.0108   0.0104   0.0032   0.0026      0.0128   0.0073   0.0042   0.0052      0.0126   0.0054   0.0051   0.0087
Prod.Inspectors      0.0048   0.0049   0.0023   0.0020      0.0064   0.0051   0.0027   0.0033      0.0078   0.0041   0.0034   0.0043
MotorVehicle         0.0034   0.0034   0.0030   0.0032      0.0046   0.0011   0.0053   0.0045      0.0032   0.0004   0.0073   0.0048
OtherVehicle         0.0007   0.0007   0.0002   0.0002      0.0007   0.0002   0.0002   0.0002      0.0007   0.0001   0.0002   0.0003
Freight              0.0086   0.0078   0.0052   0.0045      0.0100   0.0029   0.0064   0.0044      0.0103   0.0014   0.0067   0.0083
 
 
====================================================================== 
    PRODUCTION: w*H in data and model for various groups/cohorts
====================================================================== 
 
 
 
/// 1960 ///          Young                       Middle                      Old
 
               Data   Model       %        Data   Model       %        Data   Model       %
-------------------------------------------------------------------------------------------
White Men      4680    4858   103.8        5995    5998   100.0        5145    5149   100.1
White Women    1992    2075   104.2        2450    2448    99.9        2204    2203   100.0
Black Men       308     319   103.6         338     338   100.0         263     264   100.0
Black Women     215     244   113.5         197     197   100.0         126     126   100.1
 
Total income for the year:    Data = 23913  Model = 24219
 
 
/// 1970 ///          Young                       Middle                      Old
 
               Data   Model       %        Data   Model       %        Data   Model       %
-------------------------------------------------------------------------------------------
White Men      6175    6392   103.5        7017    7164   102.1        7191    7254   100.9
White Women    2941    2975   101.2        2971    2836    95.4        3139    3129    99.7
Black Men       480     488   101.7         464     453    97.8         397     395    99.4
Black Women     391     405   103.6         328     343   104.6         236     235    99.5
 
Total income for the year:    Data = 31730  Model = 32068
 
 
/// 1980 ///          Young                       Middle                      Old
 
               Data   Model       %        Data   Model       %        Data   Model       %
-------------------------------------------------------------------------------------------
White Men      7406    7527   101.6        6855    7209   105.2        6308    6771   107.3
White Women    4401    4535   103.0        3314    3049    92.0        2826    2513    88.9
Black Men       630     622    98.7         521     536   102.9         413     407    98.4
Black Women     579     582   100.5         416     419   100.7         288     293   101.8
 
Total income for the year:    Data = 33959  Model = 34464
 
 
/// 1990 ///          Young                       Middle                      Old
 
               Data   Model       %        Data   Model       %        Data   Model       %
-------------------------------------------------------------------------------------------
White Men      7301    7263    99.5        9122    9010    98.8        6998    7290   104.2
White Women    5481    5700   104.0        5635    5400    95.8        3662    3092    84.4
Black Men       660     660   100.0         726     756   104.1         531     548   103.2
Black Women     681     704   103.4         711     704    99.0         434     429    99.0
 
Total income for the year:    Data = 41940  Model = 41557
 
 
/// 2000 ///          Young                       Middle                      Old
 
               Data   Model       %        Data   Model       %        Data   Model       %
-------------------------------------------------------------------------------------------
White Men      6260    6042    96.5       11092   10550    95.1       10761   10323    95.9
White Women    5189    5257   101.3        7999    8885   111.1        6886    6987   101.5
Black Men       710     701    98.7        1040    1075   103.3         873     911   104.4
Black Women     775     790   101.9        1071    1172   109.5         868     901   103.9
 
Total income for the year:    Data = 53525  Model = 53594
 
 
/// 2010 ///          Young                       Middle                      Old
 
               Data   Model       %        Data   Model       %        Data   Model       %
-------------------------------------------------------------------------------------------
White Men      6122    5873    95.9        9086    8539    94.0       11985   11441    95.5
White Women    5437    5461   100.4        7131    7594   106.5        8903    9998   112.3
Black Men       717     700    97.6         984     969    98.4        1100    1158   105.2
Black Women     826     829   100.3        1081    1126   104.2        1173    1282   109.2
 
Total income for the year:    Data = 54546  Model = 54968
 
 
==================================================================================== 
    EARNINGS (Market): (1-tauw)*w*H in data and model for various groups/cohorts
==================================================================================== 
 
 
 
/// 1960 ///          Young                       Middle                      Old
 
               Data   Model       %        Data   Model       %        Data   Model       %
-------------------------------------------------------------------------------------------
White Men      4282    4448   103.9        5534    5537   100.1        4537    4542   100.1
White Women     827     872   105.4        1129    1128    99.8        1136    1135    99.9
Black Men       231     239   103.8         255     255   100.0         194     194   100.0
Black Women      92      99   107.0         100     100   100.1          67      67   100.2
 
Market income for the year:   Data = 18383  Model = 18614
 
 
/// 1970 ///          Young                       Middle                      Old
 
               Data   Model       %        Data   Model       %        Data   Model       %
-------------------------------------------------------------------------------------------
White Men      5610    5832   104.0        6467    6599   102.0        6406    6483   101.2
White Women    1381    1430   103.5        1471    1314    89.3        1713    1708    99.7
Black Men       375     381   101.6         369     380   103.0         314     312    99.5
Black Women     210     215   102.7         186     177    94.9         142     143   100.3
 
Market income for the year:   Data = 24645  Model = 24975
 
 
/// 1980 ///          Young                       Middle                      Old
 
               Data   Model       %        Data   Model       %        Data   Model       %
-------------------------------------------------------------------------------------------
White Men      6816    6976   102.4        6360    6604   103.8        5584    6259   112.1
White Women    2701    2806   103.9        1914    1636    85.5        1646    1295    78.7
Black Men       503     496    98.7         402     451   112.3         311     367   117.9
Black Women     391     396   101.2         272     280   102.8         188     181    96.3
 
Market income for the year:   Data = 27088  Model = 27748
 
 
/// 1990 ///          Young                       Middle                      Old
 
               Data   Model       %        Data   Model       %        Data   Model       %
-------------------------------------------------------------------------------------------
White Men      6709    6725   100.2        8458    8357    98.8        6235    6680   107.1
White Women    3593    3731   103.9        3737    3608    96.5        2408    1789    74.3
Black Men       530     530    99.9         579     630   108.9         394     487   123.6
Black Women     484     497   102.7         521     514    98.6         305     307   100.5
 
Market income for the year:   Data = 33953  Model = 33852
 
 
/// 2000 ///          Young                       Middle                      Old
 
               Data   Model       %        Data   Model       %        Data   Model       %
-------------------------------------------------------------------------------------------
White Men      5442    5204    95.6        9497    9355    98.5        8871    9180   103.5
White Women    3176    3095    97.4        4636    5562   120.0        4312    4330   100.4
Black Men       508     481    94.8         709     793   111.8         566     707   125.0
Black Women     504     484    96.0         671     775   115.6         527     610   115.8
 
Market income for the year:   Data = 39419  Model = 40577
 
 
/// 2010 ///          Young                       Middle                      Old
 
               Data   Model       %        Data   Model       %        Data   Model       %
-------------------------------------------------------------------------------------------
White Men      5320    5070    95.3        8212    7499    91.3       10088   10288   102.0
White Women    3605    3541    98.2        4517    4845   107.3        5594    6753   120.7
Black Men       521     495    95.0         772     710    91.9         792     912   115.1
Black Women     568     550    96.8         766     749    97.8         787     922   117.2
 
Market income for the year:   Data = 41541  Model = 42334
Production GDP = Total Labor Income (pre-tax) has been confirmed to the nearest dime per person :-).
 
 
GDP per person in data and model
 
        Year        Data       Model    ExitFlag
------------------------------------------------
        1960       23913       24219           1
        1970       31730       32068           1
        1980       33959       34464           1
        1990       41940       41557           1
        2000       53525       53594           1
        2010       54546       54968           1
 
 
GDP (mkt) per person in data and model
 
        Year        Data       Model
------------------------------------
        1960       17526       17740
        1970       23528       23481
        1980       26159       25945
        1990       33995       32891
        2000       38797       39472
        2010       41704       42334
 
 
GDP per worker (market) in data and model
 
        Year        Data       Model
------------------------------------
        1960       29281       29634
        1970       37017       38234
        1980       37255       39729
        1990       44521       45683
        2000       51941       53120
        2010       54936       56596
 
 
LFP in data and model
 
        Year        Data       Model
------------------------------------
        1960       0.599       0.599
        1970       0.636       0.614
        1980       0.702       0.653
        1990       0.764       0.720
        2000       0.747       0.743
        2010       0.759       0.748
 
 
Market Wage Gap in data and model
 
  Year      WWdata WWmodel      BMdata BMmodel      BWdata BWmodel
------------------------------------------------------------------
  1960       0.555   0.556       0.559   0.560       0.347   0.350
  1970       0.527   0.562       0.627   0.627       0.418   0.445
  1980       0.549   0.607       0.714   0.708       0.513   0.549
  1990       0.613   0.675       0.700   0.737       0.555   0.603
  2000       0.647   0.770       0.694   0.756       0.566   0.663
  2010       0.714   0.852       0.710   0.788       0.604   0.715
 
 
Earnings (market, after tauw) in data and model
 
        Year        Data       Model
------------------------------------
        1960       18383       18614
        1970       24645       24975
        1980       27088       27748
        1990       33953       33852
        2000       39419       40577
        2010       41541       42334
 
 
Earnings (market, after tauw) by Group in data and model
 
  Year      WMdata WMmodel      WWdata WWmodel      BMdata BMmodel      BWdata BWmodel
--------------------------------------------------------------------------------------
  1960       14352   14527        3093    3135         679     687         259     266
  1970       18483   18915        4566    4452        1058    1074         538     534
  1980       18760   19839        6261    5737        1216    1315         852     857
  1990       21402   21761        9738    9127        1503    1647        1310    1317
  2000       23810   23739       12124   12987        1783    1982        1701    1869
  2010       23619   22857       13716   15139        2085    2116        2121    2221
 
 
ConsumptionYoung (total) per young person in data and model (and Utility)
 
        Year        Data       Model     Utility
------------------------------------------------
        1960       23110       24083       22834
        1970       31291       32128       25130
        1980       31034       31402       21762
        1990       36997       37069       25581
        2000       44116       43096       39557
        2010       44076       42896       32168
 
 
EarningsYoung (market) per young person in data and model
 
        Year        Data       Model
------------------------------------
        1960       16290       16969
        1970       21968       22784
        1980       24391       25009
        1990       28486       28906
        2000       31605       30404
        2010       32063       30917
 
 
GDP (mkt) of only Young Cohorts...
 
  Year    Data   Model
----------------------
  1960   15265   15894
  1970   20823   21512
  1980   23743   24341
  1990   28911   29487
  2000   31401   30871
  2010   31956   31240
 
 
Share of growth accounted for by the Full Model:
 
                                      Share
-------------------------------------------
GDP per person                         99.4
GDP per person (mkt)                  100.3
GDP (mkt) per worker                  102.8
Labor Force Participation (LFP)        93.7
Earnings                              100.8
ConsumpYoung (total)                   89.4
EarningsYoung (market)                 88.6
GDPYoung (market)                      91.5
WageGapWW                             169.6
WageGapBM                             143.4
WageGapBW                             129.0
EarningsWM                             91.0
EarningsWW                            105.7
EarningsBM                            100.2
EarningsBW                            101.0
