SolveEqmBasic_ThetaLow                 05-Oct-2026 
 
'SolveEqmBasic' is a script from the file /workspace/output/replication/codebase/SolveEqmBasic.m

 SolveEqmBasic.m    

  Takes the TalentData.mat data on Taus, Z's, A(i,t).
  Solves for the equilibrium w(i) and Y

  See 2015-06-02-SolvingGE.pdf notes (old but somewhat useful?)

  Method: For each year,
    1. Guess values for {mgtilde}, Y ==> 5 unknowns
    2. Solve for {wi} from Hi^supply = Hi^demand
    3. Compute mghat, Yhat 
    4. Iterate until converge.


Additional help for built-in functions and operators is
available in the online version of the manual.  Use the command
'doc <topic>' to search the manual index.

Help and information about Octave is also available on the WWW
at https://www.octave.org and via the help@octave.org
mailing list.
 
=============================================================
KEY PARAMETER VALUES:    CaseName = ThetaLow
                   theta =  1.5000
                     eta =  0.1030
            theta*(1-eta)=  1.3455
                    dlta =  0.0000
                      mu =  0.7432
                   sigma =  3.0000
           EstimateDelta =  0.0000
           ConstrainTauH = -0.8000
PurgeWageGrowthSelection =     0
      AlphaSplitTauW1960 =  0.5000
   OccupationforWageHome = 23 Secretaries                               
   Alpha0FixedSplit =  0.5000
=============================================================
 
...... 
 
                                         Wages                          H(i,t)                 HYoung
 
                 Data60 Model60Data2010   Model      Data60   ModelData2010   Model      Data60   ModelData2010   Model
-----------------------------------------------------------------------------------------------------------------------
Home               3622    3619    6429    6559       1.074   1.090   1.358   1.305       0.359   0.375   0.323   0.321
Managers           4190    4210    6215    6923       0.691   0.689   1.448   1.069       0.131   0.129   0.238   0.244
MgmtRelated        2445    2440    4353    4348       0.292   0.297   0.869   0.890       0.088   0.093   0.203   0.202
Architects          256     255     464     465       0.082   0.084   0.185   0.187       0.022   0.024   0.045   0.046
Engineers          2870    2850    3081    2919       0.192   0.199   0.409   0.491       0.071   0.078   0.105   0.109
Math/CompSci        259     256    2868    2717       0.059   0.061   0.459   0.550       0.026   0.028   0.116   0.116
Science             933     928    1074    1022       0.115   0.119   0.293   0.347       0.046   0.050   0.086   0.086
Doctors            1275    1295    1799    2132       0.303   0.292   0.716   0.439       0.059   0.049   0.103   0.100
Nurses              507     507    1192    1191       0.298   0.303   0.500   0.512       0.096   0.101   0.129   0.133
Therapists          128     128     754     740       0.091   0.091   0.314   0.338       0.033   0.033   0.097   0.099
Professors          673     673    1030    1081       0.147   0.148   0.432   0.381       0.036   0.038   0.093   0.093
Teachers           1611    1609    2403    2295       0.364   0.370   0.632   0.740       0.113   0.119   0.185   0.189
Librarians           72      72     134     148       0.162   0.165   0.221   0.169       0.038   0.041   0.042   0.046
Soc.Scientists      349     348     744     720       0.090   0.092   0.333   0.374       0.032   0.034   0.084   0.084
SocialWork          651     652     888     830       0.199   0.201   0.389   0.486       0.060   0.061   0.111   0.113
Lawyers            1056    1065    2411    2477       0.170   0.168   0.478   0.449       0.043   0.041   0.104   0.098
Arts/Athletes      1318    1317    1990    1869       0.212   0.215   0.469   0.577       0.079   0.082   0.145   0.134
HealthTechs         279     279     966     891       0.232   0.235   0.400   0.519       0.079   0.082   0.118   0.117
Eng.Techs          1299    1284    1095    1021       0.128   0.135   0.319   0.401       0.065   0.071   0.087   0.087
ScienceTechs        722     716     327     299       0.119   0.124   0.187   0.250       0.053   0.058   0.055   0.055
OtherTechs          477     475    2986    2869       0.127   0.130   0.504   0.579       0.041   0.044   0.123   0.122
Sales              3870    3880    5330    5388       0.504   0.506   1.091   1.078       0.140   0.143   0.277   0.254
Secretaries         293     291     416     357       0.398   0.409   0.267   0.430       0.142   0.154   0.066   0.064
Info.Clerks         255     253     453     395       0.171   0.176   0.323   0.497       0.064   0.070   0.113   0.106
Records             428     427     352     319       0.206   0.211   0.251   0.344       0.054   0.058   0.074   0.072
FinancialClerk      520     518     487     444       0.367   0.377   0.389   0.524       0.114   0.124   0.093   0.092
OfficeMachine       397     393      73      87       0.172   0.179   0.246   0.149       0.081   0.089   0.031   0.036
ComputerTech        166     164     230     200       0.231   0.239   0.176   0.274       0.086   0.093   0.041   0.040
Mail                710     707     517     529       0.234   0.240   0.443   0.422       0.060   0.066   0.067   0.068
Clerks              947     943    1435    1345       0.245   0.252   0.488   0.604       0.079   0.085   0.136   0.134
Insurance           448     445    1396    1261       0.094   0.097   0.467   0.646       0.036   0.040   0.156   0.151
Misc.Admin         1838    1830     793     700       0.452   0.464   0.411   0.609       0.146   0.158   0.123   0.118
PrivateHshld        156     156     125     127       0.362   0.363   0.382   0.369       0.074   0.076   0.087   0.088
Firefighting        511     505    1072    1023       0.117   0.123   0.208   0.244       0.042   0.048   0.055   0.057
Police              851     843    2135    2083       0.148   0.155   0.416   0.457       0.059   0.065   0.107   0.110
Guards              312     312     854     805       0.188   0.191   0.319   0.389       0.039   0.042   0.101   0.096
FoodPrep            501     502    1797    1525       0.532   0.534   0.299   0.500       0.139   0.141   0.133   0.123
HealthService       167     167     555     515       0.310   0.315   0.441   0.562       0.098   0.103   0.145   0.143
Cleaning            266     266     935     971       0.343   0.346   0.424   0.386       0.060   0.063   0.084   0.086
PersonalService     552     557     780     736       0.443   0.438   0.443   0.538       0.126   0.121   0.143   0.133
FarmMgrs           1031    1049     612     665       0.491   0.471   0.339   0.269       0.109   0.090   0.063   0.053
FarmWork            452     463     589     513       0.319   0.302   0.174   0.268       0.118   0.102   0.064   0.060
Agriculture         206     206    1031     963       0.143   0.144   0.270   0.338       0.044   0.045   0.085   0.080
Forest              205     206     280     277       0.161   0.160   0.177   0.186       0.046   0.045   0.039   0.039
Mechanics          1309    1305    2141    2039       0.232   0.238   0.356   0.420       0.082   0.087   0.087   0.086
Elec.Repairer      1326    1315    1414    1311       0.147   0.153   0.270   0.346       0.069   0.075   0.074   0.072
Misc.Repairer      1674    1669    1044    1011       0.296   0.303   0.289   0.324       0.088   0.094   0.066   0.065
Construction       2459    2459    4115    3843       0.341   0.346   0.481   0.602       0.106   0.111   0.131   0.122
Extractive          651     648     745     652       0.159   0.164   0.106   0.161       0.055   0.059   0.045   0.042
Supervisor(P)      1638    1636     906     936       0.392   0.398   0.427   0.394       0.081   0.087   0.068   0.071
MetalWork          1491    1485     565     545       0.263   0.270   0.255   0.290       0.077   0.084   0.046   0.047
WoodWork            188     187     141     133       0.112   0.114   0.116   0.142       0.030   0.033   0.025   0.024
Textiles            230     229      81      82       0.460   0.468   0.155   0.149       0.111   0.120   0.024   0.025
Other               418     417     411     379       0.153   0.156   0.259   0.336       0.050   0.053   0.097   0.096
Food                529     528     383     352       0.187   0.190   0.247   0.325       0.054   0.058   0.072   0.071
PlantOperator       870     865     535     536       0.170   0.175   0.213   0.217       0.047   0.052   0.043   0.044
MetalMach.          507     504     278     241       0.208   0.214   0.150   0.236       0.052   0.057   0.040   0.037
MetalProc.          194     193     129     116       0.130   0.134   0.121   0.168       0.035   0.038   0.027   0.027
WoodMach.           166     166     491     467       0.116   0.117   0.205   0.242       0.040   0.041   0.050   0.050
TextileMach.        748     743     297     271       0.173   0.178   0.216   0.291       0.057   0.062   0.044   0.044
PrintMach.          275     275     207     175       0.364   0.368   0.208   0.355       0.095   0.099   0.052   0.049
OtherMach.         3052    3043    1316    1203       0.571   0.583   0.357   0.477       0.179   0.191   0.093   0.089
Fabricators        1124    1120    1241    1085       0.340   0.348   0.301   0.459       0.104   0.112   0.084   0.080
Prod.Inspectors     666     664     722     668       0.293   0.300   0.288   0.371       0.081   0.087   0.071   0.070
MotorVehicle       2304    2304    2140    2197       0.345   0.349   0.608   0.573       0.119   0.123   0.119   0.119
OtherVehicle       1109    1107    1053     998       0.257   0.262   0.213   0.255       0.070   0.074   0.054   0.054
Freight            1743    1742    1411    1270       0.356   0.361   0.344   0.481       0.124   0.129   0.103   0.098
 
 
1960 and 2010 quantities
White Men p(:,WM) for        Young Cohort                          Middle-Aged Cohort                      Old-Aged Cohort
 
                     Data60  Model60 Data2010Model2010      Data60  Model60 Data2010Model2010      Data60  Model60 Data2010Model2010
------------------------------------------------------------------------------------------------------------------------------------
Home                 0.0863   0.0863   0.1505   0.1607      0.0769   0.0769   0.1237   0.1573      0.1108   0.1108   0.1621   0.0980
Managers             0.0771   0.0777   0.0740   0.0902      0.1176   0.1176   0.1180   0.0904      0.1264   0.1264   0.1236   0.0962
MgmtRelated          0.0318   0.0318   0.0398   0.0412      0.0296   0.0296   0.0410   0.0417      0.0233   0.0233   0.0407   0.0372
Architects           0.0008   0.0008   0.0015   0.0015      0.0008   0.0008   0.0017   0.0023      0.0007   0.0007   0.0017   0.0022
Engineers            0.0298   0.0295   0.0185   0.0177      0.0251   0.0251   0.0186   0.0209      0.0154   0.0154   0.0219   0.0263
Math/CompSci         0.0008   0.0008   0.0240   0.0230      0.0004   0.0004   0.0236   0.0214      0.0002   0.0002   0.0175   0.0098
Science              0.0063   0.0063   0.0054   0.0051      0.0047   0.0047   0.0048   0.0060      0.0029   0.0029   0.0042   0.0049
Doctors              0.0083   0.0085   0.0058   0.0078      0.0102   0.0102   0.0095   0.0096      0.0082   0.0082   0.0103   0.0112
Nurses               0.0025   0.0025   0.0044   0.0046      0.0022   0.0022   0.0054   0.0035      0.0026   0.0026   0.0044   0.0030
Therapists           0.0004   0.0004   0.0028   0.0028      0.0003   0.0003   0.0033   0.0025      0.0004   0.0004   0.0023   0.0015
Professors           0.0033   0.0033   0.0070   0.0079      0.0033   0.0033   0.0068   0.0063      0.0026   0.0026   0.0062   0.0047
Teachers             0.0188   0.0187   0.0239   0.0231      0.0110   0.0110   0.0229   0.0192      0.0087   0.0087   0.0171   0.0146
Librarians           0.0002   0.0002   0.0004   0.0004      0.0002   0.0002   0.0006   0.0005      0.0002   0.0002   0.0005   0.0006
Soc.Scientists       0.0013   0.0013   0.0028   0.0028      0.0010   0.0010   0.0031   0.0019      0.0006   0.0006   0.0024   0.0028
SocialWork           0.0073   0.0073   0.0070   0.0065      0.0064   0.0064   0.0068   0.0055      0.0058   0.0058   0.0065   0.0058
Lawyers              0.0052   0.0053   0.0073   0.0079      0.0051   0.0051   0.0098   0.0091      0.0055   0.0055   0.0094   0.0099
Arts/Athletes        0.0127   0.0127   0.0180   0.0170      0.0096   0.0096   0.0162   0.0176      0.0070   0.0070   0.0125   0.0165
HealthTechs          0.0019   0.0019   0.0069   0.0064      0.0014   0.0014   0.0058   0.0049      0.0012   0.0012   0.0044   0.0041
Eng.Techs            0.0149   0.0147   0.0078   0.0073      0.0074   0.0074   0.0080   0.0089      0.0037   0.0037   0.0082   0.0153
ScienceTechs         0.0065   0.0064   0.0013   0.0012      0.0040   0.0040   0.0011   0.0011      0.0022   0.0022   0.0011   0.0021
OtherTechs           0.0033   0.0033   0.0197   0.0193      0.0029   0.0029   0.0200   0.0214      0.0016   0.0016   0.0172   0.0195
Sales                0.0767   0.0770   0.0889   0.0936      0.0748   0.0748   0.0912   0.0963      0.0669   0.0669   0.0896   0.1102
Secretaries          0.0019   0.0019   0.0024   0.0020      0.0013   0.0013   0.0017   0.0014      0.0014   0.0014   0.0016   0.0009
Info.Clerks          0.0016   0.0015   0.0035   0.0029      0.0015   0.0015   0.0020   0.0023      0.0009   0.0009   0.0019   0.0024
Records              0.0024   0.0024   0.0021   0.0018      0.0025   0.0025   0.0014   0.0015      0.0024   0.0024   0.0014   0.0018
FinancialClerk       0.0049   0.0049   0.0030   0.0027      0.0037   0.0037   0.0023   0.0025      0.0037   0.0037   0.0022   0.0028
OfficeMachine        0.0031   0.0031   0.0002   0.0003      0.0010   0.0010   0.0004   0.0007      0.0006   0.0006   0.0007   0.0003
ComputerTech         0.0007   0.0007   0.0010   0.0008      0.0005   0.0005   0.0009   0.0015      0.0004   0.0004   0.0010   0.0048
Mail                 0.0075   0.0074   0.0033   0.0036      0.0114   0.0114   0.0048   0.0042      0.0087   0.0087   0.0066   0.0068
Clerks               0.0144   0.0143   0.0210   0.0197      0.0131   0.0131   0.0171   0.0190      0.0132   0.0132   0.0165   0.0188
Insurance            0.0032   0.0031   0.0155   0.0138      0.0019   0.0019   0.0100   0.0116      0.0013   0.0013   0.0081   0.0048
Misc.Admin           0.0308   0.0306   0.0067   0.0058      0.0251   0.0251   0.0043   0.0048      0.0245   0.0245   0.0039   0.0071
PrivateHshld         0.0010   0.0010   0.0010   0.0011      0.0010   0.0010   0.0012   0.0008      0.0013   0.0013   0.0012   0.0011
Firefighting         0.0048   0.0047   0.0058   0.0056      0.0044   0.0044   0.0065   0.0050      0.0029   0.0029   0.0046   0.0045
Police               0.0103   0.0101   0.0181   0.0181      0.0079   0.0079   0.0226   0.0192      0.0060   0.0060   0.0144   0.0136
Guards               0.0026   0.0026   0.0084   0.0080      0.0036   0.0036   0.0062   0.0052      0.0062   0.0062   0.0059   0.0066
FoodPrep             0.0075   0.0076   0.0440   0.0356      0.0087   0.0087   0.0227   0.0204      0.0109   0.0109   0.0127   0.0165
HealthService        0.0017   0.0017   0.0056   0.0052      0.0014   0.0014   0.0038   0.0027      0.0016   0.0016   0.0034   0.0031
Cleaning             0.0032   0.0032   0.0132   0.0145      0.0053   0.0053   0.0160   0.0113      0.0099   0.0099   0.0207   0.0176
PersonalService      0.0073   0.0074   0.0081   0.0077      0.0055   0.0055   0.0068   0.0060      0.0078   0.0078   0.0059   0.0039
FarmMgrs             0.0331   0.0340   0.0045   0.0053      0.0465   0.0465   0.0054   0.0057      0.0606   0.0606   0.0080   0.0116
FarmWork             0.0152   0.0157   0.0090   0.0076      0.0114   0.0114   0.0066   0.0042      0.0128   0.0128   0.0050   0.0055
Agriculture          0.0018   0.0018   0.0183   0.0171      0.0018   0.0018   0.0157   0.0112      0.0024   0.0024   0.0120   0.0088
Forest               0.0025   0.0026   0.0017   0.0018      0.0025   0.0025   0.0023   0.0024      0.0028   0.0028   0.0022   0.0025
Mechanics            0.0243   0.0242   0.0291   0.0280      0.0221   0.0221   0.0317   0.0362      0.0188   0.0188   0.0350   0.0385
Elec.Repairer        0.0183   0.0181   0.0145   0.0134      0.0118   0.0118   0.0142   0.0146      0.0063   0.0063   0.0121   0.0117
Misc.Repairer        0.0308   0.0307   0.0097   0.0096      0.0339   0.0339   0.0113   0.0103      0.0341   0.0341   0.0136   0.0132
Construction         0.0507   0.0507   0.0910   0.0851      0.0542   0.0542   0.0892   0.0890      0.0512   0.0512   0.0801   0.0936
Extractive           0.0075   0.0075   0.0041   0.0035      0.0071   0.0071   0.0023   0.0012      0.0067   0.0067   0.0020   0.0022
Supervisor(P)        0.0216   0.0216   0.0064   0.0070      0.0343   0.0343   0.0107   0.0126      0.0366   0.0366   0.0121   0.0161
MetalWork            0.0219   0.0217   0.0039   0.0038      0.0253   0.0253   0.0055   0.0073      0.0222   0.0222   0.0071   0.0138
WoodWork             0.0013   0.0013   0.0007   0.0007      0.0016   0.0016   0.0008   0.0012      0.0015   0.0015   0.0010   0.0014
Textiles             0.0021   0.0021   0.0004   0.0004      0.0025   0.0025   0.0006   0.0006      0.0026   0.0026   0.0007   0.0013
Other                0.0035   0.0035   0.0027   0.0025      0.0034   0.0034   0.0020   0.0022      0.0028   0.0028   0.0018   0.0030
Food                 0.0060   0.0060   0.0038   0.0034      0.0056   0.0056   0.0030   0.0032      0.0069   0.0069   0.0029   0.0041
PlantOperator        0.0068   0.0068   0.0024   0.0025      0.0080   0.0080   0.0031   0.0026      0.0081   0.0081   0.0042   0.0048
MetalMach.           0.0049   0.0049   0.0017   0.0015      0.0062   0.0062   0.0017   0.0024      0.0067   0.0067   0.0019   0.0038
MetalProc.           0.0014   0.0013   0.0005   0.0005      0.0016   0.0016   0.0006   0.0013      0.0016   0.0016   0.0006   0.0016
WoodMach.            0.0016   0.0016   0.0041   0.0040      0.0014   0.0014   0.0042   0.0078      0.0016   0.0016   0.0046   0.0017
TextileMach.         0.0074   0.0073   0.0019   0.0017      0.0062   0.0062   0.0023   0.0032      0.0069   0.0069   0.0027   0.0059
PrintMach.           0.0032   0.0032   0.0016   0.0013      0.0035   0.0035   0.0016   0.0023      0.0037   0.0037   0.0014   0.0033
OtherMach.           0.0872   0.0868   0.0176   0.0160      0.0800   0.0800   0.0172   0.0177      0.0779   0.0779   0.0156   0.0234
Fabricators          0.0177   0.0176   0.0158   0.0134      0.0189   0.0189   0.0152   0.0165      0.0158   0.0158   0.0130   0.0221
Prod.Inspectors      0.0073   0.0073   0.0053   0.0048      0.0070   0.0070   0.0050   0.0055      0.0069   0.0069   0.0055   0.0064
MotorVehicle         0.0567   0.0568   0.0356   0.0384      0.0518   0.0518   0.0472   0.0451      0.0462   0.0462   0.0514   0.0491
OtherVehicle         0.0146   0.0145   0.0081   0.0077      0.0179   0.0179   0.0087   0.0077      0.0168   0.0168   0.0091   0.0097
Freight              0.0456   0.0456   0.0249   0.0220      0.0386   0.0386   0.0192   0.0174      0.0390   0.0390   0.0179   0.0272
 
 
1960 and 2010 quantities
White women p(:,WW) for      Young Cohort                          Middle-Aged Cohort                      Old-Aged Cohort
 
                     Data60  Model60 Data2010Model2010      Data60  Model60 Data2010Model2010      Data60  Model60 Data2010Model2010
------------------------------------------------------------------------------------------------------------------------------------
Home                 0.7388   0.7391   0.3087   0.3276      0.6698   0.6698   0.3235   0.3629      0.6238   0.6238   0.3149   0.3383
Managers             0.0068   0.0068   0.0587   0.0710      0.0145   0.0145   0.0722   0.0673      0.0217   0.0217   0.0727   0.0703
MgmtRelated          0.0033   0.0033   0.0467   0.0480      0.0046   0.0046   0.0509   0.0558      0.0058   0.0058   0.0525   0.0492
Architects           0.0000   0.0000   0.0008   0.0008      0.0000   0.0000   0.0005   0.0009      0.0000   0.0000   0.0004   0.0006
Engineers            0.0002   0.0002   0.0032   0.0030      0.0001   0.0001   0.0024   0.0032      0.0002   0.0002   0.0024   0.0037
Math/CompSci         0.0001   0.0001   0.0075   0.0071      0.0002   0.0002   0.0083   0.0087      0.0001   0.0001   0.0089   0.0059
Science              0.0003   0.0003   0.0046   0.0044      0.0003   0.0003   0.0029   0.0037      0.0002   0.0002   0.0021   0.0024
Doctors              0.0003   0.0003   0.0059   0.0078      0.0004   0.0004   0.0061   0.0058      0.0005   0.0005   0.0044   0.0044
Nurses               0.0109   0.0109   0.0328   0.0337      0.0107   0.0107   0.0322   0.0227      0.0118   0.0118   0.0346   0.0260
Therapists           0.0004   0.0004   0.0122   0.0122      0.0003   0.0003   0.0099   0.0086      0.0002   0.0002   0.0073   0.0054
Professors           0.0004   0.0004   0.0069   0.0077      0.0006   0.0006   0.0067   0.0060      0.0008   0.0008   0.0060   0.0038
Teachers             0.0167   0.0166   0.0772   0.0742      0.0171   0.0171   0.0731   0.0586      0.0310   0.0310   0.0637   0.0415
Librarians           0.0008   0.0008   0.0013   0.0015      0.0011   0.0011   0.0017   0.0014      0.0019   0.0019   0.0020   0.0013
Soc.Scientists       0.0003   0.0003   0.0051   0.0050      0.0003   0.0003   0.0043   0.0027      0.0003   0.0003   0.0031   0.0036
SocialWork           0.0015   0.0015   0.0119   0.0110      0.0017   0.0017   0.0103   0.0091      0.0025   0.0025   0.0089   0.0068
Lawyers              0.0001   0.0001   0.0062   0.0066      0.0001   0.0001   0.0058   0.0061      0.0001   0.0001   0.0043   0.0052
Arts/Athletes        0.0039   0.0039   0.0155   0.0145      0.0028   0.0028   0.0113   0.0145      0.0031   0.0031   0.0104   0.0144
HealthTechs          0.0035   0.0035   0.0178   0.0162      0.0037   0.0037   0.0170   0.0125      0.0055   0.0055   0.0160   0.0162
Eng.Techs            0.0005   0.0005   0.0024   0.0022      0.0006   0.0006   0.0017   0.0023      0.0003   0.0003   0.0021   0.0033
ScienceTechs         0.0006   0.0006   0.0007   0.0006      0.0006   0.0006   0.0005   0.0006      0.0003   0.0003   0.0006   0.0010
OtherTechs           0.0002   0.0002   0.0085   0.0083      0.0003   0.0003   0.0096   0.0111      0.0003   0.0003   0.0103   0.0110
Sales                0.0197   0.0198   0.0700   0.0732      0.0355   0.0355   0.0650   0.0725      0.0447   0.0447   0.0655   0.0763
Secretaries          0.0414   0.0411   0.0296   0.0243      0.0384   0.0384   0.0366   0.0287      0.0341   0.0341   0.0481   0.0522
Info.Clerks          0.0027   0.0027   0.0154   0.0129      0.0023   0.0023   0.0114   0.0130      0.0020   0.0020   0.0118   0.0133
Records              0.0019   0.0019   0.0050   0.0045      0.0025   0.0025   0.0051   0.0038      0.0028   0.0028   0.0063   0.0057
FinancialClerk       0.0149   0.0148   0.0145   0.0130      0.0178   0.0178   0.0197   0.0199      0.0176   0.0176   0.0237   0.0245
OfficeMachine        0.0049   0.0049   0.0003   0.0004      0.0039   0.0039   0.0004   0.0008      0.0032   0.0032   0.0006   0.0003
ComputerTech         0.0069   0.0068   0.0010   0.0009      0.0054   0.0054   0.0012   0.0019      0.0069   0.0069   0.0014   0.0074
Mail                 0.0003   0.0003   0.0012   0.0013      0.0007   0.0007   0.0024   0.0024      0.0007   0.0007   0.0040   0.0045
Clerks               0.0012   0.0012   0.0107   0.0100      0.0017   0.0017   0.0118   0.0115      0.0018   0.0018   0.0131   0.0130
Insurance            0.0001   0.0001   0.0275   0.0243      0.0002   0.0002   0.0226   0.0257      0.0002   0.0002   0.0219   0.0128
Misc.Admin           0.0296   0.0294   0.0220   0.0188      0.0337   0.0337   0.0198   0.0201      0.0350   0.0350   0.0232   0.0341
PrivateHshld         0.0022   0.0022   0.0076   0.0081      0.0042   0.0042   0.0108   0.0059      0.0080   0.0080   0.0105   0.0047
Firefighting         0.0000   0.0000   0.0003   0.0002      0.0000   0.0000   0.0003   0.0002      0.0000   0.0000   0.0002   0.0002
Police               0.0002   0.0002   0.0038   0.0038      0.0002   0.0002   0.0042   0.0033      0.0002   0.0002   0.0031   0.0022
Guards               0.0000   0.0000   0.0022   0.0021      0.0001   0.0001   0.0018   0.0014      0.0001   0.0001   0.0022   0.0016
FoodPrep             0.0163   0.0164   0.0416   0.0335      0.0229   0.0229   0.0266   0.0225      0.0244   0.0244   0.0242   0.0247
HealthService        0.0044   0.0044   0.0353   0.0325      0.0051   0.0051   0.0290   0.0203      0.0069   0.0069   0.0276   0.0170
Cleaning             0.0003   0.0003   0.0044   0.0048      0.0010   0.0010   0.0066   0.0035      0.0014   0.0014   0.0083   0.0051
PersonalService      0.0076   0.0077   0.0299   0.0283      0.0120   0.0120   0.0248   0.0273      0.0143   0.0143   0.0211   0.0210
FarmMgrs             0.0005   0.0005   0.0006   0.0007      0.0010   0.0010   0.0008   0.0007      0.0020   0.0020   0.0014   0.0015
FarmWork             0.0022   0.0022   0.0021   0.0018      0.0032   0.0032   0.0018   0.0012      0.0038   0.0038   0.0014   0.0012
Agriculture          0.0001   0.0001   0.0030   0.0028      0.0003   0.0003   0.0026   0.0018      0.0003   0.0003   0.0025   0.0019
Forest               0.0000   0.0000   0.0001   0.0001      0.0001   0.0001   0.0002   0.0001      0.0000   0.0000   0.0002   0.0001
Mechanics            0.0001   0.0001   0.0008   0.0008      0.0001   0.0001   0.0008   0.0010      0.0000   0.0000   0.0008   0.0009
Elec.Repairer        0.0002   0.0002   0.0008   0.0007      0.0001   0.0001   0.0008   0.0009      0.0001   0.0001   0.0009   0.0009
Misc.Repairer        0.0002   0.0002   0.0005   0.0005      0.0003   0.0003   0.0005   0.0006      0.0004   0.0004   0.0007   0.0009
Construction         0.0002   0.0002   0.0017   0.0016      0.0002   0.0002   0.0021   0.0023      0.0003   0.0003   0.0023   0.0024
Extractive           0.0000   0.0000   0.0001   0.0000      0.0000   0.0000   0.0001   0.0000      0.0000   0.0000   0.0001   0.0000
Supervisor(P)        0.0012   0.0012   0.0013   0.0014      0.0021   0.0021   0.0019   0.0028      0.0027   0.0027   0.0024   0.0031
MetalWork            0.0002   0.0002   0.0001   0.0001      0.0005   0.0005   0.0003   0.0004      0.0002   0.0002   0.0003   0.0007
WoodWork             0.0000   0.0000   0.0001   0.0001      0.0000   0.0000   0.0001   0.0001      0.0000   0.0000   0.0001   0.0002
Textiles             0.0085   0.0085   0.0003   0.0003      0.0121   0.0121   0.0004   0.0004      0.0160   0.0160   0.0007   0.0010
Other                0.0004   0.0004   0.0079   0.0072      0.0004   0.0004   0.0052   0.0050      0.0004   0.0004   0.0046   0.0018
Food                 0.0002   0.0002   0.0020   0.0018      0.0005   0.0005   0.0021   0.0016      0.0004   0.0004   0.0022   0.0016
PlantOperator        0.0001   0.0001   0.0001   0.0001      0.0001   0.0001   0.0002   0.0001      0.0001   0.0001   0.0002   0.0003
MetalMach.           0.0002   0.0002   0.0003   0.0002      0.0003   0.0003   0.0004   0.0006      0.0003   0.0003   0.0004   0.0007
MetalProc.           0.0000   0.0000   0.0001   0.0001      0.0000   0.0000   0.0001   0.0002      0.0000   0.0000   0.0002   0.0003
WoodMach.            0.0000   0.0000   0.0006   0.0006      0.0000   0.0000   0.0009   0.0021      0.0001   0.0001   0.0012   0.0003
TextileMach.         0.0003   0.0003   0.0004   0.0004      0.0004   0.0004   0.0006   0.0009      0.0004   0.0004   0.0007   0.0023
PrintMach.           0.0037   0.0037   0.0019   0.0015      0.0060   0.0060   0.0025   0.0030      0.0080   0.0080   0.0029   0.0076
OtherMach.           0.0261   0.0260   0.0045   0.0041      0.0375   0.0375   0.0059   0.0065      0.0345   0.0345   0.0066   0.0081
Fabricators          0.0054   0.0054   0.0032   0.0027      0.0082   0.0082   0.0042   0.0056      0.0062   0.0062   0.0051   0.0089
Prod.Inspectors      0.0041   0.0041   0.0023   0.0021      0.0068   0.0068   0.0027   0.0034      0.0066   0.0066   0.0034   0.0044
MotorVehicle         0.0004   0.0004   0.0030   0.0033      0.0007   0.0007   0.0053   0.0046      0.0005   0.0005   0.0073   0.0048
OtherVehicle         0.0001   0.0001   0.0002   0.0002      0.0002   0.0002   0.0002   0.0002      0.0002   0.0002   0.0002   0.0003
Freight              0.0014   0.0014   0.0052   0.0046      0.0016   0.0016   0.0064   0.0048      0.0018   0.0018   0.0067   0.0086
 
 
1980 and 2010 quantities (the 1960 ones fit by construction)
White Women p(:,WW) for      Young Cohort                          Middle-Aged Cohort                      Old-Aged Cohort
 
                     Data80  Model80 Data2010Model2010      Data80  Model80 Data2010Model2010      Data80  Model80 Data2010Model2010
------------------------------------------------------------------------------------------------------------------------------------
Home                 0.4606   0.4563   0.3087   0.3276      0.4763   0.6536   0.3235   0.3629      0.5097   0.7391   0.3149   0.3383
Managers             0.0341   0.0419   0.0587   0.0710      0.0377   0.0173   0.0722   0.0673      0.0356   0.0068   0.0727   0.0703
MgmtRelated          0.0264   0.0293   0.0467   0.0480      0.0221   0.0039   0.0509   0.0558      0.0200   0.0033   0.0525   0.0492
Architects           0.0003   0.0003   0.0008   0.0008      0.0001   0.0001   0.0005   0.0009      0.0001   0.0000   0.0004   0.0006
Engineers            0.0014   0.0013   0.0032   0.0030      0.0008   0.0002   0.0024   0.0032      0.0006   0.0002   0.0024   0.0037
Math/CompSci         0.0023   0.0023   0.0075   0.0071      0.0012   0.0008   0.0083   0.0087      0.0007   0.0001   0.0089   0.0059
Science              0.0015   0.0015   0.0046   0.0044      0.0008   0.0005   0.0029   0.0037      0.0005   0.0003   0.0021   0.0024
Doctors              0.0016   0.0019   0.0059   0.0078      0.0009   0.0007   0.0061   0.0058      0.0007   0.0003   0.0044   0.0044
Nurses               0.0226   0.0213   0.0328   0.0337      0.0183   0.0124   0.0322   0.0227      0.0169   0.0109   0.0346   0.0260
Therapists           0.0039   0.0032   0.0122   0.0122      0.0015   0.0009   0.0099   0.0086      0.0009   0.0004   0.0073   0.0054
Professors           0.0033   0.0040   0.0069   0.0077      0.0037   0.0025   0.0067   0.0060      0.0025   0.0004   0.0060   0.0038
Teachers             0.0512   0.0499   0.0772   0.0742      0.0432   0.0319   0.0731   0.0586      0.0318   0.0166   0.0637   0.0415
Librarians           0.0022   0.0022   0.0013   0.0015      0.0022   0.0012   0.0017   0.0014      0.0025   0.0008   0.0020   0.0013
Soc.Scientists       0.0020   0.0021   0.0051   0.0050      0.0013   0.0007   0.0043   0.0027      0.0008   0.0003   0.0031   0.0036
SocialWork           0.0064   0.0062   0.0119   0.0110      0.0045   0.0030   0.0103   0.0091      0.0037   0.0015   0.0089   0.0068
Lawyers              0.0024   0.0025   0.0062   0.0066      0.0009   0.0003   0.0058   0.0061      0.0005   0.0001   0.0043   0.0052
Arts/Athletes        0.0089   0.0089   0.0155   0.0145      0.0058   0.0034   0.0113   0.0145      0.0043   0.0039   0.0104   0.0144
HealthTechs          0.0143   0.0132   0.0178   0.0162      0.0094   0.0054   0.0170   0.0125      0.0073   0.0035   0.0160   0.0162
Eng.Techs            0.0028   0.0026   0.0024   0.0022      0.0019   0.0010   0.0017   0.0023      0.0015   0.0005   0.0021   0.0033
ScienceTechs         0.0009   0.0009   0.0007   0.0006      0.0005   0.0003   0.0005   0.0006      0.0006   0.0006   0.0006   0.0010
OtherTechs           0.0063   0.0068   0.0085   0.0083      0.0034   0.0014   0.0096   0.0111      0.0021   0.0002   0.0103   0.0110
Sales                0.0431   0.0468   0.0700   0.0732      0.0488   0.0237   0.0650   0.0725      0.0511   0.0198   0.0655   0.0763
Secretaries          0.0674   0.0644   0.0296   0.0243      0.0660   0.0571   0.0366   0.0287      0.0571   0.0411   0.0481   0.0522
Info.Clerks          0.0091   0.0095   0.0154   0.0129      0.0084   0.0049   0.0114   0.0130      0.0078   0.0027   0.0118   0.0133
Records              0.0086   0.0079   0.0050   0.0045      0.0075   0.0045   0.0051   0.0038      0.0078   0.0019   0.0063   0.0057
FinancialClerk       0.0265   0.0260   0.0145   0.0130      0.0284   0.0210   0.0197   0.0199      0.0303   0.0148   0.0237   0.0245
OfficeMachine        0.0004   0.0003   0.0003   0.0004      0.0004   0.0006   0.0004   0.0008      0.0004   0.0049   0.0006   0.0003
ComputerTech         0.0078   0.0076   0.0010   0.0009      0.0066   0.0039   0.0012   0.0019      0.0073   0.0068   0.0014   0.0074
Mail                 0.0022   0.0023   0.0012   0.0013      0.0022   0.0010   0.0024   0.0024      0.0023   0.0003   0.0040   0.0045
Clerks               0.0085   0.0089   0.0107   0.0100      0.0078   0.0027   0.0118   0.0115      0.0072   0.0012   0.0131   0.0130
Insurance            0.0060   0.0058   0.0275   0.0243      0.0041   0.0022   0.0226   0.0257      0.0031   0.0001   0.0219   0.0128
Misc.Admin           0.0336   0.0319   0.0220   0.0188      0.0330   0.0303   0.0198   0.0201      0.0317   0.0294   0.0232   0.0341
PrivateHshld         0.0034   0.0034   0.0076   0.0081      0.0051   0.0039   0.0108   0.0059      0.0064   0.0022   0.0105   0.0047
Firefighting         0.0001   0.0001   0.0003   0.0002      0.0000   0.0000   0.0003   0.0002      0.0000   0.0000   0.0002   0.0002
Police               0.0009   0.0009   0.0038   0.0038      0.0006   0.0003   0.0042   0.0033      0.0005   0.0002   0.0031   0.0022
Guards               0.0009   0.0011   0.0022   0.0021      0.0009   0.0002   0.0018   0.0014      0.0010   0.0000   0.0022   0.0016
FoodPrep             0.0206   0.0199   0.0416   0.0335      0.0240   0.0159   0.0266   0.0225      0.0262   0.0164   0.0242   0.0247
HealthService        0.0144   0.0143   0.0353   0.0325      0.0141   0.0077   0.0290   0.0203      0.0143   0.0044   0.0276   0.0170
Cleaning             0.0027   0.0031   0.0044   0.0048      0.0039   0.0007   0.0066   0.0035      0.0049   0.0003   0.0083   0.0051
PersonalService      0.0179   0.0185   0.0299   0.0283      0.0161   0.0155   0.0248   0.0273      0.0108   0.0077   0.0211   0.0210
FarmMgrs             0.0011   0.0014   0.0006   0.0007      0.0019   0.0007   0.0008   0.0007      0.0023   0.0005   0.0014   0.0015
FarmWork             0.0017   0.0016   0.0021   0.0018      0.0021   0.0012   0.0018   0.0012      0.0021   0.0022   0.0014   0.0012
Agriculture          0.0010   0.0010   0.0030   0.0028      0.0007   0.0003   0.0026   0.0018      0.0006   0.0001   0.0025   0.0019
Forest               0.0001   0.0001   0.0001   0.0001      0.0001   0.0000   0.0002   0.0001      0.0001   0.0000   0.0002   0.0001
Mechanics            0.0006   0.0006   0.0008   0.0008      0.0005   0.0004   0.0008   0.0010      0.0004   0.0001   0.0008   0.0009
Elec.Repairer        0.0010   0.0009   0.0008   0.0007      0.0007   0.0003   0.0008   0.0009      0.0006   0.0002   0.0009   0.0009
Misc.Repairer        0.0007   0.0006   0.0005   0.0005      0.0006   0.0006   0.0005   0.0006      0.0007   0.0002   0.0007   0.0009
Construction         0.0016   0.0016   0.0017   0.0016      0.0013   0.0008   0.0021   0.0023      0.0010   0.0002   0.0023   0.0024
Extractive           0.0001   0.0001   0.0001   0.0000      0.0001   0.0000   0.0001   0.0000      0.0000   0.0000   0.0001   0.0000
Supervisor(P)        0.0036   0.0042   0.0013   0.0014      0.0053   0.0017   0.0019   0.0028      0.0051   0.0012   0.0024   0.0031
MetalWork            0.0006   0.0006   0.0001   0.0001      0.0007   0.0004   0.0003   0.0004      0.0005   0.0002   0.0003   0.0007
WoodWork             0.0002   0.0002   0.0001   0.0001      0.0002   0.0001   0.0001   0.0001      0.0002   0.0000   0.0001   0.0002
Textiles             0.0011   0.0010   0.0003   0.0003      0.0017   0.0007   0.0004   0.0004      0.0021   0.0085   0.0007   0.0010
Other                0.0011   0.0011   0.0079   0.0072      0.0011   0.0004   0.0052   0.0050      0.0011   0.0004   0.0046   0.0018
Food                 0.0009   0.0009   0.0020   0.0018      0.0012   0.0005   0.0021   0.0016      0.0011   0.0002   0.0022   0.0016
PlantOperator        0.0002   0.0002   0.0001   0.0001      0.0002   0.0000   0.0002   0.0001      0.0001   0.0001   0.0002   0.0003
MetalMach.           0.0018   0.0017   0.0003   0.0002      0.0021   0.0017   0.0004   0.0006      0.0021   0.0002   0.0004   0.0007
MetalProc.           0.0007   0.0007   0.0001   0.0001      0.0008   0.0002   0.0001   0.0002      0.0008   0.0000   0.0002   0.0003
WoodMach.            0.0003   0.0003   0.0006   0.0006      0.0003   0.0001   0.0009   0.0021      0.0003   0.0000   0.0012   0.0003
TextileMach.         0.0017   0.0017   0.0004   0.0004      0.0015   0.0007   0.0006   0.0009      0.0013   0.0003   0.0007   0.0023
PrintMach.           0.0117   0.0118   0.0019   0.0015      0.0156   0.0174   0.0025   0.0030      0.0172   0.0037   0.0029   0.0076
OtherMach.           0.0105   0.0091   0.0045   0.0041      0.0125   0.0175   0.0059   0.0065      0.0122   0.0260   0.0066   0.0081
Fabricators          0.0108   0.0103   0.0032   0.0027      0.0128   0.0072   0.0042   0.0056      0.0126   0.0054   0.0051   0.0089
Prod.Inspectors      0.0048   0.0049   0.0023   0.0021      0.0064   0.0050   0.0027   0.0034      0.0078   0.0041   0.0034   0.0044
MotorVehicle         0.0034   0.0035   0.0030   0.0033      0.0046   0.0012   0.0053   0.0046      0.0032   0.0004   0.0073   0.0048
OtherVehicle         0.0007   0.0007   0.0002   0.0002      0.0007   0.0002   0.0002   0.0002      0.0007   0.0001   0.0002   0.0003
Freight              0.0086   0.0082   0.0052   0.0046      0.0100   0.0030   0.0064   0.0048      0.0103   0.0014   0.0067   0.0086
 
 
====================================================================== 
    PRODUCTION: w*H in data and model for various groups/cohorts
====================================================================== 
 
 
 
/// 1960 ///          Young                       Middle                      Old
 
               Data   Model       %        Data   Model       %        Data   Model       %
-------------------------------------------------------------------------------------------
White Men      4680    4858   103.8        6010    6012   100.0        5189    5193   100.1
White Women    1832    1907   104.1        2370    2369   100.0        2210    2210   100.0
Black Men       300     311   103.6         333     333   100.0         258     258   100.0
Black Women     196     224   114.5         184     184   100.0         117     117   100.1
 
Total income for the year:    Data = 23678  Model = 23976
 
 
/// 1970 ///          Young                       Middle                      Old
 
               Data   Model       %        Data   Model       %        Data   Model       %
-------------------------------------------------------------------------------------------
White Men      6175    6372   103.2        7035    7395   105.1        7248    7306   100.8
White Women    2817    2848   101.1        2933    2697    92.0        3173    3169    99.9
Black Men       486     495   101.9         470     454    96.5         397     396    99.5
Black Women     378     394   104.2         318     327   102.6         228     227    99.5
 
Total income for the year:    Data = 31660  Model = 32078
 
 
/// 1980 ///          Young                       Middle                      Old
 
               Data   Model       %        Data   Model       %        Data   Model       %
-------------------------------------------------------------------------------------------
White Men      7406    7484   101.1        6864    7394   107.7        6350    7243   114.0
White Women    4456    4568   102.5        3317    2991    90.2        2822    2471    87.6
Black Men       642     634    98.7         537     557   103.6         421     422   100.2
Black Women     592     594   100.3         422     419    99.5         284     289   101.6
 
Total income for the year:    Data = 34114  Model = 35065
 
 
/// 1990 ///          Young                       Middle                      Old
 
               Data   Model       %        Data   Model       %        Data   Model       %
-------------------------------------------------------------------------------------------
White Men      7301    7231    99.0        9138    9117    99.8        7037    7681   109.1
White Women    5361    5491   102.4        5431    5552   102.2        3487    3120    89.5
Black Men       671     671   100.0         753     786   104.3         552     584   105.8
Black Women     696     716   102.9         736     731    99.2         437     441   100.7
 
Total income for the year:    Data = 41601  Model = 42120
 
 
/// 2000 ///          Young                       Middle                      Old
 
               Data   Model       %        Data   Model       %        Data   Model       %
-------------------------------------------------------------------------------------------
White Men      6260    6016    96.1       11254   10743    95.5       11020   10792    97.9
White Women    4915    4909    99.9        7708    8765   113.7        6479    7426   114.6
Black Men       726     715    98.5        1085    1121   103.3         919     979   106.5
Black Women     793     804   101.4        1114    1226   110.0         897     970   108.1
 
Total income for the year:    Data = 53170  Model = 54465
 
 
/// 2010 ///          Young                       Middle                      Old
 
               Data   Model       %        Data   Model       %        Data   Model       %
-------------------------------------------------------------------------------------------
White Men      6122    5853    95.6        9078    8515    93.8       12177   11727    96.3
White Women    4964    4939    99.5        6532    7084   108.4        8309    9921   119.4
Black Men       733     715    97.5        1028     992    96.4        1152    1215   105.5
Black Women     812     815   100.5        1094    1147   104.8        1192    1351   113.3
 
Total income for the year:    Data = 53194  Model = 54272
 
 
==================================================================================== 
    EARNINGS (Market): (1-tauw)*w*H in data and model for various groups/cohorts
==================================================================================== 
 
 
 
/// 1960 ///          Young                       Middle                      Old
 
               Data   Model       %        Data   Model       %        Data   Model       %
-------------------------------------------------------------------------------------------
White Men      4282    4448   103.9        5534    5536   100.0        4537    4541   100.1
White Women     827     873   105.5        1129    1128    99.8        1136    1135    99.9
Black Men       231     239   103.8         255     254   100.0         194     194   100.0
Black Women      92      99   107.1         100     100   100.1          67      67   100.2
 
Market income for the year:   Data = 18383  Model = 18614
 
 
/// 1970 ///          Young                       Middle                      Old
 
               Data   Model       %        Data   Model       %        Data   Model       %
-------------------------------------------------------------------------------------------
White Men      5610    5806   103.5        6467    6810   105.3        6406    6479   101.1
White Women    1381    1418   102.6        1471    1402    95.3        1713    1703    99.4
Black Men       375     381   101.6         369     392   106.2         314     313    99.5
Black Women     210     214   102.0         186     193   103.5         142     142    99.9
 
Market income for the year:   Data = 24645  Model = 25250
 
 
/// 1980 ///          Young                       Middle                      Old
 
               Data   Model       %        Data   Model       %        Data   Model       %
-------------------------------------------------------------------------------------------
White Men      6816    6917   101.5        6360    6767   106.4        5584    6696   119.9
White Women    2701    2742   101.5        1914    1787    93.4        1646    1534    93.2
Black Men       503     492    98.0         402     467   116.2         311     397   127.3
Black Women     391     389    99.3         272     302   110.9         188     210   111.9
 
Market income for the year:   Data = 27088  Model = 28701
 
 
/// 1990 ///          Young                       Middle                      Old
 
               Data   Model       %        Data   Model       %        Data   Model       %
-------------------------------------------------------------------------------------------
White Men      6709    6675    99.5        8458    8427    99.6        6235    7028   112.7
White Women    3593    3656   101.8        3737    3950   105.7        2408    2179    90.5
Black Men       530     526    99.2         579     637   110.1         394     517   131.3
Black Women     484     489   101.1         521     528   101.3         305     348   114.0
 
Market income for the year:   Data = 33953  Model = 34960
 
 
/// 2000 ///          Young                       Middle                      Old
 
               Data   Model       %        Data   Model       %        Data   Model       %
-------------------------------------------------------------------------------------------
White Men      5442    5181    95.2        9497    9383    98.8        8871    9449   106.5
White Women    3176    3065    96.5        4636    5822   125.6        4312    5140   119.2
Black Men       508     483    95.1         709     798   112.4         566     728   128.7
Black Women     504     481    95.6         671     805   120.0         527     669   126.9
 
Market income for the year:   Data = 39419  Model = 42005
 
 
/// 2010 ///          Young                       Middle                      Old
 
               Data   Model       %        Data   Model       %        Data   Model       %
-------------------------------------------------------------------------------------------
White Men      5320    5050    94.9        8212    7490    91.2       10088   10418   103.3
White Women    3605    3510    97.4        4517    5006   110.8        5594    7425   132.7
Black Men       521     495    95.0         772     719    93.1         792     932   117.7
Black Women     568     546    96.0         766     789   103.0         787    1013   128.8
 
Market income for the year:   Data = 41541  Model = 43391
Production GDP = Total Labor Income (pre-tax) has been confirmed to the nearest dime per person :-).
 
 
GDP per person in data and model
 
        Year        Data       Model    ExitFlag
------------------------------------------------
        1960       23678       23976           1
        1970       31660       32078           1
        1980       34114       35065           1
        1990       41601       42120           1
        2000       53170       54465           1
        2010       53194       54272           1
 
 
GDP (mkt) per person in data and model
 
        Year        Data       Model
------------------------------------
        1960       18090       18310
        1970       24347       24423
        1980       27084       27383
        1990       34257       34051
        2000       38351       40190
        2010       40649       41951
 
 
GDP per worker (market) in data and model
 
        Year        Data       Model
------------------------------------
        1960       30222       30587
        1970       38305       39821
        1980       38571       42174
        1990       44864       47675
        2000       51345       54432
        2010       53546       56285
 
 
LFP in data and model
 
        Year        Data       Model
------------------------------------
        1960       0.599       0.599
        1970       0.636       0.613
        1980       0.702       0.649
        1990       0.764       0.714
        2000       0.747       0.738
        2010       0.759       0.745
 
 
Market Wage Gap in data and model
 
  Year      WWdata WWmodel      BMdata BMmodel      BWdata BWmodel
------------------------------------------------------------------
  1960       0.555   0.556       0.559   0.560       0.347   0.350
  1970       0.527   0.567       0.627   0.628       0.418   0.453
  1980       0.549   0.632       0.714   0.712       0.513   0.567
  1990       0.613   0.722       0.700   0.742       0.555   0.620
  2000       0.647   0.831       0.694   0.759       0.566   0.690
  2010       0.714   0.899       0.710   0.795       0.604   0.755
 
 
Earnings (market, after tauw) in data and model
 
        Year        Data       Model
------------------------------------
        1960       18383       18614
        1970       24645       25250
        1980       27088       28701
        1990       33953       34960
        2000       39419       42005
        2010       41541       43391
 
 
Earnings (market, after tauw) by Group in data and model
 
  Year      WMdata WMmodel      WWdata WWmodel      BMdata BMmodel      BWdata BWmodel
--------------------------------------------------------------------------------------
  1960       14352   14526        3093    3135         679     687         259     266
  1970       18483   19094        4566    4522        1058    1086         538     548
  1980       18760   20380        6261    6063        1216    1356         852     901
  1990       21402   22129        9738    9785        1503    1681        1310    1365
  2000       23810   24013       12124   14028        1783    2008        1701    1956
  2010       23619   22958       13716   15941        2085    2145        2121    2347
 
 
ConsumptionYoung (total) per young person in data and model (and Utility)
 
        Year        Data       Model     Utility
------------------------------------------------
        1960       25819       26905       16658
        1970       35428       36321       18825
        1980       34507       34696       16063
        1990       41556       41386       19392
        2000       49709       48276       30777
        2010       49792       48206       25206
 
 
EarningsYoung (market) per young person in data and model
 
        Year        Data       Model
------------------------------------
        1960       16290       16970
        1970       21968       22668
        1980       24391       24693
        1990       28486       28564
        2000       31605       30231
        2010       32063       30738
 
 
GDP (mkt) of only Young Cohorts...
 
  Year    Data   Model
----------------------
  1960   15650   16297
  1970   21490   22100
  1980   24648   25044
  1990   29226   29432
  2000   31053   30313
  2010   30900   30026
 
 
Share of growth accounted for by the Full Model:
 
                                      Share
-------------------------------------------
GDP per person                        100.9
GDP per person (mkt)                  102.4
GDP (mkt) per worker                  106.6
Labor Force Participation (LFP)        92.2
Earnings                              103.8
ConsumpYoung (total)                   88.8
EarningsYoung (market)                 87.7
GDPYoung (market)                      89.8
WageGapWW                             190.7
WageGapBM                             147.3
WageGapBW                             138.8
EarningsWM                             91.9
EarningsWW                            109.2
EarningsBM                            101.4
EarningsBW                            103.6
