SolveEqmBasic_NoFrictions2010                 05-Oct-2026 
 
'SolveEqmBasic' is a script from the file /workspace/output/replication/codebase/SolveEqmBasic.m

 SolveEqmBasic.m    

  Takes the TalentData.mat data on Taus, Z's, A(i,t).
  Solves for the equilibrium w(i) and Y

  See 2015-06-02-SolvingGE.pdf notes (old but somewhat useful?)

  Method: For each year,
    1. Guess values for {mgtilde}, Y ==> 5 unknowns
    2. Solve for {wi} from Hi^supply = Hi^demand
    3. Compute mghat, Yhat 
    4. Iterate until converge.


Additional help for built-in functions and operators is
available in the online version of the manual.  Use the command
'doc <topic>' to search the manual index.

Help and information about Octave is also available on the WWW
at https://www.octave.org and via the help@octave.org
mailing list.
 
=============================================================
KEY PARAMETER VALUES:    CaseName = NoFrictions2010
                   theta =  2.0000
                     eta =  0.1030
            theta*(1-eta)=  1.7940
                    dlta =  0.0000
                      mu =  0.5574
                   sigma =  3.0000
           EstimateDelta =  0.0000
           ConstrainTauH = -0.8000
PurgeWageGrowthSelection =     0
      AlphaSplitTauW1960 =  0.5000
   OccupationforWageHome = 23 Secretaries                               
   Alpha0FixedSplit =  0.5000
NoFrictions2010 = 1 -- choosing T(i,g,2010) s.t. set tauw(2010)=tauh(2010)=0
=============================================================
 
...... 
 
                                         Wages                          H(i,t)                 HYoung
 
                 Data60 Model60Data2010   Model      Data60   ModelData2010   Model      Data60   ModelData2010   Model
-----------------------------------------------------------------------------------------------------------------------
Home               6019    6013    9717    9862       0.814   0.827   0.952   0.929       0.286   0.299   0.232   0.231
Managers           7097    7130   10573   11572       0.384   0.383   0.679   0.528       0.073   0.073   0.107   0.113
MgmtRelated        4797    4790    8212    8043       0.141   0.144   0.391   0.425       0.043   0.045   0.091   0.088
Architects          933     932    1519    1500       0.022   0.023   0.051   0.054       0.006   0.006   0.012   0.012
Engineers          5693    5661    6604    6245       0.095   0.098   0.138   0.166       0.035   0.038   0.033   0.033
Math/CompSci        931     924    5885    5768       0.014   0.015   0.179   0.194       0.007   0.007   0.046   0.046
Science            2399    2387    2829    2688       0.043   0.044   0.094   0.112       0.017   0.018   0.027   0.026
Doctors            3131    3182    4678    5372       0.119   0.115   0.245   0.165       0.023   0.019   0.034   0.034
Nurses             1524    1521    3243    3381       0.150   0.153   0.391   0.352       0.048   0.051   0.103   0.111
Therapists          515     517    2217    2319       0.026   0.026   0.169   0.150       0.009   0.009   0.055   0.060
Professors         1928    1929    2592    2697       0.048   0.049   0.148   0.134       0.012   0.013   0.032   0.032
Teachers           3453    3450    4935    4930       0.195   0.198   0.419   0.428       0.059   0.062   0.123   0.128
Librarians          335     334     551     629       0.061   0.062   0.089   0.061       0.014   0.015   0.017   0.020
Soc.Scientists     1168    1163    2185    2088       0.026   0.027   0.117   0.137       0.009   0.010   0.030   0.029
SocialWork         1633    1635    2240    2139       0.080   0.080   0.176   0.206       0.024   0.025   0.051   0.051
Lawyers            2802    2825    6027    6120       0.062   0.062   0.160   0.156       0.016   0.015   0.033   0.031
Arts/Athletes      3016    3014    4283    4001       0.087   0.089   0.177   0.222       0.032   0.034   0.054   0.048
HealthTechs         879     879    2439    2382       0.088   0.089   0.230   0.252       0.029   0.031   0.068   0.068
Eng.Techs          2892    2864    2709    2452       0.054   0.056   0.096   0.132       0.028   0.030   0.025   0.024
ScienceTechs       1846    1832    1095     978       0.043   0.045   0.043   0.062       0.020   0.021   0.012   0.012
OtherTechs         1368    1364    6332    6076       0.040   0.041   0.165   0.190       0.013   0.014   0.041   0.040
Sales              6560    6578    8795    8675       0.271   0.272   0.503   0.535       0.077   0.078   0.122   0.109
Secretaries         918     913    1254    1248       0.470   0.484   0.586   0.606       0.168   0.182   0.127   0.131
Info.Clerks         826     821    1284    1226       0.064   0.066   0.198   0.232       0.024   0.026   0.068   0.066
Records            1291    1288    1087    1077       0.074   0.075   0.124   0.130       0.019   0.021   0.035   0.036
FinancialClerk     1393    1388    1411    1422       0.193   0.197   0.297   0.296       0.058   0.063   0.066   0.069
OfficeMachine      1148    1138     325     393       0.065   0.068   0.078   0.045       0.030   0.033   0.010   0.012
ComputerTech        608     604     805     692       0.073   0.076   0.061   0.099       0.027   0.029   0.014   0.013
Mail               1774    1766    1475    1508       0.091   0.093   0.137   0.131       0.024   0.027   0.022   0.022
Clerks             2122    2113    3012    2830       0.103   0.106   0.195   0.240       0.034   0.036   0.055   0.053
Insurance          1292    1283    3081    2803       0.031   0.033   0.247   0.334       0.012   0.013   0.082   0.076
Misc.Admin         3627    3612    2012    1857       0.259   0.265   0.256   0.331       0.083   0.089   0.075   0.071
PrivateHshld        542     544     435     529       0.175   0.176   0.290   0.165       0.035   0.036   0.066   0.080
Firefighting       1376    1364    2783    2698       0.043   0.044   0.067   0.075       0.016   0.017   0.018   0.018
Police             2018    2000    4590    4469       0.059   0.062   0.152   0.168       0.024   0.026   0.038   0.039
Guards              929     928    2087    1988       0.061   0.062   0.110   0.130       0.013   0.014   0.035   0.033
FoodPrep           1250    1254    3334    3092       0.213   0.214   0.205   0.263       0.056   0.057   0.089   0.083
HealthService       532     531    1453    1567       0.158   0.161   0.430   0.350       0.051   0.054   0.140   0.154
Cleaning            765     766    2119    2216       0.114   0.115   0.187   0.167       0.021   0.022   0.038   0.039
PersonalService    1386    1397    1918    1849       0.219   0.216   0.274   0.312       0.061   0.059   0.089   0.082
FarmMgrs           2009    2046    1662    1751       0.234   0.225   0.105   0.092       0.054   0.044   0.020   0.017
FarmWork           1005    1023    1425    1295       0.118   0.113   0.074   0.100       0.044   0.039   0.027   0.025
Agriculture         652     653    2214    2138       0.040   0.040   0.119   0.135       0.013   0.013   0.037   0.035
Forest              613     619     892     874       0.048   0.048   0.047   0.051       0.014   0.014   0.010   0.010
Mechanics          2688    2681    4256    4051       0.110   0.112   0.170   0.201       0.038   0.041   0.041   0.040
Elec.Repairer      2854    2832    3156    2978       0.066   0.068   0.108   0.132       0.031   0.033   0.030   0.029
Misc.Repairer      3304    3295    2490    2434       0.144   0.147   0.109   0.119       0.043   0.046   0.025   0.024
Construction       4466    4466    6764    6390       0.181   0.184   0.274   0.332       0.056   0.059   0.075   0.069
Extractive         1626    1620    2054    1887       0.062   0.063   0.037   0.048       0.021   0.023   0.016   0.015
Supervisor(P)      3428    3425    2316    2318       0.174   0.177   0.139   0.142       0.036   0.039   0.022   0.023
MetalWork          3116    3104    1574    1465       0.120   0.123   0.081   0.102       0.035   0.038   0.015   0.014
WoodWork            624     622     518     483       0.032   0.033   0.030   0.038       0.009   0.009   0.006   0.006
Textiles            711     710     331     341       0.131   0.133   0.047   0.044       0.031   0.034   0.007   0.008
Other              1185    1182    1209    1221       0.054   0.055   0.118   0.117       0.018   0.019   0.045   0.046
Food               1373    1370    1069     979       0.068   0.069   0.075   0.100       0.020   0.021   0.022   0.021
PlantOperator      2206    2198    1615    1596       0.065   0.067   0.062   0.066       0.018   0.020   0.012   0.013
MetalMach.         1357    1352     885     776       0.072   0.073   0.042   0.064       0.018   0.020   0.011   0.010
MetalProc.          643     641     501     442       0.039   0.040   0.028   0.041       0.010   0.011   0.006   0.006
WoodMach.           537     539    1349    1303       0.034   0.034   0.070   0.080       0.012   0.012   0.017   0.017
TextileMach.       1871    1862     933     837       0.065   0.067   0.058   0.082       0.021   0.023   0.012   0.011
PrintMach.          790     791     665     587       0.125   0.127   0.083   0.123       0.033   0.034   0.020   0.018
OtherMach.         5064    5050    2844    2634       0.294   0.300   0.155   0.199       0.094   0.101   0.041   0.038
Fabricators        2432    2423    2730    2434       0.132   0.136   0.131   0.188       0.041   0.044   0.037   0.034
Prod.Inspectors    1670    1665    1909    1777       0.099   0.101   0.093   0.118       0.028   0.030   0.023   0.022
MotorVehicle       4105    4107    4113    4213       0.190   0.192   0.274   0.260       0.066   0.068   0.056   0.057
OtherVehicle       2479    2475    2591    2492       0.110   0.112   0.087   0.100       0.030   0.032   0.022   0.022
Freight            3222    3221    2879    2662       0.192   0.195   0.160   0.206       0.067   0.070   0.050   0.046
 
 
1960 and 2010 quantities
White Men p(:,WM) for        Young Cohort                          Middle-Aged Cohort                      Old-Aged Cohort
 
                     Data60  Model60 Data2010Model2010      Data60  Model60 Data2010Model2010      Data60  Model60 Data2010Model2010
------------------------------------------------------------------------------------------------------------------------------------
Home                 0.0863   0.0862   0.1505   0.1604      0.0769   0.0769   0.1237   0.1587      0.1108   0.1108   0.1621   0.0959
Managers             0.0771   0.0778   0.0740   0.0917      0.1176   0.1176   0.1180   0.0930      0.1264   0.1264   0.1236   0.0976
MgmtRelated          0.0318   0.0318   0.0398   0.0395      0.0296   0.0296   0.0410   0.0423      0.0233   0.0233   0.0407   0.0383
Architects           0.0008   0.0008   0.0015   0.0015      0.0008   0.0008   0.0017   0.0024      0.0007   0.0007   0.0017   0.0022
Engineers            0.0298   0.0295   0.0185   0.0171      0.0251   0.0251   0.0186   0.0207      0.0154   0.0154   0.0219   0.0255
Math/CompSci         0.0008   0.0008   0.0240   0.0239      0.0004   0.0004   0.0236   0.0230      0.0002   0.0002   0.0175   0.0098
Science              0.0063   0.0063   0.0054   0.0050      0.0047   0.0047   0.0048   0.0062      0.0029   0.0029   0.0042   0.0049
Doctors              0.0083   0.0085   0.0058   0.0079      0.0102   0.0102   0.0095   0.0104      0.0082   0.0082   0.0103   0.0120
Nurses               0.0025   0.0025   0.0044   0.0050      0.0022   0.0022   0.0054   0.0035      0.0026   0.0026   0.0044   0.0031
Therapists           0.0004   0.0004   0.0028   0.0031      0.0003   0.0003   0.0033   0.0026      0.0004   0.0004   0.0023   0.0016
Professors           0.0033   0.0033   0.0070   0.0079      0.0033   0.0033   0.0068   0.0067      0.0026   0.0026   0.0062   0.0049
Teachers             0.0188   0.0187   0.0239   0.0247      0.0110   0.0110   0.0229   0.0198      0.0087   0.0087   0.0171   0.0151
Librarians           0.0002   0.0002   0.0004   0.0005      0.0002   0.0002   0.0006   0.0005      0.0002   0.0002   0.0005   0.0006
Soc.Scientists       0.0013   0.0013   0.0028   0.0026      0.0010   0.0010   0.0031   0.0019      0.0006   0.0006   0.0024   0.0030
SocialWork           0.0073   0.0073   0.0070   0.0066      0.0064   0.0064   0.0068   0.0058      0.0058   0.0058   0.0065   0.0060
Lawyers              0.0052   0.0053   0.0073   0.0078      0.0051   0.0051   0.0098   0.0096      0.0055   0.0055   0.0094   0.0105
Arts/Athletes        0.0127   0.0127   0.0180   0.0163      0.0096   0.0096   0.0162   0.0176      0.0070   0.0070   0.0125   0.0168
HealthTechs          0.0019   0.0019   0.0069   0.0068      0.0014   0.0014   0.0058   0.0049      0.0012   0.0012   0.0044   0.0042
Eng.Techs            0.0149   0.0146   0.0078   0.0066      0.0074   0.0074   0.0080   0.0083      0.0037   0.0037   0.0082   0.0148
ScienceTechs         0.0065   0.0064   0.0013   0.0011      0.0040   0.0040   0.0011   0.0010      0.0022   0.0022   0.0011   0.0021
OtherTechs           0.0033   0.0033   0.0197   0.0188      0.0029   0.0029   0.0200   0.0220      0.0016   0.0016   0.0172   0.0197
Sales                0.0767   0.0771   0.0889   0.0894      0.0748   0.0748   0.0912   0.0936      0.0669   0.0669   0.0896   0.1124
Secretaries          0.0019   0.0019   0.0024   0.0025      0.0013   0.0013   0.0017   0.0013      0.0014   0.0014   0.0016   0.0009
Info.Clerks          0.0016   0.0015   0.0035   0.0033      0.0015   0.0015   0.0020   0.0023      0.0009   0.0009   0.0019   0.0025
Records              0.0024   0.0024   0.0021   0.0021      0.0025   0.0025   0.0014   0.0014      0.0024   0.0024   0.0014   0.0017
FinancialClerk       0.0049   0.0049   0.0030   0.0032      0.0037   0.0037   0.0023   0.0024      0.0037   0.0037   0.0022   0.0029
OfficeMachine        0.0031   0.0031   0.0002   0.0004      0.0010   0.0010   0.0004   0.0008      0.0006   0.0006   0.0007   0.0003
ComputerTech         0.0007   0.0007   0.0010   0.0008      0.0005   0.0005   0.0009   0.0013      0.0004   0.0004   0.0010   0.0048
Mail                 0.0075   0.0074   0.0033   0.0036      0.0114   0.0114   0.0048   0.0040      0.0087   0.0087   0.0066   0.0067
Clerks               0.0144   0.0142   0.0210   0.0192      0.0131   0.0131   0.0171   0.0186      0.0132   0.0132   0.0165   0.0184
Insurance            0.0032   0.0031   0.0155   0.0133      0.0019   0.0019   0.0100   0.0124      0.0013   0.0013   0.0081   0.0051
Misc.Admin           0.0308   0.0306   0.0067   0.0059      0.0251   0.0251   0.0043   0.0045      0.0245   0.0245   0.0039   0.0074
PrivateHshld         0.0010   0.0010   0.0010   0.0015      0.0010   0.0010   0.0012   0.0007      0.0013   0.0013   0.0012   0.0010
Firefighting         0.0048   0.0047   0.0058   0.0057      0.0044   0.0044   0.0065   0.0050      0.0029   0.0029   0.0046   0.0045
Police               0.0103   0.0101   0.0181   0.0178      0.0079   0.0079   0.0226   0.0191      0.0060   0.0060   0.0144   0.0133
Guards               0.0026   0.0026   0.0084   0.0079      0.0036   0.0036   0.0062   0.0050      0.0062   0.0062   0.0059   0.0067
FoodPrep             0.0075   0.0076   0.0440   0.0392      0.0087   0.0087   0.0227   0.0204      0.0109   0.0109   0.0127   0.0169
HealthService        0.0017   0.0017   0.0056   0.0067      0.0014   0.0014   0.0038   0.0027      0.0016   0.0016   0.0034   0.0031
Cleaning             0.0032   0.0032   0.0132   0.0150      0.0053   0.0053   0.0160   0.0109      0.0099   0.0099   0.0207   0.0179
PersonalService      0.0073   0.0074   0.0081   0.0078      0.0055   0.0055   0.0068   0.0063      0.0078   0.0078   0.0059   0.0041
FarmMgrs             0.0331   0.0343   0.0045   0.0051      0.0465   0.0465   0.0054   0.0054      0.0606   0.0606   0.0080   0.0112
FarmWork             0.0152   0.0157   0.0090   0.0077      0.0114   0.0114   0.0066   0.0041      0.0128   0.0128   0.0050   0.0055
Agriculture          0.0018   0.0018   0.0183   0.0177      0.0018   0.0018   0.0157   0.0115      0.0024   0.0024   0.0120   0.0091
Forest               0.0025   0.0026   0.0017   0.0017      0.0025   0.0025   0.0023   0.0024      0.0028   0.0028   0.0022   0.0026
Mechanics            0.0243   0.0242   0.0291   0.0273      0.0221   0.0221   0.0317   0.0361      0.0188   0.0188   0.0350   0.0382
Elec.Repairer        0.0183   0.0180   0.0145   0.0134      0.0118   0.0118   0.0142   0.0149      0.0063   0.0063   0.0121   0.0114
Misc.Repairer        0.0308   0.0306   0.0097   0.0096      0.0339   0.0339   0.0113   0.0104      0.0341   0.0341   0.0136   0.0131
Construction         0.0507   0.0507   0.0910   0.0840      0.0542   0.0542   0.0892   0.0878      0.0512   0.0512   0.0801   0.0939
Extractive           0.0075   0.0075   0.0041   0.0036      0.0071   0.0071   0.0023   0.0011      0.0067   0.0067   0.0020   0.0021
Supervisor(P)        0.0216   0.0216   0.0064   0.0067      0.0343   0.0343   0.0107   0.0119      0.0366   0.0366   0.0121   0.0152
MetalWork            0.0219   0.0217   0.0039   0.0035      0.0253   0.0253   0.0055   0.0069      0.0222   0.0222   0.0071   0.0137
WoodWork             0.0013   0.0013   0.0007   0.0007      0.0016   0.0016   0.0008   0.0012      0.0015   0.0015   0.0010   0.0013
Textiles             0.0021   0.0021   0.0004   0.0004      0.0025   0.0025   0.0006   0.0006      0.0026   0.0026   0.0007   0.0013
Other                0.0035   0.0035   0.0027   0.0029      0.0034   0.0034   0.0020   0.0022      0.0028   0.0028   0.0018   0.0031
Food                 0.0060   0.0059   0.0038   0.0033      0.0056   0.0056   0.0030   0.0030      0.0069   0.0069   0.0029   0.0039
PlantOperator        0.0068   0.0068   0.0024   0.0024      0.0080   0.0080   0.0031   0.0026      0.0081   0.0081   0.0042   0.0050
MetalMach.           0.0049   0.0049   0.0017   0.0014      0.0062   0.0062   0.0017   0.0022      0.0067   0.0067   0.0019   0.0034
MetalProc.           0.0014   0.0013   0.0005   0.0004      0.0016   0.0016   0.0006   0.0012      0.0016   0.0016   0.0006   0.0015
WoodMach.            0.0016   0.0016   0.0041   0.0040      0.0014   0.0014   0.0042   0.0086      0.0016   0.0016   0.0046   0.0017
TextileMach.         0.0074   0.0073   0.0019   0.0016      0.0062   0.0062   0.0023   0.0031      0.0069   0.0069   0.0027   0.0057
PrintMach.           0.0032   0.0032   0.0016   0.0013      0.0035   0.0035   0.0016   0.0022      0.0037   0.0037   0.0014   0.0032
OtherMach.           0.0872   0.0867   0.0176   0.0156      0.0800   0.0800   0.0172   0.0172      0.0779   0.0779   0.0156   0.0224
Fabricators          0.0177   0.0176   0.0158   0.0130      0.0189   0.0189   0.0152   0.0159      0.0158   0.0158   0.0130   0.0219
Prod.Inspectors      0.0073   0.0073   0.0053   0.0047      0.0070   0.0070   0.0050   0.0055      0.0069   0.0069   0.0055   0.0062
MotorVehicle         0.0567   0.0568   0.0356   0.0386      0.0518   0.0518   0.0472   0.0444      0.0462   0.0462   0.0514   0.0482
OtherVehicle         0.0146   0.0145   0.0081   0.0078      0.0179   0.0179   0.0087   0.0075      0.0168   0.0168   0.0091   0.0095
Freight              0.0456   0.0456   0.0249   0.0220      0.0386   0.0386   0.0192   0.0165      0.0390   0.0390   0.0179   0.0264
 
 
1960 and 2010 quantities
White women p(:,WW) for      Young Cohort                          Middle-Aged Cohort                      Old-Aged Cohort
 
                     Data60  Model60 Data2010Model2010      Data60  Model60 Data2010Model2010      Data60  Model60 Data2010Model2010
------------------------------------------------------------------------------------------------------------------------------------
Home                 0.7388   0.7391   0.3087   0.3167      0.6698   0.6698   0.3235   0.3646      0.6238   0.6238   0.3149   0.3304
Managers             0.0068   0.0068   0.0587   0.0700      0.0145   0.0145   0.0722   0.0690      0.0217   0.0217   0.0727   0.0712
MgmtRelated          0.0033   0.0033   0.0467   0.0446      0.0046   0.0046   0.0509   0.0563      0.0058   0.0058   0.0525   0.0505
Architects           0.0000   0.0000   0.0008   0.0008      0.0000   0.0000   0.0005   0.0009      0.0000   0.0000   0.0004   0.0006
Engineers            0.0002   0.0002   0.0032   0.0028      0.0001   0.0001   0.0024   0.0031      0.0002   0.0002   0.0024   0.0036
Math/CompSci         0.0001   0.0001   0.0075   0.0072      0.0002   0.0002   0.0083   0.0094      0.0001   0.0001   0.0089   0.0059
Science              0.0003   0.0003   0.0046   0.0041      0.0003   0.0003   0.0029   0.0038      0.0002   0.0002   0.0021   0.0024
Doctors              0.0003   0.0003   0.0059   0.0077      0.0004   0.0004   0.0061   0.0063      0.0005   0.0005   0.0044   0.0047
Nurses               0.0109   0.0109   0.0328   0.0355      0.0107   0.0107   0.0322   0.0228      0.0118   0.0118   0.0346   0.0269
Therapists           0.0004   0.0004   0.0122   0.0132      0.0003   0.0003   0.0099   0.0089      0.0002   0.0002   0.0073   0.0056
Professors           0.0004   0.0004   0.0069   0.0074      0.0006   0.0006   0.0067   0.0063      0.0008   0.0008   0.0060   0.0039
Teachers             0.0167   0.0167   0.0772   0.0767      0.0171   0.0171   0.0731   0.0603      0.0310   0.0310   0.0637   0.0427
Librarians           0.0008   0.0008   0.0013   0.0017      0.0011   0.0011   0.0017   0.0013      0.0019   0.0019   0.0020   0.0013
Soc.Scientists       0.0003   0.0003   0.0051   0.0046      0.0003   0.0003   0.0043   0.0027      0.0003   0.0003   0.0031   0.0038
SocialWork           0.0015   0.0015   0.0119   0.0108      0.0017   0.0017   0.0103   0.0095      0.0025   0.0025   0.0089   0.0070
Lawyers              0.0001   0.0001   0.0062   0.0063      0.0001   0.0001   0.0058   0.0064      0.0001   0.0001   0.0043   0.0055
Arts/Athletes        0.0039   0.0039   0.0155   0.0135      0.0028   0.0028   0.0113   0.0145      0.0031   0.0031   0.0104   0.0146
HealthTechs          0.0035   0.0035   0.0178   0.0169      0.0037   0.0037   0.0170   0.0124      0.0055   0.0055   0.0160   0.0167
Eng.Techs            0.0005   0.0005   0.0024   0.0019      0.0006   0.0006   0.0017   0.0021      0.0003   0.0003   0.0021   0.0032
ScienceTechs         0.0006   0.0006   0.0007   0.0006      0.0006   0.0006   0.0005   0.0005      0.0003   0.0003   0.0006   0.0010
OtherTechs           0.0002   0.0002   0.0085   0.0078      0.0003   0.0003   0.0096   0.0113      0.0003   0.0003   0.0103   0.0111
Sales                0.0197   0.0198   0.0700   0.0678      0.0355   0.0355   0.0650   0.0702      0.0447   0.0447   0.0655   0.0776
Secretaries          0.0414   0.0410   0.0296   0.0293      0.0384   0.0384   0.0366   0.0259      0.0341   0.0341   0.0481   0.0508
Info.Clerks          0.0027   0.0027   0.0154   0.0140      0.0023   0.0023   0.0114   0.0130      0.0020   0.0020   0.0118   0.0139
Records              0.0019   0.0019   0.0050   0.0049      0.0025   0.0025   0.0051   0.0036      0.0028   0.0028   0.0063   0.0054
FinancialClerk       0.0149   0.0148   0.0145   0.0147      0.0178   0.0178   0.0197   0.0190      0.0176   0.0176   0.0237   0.0247
OfficeMachine        0.0049   0.0049   0.0003   0.0005      0.0039   0.0039   0.0004   0.0009      0.0032   0.0032   0.0006   0.0003
ComputerTech         0.0069   0.0068   0.0010   0.0008      0.0054   0.0054   0.0012   0.0017      0.0069   0.0069   0.0014   0.0074
Mail                 0.0003   0.0003   0.0012   0.0013      0.0007   0.0007   0.0024   0.0023      0.0007   0.0007   0.0040   0.0044
Clerks               0.0012   0.0012   0.0107   0.0094      0.0017   0.0017   0.0118   0.0113      0.0018   0.0018   0.0131   0.0127
Insurance            0.0001   0.0001   0.0275   0.0226      0.0002   0.0002   0.0226   0.0274      0.0002   0.0002   0.0219   0.0134
Misc.Admin           0.0296   0.0294   0.0220   0.0187      0.0337   0.0337   0.0198   0.0189      0.0350   0.0350   0.0232   0.0356
PrivateHshld         0.0022   0.0022   0.0076   0.0112      0.0042   0.0042   0.0108   0.0053      0.0080   0.0080   0.0105   0.0043
Firefighting         0.0000   0.0000   0.0003   0.0002      0.0000   0.0000   0.0003   0.0002      0.0000   0.0000   0.0002   0.0002
Police               0.0002   0.0002   0.0038   0.0036      0.0002   0.0002   0.0042   0.0033      0.0002   0.0002   0.0031   0.0021
Guards               0.0000   0.0000   0.0022   0.0020      0.0001   0.0001   0.0018   0.0014      0.0001   0.0001   0.0022   0.0016
FoodPrep             0.0163   0.0164   0.0416   0.0357      0.0229   0.0229   0.0266   0.0223      0.0244   0.0244   0.0242   0.0252
HealthService        0.0044   0.0044   0.0353   0.0409      0.0051   0.0051   0.0290   0.0199      0.0069   0.0069   0.0276   0.0172
Cleaning             0.0003   0.0003   0.0044   0.0048      0.0010   0.0010   0.0066   0.0033      0.0014   0.0014   0.0083   0.0052
PersonalService      0.0076   0.0078   0.0299   0.0277      0.0120   0.0120   0.0248   0.0283      0.0143   0.0143   0.0211   0.0218
FarmMgrs             0.0005   0.0005   0.0006   0.0006      0.0010   0.0010   0.0008   0.0007      0.0020   0.0020   0.0014   0.0014
FarmWork             0.0022   0.0023   0.0021   0.0018      0.0032   0.0032   0.0018   0.0011      0.0038   0.0038   0.0014   0.0012
Agriculture          0.0001   0.0001   0.0030   0.0028      0.0003   0.0003   0.0026   0.0018      0.0003   0.0003   0.0025   0.0020
Forest               0.0000   0.0000   0.0001   0.0001      0.0001   0.0001   0.0002   0.0001      0.0000   0.0000   0.0002   0.0001
Mechanics            0.0001   0.0001   0.0008   0.0007      0.0001   0.0001   0.0008   0.0010      0.0000   0.0000   0.0008   0.0009
Elec.Repairer        0.0002   0.0002   0.0008   0.0007      0.0001   0.0001   0.0008   0.0010      0.0001   0.0001   0.0009   0.0009
Misc.Repairer        0.0002   0.0002   0.0005   0.0005      0.0003   0.0003   0.0005   0.0006      0.0004   0.0004   0.0007   0.0009
Construction         0.0002   0.0002   0.0017   0.0015      0.0002   0.0002   0.0021   0.0023      0.0003   0.0003   0.0023   0.0024
Extractive           0.0000   0.0000   0.0001   0.0000      0.0000   0.0000   0.0001   0.0000      0.0000   0.0000   0.0001   0.0000
Supervisor(P)        0.0012   0.0012   0.0013   0.0013      0.0021   0.0021   0.0019   0.0026      0.0027   0.0027   0.0024   0.0029
MetalWork            0.0002   0.0002   0.0001   0.0001      0.0005   0.0005   0.0003   0.0004      0.0002   0.0002   0.0003   0.0006
WoodWork             0.0000   0.0000   0.0001   0.0000      0.0000   0.0000   0.0001   0.0001      0.0000   0.0000   0.0001   0.0002
Textiles             0.0085   0.0085   0.0003   0.0003      0.0121   0.0121   0.0004   0.0004      0.0160   0.0160   0.0007   0.0010
Other                0.0004   0.0004   0.0079   0.0080      0.0004   0.0004   0.0052   0.0049      0.0004   0.0004   0.0046   0.0018
Food                 0.0002   0.0002   0.0020   0.0016      0.0005   0.0005   0.0021   0.0015      0.0004   0.0004   0.0022   0.0015
PlantOperator        0.0001   0.0001   0.0001   0.0001      0.0001   0.0001   0.0002   0.0001      0.0001   0.0001   0.0002   0.0003
MetalMach.           0.0002   0.0002   0.0003   0.0002      0.0003   0.0003   0.0004   0.0005      0.0003   0.0003   0.0004   0.0007
MetalProc.           0.0000   0.0000   0.0001   0.0001      0.0000   0.0000   0.0001   0.0002      0.0000   0.0000   0.0002   0.0003
WoodMach.            0.0000   0.0000   0.0006   0.0006      0.0000   0.0000   0.0009   0.0023      0.0001   0.0001   0.0012   0.0003
TextileMach.         0.0003   0.0003   0.0004   0.0003      0.0004   0.0004   0.0006   0.0008      0.0004   0.0004   0.0007   0.0023
PrintMach.           0.0037   0.0038   0.0019   0.0015      0.0060   0.0060   0.0025   0.0028      0.0080   0.0080   0.0029   0.0073
OtherMach.           0.0261   0.0260   0.0045   0.0039      0.0375   0.0375   0.0059   0.0062      0.0345   0.0345   0.0066   0.0077
Fabricators          0.0054   0.0054   0.0032   0.0026      0.0082   0.0082   0.0042   0.0054      0.0062   0.0062   0.0051   0.0088
Prod.Inspectors      0.0041   0.0041   0.0023   0.0020      0.0068   0.0068   0.0027   0.0034      0.0066   0.0066   0.0034   0.0043
MotorVehicle         0.0004   0.0004   0.0030   0.0032      0.0007   0.0007   0.0053   0.0045      0.0005   0.0005   0.0073   0.0048
OtherVehicle         0.0001   0.0001   0.0002   0.0002      0.0002   0.0002   0.0002   0.0002      0.0002   0.0002   0.0002   0.0003
Freight              0.0014   0.0014   0.0052   0.0045      0.0016   0.0016   0.0064   0.0046      0.0018   0.0018   0.0067   0.0083
 
 
1980 and 2010 quantities (the 1960 ones fit by construction)
White Women p(:,WW) for      Young Cohort                          Middle-Aged Cohort                      Old-Aged Cohort
 
                     Data80  Model80 Data2010Model2010      Data80  Model80 Data2010Model2010      Data80  Model80 Data2010Model2010
------------------------------------------------------------------------------------------------------------------------------------
Home                 0.4606   0.4459   0.3087   0.3167      0.4763   0.6502   0.3235   0.3646      0.5097   0.7391   0.3149   0.3304
Managers             0.0341   0.0440   0.0587   0.0700      0.0377   0.0180   0.0722   0.0690      0.0356   0.0068   0.0727   0.0712
MgmtRelated          0.0264   0.0308   0.0467   0.0446      0.0221   0.0039   0.0509   0.0563      0.0200   0.0033   0.0525   0.0505
Architects           0.0003   0.0003   0.0008   0.0008      0.0001   0.0001   0.0005   0.0009      0.0001   0.0000   0.0004   0.0006
Engineers            0.0014   0.0013   0.0032   0.0028      0.0008   0.0002   0.0024   0.0031      0.0006   0.0002   0.0024   0.0036
Math/CompSci         0.0023   0.0024   0.0075   0.0072      0.0012   0.0008   0.0083   0.0094      0.0007   0.0001   0.0089   0.0059
Science              0.0015   0.0015   0.0046   0.0041      0.0008   0.0005   0.0029   0.0038      0.0005   0.0003   0.0021   0.0024
Doctors              0.0016   0.0020   0.0059   0.0077      0.0009   0.0007   0.0061   0.0063      0.0007   0.0003   0.0044   0.0047
Nurses               0.0226   0.0217   0.0328   0.0355      0.0183   0.0125   0.0322   0.0228      0.0169   0.0109   0.0346   0.0269
Therapists           0.0039   0.0032   0.0122   0.0132      0.0015   0.0009   0.0099   0.0089      0.0009   0.0004   0.0073   0.0056
Professors           0.0033   0.0042   0.0069   0.0074      0.0037   0.0026   0.0067   0.0063      0.0025   0.0004   0.0060   0.0039
Teachers             0.0512   0.0501   0.0772   0.0767      0.0432   0.0321   0.0731   0.0603      0.0318   0.0167   0.0637   0.0427
Librarians           0.0022   0.0023   0.0013   0.0017      0.0022   0.0013   0.0017   0.0013      0.0025   0.0008   0.0020   0.0013
Soc.Scientists       0.0020   0.0022   0.0051   0.0046      0.0013   0.0007   0.0043   0.0027      0.0008   0.0003   0.0031   0.0038
SocialWork           0.0064   0.0062   0.0119   0.0108      0.0045   0.0030   0.0103   0.0095      0.0037   0.0015   0.0089   0.0070
Lawyers              0.0024   0.0026   0.0062   0.0063      0.0009   0.0003   0.0058   0.0064      0.0005   0.0001   0.0043   0.0055
Arts/Athletes        0.0089   0.0090   0.0155   0.0135      0.0058   0.0034   0.0113   0.0145      0.0043   0.0039   0.0104   0.0146
HealthTechs          0.0143   0.0137   0.0178   0.0169      0.0094   0.0054   0.0170   0.0124      0.0073   0.0035   0.0160   0.0167
Eng.Techs            0.0028   0.0026   0.0024   0.0019      0.0019   0.0010   0.0017   0.0021      0.0015   0.0005   0.0021   0.0032
ScienceTechs         0.0009   0.0008   0.0007   0.0006      0.0005   0.0003   0.0005   0.0005      0.0006   0.0006   0.0006   0.0010
OtherTechs           0.0063   0.0069   0.0085   0.0078      0.0034   0.0014   0.0096   0.0113      0.0021   0.0002   0.0103   0.0111
Sales                0.0431   0.0490   0.0700   0.0678      0.0488   0.0241   0.0650   0.0702      0.0511   0.0198   0.0655   0.0776
Secretaries          0.0674   0.0657   0.0296   0.0293      0.0660   0.0584   0.0366   0.0259      0.0571   0.0410   0.0481   0.0508
Info.Clerks          0.0091   0.0097   0.0154   0.0140      0.0084   0.0049   0.0114   0.0130      0.0078   0.0027   0.0118   0.0139
Records              0.0086   0.0077   0.0050   0.0049      0.0075   0.0046   0.0051   0.0036      0.0078   0.0019   0.0063   0.0054
FinancialClerk       0.0265   0.0268   0.0145   0.0147      0.0284   0.0213   0.0197   0.0190      0.0303   0.0148   0.0237   0.0247
OfficeMachine        0.0004   0.0002   0.0003   0.0005      0.0004   0.0005   0.0004   0.0009      0.0004   0.0049   0.0006   0.0003
ComputerTech         0.0078   0.0081   0.0010   0.0008      0.0066   0.0040   0.0012   0.0017      0.0073   0.0068   0.0014   0.0074
Mail                 0.0022   0.0023   0.0012   0.0013      0.0022   0.0010   0.0024   0.0023      0.0023   0.0003   0.0040   0.0044
Clerks               0.0085   0.0091   0.0107   0.0094      0.0078   0.0027   0.0118   0.0113      0.0072   0.0012   0.0131   0.0127
Insurance            0.0060   0.0061   0.0275   0.0226      0.0041   0.0023   0.0226   0.0274      0.0031   0.0001   0.0219   0.0134
Misc.Admin           0.0336   0.0319   0.0220   0.0187      0.0330   0.0290   0.0198   0.0189      0.0317   0.0294   0.0232   0.0356
PrivateHshld         0.0034   0.0033   0.0076   0.0112      0.0051   0.0040   0.0108   0.0053      0.0064   0.0022   0.0105   0.0043
Firefighting         0.0001   0.0001   0.0003   0.0002      0.0000   0.0000   0.0003   0.0002      0.0000   0.0000   0.0002   0.0002
Police               0.0009   0.0009   0.0038   0.0036      0.0006   0.0003   0.0042   0.0033      0.0005   0.0002   0.0031   0.0021
Guards               0.0009   0.0011   0.0022   0.0020      0.0009   0.0002   0.0018   0.0014      0.0010   0.0000   0.0022   0.0016
FoodPrep             0.0206   0.0207   0.0416   0.0357      0.0240   0.0162   0.0266   0.0223      0.0262   0.0164   0.0242   0.0252
HealthService        0.0144   0.0142   0.0353   0.0409      0.0141   0.0078   0.0290   0.0199      0.0143   0.0044   0.0276   0.0172
Cleaning             0.0027   0.0034   0.0044   0.0048      0.0039   0.0008   0.0066   0.0033      0.0049   0.0003   0.0083   0.0052
PersonalService      0.0179   0.0189   0.0299   0.0277      0.0161   0.0155   0.0248   0.0283      0.0108   0.0078   0.0211   0.0218
FarmMgrs             0.0011   0.0014   0.0006   0.0006      0.0019   0.0007   0.0008   0.0007      0.0023   0.0005   0.0014   0.0014
FarmWork             0.0017   0.0016   0.0021   0.0018      0.0021   0.0012   0.0018   0.0011      0.0021   0.0023   0.0014   0.0012
Agriculture          0.0010   0.0010   0.0030   0.0028      0.0007   0.0003   0.0026   0.0018      0.0006   0.0001   0.0025   0.0020
Forest               0.0001   0.0001   0.0001   0.0001      0.0001   0.0000   0.0002   0.0001      0.0001   0.0000   0.0002   0.0001
Mechanics            0.0006   0.0006   0.0008   0.0007      0.0005   0.0004   0.0008   0.0010      0.0004   0.0001   0.0008   0.0009
Elec.Repairer        0.0010   0.0009   0.0008   0.0007      0.0007   0.0003   0.0008   0.0010      0.0006   0.0002   0.0009   0.0009
Misc.Repairer        0.0007   0.0006   0.0005   0.0005      0.0006   0.0006   0.0005   0.0006      0.0007   0.0002   0.0007   0.0009
Construction         0.0016   0.0017   0.0017   0.0015      0.0013   0.0008   0.0021   0.0023      0.0010   0.0002   0.0023   0.0024
Extractive           0.0001   0.0001   0.0001   0.0000      0.0001   0.0000   0.0001   0.0000      0.0000   0.0000   0.0001   0.0000
Supervisor(P)        0.0036   0.0044   0.0013   0.0013      0.0053   0.0017   0.0019   0.0026      0.0051   0.0012   0.0024   0.0029
MetalWork            0.0006   0.0006   0.0001   0.0001      0.0007   0.0004   0.0003   0.0004      0.0005   0.0002   0.0003   0.0006
WoodWork             0.0002   0.0002   0.0001   0.0000      0.0002   0.0001   0.0001   0.0001      0.0002   0.0000   0.0001   0.0002
Textiles             0.0011   0.0010   0.0003   0.0003      0.0017   0.0007   0.0004   0.0004      0.0021   0.0085   0.0007   0.0010
Other                0.0011   0.0011   0.0079   0.0080      0.0011   0.0003   0.0052   0.0049      0.0011   0.0004   0.0046   0.0018
Food                 0.0009   0.0009   0.0020   0.0016      0.0012   0.0005   0.0021   0.0015      0.0011   0.0002   0.0022   0.0015
PlantOperator        0.0002   0.0001   0.0001   0.0001      0.0002   0.0000   0.0002   0.0001      0.0001   0.0001   0.0002   0.0003
MetalMach.           0.0018   0.0017   0.0003   0.0002      0.0021   0.0018   0.0004   0.0005      0.0021   0.0002   0.0004   0.0007
MetalProc.           0.0007   0.0007   0.0001   0.0001      0.0008   0.0002   0.0001   0.0002      0.0008   0.0000   0.0002   0.0003
WoodMach.            0.0003   0.0003   0.0006   0.0006      0.0003   0.0001   0.0009   0.0023      0.0003   0.0000   0.0012   0.0003
TextileMach.         0.0017   0.0016   0.0004   0.0003      0.0015   0.0007   0.0006   0.0008      0.0013   0.0003   0.0007   0.0023
PrintMach.           0.0117   0.0115   0.0019   0.0015      0.0156   0.0181   0.0025   0.0028      0.0172   0.0038   0.0029   0.0073
OtherMach.           0.0105   0.0085   0.0045   0.0039      0.0125   0.0172   0.0059   0.0062      0.0122   0.0260   0.0066   0.0077
Fabricators          0.0108   0.0104   0.0032   0.0026      0.0128   0.0073   0.0042   0.0054      0.0126   0.0054   0.0051   0.0088
Prod.Inspectors      0.0048   0.0049   0.0023   0.0020      0.0064   0.0051   0.0027   0.0034      0.0078   0.0041   0.0034   0.0043
MotorVehicle         0.0034   0.0034   0.0030   0.0032      0.0046   0.0011   0.0053   0.0045      0.0032   0.0004   0.0073   0.0048
OtherVehicle         0.0007   0.0007   0.0002   0.0002      0.0007   0.0002   0.0002   0.0002      0.0007   0.0001   0.0002   0.0003
Freight              0.0086   0.0077   0.0052   0.0045      0.0100   0.0029   0.0064   0.0046      0.0103   0.0014   0.0067   0.0083
 
 
====================================================================== 
    PRODUCTION: w*H in data and model for various groups/cohorts
====================================================================== 
 
 
 
/// 1960 ///          Young                       Middle                      Old
 
               Data   Model       %        Data   Model       %        Data   Model       %
-------------------------------------------------------------------------------------------
White Men      4680    4859   103.8        5988    5992   100.1        5124    5129   100.1
White Women    2216    2312   104.3        2621    2619    99.9        2339    2337    99.9
Black Men       297     308   103.8         322     322    99.9         249     249   100.0
Black Women     235     263   111.9         213     213   100.0         137     137   100.1
 
Total income for the year:    Data = 24420  Model = 24740
 
 
/// 1970 ///          Young                       Middle                      Old
 
               Data   Model       %        Data   Model       %        Data   Model       %
-------------------------------------------------------------------------------------------
White Men      6175    6398   103.6        7009    7166   102.2        7165    7234   101.0
White Women    3287    3333   101.4        3254    3145    96.7        3418    3404    99.6
Black Men       464     473   101.9         449     433    96.4         385     383    99.4
Black Women     413     427   103.4         344     368   106.9         249     248    99.6
 
Total income for the year:    Data = 32611  Model = 33011
 
 
/// 1980 ///          Young                       Middle                      Old
 
               Data   Model       %        Data   Model       %        Data   Model       %
-------------------------------------------------------------------------------------------
White Men      7406    7537   101.8        6856    7235   105.5        6297    6776   107.6
White Women    4492    4643   103.4        3432    3348    97.6        2935    2724    92.8
Black Men       603     597    98.9         500     520   104.0         399     386    96.7
Black Women     563     568   100.8         410     437   106.8         290     309   106.5
 
Total income for the year:    Data = 34183  Model = 35080
 
 
/// 1990 ///          Young                       Middle                      Old
 
               Data   Model       %        Data   Model       %        Data   Model       %
-------------------------------------------------------------------------------------------
White Men      7301    7286    99.8        9117    9027    99.0        6995    7336   104.9
White Women    4838    4994   103.2        5045    5544   109.9        3390    3420   100.9
Black Men       636     638   100.4         696     724   103.9         512     532   103.8
Black Women     626     645   103.0         651     688   105.7         413     453   109.8
 
Total income for the year:    Data = 40219  Model = 41288
 
 
/// 2000 ///          Young                       Middle                      Old
 
               Data   Model       %        Data   Model       %        Data   Model       %
-------------------------------------------------------------------------------------------
White Men      6260    6071    97.0       11126   10622    95.5       10786   10392    96.3
White Women    4435    4473   100.8        6920    8038   116.2        6081    7366   121.1
Black Men       673     668    99.2        1004    1056   105.1         847     886   104.6
Black Women     680     693   101.9         967    1110   114.8         801     910   113.6
 
Total income for the year:    Data = 50581  Model = 52285
 
 
/// 2010 ///          Young                       Middle                      Old
 
               Data   Model       %        Data   Model       %        Data   Model       %
-------------------------------------------------------------------------------------------
White Men      6122    5880    96.0        9067    8534    94.1       11987   11458    95.6
White Women    4690    4717   100.6        5890    6462   109.7        7489    9101   121.5
Black Men       703     686    97.5         952     911    95.8        1096    1125   102.6
Black Women     755     759   100.6         955     987   103.3        1084    1220   112.5
 
Total income for the year:    Data = 50791  Model = 51839
 
 
==================================================================================== 
    EARNINGS (Market): (1-tauw)*w*H in data and model for various groups/cohorts
==================================================================================== 
 
 
 
/// 1960 ///          Young                       Middle                      Old
 
               Data   Model       %        Data   Model       %        Data   Model       %
-------------------------------------------------------------------------------------------
White Men      4282    4449   103.9        5534    5538   100.1        4537    4542   100.1
White Women     827     872   105.5        1129    1128    99.9        1136    1135    99.9
Black Men       231     239   103.8         255     255   100.0         194     194   100.1
Black Women      92      99   107.0         100     100   100.1          67      67   100.2
 
Market income for the year:   Data = 18383  Model = 18617
 
 
/// 1970 ///          Young                       Middle                      Old
 
               Data   Model       %        Data   Model       %        Data   Model       %
-------------------------------------------------------------------------------------------
White Men      5610    5839   104.1        6467    6610   102.2        6406    6489   101.3
White Women    1381    1432   103.7        1471    1296    88.1        1713    1709    99.8
Black Men       375     382   101.9         369     371   100.6         314     313    99.5
Black Women     210     215   102.7         186     179    96.1         142     142   100.1
 
Market income for the year:   Data = 24645  Model = 24978
 
 
/// 1980 ///          Young                       Middle                      Old
 
               Data   Model       %        Data   Model       %        Data   Model       %
-------------------------------------------------------------------------------------------
White Men      6816    6987   102.5        6360    6629   104.2        5584    6272   112.3
White Women    2701    2810   104.0        1914    1724    90.1        1646    1323    80.4
Black Men       503     497    98.9         402     456   113.5         311     358   115.0
Black Women     391     396   101.2         272     287   105.3         188     186    98.9
 
Market income for the year:   Data = 27088  Model = 27925
 
 
/// 1990 ///          Young                       Middle                      Old
 
               Data   Model       %        Data   Model       %        Data   Model       %
-------------------------------------------------------------------------------------------
White Men      6709    6740   100.5        8458    8374    99.0        6235    6724   107.8
White Women    3593    3737   104.0        3737    4010   107.3        2408    2028    84.2
Black Men       530     533   100.5         579     627   108.4         394     489   124.2
Black Women     484     499   103.3         521     537   103.2         305     330   108.1
 
Market income for the year:   Data = 33953  Model = 34630
 
 
/// 2000 ///          Young                       Middle                      Old
 
               Data   Model       %        Data   Model       %        Data   Model       %
-------------------------------------------------------------------------------------------
White Men      5442    5224    96.0        9497    9386    98.8        8871    9227   104.0
White Women    3176    3094    97.4        4636    5783   124.8        4312    4980   115.5
Black Men       508     483    95.2         709     814   114.8         566     717   126.8
Black Women     504     485    96.3         671     810   120.7         527     660   125.1
 
Market income for the year:   Data = 39419  Model = 41663
 
 
/// 2010 ///          Young                       Middle                      Old
 
               Data   Model       %        Data   Model       %        Data   Model       %
-------------------------------------------------------------------------------------------
White Men      5320    5073    95.4        8212    7509    91.4       10088   10293   102.0
White Women    3605    3619   100.4        4517    4972   110.1        5594    7027   125.6
Black Men       521     500    96.0         772     668    86.5         792     849   107.2
Black Women     568     569   100.1         766     718    93.7         787     877   111.4
 
Market income for the year:   Data = 41541  Model = 42674
Production GDP = Total Labor Income (pre-tax) has been confirmed to the nearest dime per person :-).
 
 
GDP per person in data and model
 
        Year        Data       Model    ExitFlag
------------------------------------------------
        1960       24420       24740           1
        1970       32611       33011           1
        1980       34183       35080           1
        1990       40219       41288           1
        2000       50581       52285           1
        2010       50791       51839           1
 
 
GDP (mkt) per person in data and model
 
        Year        Data       Model
------------------------------------
        1960       17454       17670
        1970       23768       23730
        1980       25796       25824
        1990       31815       31929
        2000       35011       37039
        2010       37569       38718
 
 
GDP per worker (market) in data and model
 
        Year        Data       Model
------------------------------------
        1960       29159       29516
        1970       37395       38637
        1980       36738       39550
        1990       41667       44389
        2000       46873       49925
        2010       49488       51725
 
 
LFP in data and model
 
        Year        Data       Model
------------------------------------
        1960       0.599       0.599
        1970       0.636       0.614
        1980       0.702       0.653
        1990       0.764       0.719
        2000       0.747       0.742
        2010       0.759       0.749
 
 
Market Wage Gap in data and model
 
  Year      WWdata WWmodel      BMdata BMmodel      BWdata BWmodel
------------------------------------------------------------------
  1960       0.555   0.556       0.559   0.560       0.347   0.350
  1970       0.527   0.559       0.627   0.621       0.418   0.446
  1980       0.549   0.618       0.714   0.704       0.513   0.556
  1990       0.613   0.722       0.700   0.736       0.555   0.624
  2000       0.647   0.821       0.694   0.767       0.566   0.691
  2010       0.714   0.877       0.710   0.749       0.604   0.693
 
 
Earnings (market, after tauw) in data and model
 
        Year        Data       Model
------------------------------------
        1960       18383       18617
        1970       24645       24978
        1980       27088       27925
        1990       33953       34630
        2000       39419       41663
        2010       41541       42674
 
 
Earnings (market, after tauw) by Group in data and model
 
  Year      WMdata WMmodel      WWdata WWmodel      BMdata BMmodel      BWdata BWmodel
--------------------------------------------------------------------------------------
  1960       14352   14529        3093    3135         679     688         259     266
  1970       18483   18938        4566    4438        1058    1066         538     536
  1980       18760   19888        6261    5856        1216    1312         852     869
  1990       21402   21838        9738    9776        1503    1650        1310    1367
  2000       23810   23837       12124   13857        1783    2015        1701    1954
  2010       23619   22875       13716   15619        2085    2017        2121    2163
 
 
ConsumptionYoung (total) per young person in data and model (and Utility)
 
        Year        Data       Model     Utility
------------------------------------------------
        1960       26528       27654       22293
        1970       36221       37207       24611
        1980       34782       35225       20606
        1990       41667       41888       24274
        2000       50102       49179       37317
        2010       49974       49047       30455
 
 
EarningsYoung (market) per young person in data and model
 
        Year        Data       Model
------------------------------------
        1960       16290       16972
        1970       21968       22816
        1980       24391       25045
        1990       28486       28973
        2000       31605       30477
        2010       32063       31255
 
 
GDP (mkt) of only Young Cohorts...
 
  Year    Data   Model
----------------------
  1960   15299   15934
  1970   21118   21845
  1980   23364   24017
  1990   26754   27213
  2000   28096   27534
  2010   28997   28358
 
 
Share of growth accounted for by the Full Model:
 
                                      Share
-------------------------------------------
GDP per person                        101.0
GDP per person (mkt)                  102.3
GDP (mkt) per worker                  106.1
Labor Force Participation (LFP)        94.0
Earnings                              101.7
ConsumpYoung (total)                   90.5
EarningsYoung (market)                 90.2
GDPYoung (market)                      90.2
WageGapWW                             180.8
WageGapBM                             122.5
WageGapBW                             123.3
EarningsWM                             91.1
EarningsWW                            107.8
EarningsBM                             95.9
EarningsBW                             99.7
