SolveEqmBasic_NoBrawny                 05-Oct-2026 
 
'SolveEqmBasic' is a script from the file /workspace/output/replication/codebase/SolveEqmBasic.m

 SolveEqmBasic.m    

  Takes the TalentData.mat data on Taus, Z's, A(i,t).
  Solves for the equilibrium w(i) and Y

  See 2015-06-02-SolvingGE.pdf notes (old but somewhat useful?)

  Method: For each year,
    1. Guess values for {mgtilde}, Y ==> 5 unknowns
    2. Solve for {wi} from Hi^supply = Hi^demand
    3. Compute mghat, Yhat 
    4. Iterate until converge.


Additional help for built-in functions and operators is
available in the online version of the manual.  Use the command
'doc <topic>' to search the manual index.

Help and information about Octave is also available on the WWW
at https://www.octave.org and via the help@octave.org
mailing list.
 
=============================================================
KEY PARAMETER VALUES:    CaseName = NoBrawny
                   theta =  2.0000
                     eta =  0.1030
            theta*(1-eta)=  1.7940
                    dlta =  0.0000
                      mu =  0.5574
                   sigma =  3.0000
           EstimateDelta =  0.0000
           ConstrainTauH = -0.8000
PurgeWageGrowthSelection =     0
      AlphaSplitTauW1960 =  0.5000
   OccupationforWageHome = 23 Secretaries                               
IgnoreBrawnyOccupations = 1 -- choosing T(i,g) to zero out tauw/h there
   Alpha0FixedSplit =  0.5000
=============================================================
 
...... 
 
                                         Wages                          H(i,t)                 HYoung
 
                 Data60 Model60Data2010   Model      Data60   ModelData2010   Model      Data60   ModelData2010   Model
-----------------------------------------------------------------------------------------------------------------------
Home               6019    6013    9717    9843       0.814   0.827   0.952   0.929       0.286   0.299   0.232   0.233
Managers           7097    7130   10573   11626       0.393   0.393   0.823   0.628       0.075   0.074   0.135   0.145
MgmtRelated        4797    4790    8212    8176       0.143   0.145   0.463   0.476       0.043   0.046   0.108   0.108
Architects          933     930    1519    1500       0.022   0.023   0.053   0.056       0.006   0.006   0.012   0.013
Engineers          5693    5657    6604    6268       0.096   0.099   0.171   0.203       0.035   0.038   0.043   0.044
Math/CompSci        931     924    5885    5706       0.016   0.016   0.210   0.233       0.007   0.008   0.053   0.053
Science            2399    2386    2829    2720       0.043   0.045   0.109   0.124       0.017   0.019   0.032   0.032
Doctors            3131    3182    4678    5417       0.120   0.116   0.271   0.177       0.024   0.019   0.039   0.040
Nurses             1524    1522    3243    3277       0.112   0.114   0.233   0.229       0.036   0.038   0.061   0.064
Therapists          515     517    2217    2201       0.022   0.022   0.122   0.127       0.008   0.008   0.039   0.040
Professors         1928    1929    2592    2745       0.049   0.049   0.169   0.144       0.012   0.013   0.036   0.038
Teachers           3453    3448    4935    4797       0.169   0.172   0.347   0.383       0.053   0.056   0.102   0.104
Librarians          335     334     551     591       0.042   0.043   0.061   0.050       0.010   0.011   0.012   0.013
Soc.Scientists     1168    1163    2185    2143       0.026   0.027   0.117   0.126       0.009   0.010   0.030   0.030
SocialWork         1633    1635    2240    2124       0.076   0.077   0.163   0.193       0.023   0.024   0.047   0.047
Lawyers            2802    2825    6027    6160       0.063   0.062   0.187   0.178       0.016   0.015   0.040   0.039
Arts/Athletes      3016    3014    4283    4047       0.090   0.091   0.212   0.255       0.033   0.035   0.066   0.059
HealthTechs         879     879    2439    2302       0.077   0.078   0.184   0.222       0.026   0.027   0.054   0.053
Eng.Techs          2892    2863    2709    2500       0.056   0.058   0.117   0.151       0.028   0.031   0.031   0.030
ScienceTechs       1846    1832    1095     998       0.045   0.047   0.052   0.070       0.020   0.022   0.015   0.015
OtherTechs         1368    1364    6332    6091       0.043   0.044   0.226   0.257       0.014   0.015   0.055   0.054
Sales              6560    6577    8795    8901       0.286   0.288   0.646   0.632       0.080   0.082   0.164   0.152
Secretaries         918     914    1254    1108       0.191   0.196   0.142   0.209       0.068   0.074   0.033   0.031
Info.Clerks         826     821    1284    1144       0.054   0.055   0.139   0.199       0.020   0.022   0.048   0.044
Records            1291    1288    1087    1006       0.068   0.069   0.093   0.119       0.018   0.019   0.027   0.026
FinancialClerk     1393    1388    1411    1303       0.151   0.155   0.173   0.222       0.046   0.050   0.040   0.039
OfficeMachine      1148    1138     325     371       0.061   0.063   0.059   0.040       0.029   0.031   0.007   0.009
ComputerTech        608     604     805     668       0.084   0.086   0.057   0.101       0.031   0.033   0.013   0.012
Mail               1774    1766    1475    1476       0.092   0.094   0.149   0.151       0.024   0.026   0.023   0.023
Clerks             2122    2113    3012    2851       0.106   0.109   0.216   0.259       0.034   0.037   0.061   0.059
Insurance          1292    1282    3081    2867       0.031   0.032   0.235   0.296       0.012   0.013   0.078   0.075
Misc.Admin         3627    3612    2012    1797       0.228   0.234   0.194   0.276       0.074   0.079   0.058   0.053
PrivateHshld        542     544     435     448       0.118   0.118   0.128   0.119       0.024   0.025   0.029   0.030
Firefighting       1376    1365    2783    2695       0.043   0.044   0.067   0.074       0.016   0.017   0.018   0.018
Police             2018    2001    4590    4505       0.059   0.061   0.152   0.163       0.023   0.026   0.038   0.040
Guards              929     928    2087    1993       0.059   0.060   0.101   0.117       0.013   0.014   0.032   0.030
FoodPrep           1250    1254    3334    2952       0.225   0.226   0.169   0.247       0.059   0.060   0.074   0.067
HealthService       532     531    1453    1391       0.108   0.110   0.220   0.254       0.035   0.036   0.072   0.071
Cleaning            765     766    2119    2193       0.107   0.108   0.172   0.157       0.020   0.021   0.035   0.036
PersonalService    1386    1397    1918    1838       0.190   0.188   0.212   0.244       0.054   0.052   0.069   0.064
FarmMgrs           2009    2046    1662    1752       0.235   0.226   0.105   0.091       0.054   0.045   0.020   0.017
FarmWork           1005    1022    1425    1291       0.123   0.119   0.072   0.099       0.046   0.041   0.027   0.025
Agriculture         652     653    2214    2133       0.041   0.041   0.118   0.134       0.013   0.013   0.037   0.035
Forest              613     619     892     872       0.052   0.051   0.047   0.051       0.016   0.015   0.010   0.010
Mechanics          2688    2681    4256    4040       0.111   0.113   0.169   0.200       0.039   0.041   0.041   0.040
Elec.Repairer      2854    2832    3156    2962       0.067   0.070   0.114   0.140       0.031   0.034   0.031   0.030
Misc.Repairer      3304    3295    2490    2419       0.145   0.148   0.108   0.120       0.043   0.046   0.024   0.024
Construction       4466    4466    6764    6362       0.184   0.186   0.272   0.332       0.057   0.060   0.075   0.069
Extractive         1626    1620    2054    1880       0.063   0.064   0.036   0.048       0.021   0.023   0.016   0.014
Supervisor(P)      3428    3425    2316    2335       0.171   0.174   0.140   0.139       0.035   0.038   0.022   0.023
MetalWork          3116    3104    1574    1461       0.120   0.123   0.081   0.102       0.036   0.038   0.015   0.014
WoodWork            624     623     518     482       0.032   0.033   0.030   0.038       0.009   0.009   0.007   0.006
Textiles            711     709     331     327       0.178   0.181   0.046   0.049       0.043   0.046   0.007   0.007
Other              1185    1182    1209    1144       0.052   0.053   0.098   0.117       0.017   0.018   0.037   0.036
Food               1373    1370    1069     993       0.065   0.066   0.073   0.092       0.020   0.021   0.022   0.021
PlantOperator      2206    2199    1615    1595       0.065   0.066   0.063   0.066       0.018   0.019   0.013   0.013
MetalMach.         1357    1353     885     767       0.071   0.073   0.042   0.065       0.018   0.020   0.011   0.010
MetalProc.          643     641     501     438       0.038   0.039   0.027   0.041       0.010   0.011   0.006   0.006
WoodMach.           537     539    1349    1277       0.035   0.035   0.068   0.081       0.012   0.012   0.017   0.017
TextileMach.       1871    1863     933     832       0.064   0.065   0.058   0.082       0.021   0.023   0.012   0.011
PrintMach.          790     790     665     557       0.118   0.119   0.075   0.130       0.031   0.032   0.019   0.016
OtherMach.         5064    5050    2844    2613       0.293   0.299   0.150   0.197       0.094   0.100   0.040   0.037
Fabricators        2432    2423    2730    2399       0.135   0.138   0.128   0.191       0.042   0.045   0.036   0.032
Prod.Inspectors    1670    1665    1909    1769       0.114   0.116   0.107   0.136       0.031   0.034   0.026   0.025
MotorVehicle       4105    4106    4113    4156       0.187   0.189   0.255   0.251       0.065   0.067   0.052   0.052
OtherVehicle       2479    2475    2591    2469       0.111   0.113   0.086   0.101       0.030   0.032   0.022   0.021
Freight            3222    3221    2879    2629       0.185   0.187   0.150   0.200       0.065   0.068   0.046   0.043
 
 
1960 and 2010 quantities
White Men p(:,WM) for        Young Cohort                          Middle-Aged Cohort                      Old-Aged Cohort
 
                     Data60  Model60 Data2010Model2010      Data60  Model60 Data2010Model2010      Data60  Model60 Data2010Model2010
------------------------------------------------------------------------------------------------------------------------------------
Home                 0.0863   0.0862   0.1505   0.1608      0.0769   0.0769   0.1237   0.1578      0.1108   0.1108   0.1621   0.0949
Managers             0.0771   0.0778   0.0740   0.0932      0.1176   0.1176   0.1180   0.0932      0.1264   0.1264   0.1236   0.0996
MgmtRelated          0.0318   0.0318   0.0398   0.0411      0.0296   0.0296   0.0410   0.0427      0.0233   0.0233   0.0407   0.0387
Architects           0.0008   0.0008   0.0015   0.0015      0.0008   0.0008   0.0017   0.0024      0.0007   0.0007   0.0017   0.0022
Engineers            0.0298   0.0295   0.0185   0.0173      0.0251   0.0251   0.0186   0.0207      0.0154   0.0154   0.0219   0.0258
Math/CompSci         0.0008   0.0008   0.0240   0.0235      0.0004   0.0004   0.0236   0.0227      0.0002   0.0002   0.0175   0.0099
Science              0.0063   0.0063   0.0054   0.0051      0.0047   0.0047   0.0048   0.0062      0.0029   0.0029   0.0042   0.0049
Doctors              0.0083   0.0085   0.0058   0.0081      0.0102   0.0102   0.0095   0.0103      0.0082   0.0082   0.0103   0.0119
Nurses               0.0025   0.0025   0.0044   0.0047      0.0022   0.0022   0.0054   0.0035      0.0026   0.0026   0.0044   0.0029
Therapists           0.0004   0.0004   0.0028   0.0029      0.0003   0.0003   0.0033   0.0025      0.0004   0.0004   0.0023   0.0015
Professors           0.0033   0.0033   0.0070   0.0082      0.0033   0.0033   0.0068   0.0066      0.0026   0.0026   0.0062   0.0049
Teachers             0.0188   0.0187   0.0239   0.0235      0.0110   0.0110   0.0229   0.0196      0.0087   0.0087   0.0171   0.0148
Librarians           0.0002   0.0002   0.0004   0.0005      0.0002   0.0002   0.0006   0.0005      0.0002   0.0002   0.0005   0.0006
Soc.Scientists       0.0013   0.0013   0.0028   0.0028      0.0010   0.0010   0.0031   0.0018      0.0006   0.0006   0.0024   0.0029
SocialWork           0.0073   0.0073   0.0070   0.0065      0.0064   0.0064   0.0068   0.0055      0.0058   0.0058   0.0065   0.0059
Lawyers              0.0052   0.0053   0.0073   0.0080      0.0051   0.0051   0.0098   0.0094      0.0055   0.0055   0.0094   0.0103
Arts/Athletes        0.0127   0.0127   0.0180   0.0168      0.0096   0.0096   0.0162   0.0176      0.0070   0.0070   0.0125   0.0169
HealthTechs          0.0019   0.0019   0.0069   0.0064      0.0014   0.0014   0.0058   0.0048      0.0012   0.0012   0.0044   0.0041
Eng.Techs            0.0149   0.0146   0.0078   0.0069      0.0074   0.0074   0.0080   0.0084      0.0037   0.0037   0.0082   0.0148
ScienceTechs         0.0065   0.0064   0.0013   0.0011      0.0040   0.0040   0.0011   0.0011      0.0022   0.0022   0.0011   0.0021
OtherTechs           0.0033   0.0033   0.0197   0.0190      0.0029   0.0029   0.0200   0.0218      0.0016   0.0016   0.0172   0.0199
Sales                0.0767   0.0771   0.0889   0.0947      0.0748   0.0748   0.0912   0.0966      0.0669   0.0669   0.0896   0.1137
Secretaries          0.0019   0.0019   0.0024   0.0019      0.0013   0.0013   0.0017   0.0013      0.0014   0.0014   0.0016   0.0009
Info.Clerks          0.0016   0.0015   0.0035   0.0029      0.0015   0.0015   0.0020   0.0022      0.0009   0.0009   0.0019   0.0024
Records              0.0024   0.0024   0.0021   0.0018      0.0025   0.0025   0.0014   0.0014      0.0024   0.0024   0.0014   0.0017
FinancialClerk       0.0049   0.0049   0.0030   0.0027      0.0037   0.0037   0.0023   0.0024      0.0037   0.0037   0.0022   0.0028
OfficeMachine        0.0031   0.0031   0.0002   0.0003      0.0010   0.0010   0.0004   0.0008      0.0006   0.0006   0.0007   0.0003
ComputerTech         0.0007   0.0007   0.0010   0.0007      0.0005   0.0005   0.0009   0.0013      0.0004   0.0004   0.0010   0.0047
Mail                 0.0075   0.0074   0.0033   0.0035      0.0114   0.0114   0.0048   0.0041      0.0087   0.0087   0.0066   0.0069
Clerks               0.0144   0.0142   0.0210   0.0196      0.0131   0.0131   0.0171   0.0188      0.0132   0.0132   0.0165   0.0186
Insurance            0.0032   0.0031   0.0155   0.0140      0.0019   0.0019   0.0100   0.0123      0.0013   0.0013   0.0081   0.0049
Misc.Admin           0.0308   0.0306   0.0067   0.0056      0.0251   0.0251   0.0043   0.0045      0.0245   0.0245   0.0039   0.0071
PrivateHshld         0.0010   0.0010   0.0010   0.0011      0.0010   0.0010   0.0012   0.0008      0.0013   0.0013   0.0012   0.0011
Firefighting         0.0048   0.0047   0.0058   0.0057      0.0044   0.0044   0.0065   0.0050      0.0029   0.0029   0.0046   0.0045
Police               0.0103   0.0101   0.0181   0.0182      0.0079   0.0079   0.0226   0.0191      0.0060   0.0060   0.0144   0.0133
Guards               0.0026   0.0026   0.0084   0.0080      0.0036   0.0036   0.0062   0.0050      0.0062   0.0062   0.0059   0.0067
FoodPrep             0.0075   0.0076   0.0440   0.0359      0.0087   0.0087   0.0227   0.0201      0.0109   0.0109   0.0127   0.0166
HealthService        0.0017   0.0017   0.0056   0.0053      0.0014   0.0014   0.0038   0.0027      0.0016   0.0016   0.0034   0.0031
Cleaning             0.0032   0.0032   0.0132   0.0148      0.0053   0.0053   0.0160   0.0109      0.0099   0.0099   0.0207   0.0178
PersonalService      0.0073   0.0074   0.0081   0.0077      0.0055   0.0055   0.0068   0.0061      0.0078   0.0078   0.0059   0.0039
FarmMgrs             0.0331   0.0343   0.0045   0.0052      0.0465   0.0465   0.0054   0.0054      0.0606   0.0606   0.0080   0.0112
FarmWork             0.0152   0.0157   0.0090   0.0077      0.0114   0.0114   0.0066   0.0041      0.0128   0.0128   0.0050   0.0054
Agriculture          0.0018   0.0018   0.0183   0.0177      0.0018   0.0018   0.0157   0.0115      0.0024   0.0024   0.0120   0.0090
Forest               0.0025   0.0026   0.0017   0.0017      0.0025   0.0025   0.0023   0.0024      0.0028   0.0028   0.0022   0.0025
Mechanics            0.0243   0.0242   0.0291   0.0273      0.0221   0.0221   0.0317   0.0359      0.0188   0.0188   0.0350   0.0379
Elec.Repairer        0.0183   0.0180   0.0145   0.0133      0.0118   0.0118   0.0142   0.0147      0.0063   0.0063   0.0121   0.0114
Misc.Repairer        0.0308   0.0306   0.0097   0.0095      0.0339   0.0339   0.0113   0.0104      0.0341   0.0341   0.0136   0.0130
Construction         0.0507   0.0507   0.0910   0.0838      0.0542   0.0542   0.0892   0.0873      0.0512   0.0512   0.0801   0.0930
Extractive           0.0075   0.0075   0.0041   0.0036      0.0071   0.0071   0.0023   0.0011      0.0067   0.0067   0.0020   0.0021
Supervisor(P)        0.0216   0.0216   0.0064   0.0068      0.0343   0.0343   0.0107   0.0120      0.0366   0.0366   0.0121   0.0152
MetalWork            0.0219   0.0217   0.0039   0.0035      0.0253   0.0253   0.0055   0.0069      0.0222   0.0222   0.0071   0.0136
WoodWork             0.0013   0.0013   0.0007   0.0007      0.0016   0.0016   0.0008   0.0012      0.0015   0.0015   0.0010   0.0013
Textiles             0.0021   0.0021   0.0004   0.0004      0.0025   0.0025   0.0006   0.0006      0.0026   0.0026   0.0007   0.0013
Other                0.0035   0.0035   0.0027   0.0026      0.0034   0.0034   0.0020   0.0023      0.0028   0.0028   0.0018   0.0031
Food                 0.0060   0.0059   0.0038   0.0034      0.0056   0.0056   0.0030   0.0031      0.0069   0.0069   0.0029   0.0039
PlantOperator        0.0068   0.0068   0.0024   0.0024      0.0080   0.0080   0.0031   0.0025      0.0081   0.0081   0.0042   0.0049
MetalMach.           0.0049   0.0049   0.0017   0.0014      0.0062   0.0062   0.0017   0.0022      0.0067   0.0067   0.0019   0.0034
MetalProc.           0.0014   0.0013   0.0005   0.0004      0.0016   0.0016   0.0006   0.0012      0.0016   0.0016   0.0006   0.0015
WoodMach.            0.0016   0.0016   0.0041   0.0039      0.0014   0.0014   0.0042   0.0087      0.0016   0.0016   0.0046   0.0017
TextileMach.         0.0074   0.0073   0.0019   0.0015      0.0062   0.0062   0.0023   0.0031      0.0069   0.0069   0.0027   0.0058
PrintMach.           0.0032   0.0032   0.0016   0.0012      0.0035   0.0035   0.0016   0.0021      0.0037   0.0037   0.0014   0.0031
OtherMach.           0.0872   0.0867   0.0176   0.0155      0.0800   0.0800   0.0172   0.0172      0.0779   0.0779   0.0156   0.0224
Fabricators          0.0177   0.0176   0.0158   0.0127      0.0189   0.0189   0.0152   0.0158      0.0158   0.0158   0.0130   0.0219
Prod.Inspectors      0.0073   0.0073   0.0053   0.0047      0.0070   0.0070   0.0050   0.0054      0.0069   0.0069   0.0055   0.0063
MotorVehicle         0.0567   0.0568   0.0356   0.0378      0.0518   0.0518   0.0472   0.0442      0.0462   0.0462   0.0514   0.0480
OtherVehicle         0.0146   0.0145   0.0081   0.0077      0.0179   0.0179   0.0087   0.0074      0.0168   0.0168   0.0091   0.0094
Freight              0.0456   0.0456   0.0249   0.0216      0.0386   0.0386   0.0192   0.0164      0.0390   0.0390   0.0179   0.0266
 
 
1960 and 2010 quantities
White women p(:,WW) for      Young Cohort                          Middle-Aged Cohort                      Old-Aged Cohort
 
                     Data60  Model60 Data2010Model2010      Data60  Model60 Data2010Model2010      Data60  Model60 Data2010Model2010
------------------------------------------------------------------------------------------------------------------------------------
Home                 0.7388   0.7391   0.3087   0.3257      0.6698   0.6698   0.3235   0.3629      0.6238   0.6238   0.3149   0.3292
Managers             0.0068   0.0068   0.0587   0.0730      0.0145   0.0145   0.0722   0.0692      0.0217   0.0217   0.0727   0.0732
MgmtRelated          0.0033   0.0033   0.0467   0.0476      0.0046   0.0046   0.0509   0.0568      0.0058   0.0058   0.0525   0.0515
Architects           0.0000   0.0000   0.0008   0.0008      0.0000   0.0000   0.0005   0.0009      0.0000   0.0000   0.0004   0.0006
Engineers            0.0002   0.0002   0.0032   0.0029      0.0001   0.0001   0.0024   0.0031      0.0002   0.0002   0.0024   0.0037
Math/CompSci         0.0001   0.0001   0.0075   0.0072      0.0002   0.0002   0.0083   0.0092      0.0001   0.0001   0.0089   0.0060
Science              0.0003   0.0003   0.0046   0.0043      0.0003   0.0003   0.0029   0.0038      0.0002   0.0002   0.0021   0.0024
Doctors              0.0003   0.0003   0.0059   0.0081      0.0004   0.0004   0.0061   0.0062      0.0005   0.0005   0.0044   0.0047
Nurses               0.0109   0.0109   0.0328   0.0344      0.0107   0.0107   0.0322   0.0226      0.0118   0.0118   0.0346   0.0260
Therapists           0.0004   0.0004   0.0122   0.0123      0.0003   0.0003   0.0099   0.0088      0.0002   0.0002   0.0073   0.0055
Professors           0.0004   0.0004   0.0069   0.0080      0.0006   0.0006   0.0067   0.0063      0.0008   0.0008   0.0060   0.0039
Teachers             0.0167   0.0166   0.0772   0.0750      0.0171   0.0171   0.0731   0.0596      0.0310   0.0310   0.0637   0.0423
Librarians           0.0008   0.0008   0.0013   0.0015      0.0011   0.0011   0.0017   0.0014      0.0019   0.0019   0.0020   0.0014
Soc.Scientists       0.0003   0.0003   0.0051   0.0050      0.0003   0.0003   0.0043   0.0026      0.0003   0.0003   0.0031   0.0037
SocialWork           0.0015   0.0015   0.0119   0.0110      0.0017   0.0017   0.0103   0.0091      0.0025   0.0025   0.0089   0.0070
Lawyers              0.0001   0.0001   0.0062   0.0066      0.0001   0.0001   0.0058   0.0063      0.0001   0.0001   0.0043   0.0055
Arts/Athletes        0.0039   0.0039   0.0155   0.0142      0.0028   0.0028   0.0113   0.0145      0.0031   0.0031   0.0104   0.0148
HealthTechs          0.0035   0.0035   0.0178   0.0163      0.0037   0.0037   0.0170   0.0123      0.0055   0.0055   0.0160   0.0165
Eng.Techs            0.0005   0.0005   0.0024   0.0021      0.0006   0.0006   0.0017   0.0021      0.0003   0.0003   0.0021   0.0032
ScienceTechs         0.0006   0.0006   0.0007   0.0006      0.0006   0.0006   0.0005   0.0005      0.0003   0.0003   0.0006   0.0010
OtherTechs           0.0002   0.0002   0.0085   0.0081      0.0003   0.0003   0.0096   0.0112      0.0003   0.0003   0.0103   0.0113
Sales                0.0197   0.0198   0.0700   0.0737      0.0355   0.0355   0.0650   0.0725      0.0447   0.0447   0.0655   0.0790
Secretaries          0.0414   0.0410   0.0296   0.0238      0.0384   0.0384   0.0366   0.0269      0.0341   0.0341   0.0481   0.0512
Info.Clerks          0.0027   0.0027   0.0154   0.0126      0.0023   0.0023   0.0114   0.0126      0.0020   0.0020   0.0118   0.0136
Records              0.0019   0.0019   0.0050   0.0044      0.0025   0.0025   0.0051   0.0036      0.0028   0.0028   0.0063   0.0055
FinancialClerk       0.0149   0.0148   0.0145   0.0127      0.0178   0.0178   0.0197   0.0192      0.0176   0.0176   0.0237   0.0241
OfficeMachine        0.0049   0.0049   0.0003   0.0004      0.0039   0.0039   0.0004   0.0009      0.0032   0.0032   0.0006   0.0003
ComputerTech         0.0069   0.0068   0.0010   0.0007      0.0054   0.0054   0.0012   0.0017      0.0069   0.0069   0.0014   0.0074
Mail                 0.0003   0.0003   0.0012   0.0013      0.0007   0.0007   0.0024   0.0023      0.0007   0.0007   0.0040   0.0046
Clerks               0.0012   0.0012   0.0107   0.0099      0.0017   0.0017   0.0118   0.0114      0.0018   0.0018   0.0131   0.0129
Insurance            0.0001   0.0001   0.0275   0.0244      0.0002   0.0002   0.0226   0.0272      0.0002   0.0002   0.0219   0.0131
Misc.Admin           0.0296   0.0294   0.0220   0.0181      0.0337   0.0337   0.0198   0.0189      0.0350   0.0350   0.0232   0.0342
PrivateHshld         0.0022   0.0022   0.0076   0.0083      0.0042   0.0042   0.0108   0.0058      0.0080   0.0080   0.0105   0.0046
Firefighting         0.0000   0.0000   0.0003   0.0002      0.0000   0.0000   0.0003   0.0002      0.0000   0.0000   0.0002   0.0002
Police               0.0002   0.0002   0.0038   0.0038      0.0002   0.0002   0.0042   0.0033      0.0002   0.0002   0.0031   0.0022
Guards               0.0000   0.0000   0.0022   0.0020      0.0001   0.0001   0.0018   0.0014      0.0001   0.0001   0.0022   0.0016
FoodPrep             0.0163   0.0164   0.0416   0.0336      0.0229   0.0229   0.0266   0.0221      0.0244   0.0244   0.0242   0.0249
HealthService        0.0044   0.0044   0.0353   0.0332      0.0051   0.0051   0.0290   0.0200      0.0069   0.0069   0.0276   0.0173
Cleaning             0.0003   0.0003   0.0044   0.0048      0.0010   0.0010   0.0066   0.0033      0.0014   0.0014   0.0083   0.0052
PersonalService      0.0076   0.0078   0.0299   0.0283      0.0120   0.0120   0.0248   0.0277      0.0143   0.0143   0.0211   0.0210
FarmMgrs             0.0005   0.0005   0.0006   0.0007      0.0010   0.0010   0.0008   0.0007      0.0020   0.0020   0.0014   0.0014
FarmWork             0.0022   0.0022   0.0021   0.0018      0.0032   0.0032   0.0018   0.0011      0.0038   0.0038   0.0014   0.0012
Agriculture          0.0001   0.0001   0.0030   0.0029      0.0003   0.0003   0.0026   0.0018      0.0003   0.0003   0.0025   0.0020
Forest               0.0000   0.0000   0.0001   0.0001      0.0001   0.0001   0.0002   0.0001      0.0000   0.0000   0.0002   0.0001
Mechanics            0.0001   0.0001   0.0008   0.0008      0.0001   0.0001   0.0008   0.0010      0.0000   0.0000   0.0008   0.0009
Elec.Repairer        0.0002   0.0002   0.0008   0.0007      0.0001   0.0001   0.0008   0.0009      0.0001   0.0001   0.0009   0.0009
Misc.Repairer        0.0002   0.0002   0.0005   0.0005      0.0003   0.0003   0.0005   0.0006      0.0004   0.0004   0.0007   0.0009
Construction         0.0002   0.0002   0.0017   0.0016      0.0002   0.0002   0.0021   0.0023      0.0003   0.0003   0.0023   0.0024
Extractive           0.0000   0.0000   0.0001   0.0000      0.0000   0.0000   0.0001   0.0000      0.0000   0.0000   0.0001   0.0000
Supervisor(P)        0.0012   0.0012   0.0013   0.0013      0.0021   0.0021   0.0019   0.0026      0.0027   0.0027   0.0024   0.0029
MetalWork            0.0002   0.0002   0.0001   0.0001      0.0005   0.0005   0.0003   0.0004      0.0002   0.0002   0.0003   0.0006
WoodWork             0.0000   0.0000   0.0001   0.0000      0.0000   0.0000   0.0001   0.0001      0.0000   0.0000   0.0001   0.0002
Textiles             0.0085   0.0085   0.0003   0.0003      0.0121   0.0121   0.0004   0.0004      0.0160   0.0160   0.0007   0.0011
Other                0.0004   0.0004   0.0079   0.0073      0.0004   0.0004   0.0052   0.0051      0.0004   0.0004   0.0046   0.0018
Food                 0.0002   0.0002   0.0020   0.0017      0.0005   0.0005   0.0021   0.0015      0.0004   0.0004   0.0022   0.0015
PlantOperator        0.0001   0.0001   0.0001   0.0001      0.0001   0.0001   0.0002   0.0001      0.0001   0.0001   0.0002   0.0003
MetalMach.           0.0002   0.0002   0.0003   0.0002      0.0003   0.0003   0.0004   0.0005      0.0003   0.0003   0.0004   0.0007
MetalProc.           0.0000   0.0000   0.0001   0.0001      0.0000   0.0000   0.0001   0.0002      0.0000   0.0000   0.0002   0.0003
WoodMach.            0.0000   0.0000   0.0006   0.0006      0.0000   0.0000   0.0009   0.0023      0.0001   0.0001   0.0012   0.0003
TextileMach.         0.0003   0.0003   0.0004   0.0004      0.0004   0.0004   0.0006   0.0008      0.0004   0.0004   0.0007   0.0023
PrintMach.           0.0037   0.0038   0.0019   0.0014      0.0060   0.0060   0.0025   0.0027      0.0080   0.0080   0.0029   0.0072
OtherMach.           0.0261   0.0260   0.0045   0.0039      0.0375   0.0375   0.0059   0.0063      0.0345   0.0345   0.0066   0.0078
Fabricators          0.0054   0.0054   0.0032   0.0026      0.0082   0.0082   0.0042   0.0053      0.0062   0.0062   0.0051   0.0089
Prod.Inspectors      0.0041   0.0041   0.0023   0.0020      0.0068   0.0068   0.0027   0.0034      0.0066   0.0066   0.0034   0.0044
MotorVehicle         0.0004   0.0004   0.0030   0.0032      0.0007   0.0007   0.0053   0.0045      0.0005   0.0005   0.0073   0.0048
OtherVehicle         0.0001   0.0001   0.0002   0.0002      0.0002   0.0002   0.0002   0.0002      0.0002   0.0002   0.0002   0.0003
Freight              0.0014   0.0014   0.0052   0.0045      0.0016   0.0016   0.0064   0.0045      0.0018   0.0018   0.0067   0.0085
 
 
1980 and 2010 quantities (the 1960 ones fit by construction)
White Women p(:,WW) for      Young Cohort                          Middle-Aged Cohort                      Old-Aged Cohort
 
                     Data80  Model80 Data2010Model2010      Data80  Model80 Data2010Model2010      Data80  Model80 Data2010Model2010
------------------------------------------------------------------------------------------------------------------------------------
Home                 0.4606   0.4450   0.3087   0.3257      0.4763   0.6499   0.3235   0.3629      0.5097   0.7391   0.3149   0.3292
Managers             0.0341   0.0439   0.0587   0.0730      0.0377   0.0180   0.0722   0.0692      0.0356   0.0068   0.0727   0.0732
MgmtRelated          0.0264   0.0306   0.0467   0.0476      0.0221   0.0039   0.0509   0.0568      0.0200   0.0033   0.0525   0.0515
Architects           0.0003   0.0003   0.0008   0.0008      0.0001   0.0001   0.0005   0.0009      0.0001   0.0000   0.0004   0.0006
Engineers            0.0014   0.0013   0.0032   0.0029      0.0008   0.0002   0.0024   0.0031      0.0006   0.0002   0.0024   0.0037
Math/CompSci         0.0023   0.0024   0.0075   0.0072      0.0012   0.0008   0.0083   0.0092      0.0007   0.0001   0.0089   0.0060
Science              0.0015   0.0015   0.0046   0.0043      0.0008   0.0005   0.0029   0.0038      0.0005   0.0003   0.0021   0.0024
Doctors              0.0016   0.0020   0.0059   0.0081      0.0009   0.0007   0.0061   0.0062      0.0007   0.0003   0.0044   0.0047
Nurses               0.0226   0.0219   0.0328   0.0344      0.0183   0.0126   0.0322   0.0226      0.0169   0.0109   0.0346   0.0260
Therapists           0.0039   0.0033   0.0122   0.0123      0.0015   0.0009   0.0099   0.0088      0.0009   0.0004   0.0073   0.0055
Professors           0.0033   0.0042   0.0069   0.0080      0.0037   0.0026   0.0067   0.0063      0.0025   0.0004   0.0060   0.0039
Teachers             0.0512   0.0508   0.0772   0.0750      0.0432   0.0323   0.0731   0.0596      0.0318   0.0166   0.0637   0.0423
Librarians           0.0022   0.0023   0.0013   0.0015      0.0022   0.0013   0.0017   0.0014      0.0025   0.0008   0.0020   0.0014
Soc.Scientists       0.0020   0.0022   0.0051   0.0050      0.0013   0.0007   0.0043   0.0026      0.0008   0.0003   0.0031   0.0037
SocialWork           0.0064   0.0063   0.0119   0.0110      0.0045   0.0030   0.0103   0.0091      0.0037   0.0015   0.0089   0.0070
Lawyers              0.0024   0.0026   0.0062   0.0066      0.0009   0.0003   0.0058   0.0063      0.0005   0.0001   0.0043   0.0055
Arts/Athletes        0.0089   0.0090   0.0155   0.0142      0.0058   0.0034   0.0113   0.0145      0.0043   0.0039   0.0104   0.0148
HealthTechs          0.0143   0.0138   0.0178   0.0163      0.0094   0.0055   0.0170   0.0123      0.0073   0.0035   0.0160   0.0165
Eng.Techs            0.0028   0.0026   0.0024   0.0021      0.0019   0.0010   0.0017   0.0021      0.0015   0.0005   0.0021   0.0032
ScienceTechs         0.0009   0.0008   0.0007   0.0006      0.0005   0.0002   0.0005   0.0005      0.0006   0.0006   0.0006   0.0010
OtherTechs           0.0063   0.0071   0.0085   0.0081      0.0034   0.0014   0.0096   0.0112      0.0021   0.0002   0.0103   0.0113
Sales                0.0431   0.0484   0.0700   0.0737      0.0488   0.0240   0.0650   0.0725      0.0511   0.0198   0.0655   0.0790
Secretaries          0.0674   0.0645   0.0296   0.0238      0.0660   0.0574   0.0366   0.0269      0.0571   0.0410   0.0481   0.0512
Info.Clerks          0.0091   0.0100   0.0154   0.0126      0.0084   0.0050   0.0114   0.0126      0.0078   0.0027   0.0118   0.0136
Records              0.0086   0.0079   0.0050   0.0044      0.0075   0.0046   0.0051   0.0036      0.0078   0.0019   0.0063   0.0055
FinancialClerk       0.0265   0.0267   0.0145   0.0127      0.0284   0.0215   0.0197   0.0192      0.0303   0.0148   0.0237   0.0241
OfficeMachine        0.0004   0.0002   0.0003   0.0004      0.0004   0.0005   0.0004   0.0009      0.0004   0.0049   0.0006   0.0003
ComputerTech         0.0078   0.0080   0.0010   0.0007      0.0066   0.0040   0.0012   0.0017      0.0073   0.0068   0.0014   0.0074
Mail                 0.0022   0.0023   0.0012   0.0013      0.0022   0.0010   0.0024   0.0023      0.0023   0.0003   0.0040   0.0046
Clerks               0.0085   0.0090   0.0107   0.0099      0.0078   0.0027   0.0118   0.0114      0.0072   0.0012   0.0131   0.0129
Insurance            0.0060   0.0059   0.0275   0.0244      0.0041   0.0023   0.0226   0.0272      0.0031   0.0001   0.0219   0.0131
Misc.Admin           0.0336   0.0318   0.0220   0.0181      0.0330   0.0296   0.0198   0.0189      0.0317   0.0294   0.0232   0.0342
PrivateHshld         0.0034   0.0034   0.0076   0.0083      0.0051   0.0041   0.0108   0.0058      0.0064   0.0022   0.0105   0.0046
Firefighting         0.0001   0.0001   0.0003   0.0002      0.0000   0.0000   0.0003   0.0002      0.0000   0.0000   0.0002   0.0002
Police               0.0009   0.0009   0.0038   0.0038      0.0006   0.0003   0.0042   0.0033      0.0005   0.0002   0.0031   0.0022
Guards               0.0009   0.0011   0.0022   0.0020      0.0009   0.0002   0.0018   0.0014      0.0010   0.0000   0.0022   0.0016
FoodPrep             0.0206   0.0205   0.0416   0.0336      0.0240   0.0161   0.0266   0.0221      0.0262   0.0164   0.0242   0.0249
HealthService        0.0144   0.0151   0.0353   0.0332      0.0141   0.0080   0.0290   0.0200      0.0143   0.0044   0.0276   0.0173
Cleaning             0.0027   0.0034   0.0044   0.0048      0.0039   0.0008   0.0066   0.0033      0.0049   0.0003   0.0083   0.0052
PersonalService      0.0179   0.0187   0.0299   0.0283      0.0161   0.0156   0.0248   0.0277      0.0108   0.0078   0.0211   0.0210
FarmMgrs             0.0011   0.0014   0.0006   0.0007      0.0019   0.0007   0.0008   0.0007      0.0023   0.0005   0.0014   0.0014
FarmWork             0.0017   0.0015   0.0021   0.0018      0.0021   0.0012   0.0018   0.0011      0.0021   0.0022   0.0014   0.0012
Agriculture          0.0010   0.0010   0.0030   0.0029      0.0007   0.0003   0.0026   0.0018      0.0006   0.0001   0.0025   0.0020
Forest               0.0001   0.0001   0.0001   0.0001      0.0001   0.0000   0.0002   0.0001      0.0001   0.0000   0.0002   0.0001
Mechanics            0.0006   0.0006   0.0008   0.0008      0.0005   0.0004   0.0008   0.0010      0.0004   0.0001   0.0008   0.0009
Elec.Repairer        0.0010   0.0009   0.0008   0.0007      0.0007   0.0003   0.0008   0.0009      0.0006   0.0002   0.0009   0.0009
Misc.Repairer        0.0007   0.0006   0.0005   0.0005      0.0006   0.0006   0.0005   0.0006      0.0007   0.0002   0.0007   0.0009
Construction         0.0016   0.0017   0.0017   0.0016      0.0013   0.0008   0.0021   0.0023      0.0010   0.0002   0.0023   0.0024
Extractive           0.0001   0.0001   0.0001   0.0000      0.0001   0.0000   0.0001   0.0000      0.0000   0.0000   0.0001   0.0000
Supervisor(P)        0.0036   0.0043   0.0013   0.0013      0.0053   0.0017   0.0019   0.0026      0.0051   0.0012   0.0024   0.0029
MetalWork            0.0006   0.0006   0.0001   0.0001      0.0007   0.0004   0.0003   0.0004      0.0005   0.0002   0.0003   0.0006
WoodWork             0.0002   0.0002   0.0001   0.0000      0.0002   0.0001   0.0001   0.0001      0.0002   0.0000   0.0001   0.0002
Textiles             0.0011   0.0009   0.0003   0.0003      0.0017   0.0007   0.0004   0.0004      0.0021   0.0085   0.0007   0.0011
Other                0.0011   0.0011   0.0079   0.0073      0.0011   0.0003   0.0052   0.0051      0.0011   0.0004   0.0046   0.0018
Food                 0.0009   0.0008   0.0020   0.0017      0.0012   0.0005   0.0021   0.0015      0.0011   0.0002   0.0022   0.0015
PlantOperator        0.0002   0.0001   0.0001   0.0001      0.0002   0.0000   0.0002   0.0001      0.0001   0.0001   0.0002   0.0003
MetalMach.           0.0018   0.0017   0.0003   0.0002      0.0021   0.0018   0.0004   0.0005      0.0021   0.0002   0.0004   0.0007
MetalProc.           0.0007   0.0007   0.0001   0.0001      0.0008   0.0002   0.0001   0.0002      0.0008   0.0000   0.0002   0.0003
WoodMach.            0.0003   0.0003   0.0006   0.0006      0.0003   0.0001   0.0009   0.0023      0.0003   0.0000   0.0012   0.0003
TextileMach.         0.0017   0.0016   0.0004   0.0004      0.0015   0.0007   0.0006   0.0008      0.0013   0.0003   0.0007   0.0023
PrintMach.           0.0117   0.0124   0.0019   0.0014      0.0156   0.0184   0.0025   0.0027      0.0172   0.0038   0.0029   0.0072
OtherMach.           0.0105   0.0084   0.0045   0.0039      0.0125   0.0170   0.0059   0.0063      0.0122   0.0260   0.0066   0.0078
Fabricators          0.0108   0.0104   0.0032   0.0026      0.0128   0.0073   0.0042   0.0053      0.0126   0.0054   0.0051   0.0089
Prod.Inspectors      0.0048   0.0049   0.0023   0.0020      0.0064   0.0051   0.0027   0.0034      0.0078   0.0041   0.0034   0.0044
MotorVehicle         0.0034   0.0034   0.0030   0.0032      0.0046   0.0011   0.0053   0.0045      0.0032   0.0004   0.0073   0.0048
OtherVehicle         0.0007   0.0007   0.0002   0.0002      0.0007   0.0002   0.0002   0.0002      0.0007   0.0001   0.0002   0.0003
Freight              0.0086   0.0077   0.0052   0.0045      0.0100   0.0029   0.0064   0.0045      0.0103   0.0014   0.0067   0.0085
 
 
====================================================================== 
    PRODUCTION: w*H in data and model for various groups/cohorts
====================================================================== 
 
 
 
/// 1960 ///          Young                       Middle                      Old
 
               Data   Model       %        Data   Model       %        Data   Model       %
-------------------------------------------------------------------------------------------
White Men      4680    4858   103.8        5988    5991   100.0        5124    5129   100.1
White Women    2056    2141   104.1        2461    2459    99.9        2191    2191   100.0
Black Men       314     326   103.5         345     345   100.0         269     269   100.0
Black Women     218     246   112.8         195     195   100.0         125     125   100.1
 
Total income for the year:    Data = 23967  Model = 24274
 
 
/// 1970 ///          Young                       Middle                      Old
 
               Data   Model       %        Data   Model       %        Data   Model       %
-------------------------------------------------------------------------------------------
White Men      6175    6392   103.5        7009    7158   102.1        7165    7227   100.9
White Women    3004    3043   101.3        2976    2905    97.6        3110    3103    99.8
Black Men       488     497   101.8         471     460    97.6         403     400    99.3
Black Women     377     392   104.1         315     343   109.0         225     224    99.6
 
Total income for the year:    Data = 31717  Model = 32144
 
 
/// 1980 ///          Young                       Middle                      Old
 
               Data   Model       %        Data   Model       %        Data   Model       %
-------------------------------------------------------------------------------------------
White Men      7406    7527   101.6        6856    7228   105.4        6297    6768   107.5
White Women    4282    4438   103.6        3255    3117    95.8        2780    2573    92.5
Black Men       640     633    98.8         529     547   103.3         420     412    98.2
Black Women     548     555   101.3         398     407   102.3         281     292   104.1
 
Total income for the year:    Data = 33691  Model = 34497
 
 
/// 1990 ///          Young                       Middle                      Old
 
               Data   Model       %        Data   Model       %        Data   Model       %
-------------------------------------------------------------------------------------------
White Men      7301    7281    99.7        9117    9015    98.9        6995    7326   104.7
White Women    5150    5368   104.2        5309    5316   100.1        3504    3179    90.7
Black Men       670     673   100.4         737     768   104.1         539     559   103.6
Black Women     658     685   104.1         687     677    98.6         427     421    98.7
 
Total income for the year:    Data = 41093  Model = 41268
 
 
/// 2000 ///          Young                       Middle                      Old
 
               Data   Model       %        Data   Model       %        Data   Model       %
-------------------------------------------------------------------------------------------
White Men      6260    6053    96.7       11126   10598    95.3       10786   10365    96.1
White Women    4825    4887   101.3        7529    8530   113.3        6487    7061   108.9
Black Men       723     716    98.9        1074    1108   103.1         901     936   103.9
Black Women     755     774   102.5        1064    1167   109.6         870     895   102.8
 
Total income for the year:    Data = 52402  Model = 53089
 
 
/// 2010 ///          Young                       Middle                      Old
 
               Data   Model       %        Data   Model       %        Data   Model       %
-------------------------------------------------------------------------------------------
White Men      6122    5888    96.2        9067    8532    94.1       11987   11463    95.6
White Women    4992    5015   100.5        6492    6996   107.8        8198    9509   116.0
Black Men       727     712    97.9         995     981    98.5        1125    1182   105.0
Black Women     793     800   100.9        1035    1096   105.9        1145    1264   110.4
 
Total income for the year:    Data = 52679  Model = 53437
 
 
==================================================================================== 
    EARNINGS (Market): (1-tauw)*w*H in data and model for various groups/cohorts
==================================================================================== 
 
 
 
/// 1960 ///          Young                       Middle                      Old
 
               Data   Model       %        Data   Model       %        Data   Model       %
-------------------------------------------------------------------------------------------
White Men      4282    4448   103.9        5534    5537   100.1        4537    4542   100.1
White Women     827     872   105.4        1129    1128    99.8        1136    1135    99.9
Black Men       231     239   103.8         255     255   100.0         194     194   100.0
Black Women      92      98   106.1         100     100   100.1          67      67   100.2
 
Market income for the year:   Data = 18383  Model = 18615
 
 
/// 1970 ///          Young                       Middle                      Old
 
               Data   Model       %        Data   Model       %        Data   Model       %
-------------------------------------------------------------------------------------------
White Men      5610    5832   104.0        6467    6602   102.1        6406    6482   101.2
White Women    1381    1434   103.8        1471    1302    88.5        1713    1710    99.8
Black Men       375     381   101.6         369     379   102.8         314     312    99.3
Black Women     210     216   102.9         186     177    95.0         142     143   100.4
 
Market income for the year:   Data = 24645  Model = 24970
 
 
/// 1980 ///          Young                       Middle                      Old
 
               Data   Model       %        Data   Model       %        Data   Model       %
-------------------------------------------------------------------------------------------
White Men      6816    6977   102.4        6360    6621   104.1        5584    6264   112.2
White Women    2701    2814   104.2        1914    1664    86.9        1646    1296    78.7
Black Men       503     497    98.9         402     455   113.1         311     368   118.0
Black Women     391     398   101.6         272     277   101.9         188     175    93.1
 
Market income for the year:   Data = 27088  Model = 27805
 
 
/// 1990 ///          Young                       Middle                      Old
 
               Data   Model       %        Data   Model       %        Data   Model       %
-------------------------------------------------------------------------------------------
White Men      6709    6741   100.5        8458    8367    98.9        6235    6717   107.7
White Women    3593    3727   103.7        3737    3755   100.5        2408    1893    78.6
Black Men       530     533   100.5         579     631   109.0         394     490   124.5
Black Women     484     498   102.9         521     510    97.9         305     302    99.1
 
Market income for the year:   Data = 33953  Model = 34164
 
 
/// 2000 ///          Young                       Middle                      Old
 
               Data   Model       %        Data   Model       %        Data   Model       %
-------------------------------------------------------------------------------------------
White Men      5442    5214    95.8        9497    9376    98.7        8871    9206   103.8
White Women    3176    3088    97.2        4636    5671   122.3        4312    4611   106.9
Black Men       508     482    95.0         709     798   112.4         566     709   125.3
Black Women     504     484    96.1         671     776   115.6         527     607   115.1
 
Market income for the year:   Data = 39419  Model = 41019
 
 
/// 2010 ///          Young                       Middle                      Old
 
               Data   Model       %        Data   Model       %        Data   Model       %
-------------------------------------------------------------------------------------------
White Men      5320    5081    95.5        8212    7512    91.5       10088   10307   102.2
White Women    3605    3548    98.4        4517    4893   108.3        5594    6956   124.3
Black Men       521     497    95.3         772     711    92.0         792     914   115.4
Black Women     568     552    97.1         766     760    99.2         787     932   118.5
 
Market income for the year:   Data = 41541  Model = 42663
Production GDP = Total Labor Income (pre-tax) has been confirmed to the nearest dime per person :-).
 
 
GDP per person in data and model
 
        Year        Data       Model    ExitFlag
------------------------------------------------
        1960       23967       24274           1
        1970       31717       32144           1
        1980       33691       34497           1
        1990       41093       41268           1
        2000       52402       53089           1
        2010       52679       53437           1
 
 
GDP (mkt) per person in data and model
 
        Year        Data       Model
------------------------------------
        1960       17008       17212
        1970       22888       22874
        1980       25310       25257
        1990       32682       31981
        2000       36798       37947
        2010       39432       40325
 
 
GDP per worker (market) in data and model
 
        Year        Data       Model
------------------------------------
        1960       28414       28753
        1970       36009       37244
        1980       36045       38670
        1990       42801       44423
        2000       49266       51080
        2010       51943       53927
 
 
LFP in data and model
 
        Year        Data       Model
------------------------------------
        1960       0.599       0.599
        1970       0.636       0.614
        1980       0.702       0.653
        1990       0.764       0.720
        2000       0.747       0.743
        2010       0.759       0.748
 
 
Market Wage Gap in data and model
 
  Year      WWdata WWmodel      BMdata BMmodel      BWdata BWmodel
------------------------------------------------------------------
  1960       0.555   0.556       0.559   0.560       0.347   0.350
  1970       0.527   0.561       0.627   0.626       0.418   0.446
  1980       0.549   0.610       0.714   0.709       0.513   0.544
  1990       0.613   0.692       0.700   0.738       0.555   0.598
  2000       0.647   0.792       0.694   0.757       0.566   0.660
  2010       0.714   0.866       0.710   0.788       0.604   0.721
 
 
Earnings (market, after tauw) in data and model
 
        Year        Data       Model
------------------------------------
        1960       18383       18615
        1970       24645       24970
        1980       27088       27805
        1990       33953       34164
        2000       39419       41019
        2010       41541       42663
 
 
Earnings (market, after tauw) by Group in data and model
 
  Year      WMdata WMmodel      WWdata WWmodel      BMdata BMmodel      BWdata BWmodel
--------------------------------------------------------------------------------------
  1960       14352   14527        3093    3135         679     687         259     265
  1970       18483   18916        4566    4446        1058    1073         538     535
  1980       18760   19862        6261    5773        1216    1319         852     850
  1990       21402   21825        9738    9375        1503    1654        1310    1310
  2000       23810   23795       12124   13370        1783    1989        1701    1866
  2010       23619   22900       13716   15397        2085    2121        2121    2244
 
 
ConsumptionYoung (total) per young person in data and model (and Utility)
 
        Year        Data       Model     Utility
------------------------------------------------
        1960       26528       27648       22288
        1970       36221       37193       24607
        1980       34782       35205       20598
        1990       41667       41796       24175
        2000       50102       49012       37175
        2010       49974       48761       30107
 
 
EarningsYoung (market) per young person in data and model
 
        Year        Data       Model
------------------------------------
        1960       16290       16968
        1970       21968       22800
        1980       24391       25035
        1990       28486       28946
        2000       31605       30418
        2010       32063       30986
 
 
GDP (mkt) of only Young Cohorts...
 
  Year    Data   Model
----------------------
  1960   14837   15438
  1970   20279   20972
  1980   22927   23576
  1990   27684   28300
  2000   29738   29225
  2010   30172   29499
 
 
Share of growth accounted for by the Full Model:
 
                                      Share
-------------------------------------------
GDP per person                        100.2
GDP per person (mkt)                  101.2
GDP (mkt) per worker                  104.2
Labor Force Participation (LFP)        93.6
Earnings                              101.7
ConsumpYoung (total)                   89.6
EarningsYoung (market)                 88.9
GDPYoung (market)                      91.2
WageGapWW                             176.0
WageGapBM                             143.4
WageGapBW                             130.9
EarningsWM                             91.4
EarningsWW                            106.9
EarningsBM                            100.4
EarningsBW                            101.6
