SolveEqmBasic_SigmaCobb                 05-Oct-2026 
 
'SolveEqmBasic' is a script from the file /workspace/output/replication/codebase/SolveEqmBasic.m

 SolveEqmBasic.m    

  Takes the TalentData.mat data on Taus, Z's, A(i,t).
  Solves for the equilibrium w(i) and Y

  See 2015-06-02-SolvingGE.pdf notes (old but somewhat useful?)

  Method: For each year,
    1. Guess values for {mgtilde}, Y ==> 5 unknowns
    2. Solve for {wi} from Hi^supply = Hi^demand
    3. Compute mghat, Yhat 
    4. Iterate until converge.


Additional help for built-in functions and operators is
available in the online version of the manual.  Use the command
'doc <topic>' to search the manual index.

Help and information about Octave is also available on the WWW
at https://www.octave.org and via the help@octave.org
mailing list.
 
=============================================================
KEY PARAMETER VALUES:    CaseName = SigmaCobb
                   theta =  2.0000
                     eta =  0.1030
            theta*(1-eta)=  1.7940
                    dlta =  0.0000
                      mu =  0.5574
                   sigma =  1.0500
           EstimateDelta =  0.0000
           ConstrainTauH = -0.8000
PurgeWageGrowthSelection =     0
      AlphaSplitTauW1960 =  0.5000
   OccupationforWageHome = 23 Secretaries                               
   Alpha0FixedSplit =  0.5000
=============================================================
 
...... 
 
                                         Wages                          H(i,t)                 HYoung
 
                 Data60 Model60Data2010   Model      Data60   ModelData2010   Model      Data60   ModelData2010   Model
-----------------------------------------------------------------------------------------------------------------------
Home               6019    6002    9717    9983       0.814   0.827   0.952   0.942       0.286   0.299   0.232   0.240
Managers           7097    7181   10573   12788       0.393   0.393   0.823   0.686       0.075   0.075   0.135   0.161
MgmtRelated        4797    4778    8212    8044       0.143   0.145   0.463   0.482       0.043   0.046   0.108   0.108
Architects          933     926    1519    1446       0.022   0.023   0.053   0.057       0.006   0.006   0.012   0.012
Engineers          5693    5608    6604    5918       0.096   0.099   0.171   0.195       0.035   0.038   0.043   0.042
Math/CompSci        931     915    5885    5501       0.016   0.016   0.210   0.229       0.007   0.008   0.053   0.052
Science            2399    2369    2829    2536       0.043   0.045   0.109   0.124       0.017   0.019   0.032   0.030
Doctors            3131    3264    4678    5976       0.120   0.116   0.271   0.213       0.024   0.020   0.039   0.045
Nurses             1524    1517    3243    3409       0.112   0.114   0.233   0.225       0.036   0.038   0.061   0.067
Therapists          515     521    2217    2196       0.022   0.022   0.122   0.126       0.008   0.008   0.039   0.040
Professors         1928    1929    2592    2791       0.049   0.049   0.169   0.159       0.012   0.013   0.036   0.039
Teachers           3453    3439    4935    4513       0.169   0.172   0.347   0.388       0.053   0.055   0.102   0.099
Librarians          335     333     551     618       0.042   0.043   0.061   0.055       0.010   0.011   0.012   0.014
Soc.Scientists     1168    1156    2185    2035       0.026   0.026   0.117   0.129       0.009   0.010   0.030   0.029
SocialWork         1633    1638    2240    1954       0.076   0.077   0.163   0.191       0.023   0.024   0.047   0.044
Lawyers            2802    2861    6027    6056       0.063   0.062   0.187   0.189       0.016   0.015   0.040   0.039
Arts/Athletes      3016    3009    4283    3728       0.090   0.091   0.212   0.250       0.033   0.035   0.066   0.055
HealthTechs         879     878    2439    2217       0.077   0.078   0.184   0.207       0.026   0.027   0.054   0.052
Eng.Techs          2892    2826    2709    2314       0.056   0.058   0.117   0.141       0.028   0.031   0.031   0.028
ScienceTechs       1846    1813    1095     892       0.045   0.046   0.052   0.066       0.020   0.022   0.015   0.013
OtherTechs         1368    1357    6332    5876       0.043   0.043   0.226   0.248       0.014   0.015   0.055   0.053
Sales              6560    6600    8795    8918       0.286   0.288   0.646   0.648       0.080   0.082   0.164   0.154
Secretaries         918     907    1254     980       0.191   0.196   0.142   0.187       0.068   0.073   0.033   0.028
Info.Clerks         826     814    1284    1000       0.054   0.055   0.139   0.184       0.020   0.022   0.048   0.039
Records            1291    1283    1087     955       0.068   0.069   0.093   0.109       0.018   0.019   0.027   0.025
FinancialClerk     1393    1379    1411    1218       0.151   0.154   0.173   0.205       0.046   0.050   0.040   0.037
OfficeMachine      1148    1125     325     407       0.061   0.063   0.059   0.047       0.029   0.031   0.007   0.010
ComputerTech        608     599     805     527       0.084   0.086   0.057   0.091       0.031   0.033   0.013   0.009
Mail               1774    1754    1475    1456       0.092   0.094   0.149   0.154       0.024   0.026   0.023   0.023
Clerks             2122    2100    3012    2679       0.106   0.108   0.216   0.249       0.034   0.037   0.061   0.056
Insurance          1292    1270    3081    2617       0.031   0.032   0.235   0.284       0.012   0.013   0.078   0.069
Misc.Admin         3627    3590    2012    1582       0.228   0.233   0.194   0.255       0.074   0.079   0.058   0.047
PrivateHshld        542     546     435     471       0.118   0.119   0.128   0.120       0.024   0.025   0.029   0.032
Firefighting       1376    1344    2783    2595       0.043   0.045   0.074   0.081       0.016   0.017   0.020   0.020
Police             2018    1976    4590    4460       0.061   0.063   0.176   0.185       0.024   0.026   0.045   0.047
Guards              929     927    2087    1904       0.061   0.062   0.117   0.131       0.013   0.014   0.037   0.034
FoodPrep           1250    1259    3334    2640       0.225   0.226   0.169   0.219       0.059   0.060   0.074   0.061
HealthService       532     529    1453    1343       0.108   0.110   0.220   0.243       0.035   0.036   0.072   0.069
Cleaning            765     767    2119    2328       0.121   0.122   0.183   0.169       0.022   0.023   0.036   0.041
PersonalService    1386    1412    1918    1744       0.190   0.189   0.212   0.238       0.054   0.053   0.069   0.061
FarmMgrs           2009    2102    1662    1893       0.245   0.237   0.117   0.104       0.055   0.047   0.022   0.021
FarmWork           1005    1054    1425    1173       0.140   0.134   0.070   0.088       0.052   0.047   0.026   0.022
Agriculture         652     653    2214    2046       0.044   0.045   0.122   0.135       0.014   0.014   0.038   0.036
Forest              613     623     892     857       0.053   0.053   0.052   0.055       0.016   0.015   0.011   0.011
Mechanics          2688    2669    4256    3791       0.112   0.114   0.174   0.200       0.039   0.042   0.042   0.039
Elec.Repairer      2854    2803    3156    2711       0.067   0.069   0.114   0.137       0.031   0.034   0.031   0.028
Misc.Repairer      3304    3281    2490    2275       0.148   0.151   0.116   0.130       0.044   0.047   0.026   0.025
Construction       4466    4464    6764    5983       0.186   0.188   0.283   0.328       0.058   0.060   0.077   0.068
Extractive         1626    1610    2054    1715       0.063   0.065   0.038   0.046       0.022   0.023   0.016   0.014
Supervisor(P)      3428    3419    2316    2458       0.182   0.185   0.156   0.149       0.037   0.040   0.025   0.028
MetalWork          3116    3085    1574    1338       0.123   0.126   0.087   0.105       0.036   0.039   0.016   0.014
WoodWork            624     618     518     448       0.033   0.034   0.031   0.037       0.009   0.010   0.007   0.006
Textiles            711     707     331     305       0.166   0.169   0.040   0.044       0.040   0.043   0.006   0.006
Other              1185    1178    1209    1048       0.052   0.053   0.098   0.116       0.017   0.018   0.037   0.034
Food               1373    1365    1069     911       0.069   0.071   0.080   0.096       0.020   0.022   0.024   0.021
PlantOperator      2206    2181    1615    1501       0.066   0.068   0.067   0.074       0.018   0.020   0.014   0.013
MetalMach.         1357    1342     885     682       0.075   0.077   0.045   0.060       0.019   0.021   0.012   0.009
MetalProc.          643     637     501     390       0.039   0.040   0.030   0.039       0.011   0.011   0.007   0.006
WoodMach.           537     540    1349    1111       0.036   0.036   0.072   0.090       0.012   0.013   0.018   0.015
TextileMach.       1871    1847     933     725       0.067   0.069   0.064   0.086       0.022   0.024   0.013   0.011
PrintMach.          790     791     665     460       0.132   0.133   0.069   0.104       0.034   0.036   0.017   0.012
OtherMach.         5064    5030    2844    2375       0.334   0.340   0.162   0.199       0.105   0.112   0.042   0.036
Fabricators        2432    2411    2730    2057       0.152   0.155   0.134   0.184       0.046   0.050   0.038   0.029
Prod.Inspectors    1670    1656    1909    1609       0.114   0.116   0.107   0.131       0.031   0.034   0.026   0.023
MotorVehicle       4105    4107    4113    4303       0.191   0.194   0.291   0.283       0.066   0.069   0.058   0.061
OtherVehicle       2479    2468    2591    2357       0.113   0.115   0.086   0.096       0.031   0.033   0.022   0.021
Freight            3222    3218    2879    2411       0.194   0.197   0.161   0.198       0.068   0.070   0.049   0.042
 
 
1960 and 2010 quantities
White Men p(:,WM) for        Young Cohort                          Middle-Aged Cohort                      Old-Aged Cohort
 
                     Data60  Model60 Data2010Model2010      Data60  Model60 Data2010Model2010      Data60  Model60 Data2010Model2010
------------------------------------------------------------------------------------------------------------------------------------
Home                 0.0863   0.0859   0.1505   0.1713      0.0769   0.0769   0.1237   0.1837      0.1108   0.1108   0.1621   0.0870
Managers             0.0771   0.0790   0.0740   0.1167      0.1176   0.1176   0.1180   0.1079      0.1264   0.1264   0.1236   0.1200
MgmtRelated          0.0318   0.0316   0.0398   0.0412      0.0296   0.0296   0.0410   0.0412      0.0233   0.0233   0.0407   0.0423
Architects           0.0008   0.0008   0.0015   0.0014      0.0008   0.0008   0.0017   0.0028      0.0007   0.0007   0.0017   0.0021
Engineers            0.0298   0.0290   0.0185   0.0160      0.0251   0.0251   0.0186   0.0203      0.0154   0.0154   0.0219   0.0232
Math/CompSci         0.0008   0.0008   0.0240   0.0226      0.0004   0.0004   0.0236   0.0222      0.0002   0.0002   0.0175   0.0095
Science              0.0063   0.0062   0.0054   0.0046      0.0047   0.0047   0.0048   0.0070      0.0029   0.0029   0.0042   0.0047
Doctors              0.0083   0.0090   0.0058   0.0102      0.0102   0.0102   0.0095   0.0167      0.0082   0.0082   0.0103   0.0172
Nurses               0.0025   0.0025   0.0044   0.0053      0.0022   0.0022   0.0054   0.0033      0.0026   0.0026   0.0044   0.0026
Therapists           0.0004   0.0004   0.0028   0.0029      0.0003   0.0003   0.0033   0.0026      0.0004   0.0004   0.0023   0.0015
Professors           0.0033   0.0033   0.0070   0.0088      0.0033   0.0033   0.0068   0.0074      0.0026   0.0026   0.0062   0.0068
Teachers             0.0188   0.0186   0.0239   0.0216      0.0110   0.0110   0.0229   0.0184      0.0087   0.0087   0.0171   0.0177
Librarians           0.0002   0.0002   0.0004   0.0005      0.0002   0.0002   0.0006   0.0006      0.0002   0.0002   0.0005   0.0008
Soc.Scientists       0.0013   0.0013   0.0028   0.0026      0.0010   0.0010   0.0031   0.0016      0.0006   0.0006   0.0024   0.0035
SocialWork           0.0073   0.0073   0.0070   0.0057      0.0064   0.0064   0.0068   0.0050      0.0058   0.0058   0.0065   0.0065
Lawyers              0.0052   0.0054   0.0073   0.0080      0.0051   0.0051   0.0098   0.0110      0.0055   0.0055   0.0094   0.0123
Arts/Athletes        0.0127   0.0126   0.0180   0.0147      0.0096   0.0096   0.0162   0.0158      0.0070   0.0070   0.0125   0.0180
HealthTechs          0.0019   0.0019   0.0069   0.0062      0.0014   0.0014   0.0058   0.0039      0.0012   0.0012   0.0044   0.0036
Eng.Techs            0.0149   0.0143   0.0078   0.0062      0.0074   0.0074   0.0080   0.0070      0.0037   0.0037   0.0082   0.0131
ScienceTechs         0.0065   0.0063   0.0013   0.0009      0.0040   0.0040   0.0011   0.0008      0.0022   0.0022   0.0011   0.0021
OtherTechs           0.0033   0.0032   0.0197   0.0183      0.0029   0.0029   0.0200   0.0206      0.0016   0.0016   0.0172   0.0182
Sales                0.0767   0.0777   0.0889   0.0985      0.0748   0.0748   0.0912   0.0962      0.0669   0.0669   0.0896   0.1264
Secretaries          0.0019   0.0019   0.0024   0.0016      0.0013   0.0013   0.0017   0.0008      0.0014   0.0014   0.0016   0.0008
Info.Clerks          0.0016   0.0015   0.0035   0.0023      0.0015   0.0015   0.0020   0.0017      0.0009   0.0009   0.0019   0.0023
Records              0.0024   0.0024   0.0021   0.0017      0.0025   0.0025   0.0014   0.0011      0.0024   0.0024   0.0014   0.0014
FinancialClerk       0.0049   0.0048   0.0030   0.0025      0.0037   0.0037   0.0023   0.0020      0.0037   0.0037   0.0022   0.0024
OfficeMachine        0.0031   0.0030   0.0002   0.0004      0.0010   0.0010   0.0004   0.0015      0.0006   0.0006   0.0007   0.0003
ComputerTech         0.0007   0.0007   0.0010   0.0005      0.0005   0.0005   0.0009   0.0007      0.0004   0.0004   0.0010   0.0044
Mail                 0.0075   0.0073   0.0033   0.0035      0.0114   0.0114   0.0048   0.0043      0.0087   0.0087   0.0066   0.0072
Clerks               0.0144   0.0141   0.0210   0.0179      0.0131   0.0131   0.0171   0.0169      0.0132   0.0132   0.0165   0.0179
Insurance            0.0032   0.0031   0.0155   0.0120      0.0019   0.0019   0.0100   0.0125      0.0013   0.0013   0.0081   0.0043
Misc.Admin           0.0308   0.0302   0.0067   0.0045      0.0251   0.0251   0.0043   0.0033      0.0245   0.0245   0.0039   0.0066
PrivateHshld         0.0010   0.0010   0.0010   0.0013      0.0010   0.0010   0.0012   0.0009      0.0013   0.0013   0.0012   0.0010
Firefighting         0.0048   0.0046   0.0058   0.0055      0.0044   0.0044   0.0065   0.0047      0.0029   0.0029   0.0046   0.0043
Police               0.0103   0.0098   0.0181   0.0185      0.0079   0.0079   0.0226   0.0172      0.0060   0.0060   0.0144   0.0134
Guards               0.0026   0.0026   0.0084   0.0076      0.0036   0.0036   0.0062   0.0043      0.0062   0.0062   0.0059   0.0067
FoodPrep             0.0075   0.0076   0.0440   0.0297      0.0087   0.0087   0.0227   0.0151      0.0109   0.0109   0.0127   0.0133
HealthService        0.0017   0.0017   0.0056   0.0051      0.0014   0.0014   0.0038   0.0023      0.0016   0.0016   0.0034   0.0029
Cleaning             0.0032   0.0032   0.0132   0.0172      0.0053   0.0053   0.0160   0.0095      0.0099   0.0099   0.0207   0.0182
PersonalService      0.0073   0.0076   0.0081   0.0072      0.0055   0.0055   0.0068   0.0060      0.0078   0.0078   0.0059   0.0038
FarmMgrs             0.0331   0.0363   0.0045   0.0063      0.0465   0.0465   0.0054   0.0058      0.0606   0.0606   0.0080   0.0117
FarmWork             0.0152   0.0167   0.0090   0.0065      0.0114   0.0114   0.0066   0.0030      0.0128   0.0128   0.0050   0.0045
Agriculture          0.0018   0.0018   0.0183   0.0168      0.0018   0.0018   0.0157   0.0105      0.0024   0.0024   0.0120   0.0083
Forest               0.0025   0.0026   0.0017   0.0017      0.0025   0.0025   0.0023   0.0022      0.0028   0.0028   0.0022   0.0024
Mechanics            0.0243   0.0240   0.0291   0.0249      0.0221   0.0221   0.0317   0.0355      0.0188   0.0188   0.0350   0.0344
Elec.Repairer        0.0183   0.0176   0.0145   0.0116      0.0118   0.0118   0.0142   0.0141      0.0063   0.0063   0.0121   0.0113
Misc.Repairer        0.0308   0.0304   0.0097   0.0087      0.0339   0.0339   0.0113   0.0107      0.0341   0.0341   0.0136   0.0132
Construction         0.0507   0.0507   0.0910   0.0767      0.0542   0.0542   0.0892   0.0777      0.0512   0.0512   0.0801   0.0838
Extractive           0.0075   0.0074   0.0041   0.0031      0.0071   0.0071   0.0023   0.0009      0.0067   0.0067   0.0020   0.0019
Supervisor(P)        0.0216   0.0215   0.0064   0.0078      0.0343   0.0343   0.0107   0.0109      0.0366   0.0366   0.0121   0.0132
MetalWork            0.0219   0.0215   0.0039   0.0030      0.0253   0.0253   0.0055   0.0059      0.0222   0.0222   0.0071   0.0129
WoodWork             0.0013   0.0013   0.0007   0.0006      0.0016   0.0016   0.0008   0.0011      0.0015   0.0015   0.0010   0.0011
Textiles             0.0021   0.0020   0.0004   0.0004      0.0025   0.0025   0.0006   0.0005      0.0026   0.0026   0.0007   0.0016
Other                0.0035   0.0035   0.0027   0.0022      0.0034   0.0034   0.0020   0.0025      0.0028   0.0028   0.0018   0.0031
Food                 0.0060   0.0059   0.0038   0.0030      0.0056   0.0056   0.0030   0.0028      0.0069   0.0069   0.0029   0.0035
PlantOperator        0.0068   0.0067   0.0024   0.0022      0.0080   0.0080   0.0031   0.0027      0.0081   0.0081   0.0042   0.0056
MetalMach.           0.0049   0.0048   0.0017   0.0011      0.0062   0.0062   0.0017   0.0017      0.0067   0.0067   0.0019   0.0022
MetalProc.           0.0014   0.0013   0.0005   0.0003      0.0016   0.0016   0.0006   0.0009      0.0016   0.0016   0.0006   0.0011
WoodMach.            0.0016   0.0016   0.0041   0.0030      0.0014   0.0014   0.0042   0.0121      0.0016   0.0016   0.0046   0.0014
TextileMach.         0.0074   0.0072   0.0019   0.0012      0.0062   0.0062   0.0023   0.0022      0.0069   0.0069   0.0027   0.0050
PrintMach.           0.0032   0.0032   0.0016   0.0008      0.0035   0.0035   0.0016   0.0014      0.0037   0.0037   0.0014   0.0023
OtherMach.           0.0872   0.0861   0.0176   0.0133      0.0800   0.0800   0.0172   0.0155      0.0779   0.0779   0.0156   0.0194
Fabricators          0.0177   0.0174   0.0158   0.0097      0.0189   0.0189   0.0152   0.0120      0.0158   0.0158   0.0130   0.0193
Prod.Inspectors      0.0073   0.0072   0.0053   0.0040      0.0070   0.0070   0.0050   0.0052      0.0069   0.0069   0.0055   0.0057
MotorVehicle         0.0567   0.0568   0.0356   0.0420      0.0518   0.0518   0.0472   0.0429      0.0462   0.0462   0.0514   0.0479
OtherVehicle         0.0146   0.0144   0.0081   0.0072      0.0179   0.0179   0.0087   0.0066      0.0168   0.0168   0.0091   0.0088
Freight              0.0456   0.0455   0.0249   0.0188      0.0386   0.0386   0.0192   0.0122      0.0390   0.0390   0.0179   0.0237
 
 
1960 and 2010 quantities
White women p(:,WW) for      Young Cohort                          Middle-Aged Cohort                      Old-Aged Cohort
 
                     Data60  Model60 Data2010Model2010      Data60  Model60 Data2010Model2010      Data60  Model60 Data2010Model2010
------------------------------------------------------------------------------------------------------------------------------------
Home                 0.7388   0.7394   0.3087   0.3432      0.6698   0.6698   0.3235   0.4119      0.6238   0.6238   0.3149   0.3080
Managers             0.0068   0.0070   0.0587   0.0904      0.0145   0.0145   0.0722   0.0781      0.0217   0.0217   0.0727   0.0899
MgmtRelated          0.0033   0.0033   0.0467   0.0472      0.0046   0.0046   0.0509   0.0535      0.0058   0.0058   0.0525   0.0574
Architects           0.0000   0.0000   0.0008   0.0008      0.0000   0.0000   0.0005   0.0010      0.0000   0.0000   0.0004   0.0006
Engineers            0.0002   0.0002   0.0032   0.0027      0.0001   0.0001   0.0024   0.0030      0.0002   0.0002   0.0024   0.0034
Math/CompSci         0.0001   0.0001   0.0075   0.0069      0.0002   0.0002   0.0083   0.0088      0.0001   0.0001   0.0089   0.0059
Science              0.0003   0.0003   0.0046   0.0039      0.0003   0.0003   0.0029   0.0042      0.0002   0.0002   0.0021   0.0024
Doctors              0.0003   0.0003   0.0059   0.0101      0.0004   0.0004   0.0061   0.0098      0.0005   0.0005   0.0044   0.0070
Nurses               0.0109   0.0109   0.0328   0.0381      0.0107   0.0107   0.0322   0.0207      0.0118   0.0118   0.0346   0.0238
Therapists           0.0004   0.0004   0.0122   0.0126      0.0003   0.0003   0.0099   0.0086      0.0002   0.0002   0.0073   0.0053
Professors           0.0004   0.0004   0.0069   0.0084      0.0006   0.0006   0.0067   0.0068      0.0008   0.0008   0.0060   0.0056
Teachers             0.0167   0.0166   0.0772   0.0680      0.0171   0.0171   0.0731   0.0547      0.0310   0.0310   0.0637   0.0517
Librarians           0.0008   0.0008   0.0013   0.0017      0.0011   0.0011   0.0017   0.0016      0.0019   0.0019   0.0020   0.0018
Soc.Scientists       0.0003   0.0003   0.0051   0.0046      0.0003   0.0003   0.0043   0.0022      0.0003   0.0003   0.0031   0.0046
SocialWork           0.0015   0.0015   0.0119   0.0095      0.0017   0.0017   0.0103   0.0080      0.0025   0.0025   0.0089   0.0078
Lawyers              0.0001   0.0001   0.0062   0.0065      0.0001   0.0001   0.0058   0.0071      0.0001   0.0001   0.0043   0.0067
Arts/Athletes        0.0039   0.0039   0.0155   0.0123      0.0028   0.0028   0.0113   0.0126      0.0031   0.0031   0.0104   0.0161
HealthTechs          0.0035   0.0035   0.0178   0.0155      0.0037   0.0037   0.0170   0.0096      0.0055   0.0055   0.0160   0.0146
Eng.Techs            0.0005   0.0005   0.0024   0.0018      0.0006   0.0006   0.0017   0.0017      0.0003   0.0003   0.0021   0.0029
ScienceTechs         0.0006   0.0006   0.0007   0.0005      0.0006   0.0006   0.0005   0.0004      0.0003   0.0003   0.0006   0.0010
OtherTechs           0.0002   0.0002   0.0085   0.0077      0.0003   0.0003   0.0096   0.0103      0.0003   0.0003   0.0103   0.0106
Sales                0.0197   0.0200   0.0700   0.0758      0.0355   0.0355   0.0650   0.0704      0.0447   0.0447   0.0655   0.0897
Secretaries          0.0414   0.0406   0.0296   0.0191      0.0384   0.0384   0.0366   0.0157      0.0341   0.0341   0.0481   0.0461
Info.Clerks          0.0027   0.0026   0.0154   0.0098      0.0023   0.0023   0.0114   0.0095      0.0020   0.0020   0.0118   0.0131
Records              0.0019   0.0019   0.0050   0.0041      0.0025   0.0025   0.0051   0.0028      0.0028   0.0028   0.0063   0.0045
FinancialClerk       0.0149   0.0147   0.0145   0.0114      0.0178   0.0178   0.0197   0.0156      0.0176   0.0176   0.0237   0.0208
OfficeMachine        0.0049   0.0048   0.0003   0.0005      0.0039   0.0039   0.0004   0.0016      0.0032   0.0032   0.0006   0.0003
ComputerTech         0.0069   0.0067   0.0010   0.0005      0.0054   0.0054   0.0012   0.0009      0.0069   0.0069   0.0014   0.0070
Mail                 0.0003   0.0003   0.0012   0.0013      0.0007   0.0007   0.0024   0.0024      0.0007   0.0007   0.0040   0.0049
Clerks               0.0012   0.0011   0.0107   0.0090      0.0017   0.0017   0.0118   0.0100      0.0018   0.0018   0.0131   0.0127
Insurance            0.0001   0.0001   0.0275   0.0209      0.0002   0.0002   0.0226   0.0269      0.0002   0.0002   0.0219   0.0117
Misc.Admin           0.0296   0.0292   0.0220   0.0143      0.0337   0.0337   0.0198   0.0136      0.0350   0.0350   0.0232   0.0324
PrivateHshld         0.0022   0.0022   0.0076   0.0094      0.0042   0.0042   0.0108   0.0061      0.0080   0.0080   0.0105   0.0043
Firefighting         0.0000   0.0000   0.0003   0.0002      0.0000   0.0000   0.0003   0.0002      0.0000   0.0000   0.0002   0.0002
Police               0.0002   0.0002   0.0038   0.0038      0.0002   0.0002   0.0042   0.0029      0.0002   0.0002   0.0031   0.0022
Guards               0.0000   0.0000   0.0022   0.0019      0.0001   0.0001   0.0018   0.0011      0.0001   0.0001   0.0022   0.0017
FoodPrep             0.0163   0.0166   0.0416   0.0275      0.0229   0.0229   0.0266   0.0162      0.0244   0.0244   0.0242   0.0204
HealthService        0.0044   0.0044   0.0353   0.0317      0.0051   0.0051   0.0290   0.0164      0.0069   0.0069   0.0276   0.0167
Cleaning             0.0003   0.0003   0.0044   0.0056      0.0010   0.0010   0.0066   0.0028      0.0014   0.0014   0.0083   0.0054
PersonalService      0.0076   0.0080   0.0299   0.0261      0.0120   0.0120   0.0248   0.0263      0.0143   0.0143   0.0211   0.0207
FarmMgrs             0.0005   0.0005   0.0006   0.0008      0.0010   0.0010   0.0008   0.0007      0.0020   0.0020   0.0014   0.0015
FarmWork             0.0022   0.0024   0.0021   0.0015      0.0032   0.0032   0.0018   0.0008      0.0038   0.0038   0.0014   0.0010
Agriculture          0.0001   0.0001   0.0030   0.0027      0.0003   0.0003   0.0026   0.0016      0.0003   0.0003   0.0025   0.0019
Forest               0.0000   0.0000   0.0001   0.0001      0.0001   0.0001   0.0002   0.0001      0.0000   0.0000   0.0002   0.0001
Mechanics            0.0001   0.0001   0.0008   0.0007      0.0001   0.0001   0.0008   0.0010      0.0000   0.0000   0.0008   0.0009
Elec.Repairer        0.0002   0.0002   0.0008   0.0006      0.0001   0.0001   0.0008   0.0009      0.0001   0.0001   0.0009   0.0009
Misc.Repairer        0.0002   0.0002   0.0005   0.0005      0.0003   0.0003   0.0005   0.0006      0.0004   0.0004   0.0007   0.0009
Construction         0.0002   0.0002   0.0017   0.0014      0.0002   0.0002   0.0021   0.0020      0.0003   0.0003   0.0023   0.0022
Extractive           0.0000   0.0000   0.0001   0.0000      0.0000   0.0000   0.0001   0.0000      0.0000   0.0000   0.0001   0.0000
Supervisor(P)        0.0012   0.0013   0.0013   0.0015      0.0021   0.0021   0.0019   0.0023      0.0027   0.0027   0.0024   0.0026
MetalWork            0.0002   0.0002   0.0001   0.0001      0.0005   0.0005   0.0003   0.0003      0.0002   0.0002   0.0003   0.0006
WoodWork             0.0000   0.0000   0.0001   0.0000      0.0000   0.0000   0.0001   0.0001      0.0000   0.0000   0.0001   0.0001
Textiles             0.0085   0.0085   0.0003   0.0003      0.0121   0.0121   0.0004   0.0003      0.0160   0.0160   0.0007   0.0013
Other                0.0004   0.0004   0.0079   0.0063      0.0004   0.0004   0.0052   0.0053      0.0004   0.0004   0.0046   0.0019
Food                 0.0002   0.0002   0.0020   0.0015      0.0005   0.0005   0.0021   0.0014      0.0004   0.0004   0.0022   0.0014
PlantOperator        0.0001   0.0001   0.0001   0.0001      0.0001   0.0001   0.0002   0.0001      0.0001   0.0001   0.0002   0.0004
MetalMach.           0.0002   0.0002   0.0003   0.0002      0.0003   0.0003   0.0004   0.0004      0.0003   0.0003   0.0004   0.0004
MetalProc.           0.0000   0.0000   0.0001   0.0000      0.0000   0.0000   0.0001   0.0002      0.0000   0.0000   0.0002   0.0002
WoodMach.            0.0000   0.0000   0.0006   0.0004      0.0000   0.0000   0.0009   0.0031      0.0001   0.0001   0.0012   0.0002
TextileMach.         0.0003   0.0003   0.0004   0.0003      0.0004   0.0004   0.0006   0.0006      0.0004   0.0004   0.0007   0.0021
PrintMach.           0.0037   0.0038   0.0019   0.0009      0.0060   0.0060   0.0025   0.0017      0.0080   0.0080   0.0029   0.0055
OtherMach.           0.0261   0.0259   0.0045   0.0033      0.0375   0.0375   0.0059   0.0055      0.0345   0.0345   0.0066   0.0069
Fabricators          0.0054   0.0054   0.0032   0.0019      0.0082   0.0082   0.0042   0.0040      0.0062   0.0062   0.0051   0.0080
Prod.Inspectors      0.0041   0.0041   0.0023   0.0017      0.0068   0.0068   0.0027   0.0031      0.0066   0.0066   0.0034   0.0041
MotorVehicle         0.0004   0.0004   0.0030   0.0035      0.0007   0.0007   0.0053   0.0043      0.0005   0.0005   0.0073   0.0049
OtherVehicle         0.0001   0.0001   0.0002   0.0002      0.0002   0.0002   0.0002   0.0002      0.0002   0.0002   0.0002   0.0003
Freight              0.0014   0.0014   0.0052   0.0039      0.0016   0.0016   0.0064   0.0033      0.0018   0.0018   0.0067   0.0077
 
 
1980 and 2010 quantities (the 1960 ones fit by construction)
White Women p(:,WW) for      Young Cohort                          Middle-Aged Cohort                      Old-Aged Cohort
 
                     Data80  Model80 Data2010Model2010      Data80  Model80 Data2010Model2010      Data80  Model80 Data2010Model2010
------------------------------------------------------------------------------------------------------------------------------------
Home                 0.4606   0.4226   0.3087   0.3432      0.4763   0.6399   0.3235   0.4119      0.5097   0.7394   0.3149   0.3080
Managers             0.0341   0.0584   0.0587   0.0904      0.0377   0.0221   0.0722   0.0781      0.0356   0.0070   0.0727   0.0899
MgmtRelated          0.0264   0.0371   0.0467   0.0472      0.0221   0.0038   0.0509   0.0535      0.0200   0.0033   0.0525   0.0574
Architects           0.0003   0.0003   0.0008   0.0008      0.0001   0.0001   0.0005   0.0010      0.0001   0.0000   0.0004   0.0006
Engineers            0.0014   0.0013   0.0032   0.0027      0.0008   0.0002   0.0024   0.0030      0.0006   0.0002   0.0024   0.0034
Math/CompSci         0.0023   0.0025   0.0075   0.0069      0.0012   0.0009   0.0083   0.0088      0.0007   0.0001   0.0089   0.0059
Science              0.0015   0.0015   0.0046   0.0039      0.0008   0.0005   0.0029   0.0042      0.0005   0.0003   0.0021   0.0024
Doctors              0.0016   0.0025   0.0059   0.0101      0.0009   0.0009   0.0061   0.0098      0.0007   0.0003   0.0044   0.0070
Nurses               0.0226   0.0208   0.0328   0.0381      0.0183   0.0131   0.0322   0.0207      0.0169   0.0109   0.0346   0.0238
Therapists           0.0039   0.0026   0.0122   0.0126      0.0015   0.0009   0.0099   0.0086      0.0009   0.0004   0.0073   0.0053
Professors           0.0033   0.0056   0.0069   0.0084      0.0037   0.0031   0.0067   0.0068      0.0025   0.0004   0.0060   0.0056
Teachers             0.0512   0.0503   0.0772   0.0680      0.0432   0.0321   0.0731   0.0547      0.0318   0.0166   0.0637   0.0517
Librarians           0.0022   0.0025   0.0013   0.0017      0.0022   0.0013   0.0017   0.0016      0.0025   0.0008   0.0020   0.0018
Soc.Scientists       0.0020   0.0025   0.0051   0.0046      0.0013   0.0007   0.0043   0.0022      0.0008   0.0003   0.0031   0.0046
SocialWork           0.0064   0.0060   0.0119   0.0095      0.0045   0.0030   0.0103   0.0080      0.0037   0.0015   0.0089   0.0078
Lawyers              0.0024   0.0030   0.0062   0.0065      0.0009   0.0004   0.0058   0.0071      0.0005   0.0001   0.0043   0.0067
Arts/Athletes        0.0089   0.0093   0.0155   0.0123      0.0058   0.0032   0.0113   0.0126      0.0043   0.0039   0.0104   0.0161
HealthTechs          0.0143   0.0130   0.0178   0.0155      0.0094   0.0057   0.0170   0.0096      0.0073   0.0035   0.0160   0.0146
Eng.Techs            0.0028   0.0024   0.0024   0.0018      0.0019   0.0009   0.0017   0.0017      0.0015   0.0005   0.0021   0.0029
ScienceTechs         0.0009   0.0007   0.0007   0.0005      0.0005   0.0002   0.0005   0.0004      0.0006   0.0006   0.0006   0.0010
OtherTechs           0.0063   0.0081   0.0085   0.0077      0.0034   0.0014   0.0096   0.0103      0.0021   0.0002   0.0103   0.0106
Sales                0.0431   0.0558   0.0700   0.0758      0.0488   0.0257   0.0650   0.0704      0.0511   0.0200   0.0655   0.0897
Secretaries          0.0674   0.0606   0.0296   0.0191      0.0660   0.0563   0.0366   0.0157      0.0571   0.0406   0.0481   0.0461
Info.Clerks          0.0091   0.0112   0.0154   0.0098      0.0084   0.0049   0.0114   0.0095      0.0078   0.0026   0.0118   0.0131
Records              0.0086   0.0068   0.0050   0.0041      0.0075   0.0052   0.0051   0.0028      0.0078   0.0019   0.0063   0.0045
FinancialClerk       0.0265   0.0264   0.0145   0.0114      0.0284   0.0229   0.0197   0.0156      0.0303   0.0147   0.0237   0.0208
OfficeMachine        0.0004   0.0001   0.0003   0.0005      0.0004   0.0004   0.0004   0.0016      0.0004   0.0048   0.0006   0.0003
ComputerTech         0.0078   0.0084   0.0010   0.0005      0.0066   0.0034   0.0012   0.0009      0.0073   0.0067   0.0014   0.0070
Mail                 0.0022   0.0024   0.0012   0.0013      0.0022   0.0011   0.0024   0.0024      0.0023   0.0003   0.0040   0.0049
Clerks               0.0085   0.0097   0.0107   0.0090      0.0078   0.0028   0.0118   0.0100      0.0072   0.0011   0.0131   0.0127
Insurance            0.0060   0.0057   0.0275   0.0209      0.0041   0.0026   0.0226   0.0269      0.0031   0.0001   0.0219   0.0117
Misc.Admin           0.0336   0.0296   0.0220   0.0143      0.0330   0.0283   0.0198   0.0136      0.0317   0.0292   0.0232   0.0324
PrivateHshld         0.0034   0.0033   0.0076   0.0094      0.0051   0.0047   0.0108   0.0061      0.0064   0.0022   0.0105   0.0043
Firefighting         0.0001   0.0001   0.0003   0.0002      0.0000   0.0000   0.0003   0.0002      0.0000   0.0000   0.0002   0.0002
Police               0.0009   0.0009   0.0038   0.0038      0.0006   0.0003   0.0042   0.0029      0.0005   0.0002   0.0031   0.0022
Guards               0.0009   0.0014   0.0022   0.0019      0.0009   0.0002   0.0018   0.0011      0.0010   0.0000   0.0022   0.0017
FoodPrep             0.0206   0.0199   0.0416   0.0275      0.0240   0.0172   0.0266   0.0162      0.0262   0.0166   0.0242   0.0204
HealthService        0.0144   0.0158   0.0353   0.0317      0.0141   0.0087   0.0290   0.0164      0.0143   0.0044   0.0276   0.0167
Cleaning             0.0027   0.0044   0.0044   0.0056      0.0039   0.0009   0.0066   0.0028      0.0049   0.0003   0.0083   0.0054
PersonalService      0.0179   0.0197   0.0299   0.0261      0.0161   0.0155   0.0248   0.0263      0.0108   0.0080   0.0211   0.0207
FarmMgrs             0.0011   0.0019   0.0006   0.0008      0.0019   0.0008   0.0008   0.0007      0.0023   0.0005   0.0014   0.0015
FarmWork             0.0017   0.0012   0.0021   0.0015      0.0021   0.0011   0.0018   0.0008      0.0021   0.0024   0.0014   0.0010
Agriculture          0.0010   0.0010   0.0030   0.0027      0.0007   0.0003   0.0026   0.0016      0.0006   0.0001   0.0025   0.0019
Forest               0.0001   0.0001   0.0001   0.0001      0.0001   0.0000   0.0002   0.0001      0.0001   0.0000   0.0002   0.0001
Mechanics            0.0006   0.0006   0.0008   0.0007      0.0005   0.0004   0.0008   0.0010      0.0004   0.0001   0.0008   0.0009
Elec.Repairer        0.0010   0.0008   0.0008   0.0006      0.0007   0.0003   0.0008   0.0009      0.0006   0.0002   0.0009   0.0009
Misc.Repairer        0.0007   0.0005   0.0005   0.0005      0.0006   0.0005   0.0005   0.0006      0.0007   0.0002   0.0007   0.0009
Construction         0.0016   0.0018   0.0017   0.0014      0.0013   0.0009   0.0021   0.0020      0.0010   0.0002   0.0023   0.0022
Extractive           0.0001   0.0001   0.0001   0.0000      0.0001   0.0000   0.0001   0.0000      0.0000   0.0000   0.0001   0.0000
Supervisor(P)        0.0036   0.0054   0.0013   0.0015      0.0053   0.0019   0.0019   0.0023      0.0051   0.0013   0.0024   0.0026
MetalWork            0.0006   0.0006   0.0001   0.0001      0.0007   0.0003   0.0003   0.0003      0.0005   0.0002   0.0003   0.0006
WoodWork             0.0002   0.0002   0.0001   0.0000      0.0002   0.0001   0.0001   0.0001      0.0002   0.0000   0.0001   0.0001
Textiles             0.0011   0.0007   0.0003   0.0003      0.0017   0.0005   0.0004   0.0003      0.0021   0.0085   0.0007   0.0013
Other                0.0011   0.0012   0.0079   0.0063      0.0011   0.0003   0.0052   0.0053      0.0011   0.0004   0.0046   0.0019
Food                 0.0009   0.0008   0.0020   0.0015      0.0012   0.0005   0.0021   0.0014      0.0011   0.0002   0.0022   0.0014
PlantOperator        0.0002   0.0001   0.0001   0.0001      0.0002   0.0000   0.0002   0.0001      0.0001   0.0001   0.0002   0.0004
MetalMach.           0.0018   0.0016   0.0003   0.0002      0.0021   0.0021   0.0004   0.0004      0.0021   0.0002   0.0004   0.0004
MetalProc.           0.0007   0.0008   0.0001   0.0000      0.0008   0.0002   0.0001   0.0002      0.0008   0.0000   0.0002   0.0002
WoodMach.            0.0003   0.0003   0.0006   0.0004      0.0003   0.0001   0.0009   0.0031      0.0003   0.0000   0.0012   0.0002
TextileMach.         0.0017   0.0016   0.0004   0.0003      0.0015   0.0007   0.0006   0.0006      0.0013   0.0003   0.0007   0.0021
PrintMach.           0.0117   0.0111   0.0019   0.0009      0.0156   0.0204   0.0025   0.0017      0.0172   0.0038   0.0029   0.0055
OtherMach.           0.0105   0.0061   0.0045   0.0033      0.0125   0.0156   0.0059   0.0055      0.0122   0.0259   0.0066   0.0069
Fabricators          0.0108   0.0100   0.0032   0.0019      0.0128   0.0073   0.0042   0.0040      0.0126   0.0054   0.0051   0.0080
Prod.Inspectors      0.0048   0.0049   0.0023   0.0017      0.0064   0.0056   0.0027   0.0031      0.0078   0.0041   0.0034   0.0041
MotorVehicle         0.0034   0.0036   0.0030   0.0035      0.0046   0.0012   0.0053   0.0043      0.0032   0.0004   0.0073   0.0049
OtherVehicle         0.0007   0.0007   0.0002   0.0002      0.0007   0.0002   0.0002   0.0002      0.0007   0.0001   0.0002   0.0003
Freight              0.0086   0.0071   0.0052   0.0039      0.0100   0.0027   0.0064   0.0033      0.0103   0.0014   0.0067   0.0077
 
 
====================================================================== 
    PRODUCTION: w*H in data and model for various groups/cohorts
====================================================================== 
 
 
 
/// 1960 ///          Young                       Middle                      Old
 
               Data   Model       %        Data   Model       %        Data   Model       %
-------------------------------------------------------------------------------------------
White Men      4680    4851   103.7        5988    5996   100.1        5124    5136   100.2
White Women    2160    2245   103.9        2627    2622    99.8        2336    2334    99.9
Black Men       314     325   103.3         345     345    99.9         269     269   100.1
Black Women     232     263   113.3         212     212   100.0         136     136   100.1
 
Total income for the year:    Data = 24424  Model = 24734
 
 
/// 1970 ///          Young                       Middle                      Old
 
               Data   Model       %        Data   Model       %        Data   Model       %
-------------------------------------------------------------------------------------------
White Men      6175    6441   104.3        7009    7131   101.7        7165    7325   102.2
White Women    3139    3158   100.6        3153    2968    94.1        3304    3272    99.0
Black Men       488     493   101.0         471     450    95.6         403     397    98.4
Black Women     411     420   102.4         346     359   103.7         249     245    98.6
 
Total income for the year:    Data = 32312  Model = 32659
 
 
/// 1980 ///          Young                       Middle                      Old
 
               Data   Model       %        Data   Model       %        Data   Model       %
-------------------------------------------------------------------------------------------
White Men      7406    7641   103.2        6856    7274   106.1        6297    6732   106.9
White Women    4511    4768   105.7        3444    3190    92.6        2938    2582    87.9
Black Men       640     631    98.5         529     536   101.2         420     398    94.8
Black Women     594     601   101.2         433     427    98.8         301     299    99.0
 
Total income for the year:    Data = 34368  Model = 35078
 
 
/// 1990 ///          Young                       Middle                      Old
 
               Data   Model       %        Data   Model       %        Data   Model       %
-------------------------------------------------------------------------------------------
White Men      7301    7305   100.1        9117    9040    99.2        6995    7311   104.5
White Women    5383    5775   107.3        5538    5660   102.2        3655    3243    88.7
Black Men       670     670   100.0         737     758   102.8         539     545   101.1
Black Women     690     727   105.3         722     725   100.4         447     439    98.1
 
Total income for the year:    Data = 41793  Model = 42197
 
 
/// 2000 ///          Young                       Middle                      Old
 
               Data   Model       %        Data   Model       %        Data   Model       %
-------------------------------------------------------------------------------------------
White Men      6260    6034    96.4       11126   10506    94.4       10786   10263    95.1
White Women    4975    5110   102.7        7792    8993   115.4        6683    7428   111.1
Black Men       723     713    98.6        1074    1103   102.7         901     923   102.5
Black Women     781     806   103.3        1100    1220   110.9         897     944   105.3
 
Total income for the year:    Data = 53097  Model = 54043
 
 
/// 2010 ///          Young                       Middle                      Old
 
               Data   Model       %        Data   Model       %        Data   Model       %
-------------------------------------------------------------------------------------------
White Men      6122    5861    95.7        9067    8465    93.4       11987   11419    95.3
White Women    5114    5199   101.7        6673    7219   108.2        8452   10014   118.5
Black Men       727     709    97.5         995     964    96.9        1125    1178   104.7
Black Women     812     826   101.7        1064    1122   105.5        1177    1318   112.0
 
Total income for the year:    Data = 53316  Model = 54294
 
 
==================================================================================== 
    EARNINGS (Market): (1-tauw)*w*H in data and model for various groups/cohorts
==================================================================================== 
 
 
 
/// 1960 ///          Young                       Middle                      Old
 
               Data   Model       %        Data   Model       %        Data   Model       %
-------------------------------------------------------------------------------------------
White Men      4282    4442   103.8        5534    5543   100.2        4537    4550   100.3
White Women     827     868   104.9        1129    1125    99.6        1136    1133    99.7
Black Men       231     239   103.6         255     254   100.0         194     194   100.1
Black Women      92      99   107.0         100     100   100.2          67      67   100.5
 
Market income for the year:   Data = 18383  Model = 18615
 
 
/// 1970 ///          Young                       Middle                      Old
 
               Data   Model       %        Data   Model       %        Data   Model       %
-------------------------------------------------------------------------------------------
White Men      5610    5915   105.4        6467    6593   101.9        6406    6604   103.1
White Women    1381    1438   104.1        1471    1284    87.3        1713    1701    99.3
Black Men       375     379   101.1         369     372   101.0         314     310    98.8
Black Women     210     216   103.1         186     175    93.9         142     143   100.7
 
Market income for the year:   Data = 24645  Model = 25131
 
 
/// 1980 ///          Young                       Middle                      Old
 
               Data   Model       %        Data   Model       %        Data   Model       %
-------------------------------------------------------------------------------------------
White Men      6816    7153   104.9        6360    6719   105.6        5584    6258   112.1
White Women    2701    2850   105.5        1914    1660    86.7        1646    1276    77.5
Black Men       503     499    99.3         402     447   111.2         311     357   114.5
Black Women     391     394   100.7         272     277   101.8         188     175    92.9
 
Market income for the year:   Data = 27088  Model = 28064
 
 
/// 1990 ///          Young                       Middle                      Old
 
               Data   Model       %        Data   Model       %        Data   Model       %
-------------------------------------------------------------------------------------------
White Men      6709    6818   101.6        8458    8464   100.1        6235    6754   108.3
White Women    3593    3803   105.9        3737    3816   102.1        2408    1898    78.8
Black Men       530     530    99.9         579     623   107.6         394     477   121.2
Black Women     484     496   102.5         521     512    98.3         305     306   100.1
 
Market income for the year:   Data = 33953  Model = 34497
 
 
/// 2000 ///          Young                       Middle                      Old
 
               Data   Model       %        Data   Model       %        Data   Model       %
-------------------------------------------------------------------------------------------
White Men      5442    5076    93.3        9497    9266    97.6        8871    9108   102.7
White Women    3176    2910    91.6        4636    5540   119.5        4312    4444   103.1
Black Men       508     448    88.2         709     767   108.0         566     679   119.9
Black Women     504     445    88.5         671     735   109.6         527     577   109.4
 
Market income for the year:   Data = 39419  Model = 39993
 
 
/// 2010 ///          Young                       Middle                      Old
 
               Data   Model       %        Data   Model       %        Data   Model       %
-------------------------------------------------------------------------------------------
White Men      5320    5019    94.3        8212    7351    89.5       10088   10299   102.1
White Women    3605    3486    96.7        4517    4674   103.5        5594    6977   124.7
Black Men       521     480    92.2         772     666    86.2         792     898   113.4
Black Women     568     534    93.9         766     708    92.4         787     913   116.1
 
Market income for the year:   Data = 41541  Model = 42004
Production GDP = Total Labor Income (pre-tax) has been confirmed to the nearest dime per person :-).
 
 
GDP per person in data and model
 
        Year        Data       Model    ExitFlag
------------------------------------------------
        1960       24424       24734           1
        1970       32312       32659           1
        1980       34368       35078           1
        1990       41793       42197           1
        2000       53097       54043           1
        2010       53316       54294           1
 
 
GDP (mkt) per person in data and model
 
        Year        Data       Model
------------------------------------
        1960         222         225
        1970         368         368
        1980         684         683
        1990        1794        1779
        2000         405         422
        2010         975         999
 
 
GDP per worker (market) in data and model
 
        Year        Data       Model
------------------------------------
        1960         371         375
        1970         580         596
        1980         974        1031
        1990        2350        2425
        2000         542         568
        2010        1285        1358
 
 
LFP in data and model
 
        Year        Data       Model
------------------------------------
        1960       0.599       0.599
        1970       0.636       0.617
        1980       0.702       0.663
        1990       0.764       0.734
        2000       0.747       0.741
        2010       0.759       0.736
 
 
Market Wage Gap in data and model
 
  Year      WWdata WWmodel      BMdata BMmodel      BWdata BWmodel
------------------------------------------------------------------
  1960       0.555   0.554       0.559   0.559       0.347   0.350
  1970       0.527   0.548       0.627   0.613       0.418   0.435
  1980       0.549   0.589       0.714   0.687       0.513   0.526
  1990       0.613   0.679       0.700   0.715       0.555   0.585
  2000       0.647   0.773       0.694   0.738       0.566   0.637
  2010       0.714   0.869       0.710   0.782       0.604   0.712
 
 
Earnings (market, after tauw) in data and model
 
        Year        Data       Model
------------------------------------
        1960       18383       18615
        1970       24645       25131
        1980       27088       28064
        1990       33953       34497
        2000       39419       39993
        2010       41541       42004
 
 
Earnings (market, after tauw) by Group in data and model
 
  Year      WMdata WMmodel      WWdata WWmodel      BMdata BMmodel      BWdata BWmodel
--------------------------------------------------------------------------------------
  1960       14352   14535        3093    3126         679     687         259     266
  1970       18483   19112        4566    4423        1058    1062         538     534
  1980       18760   20130        6261    5786        1216    1303         852     846
  1990       21402   22037        9738    9517        1503    1630        1310    1314
  2000       23810   23449       12124   12894        1783    1893        1701    1757
  2010       23619   22669       13716   15137        2085    2044        2121    2154
 
 
ConsumptionYoung (total) per young person in data and model (and Utility)
 
        Year        Data       Model     Utility
------------------------------------------------
        1960       26528       27595       22265
        1970       36221       37118       24252
        1980       34782       35280       20225
        1990       41667       41757       23605
        2000       50102       48774       36755
        2010       49974       48509       29612
 
 
EarningsYoung (market) per young person in data and model
 
        Year        Data       Model
------------------------------------
        1960       16290       16938
        1970       21968       23046
        1980       24391       25528
        1990       28486       29319
        2000       31605       29142
        2010       32063       30479
 
 
GDP (mkt) of only Young Cohorts...
 
  Year    Data   Model
----------------------
  1960     193     201
  1970     326     339
  1980     620     651
  1990    1523    1588
  2000     327     318
  2010     745     727
 
 
Share of growth accounted for by the Full Model:
 
                                      Share
-------------------------------------------
GDP per person                        100.7
GDP per person (mkt)                  100.8
GDP (mkt) per worker                  103.5
Labor Force Participation (LFP)        86.8
Earnings                               99.8
ConsumpYoung (total)                   89.1
EarningsYoung (market)                 86.8
GDPYoung (market)                      95.3
WageGapWW                             178.3
WageGapBM                             140.8
WageGapBW                             128.6
EarningsWM                             89.2
EarningsWW                            105.9
EarningsBM                             97.1
EarningsBW                             99.5
