SolveEqmBasic_EstimateDelta                 05-Oct-2026 
 
'SolveEqmBasic' is a script from the file /workspace/output/replication/codebase/SolveEqmBasic.m

 SolveEqmBasic.m    

  Takes the TalentData.mat data on Taus, Z's, A(i,t).
  Solves for the equilibrium w(i) and Y

  See 2015-06-02-SolvingGE.pdf notes (old but somewhat useful?)

  Method: For each year,
    1. Guess values for {mgtilde}, Y ==> 5 unknowns
    2. Solve for {wi} from Hi^supply = Hi^demand
    3. Compute mghat, Yhat 
    4. Iterate until converge.


Additional help for built-in functions and operators is
available in the online version of the manual.  Use the command
'doc <topic>' to search the manual index.

Help and information about Octave is also available on the WWW
at https://www.octave.org and via the help@octave.org
mailing list.
 
=============================================================
KEY PARAMETER VALUES:    CaseName = EstimateDelta
                   theta =  2.0000
                     eta =  0.1030
            theta*(1-eta)=  1.7940
                    dlta =  0.2159
                      mu =  0.5574
                   sigma =  3.0000
           EstimateDelta =  1.0000
           ConstrainTauH = -0.8000
PurgeWageGrowthSelection =     0
      AlphaSplitTauW1960 =  0.5000
   OccupationforWageHome = 23 Secretaries                               
   Alpha0FixedSplit =  0.5000
=============================================================
 
...... 
 
                                         Wages                          H(i,t)                 HYoung
 
                 Data60 Model60Data2010   Model      Data60   ModelData2010   Model      Data60   ModelData2010   Model
-----------------------------------------------------------------------------------------------------------------------
Home               7855    7997   11928   12544       0.743   0.699   0.811   0.664       0.267   0.223   0.200   0.168
Managers           9376    9414   14012   15688       0.292   0.286   0.608   0.413       0.056   0.050   0.099   0.096
MgmtRelated        6973    6928   11637   11686       0.096   0.097   0.325   0.306       0.029   0.030   0.076   0.070
Architects         2025    1934    3078    2766       0.010   0.012   0.025   0.033       0.003   0.004   0.006   0.007
Engineers          8334    8258   10166    9378       0.065   0.066   0.104   0.126       0.024   0.025   0.026   0.027
Math/CompSci       2006    1866    8807    8440       0.007   0.009   0.135   0.146       0.003   0.005   0.034   0.034
Science            4151    4024    4979    4553       0.025   0.027   0.061   0.076       0.010   0.012   0.018   0.019
Doctors            5264    5280    8162    9019       0.070   0.069   0.154   0.109       0.014   0.013   0.022   0.025
Nurses             2918    2867    5826    5827       0.062   0.065   0.152   0.145       0.020   0.023   0.040   0.041
Therapists         1192    1131    4187    4006       0.010   0.011   0.071   0.078       0.003   0.005   0.023   0.025
Professors         3583    3490    4428    4511       0.025   0.027   0.098   0.088       0.006   0.008   0.021   0.024
Teachers           5314    5274    7388    7299       0.109   0.111   0.252   0.249       0.034   0.036   0.074   0.069
Librarians          850     816    1292    1240       0.019   0.021   0.028   0.031       0.004   0.007   0.005   0.008
Soc.Scientists     2399    2278    4126    3831       0.012   0.014   0.064   0.076       0.004   0.006   0.016   0.018
SocialWork         2784    2730    3830    3551       0.043   0.046   0.098   0.118       0.013   0.015   0.028   0.029
Lawyers            4951    4896   10251   10054       0.035   0.036   0.109   0.110       0.009   0.010   0.023   0.024
Arts/Athletes      4842    4765    6611    6144       0.055   0.057   0.136   0.161       0.020   0.023   0.042   0.038
HealthTechs        1736    1689    4176    3876       0.040   0.043   0.118   0.141       0.014   0.017   0.035   0.034
Eng.Techs          4561    4451    4576    4011       0.035   0.037   0.066   0.093       0.018   0.020   0.018   0.018
ScienceTechs       3185    3074    2249    1859       0.025   0.028   0.024   0.041       0.011   0.014   0.007   0.008
OtherTechs         2543    2456    9679    9122       0.022   0.025   0.141   0.161       0.007   0.010   0.035   0.034
Sales              8672    8717   11429   11844       0.212   0.207   0.489   0.419       0.060   0.055   0.124   0.102
Secretaries        1808    1796    2407    2145       0.129   0.130   0.104   0.140       0.046   0.048   0.024   0.022
Info.Clerks        1663    1596    2368    2058       0.027   0.030   0.085   0.124       0.010   0.014   0.030   0.027
Records            2476    2404    2120    1865       0.035   0.038   0.052   0.072       0.009   0.012   0.015   0.016
FinancialClerk     2477    2437    2638    2389       0.088   0.092   0.110   0.141       0.027   0.031   0.025   0.025
OfficeMachine      2145    2064     800     801       0.033   0.037   0.025   0.023       0.016   0.019   0.003   0.005
ComputerTech       1325    1286    1701    1285       0.047   0.051   0.030   0.065       0.017   0.021   0.007   0.007
Mail               3015    2954    2734    2570       0.053   0.056   0.078   0.089       0.014   0.017   0.012   0.014
Clerks             3361    3307    4574    4275       0.066   0.068   0.136   0.159       0.021   0.024   0.038   0.037
Insurance          2408    2307    4835    4501       0.016   0.018   0.160   0.189       0.006   0.009   0.053   0.049
Misc.Admin         5290    5263    3453    3051       0.156   0.157   0.128   0.177       0.050   0.051   0.038   0.035
PrivateHshld       1143    1124     917     897       0.061   0.064   0.066   0.067       0.013   0.015   0.015   0.017
Firefighting       2454    2369    4852    4437       0.024   0.027   0.041   0.051       0.009   0.011   0.011   0.013
Police             3315    3228    7081    6792       0.037   0.039   0.108   0.117       0.015   0.017   0.028   0.029
Guards             1769    1726    3497    3229       0.032   0.034   0.066   0.080       0.007   0.009   0.021   0.021
FoodPrep           2123    2111    4674    4205       0.137   0.138   0.123   0.162       0.036   0.037   0.054   0.045
HealthService      1057    1033    2546    2442       0.058   0.062   0.150   0.162       0.019   0.022   0.049   0.047
Cleaning           1425    1403    3382    3395       0.066   0.069   0.114   0.107       0.012   0.015   0.023   0.024
PersonalService    2363    2360    3229    3068       0.116   0.115   0.139   0.154       0.033   0.032   0.045   0.041
FarmMgrs           2908    2948    2981    2955       0.167   0.159   0.063   0.062       0.038   0.030   0.012   0.012
FarmWork           1582    1596    2372    2066       0.087   0.084   0.042   0.060       0.032   0.029   0.015   0.015
Agriculture        1291    1248    3412    3214       0.022   0.024   0.078   0.089       0.007   0.009   0.024   0.024
Forest             1170    1148    1775    1578       0.028   0.029   0.025   0.034       0.008   0.010   0.005   0.007
Mechanics          4023    3992    6239    5855       0.075   0.076   0.117   0.135       0.026   0.027   0.028   0.027
Elec.Repairer      4405    4332    4986    4555       0.043   0.045   0.070   0.088       0.020   0.022   0.019   0.019
Misc.Repairer      4820    4791    4109    3819       0.100   0.101   0.068   0.081       0.030   0.031   0.015   0.016
Construction       6174    6184    8767    8383       0.134   0.132   0.215   0.235       0.042   0.040   0.059   0.048
Extractive         2761    2700    3720    3219       0.037   0.039   0.020   0.030       0.013   0.015   0.009   0.009
Supervisor(P)      5196    5152    3997    3799       0.118   0.120   0.087   0.097       0.024   0.026   0.014   0.016
MetalWork          4716    4666    2870    2477       0.081   0.083   0.047   0.069       0.024   0.026   0.008   0.009
WoodWork           1277    1227    1127     930       0.016   0.018   0.014   0.024       0.004   0.006   0.003   0.004
Textiles           1388    1363     774     666       0.090   0.094   0.017   0.026       0.022   0.026   0.003   0.004
Other              2186    2118    2287    2081       0.028   0.030   0.055   0.069       0.009   0.012   0.021   0.022
Food               2391    2336    1953    1695       0.039   0.042   0.041   0.060       0.012   0.014   0.012   0.013
PlantOperator      3785    3700    3101    2811       0.038   0.041   0.034   0.043       0.011   0.013   0.007   0.008
MetalMach.         2412    2350    1757    1386       0.042   0.045   0.022   0.043       0.011   0.014   0.006   0.006
MetalProc.         1313    1264    1134     869       0.019   0.021   0.013   0.027       0.005   0.007   0.003   0.004
WoodMach.          1081    1042    2442    2166       0.018   0.020   0.039   0.053       0.006   0.008   0.010   0.011
TextileMach.       3183    3101    1839    1487       0.039   0.042   0.031   0.057       0.013   0.016   0.006   0.007
PrintMach.         1471    1445    1329    1022       0.072   0.075   0.036   0.074       0.019   0.022   0.009   0.009
OtherMach.         6602    6620    4400    3950       0.251   0.247   0.103   0.136       0.079   0.075   0.027   0.025
Fabricators        3765    3714    4276    3657       0.096   0.099   0.084   0.129       0.029   0.033   0.024   0.022
Prod.Inspectors    2845    2786    3366    2962       0.066   0.069   0.060   0.084       0.018   0.022   0.015   0.016
MotorVehicle       5606    5631    5899    5932       0.139   0.136   0.195   0.182       0.048   0.045   0.039   0.038
OtherVehicle       3921    3875    4360    3996       0.071   0.073   0.051   0.063       0.019   0.021   0.013   0.013
Freight            4504    4515    4292    3874       0.139   0.137   0.105   0.136       0.049   0.046   0.032   0.029
 
 
1960 and 2010 quantities
White Men p(:,WM) for        Young Cohort                          Middle-Aged Cohort                      Old-Aged Cohort
 
                     Data60  Model60 Data2010Model2010      Data60  Model60 Data2010Model2010      Data60  Model60 Data2010Model2010
------------------------------------------------------------------------------------------------------------------------------------
Home                 0.0863   0.0901   0.1505   0.1729      0.0769   0.0769   0.1237   0.1691      0.1108   0.1108   0.1621   0.1028
Managers             0.0771   0.0782   0.0740   0.0964      0.1176   0.1176   0.1180   0.0969      0.1264   0.1264   0.1236   0.1030
MgmtRelated          0.0318   0.0316   0.0398   0.0417      0.0296   0.0296   0.0410   0.0440      0.0233   0.0233   0.0407   0.0395
Architects           0.0008   0.0007   0.0015   0.0012      0.0008   0.0008   0.0017   0.0020      0.0007   0.0007   0.0017   0.0019
Engineers            0.0298   0.0295   0.0185   0.0163      0.0251   0.0251   0.0186   0.0198      0.0154   0.0154   0.0219   0.0251
Math/CompSci         0.0008   0.0007   0.0240   0.0229      0.0004   0.0004   0.0236   0.0223      0.0002   0.0002   0.0175   0.0092
Science              0.0063   0.0060   0.0054   0.0046      0.0047   0.0047   0.0048   0.0056      0.0029   0.0029   0.0042   0.0044
Doctors              0.0083   0.0084   0.0058   0.0074      0.0102   0.0102   0.0095   0.0094      0.0082   0.0082   0.0103   0.0109
Nurses               0.0025   0.0024   0.0044   0.0046      0.0022   0.0022   0.0054   0.0034      0.0026   0.0026   0.0044   0.0029
Therapists           0.0004   0.0004   0.0028   0.0026      0.0003   0.0003   0.0033   0.0024      0.0004   0.0004   0.0023   0.0014
Professors           0.0033   0.0031   0.0070   0.0076      0.0033   0.0033   0.0068   0.0061      0.0026   0.0026   0.0062   0.0043
Teachers             0.0188   0.0186   0.0239   0.0243      0.0110   0.0110   0.0229   0.0202      0.0087   0.0087   0.0171   0.0148
Librarians           0.0002   0.0002   0.0004   0.0004      0.0002   0.0002   0.0006   0.0004      0.0002   0.0002   0.0005   0.0005
Soc.Scientists       0.0013   0.0012   0.0028   0.0025      0.0010   0.0010   0.0031   0.0016      0.0006   0.0006   0.0024   0.0025
SocialWork           0.0073   0.0070   0.0070   0.0062      0.0064   0.0064   0.0068   0.0052      0.0058   0.0058   0.0065   0.0055
Lawyers              0.0052   0.0051   0.0073   0.0073      0.0051   0.0051   0.0098   0.0087      0.0055   0.0055   0.0094   0.0095
Arts/Athletes        0.0127   0.0124   0.0180   0.0162      0.0096   0.0096   0.0162   0.0171      0.0070   0.0070   0.0125   0.0164
HealthTechs          0.0019   0.0018   0.0069   0.0062      0.0014   0.0014   0.0058   0.0046      0.0012   0.0012   0.0044   0.0040
Eng.Techs            0.0149   0.0143   0.0078   0.0062      0.0074   0.0074   0.0080   0.0076      0.0037   0.0037   0.0082   0.0141
ScienceTechs         0.0065   0.0061   0.0013   0.0009      0.0040   0.0040   0.0011   0.0009      0.0022   0.0022   0.0011   0.0018
OtherTechs           0.0033   0.0031   0.0197   0.0182      0.0029   0.0029   0.0200   0.0212      0.0016   0.0016   0.0172   0.0194
Sales                0.0767   0.0780   0.0889   0.0991      0.0748   0.0748   0.0912   0.1004      0.0669   0.0669   0.0896   0.1195
Secretaries          0.0019   0.0019   0.0024   0.0020      0.0013   0.0013   0.0017   0.0014      0.0014   0.0014   0.0016   0.0009
Info.Clerks          0.0016   0.0014   0.0035   0.0027      0.0015   0.0015   0.0020   0.0021      0.0009   0.0009   0.0019   0.0023
Records              0.0024   0.0023   0.0021   0.0017      0.0025   0.0025   0.0014   0.0013      0.0024   0.0024   0.0014   0.0016
FinancialClerk       0.0049   0.0048   0.0030   0.0026      0.0037   0.0037   0.0023   0.0024      0.0037   0.0037   0.0022   0.0027
OfficeMachine        0.0031   0.0029   0.0002   0.0002      0.0010   0.0010   0.0004   0.0007      0.0006   0.0006   0.0007   0.0002
ComputerTech         0.0007   0.0007   0.0010   0.0006      0.0005   0.0005   0.0009   0.0011      0.0004   0.0004   0.0010   0.0044
Mail                 0.0075   0.0072   0.0033   0.0030      0.0114   0.0114   0.0048   0.0036      0.0087   0.0087   0.0066   0.0063
Clerks               0.0144   0.0140   0.0210   0.0190      0.0131   0.0131   0.0171   0.0183      0.0132   0.0132   0.0165   0.0180
Insurance            0.0032   0.0029   0.0155   0.0139      0.0019   0.0019   0.0100   0.0123      0.0013   0.0013   0.0081   0.0047
Misc.Admin           0.0308   0.0307   0.0067   0.0055      0.0251   0.0251   0.0043   0.0044      0.0245   0.0245   0.0039   0.0071
PrivateHshld         0.0010   0.0010   0.0010   0.0010      0.0010   0.0010   0.0012   0.0007      0.0013   0.0013   0.0012   0.0010
Firefighting         0.0048   0.0045   0.0058   0.0051      0.0044   0.0044   0.0065   0.0044      0.0029   0.0029   0.0046   0.0040
Police               0.0103   0.0098   0.0181   0.0173      0.0079   0.0079   0.0226   0.0186      0.0060   0.0060   0.0144   0.0127
Guards               0.0026   0.0025   0.0084   0.0075      0.0036   0.0036   0.0062   0.0046      0.0062   0.0062   0.0059   0.0061
FoodPrep             0.0075   0.0075   0.0440   0.0370      0.0087   0.0087   0.0227   0.0203      0.0109   0.0109   0.0127   0.0167
HealthService        0.0017   0.0017   0.0056   0.0053      0.0014   0.0014   0.0038   0.0026      0.0016   0.0016   0.0034   0.0030
Cleaning             0.0032   0.0031   0.0132   0.0139      0.0053   0.0053   0.0160   0.0101      0.0099   0.0099   0.0207   0.0171
PersonalService      0.0073   0.0073   0.0081   0.0076      0.0055   0.0055   0.0068   0.0060      0.0078   0.0078   0.0059   0.0038
FarmMgrs             0.0331   0.0342   0.0045   0.0046      0.0465   0.0465   0.0054   0.0047      0.0606   0.0606   0.0080   0.0105
FarmWork             0.0152   0.0155   0.0090   0.0071      0.0114   0.0114   0.0066   0.0036      0.0128   0.0128   0.0050   0.0048
Agriculture          0.0018   0.0017   0.0183   0.0169      0.0018   0.0018   0.0157   0.0107      0.0024   0.0024   0.0120   0.0084
Forest               0.0025   0.0025   0.0017   0.0014      0.0025   0.0025   0.0023   0.0020      0.0028   0.0028   0.0022   0.0022
Mechanics            0.0243   0.0241   0.0291   0.0266      0.0221   0.0221   0.0317   0.0357      0.0188   0.0188   0.0350   0.0381
Elec.Repairer        0.0183   0.0178   0.0145   0.0126      0.0118   0.0118   0.0142   0.0140      0.0063   0.0063   0.0121   0.0107
Misc.Repairer        0.0308   0.0306   0.0097   0.0087      0.0339   0.0339   0.0113   0.0095      0.0341   0.0341   0.0136   0.0123
Construction         0.0507   0.0512   0.0910   0.0864      0.0542   0.0542   0.0892   0.0908      0.0512   0.0512   0.0801   0.0979
Extractive           0.0075   0.0072   0.0041   0.0032      0.0071   0.0071   0.0023   0.0009      0.0067   0.0067   0.0020   0.0018
Supervisor(P)        0.0216   0.0214   0.0064   0.0060      0.0343   0.0343   0.0107   0.0112      0.0366   0.0366   0.0121   0.0144
MetalWork            0.0219   0.0216   0.0039   0.0030      0.0253   0.0253   0.0055   0.0062      0.0222   0.0222   0.0071   0.0129
WoodWork             0.0013   0.0012   0.0007   0.0005      0.0016   0.0016   0.0008   0.0010      0.0015   0.0015   0.0010   0.0011
Textiles             0.0021   0.0020   0.0004   0.0003      0.0025   0.0025   0.0006   0.0005      0.0026   0.0026   0.0007   0.0011
Other                0.0035   0.0033   0.0027   0.0024      0.0034   0.0034   0.0020   0.0020      0.0028   0.0028   0.0018   0.0027
Food                 0.0060   0.0057   0.0038   0.0030      0.0056   0.0056   0.0030   0.0027      0.0069   0.0069   0.0029   0.0035
PlantOperator        0.0068   0.0066   0.0024   0.0020      0.0080   0.0080   0.0031   0.0021      0.0081   0.0081   0.0042   0.0044
MetalMach.           0.0049   0.0047   0.0017   0.0011      0.0062   0.0062   0.0017   0.0018      0.0067   0.0067   0.0019   0.0030
MetalProc.           0.0014   0.0013   0.0005   0.0003      0.0016   0.0016   0.0006   0.0010      0.0016   0.0016   0.0006   0.0013
WoodMach.            0.0016   0.0015   0.0041   0.0034      0.0014   0.0014   0.0042   0.0080      0.0016   0.0016   0.0046   0.0014
TextileMach.         0.0074   0.0071   0.0019   0.0013      0.0062   0.0062   0.0023   0.0026      0.0069   0.0069   0.0027   0.0053
PrintMach.           0.0032   0.0031   0.0016   0.0010      0.0035   0.0035   0.0016   0.0020      0.0037   0.0037   0.0014   0.0030
OtherMach.           0.0872   0.0882   0.0176   0.0148      0.0800   0.0800   0.0172   0.0165      0.0779   0.0779   0.0156   0.0219
Fabricators          0.0177   0.0174   0.0158   0.0120      0.0189   0.0189   0.0152   0.0150      0.0158   0.0158   0.0130   0.0213
Prod.Inspectors      0.0073   0.0071   0.0053   0.0042      0.0070   0.0070   0.0050   0.0049      0.0069   0.0069   0.0055   0.0057
MotorVehicle         0.0567   0.0576   0.0356   0.0374      0.0518   0.0518   0.0472   0.0444      0.0462   0.0462   0.0514   0.0489
OtherVehicle         0.0146   0.0143   0.0081   0.0071      0.0179   0.0179   0.0087   0.0068      0.0168   0.0168   0.0091   0.0088
Freight              0.0456   0.0461   0.0249   0.0211      0.0386   0.0386   0.0192   0.0157      0.0390   0.0390   0.0179   0.0264
 
 
1960 and 2010 quantities
White women p(:,WW) for      Young Cohort                          Middle-Aged Cohort                      Old-Aged Cohort
 
                     Data60  Model60 Data2010Model2010      Data60  Model60 Data2010Model2010      Data60  Model60 Data2010Model2010
------------------------------------------------------------------------------------------------------------------------------------
Home                 0.7388   0.7491   0.3087   0.3434      0.6698   0.6698   0.3235   0.3807      0.6238   0.6238   0.3149   0.3491
Managers             0.0068   0.0067   0.0587   0.0740      0.0145   0.0145   0.0722   0.0705      0.0217   0.0217   0.0727   0.0741
MgmtRelated          0.0033   0.0032   0.0467   0.0474      0.0046   0.0046   0.0509   0.0574      0.0058   0.0058   0.0525   0.0514
Architects           0.0000   0.0000   0.0008   0.0007      0.0000   0.0000   0.0005   0.0007      0.0000   0.0000   0.0004   0.0005
Engineers            0.0002   0.0002   0.0032   0.0027      0.0001   0.0001   0.0024   0.0029      0.0002   0.0002   0.0024   0.0035
Math/CompSci         0.0001   0.0001   0.0075   0.0069      0.0002   0.0002   0.0083   0.0089      0.0001   0.0001   0.0089   0.0055
Science              0.0003   0.0003   0.0046   0.0038      0.0003   0.0003   0.0029   0.0034      0.0002   0.0002   0.0021   0.0021
Doctors              0.0003   0.0003   0.0059   0.0072      0.0004   0.0004   0.0061   0.0055      0.0005   0.0005   0.0044   0.0042
Nurses               0.0109   0.0103   0.0328   0.0330      0.0107   0.0107   0.0322   0.0215      0.0118   0.0118   0.0346   0.0249
Therapists           0.0004   0.0003   0.0122   0.0112      0.0003   0.0003   0.0099   0.0079      0.0002   0.0002   0.0073   0.0049
Professors           0.0004   0.0004   0.0069   0.0072      0.0006   0.0006   0.0067   0.0056      0.0008   0.0008   0.0060   0.0034
Teachers             0.0167   0.0161   0.0772   0.0758      0.0171   0.0171   0.0731   0.0601      0.0310   0.0310   0.0637   0.0414
Librarians           0.0008   0.0007   0.0013   0.0012      0.0011   0.0011   0.0017   0.0011      0.0019   0.0019   0.0020   0.0011
Soc.Scientists       0.0003   0.0003   0.0051   0.0044      0.0003   0.0003   0.0043   0.0022      0.0003   0.0003   0.0031   0.0032
SocialWork           0.0015   0.0014   0.0119   0.0102      0.0017   0.0017   0.0103   0.0084      0.0025   0.0025   0.0089   0.0063
Lawyers              0.0001   0.0001   0.0062   0.0060      0.0001   0.0001   0.0058   0.0057      0.0001   0.0001   0.0043   0.0049
Arts/Athletes        0.0039   0.0037   0.0155   0.0134      0.0028   0.0028   0.0113   0.0138      0.0031   0.0031   0.0104   0.0140
HealthTechs          0.0035   0.0033   0.0178   0.0154      0.0037   0.0037   0.0170   0.0116      0.0055   0.0055   0.0160   0.0156
Eng.Techs            0.0005   0.0004   0.0024   0.0018      0.0006   0.0006   0.0017   0.0019      0.0003   0.0003   0.0021   0.0030
ScienceTechs         0.0006   0.0006   0.0007   0.0005      0.0006   0.0006   0.0005   0.0004      0.0003   0.0003   0.0006   0.0008
OtherTechs           0.0002   0.0002   0.0085   0.0076      0.0003   0.0003   0.0096   0.0107      0.0003   0.0003   0.0103   0.0108
Sales                0.0197   0.0194   0.0700   0.0755      0.0355   0.0355   0.0650   0.0738      0.0447   0.0447   0.0655   0.0813
Secretaries          0.0414   0.0399   0.0296   0.0237      0.0384   0.0384   0.0366   0.0271      0.0341   0.0341   0.0481   0.0510
Info.Clerks          0.0027   0.0024   0.0154   0.0117      0.0023   0.0023   0.0114   0.0117      0.0020   0.0020   0.0118   0.0127
Records              0.0019   0.0018   0.0050   0.0039      0.0025   0.0025   0.0051   0.0032      0.0028   0.0028   0.0063   0.0049
FinancialClerk       0.0149   0.0141   0.0145   0.0120      0.0178   0.0178   0.0197   0.0182      0.0176   0.0176   0.0237   0.0231
OfficeMachine        0.0049   0.0045   0.0003   0.0003      0.0039   0.0039   0.0004   0.0008      0.0032   0.0032   0.0006   0.0002
ComputerTech         0.0069   0.0063   0.0010   0.0006      0.0054   0.0054   0.0012   0.0014      0.0069   0.0069   0.0014   0.0067
Mail                 0.0003   0.0002   0.0012   0.0011      0.0007   0.0007   0.0024   0.0020      0.0007   0.0007   0.0040   0.0042
Clerks               0.0012   0.0011   0.0107   0.0094      0.0017   0.0017   0.0118   0.0108      0.0018   0.0018   0.0131   0.0122
Insurance            0.0001   0.0001   0.0275   0.0239      0.0002   0.0002   0.0226   0.0266      0.0002   0.0002   0.0219   0.0122
Misc.Admin           0.0296   0.0286   0.0220   0.0173      0.0337   0.0337   0.0198   0.0180      0.0350   0.0350   0.0232   0.0336
PrivateHshld         0.0022   0.0020   0.0076   0.0073      0.0042   0.0042   0.0108   0.0049      0.0080   0.0080   0.0105   0.0040
Firefighting         0.0000   0.0000   0.0003   0.0002      0.0000   0.0000   0.0003   0.0002      0.0000   0.0000   0.0002   0.0002
Police               0.0002   0.0002   0.0038   0.0035      0.0002   0.0002   0.0042   0.0031      0.0002   0.0002   0.0031   0.0020
Guards               0.0000   0.0000   0.0022   0.0019      0.0001   0.0001   0.0018   0.0012      0.0001   0.0001   0.0022   0.0015
FoodPrep             0.0163   0.0158   0.0416   0.0339      0.0229   0.0229   0.0266   0.0218      0.0244   0.0244   0.0242   0.0245
HealthService        0.0044   0.0041   0.0353   0.0327      0.0051   0.0051   0.0290   0.0190      0.0069   0.0069   0.0276   0.0164
Cleaning             0.0003   0.0003   0.0044   0.0044      0.0010   0.0010   0.0066   0.0030      0.0014   0.0014   0.0083   0.0049
PersonalService      0.0076   0.0074   0.0299   0.0272      0.0120   0.0120   0.0248   0.0265      0.0143   0.0143   0.0211   0.0199
FarmMgrs             0.0005   0.0005   0.0006   0.0006      0.0010   0.0010   0.0008   0.0006      0.0020   0.0020   0.0014   0.0013
FarmWork             0.0022   0.0022   0.0021   0.0016      0.0032   0.0032   0.0018   0.0009      0.0038   0.0038   0.0014   0.0010
Agriculture          0.0001   0.0001   0.0030   0.0027      0.0003   0.0003   0.0026   0.0017      0.0003   0.0003   0.0025   0.0018
Forest               0.0000   0.0000   0.0001   0.0001      0.0001   0.0001   0.0002   0.0001      0.0000   0.0000   0.0002   0.0001
Mechanics            0.0001   0.0001   0.0008   0.0007      0.0001   0.0001   0.0008   0.0010      0.0000   0.0000   0.0008   0.0009
Elec.Repairer        0.0002   0.0002   0.0008   0.0006      0.0001   0.0001   0.0008   0.0009      0.0001   0.0001   0.0009   0.0008
Misc.Repairer        0.0002   0.0002   0.0005   0.0005      0.0003   0.0003   0.0005   0.0005      0.0004   0.0004   0.0007   0.0008
Construction         0.0002   0.0002   0.0017   0.0016      0.0002   0.0002   0.0021   0.0023      0.0003   0.0003   0.0023   0.0025
Extractive           0.0000   0.0000   0.0001   0.0000      0.0000   0.0000   0.0001   0.0000      0.0000   0.0000   0.0001   0.0000
Supervisor(P)        0.0012   0.0012   0.0013   0.0011      0.0021   0.0021   0.0019   0.0024      0.0027   0.0027   0.0024   0.0027
MetalWork            0.0002   0.0002   0.0001   0.0001      0.0005   0.0005   0.0003   0.0003      0.0002   0.0002   0.0003   0.0006
WoodWork             0.0000   0.0000   0.0001   0.0000      0.0000   0.0000   0.0001   0.0001      0.0000   0.0000   0.0001   0.0001
Textiles             0.0085   0.0080   0.0003   0.0002      0.0121   0.0121   0.0004   0.0003      0.0160   0.0160   0.0007   0.0008
Other                0.0004   0.0004   0.0079   0.0066      0.0004   0.0004   0.0052   0.0044      0.0004   0.0004   0.0046   0.0016
Food                 0.0002   0.0002   0.0020   0.0015      0.0005   0.0005   0.0021   0.0013      0.0004   0.0004   0.0022   0.0013
PlantOperator        0.0001   0.0001   0.0001   0.0001      0.0001   0.0001   0.0002   0.0001      0.0001   0.0001   0.0002   0.0003
MetalMach.           0.0002   0.0001   0.0003   0.0002      0.0003   0.0003   0.0004   0.0004      0.0003   0.0003   0.0004   0.0006
MetalProc.           0.0000   0.0000   0.0001   0.0000      0.0000   0.0000   0.0001   0.0002      0.0000   0.0000   0.0002   0.0002
WoodMach.            0.0000   0.0000   0.0006   0.0005      0.0000   0.0000   0.0009   0.0021      0.0001   0.0001   0.0012   0.0002
TextileMach.         0.0003   0.0003   0.0004   0.0003      0.0004   0.0004   0.0006   0.0007      0.0004   0.0004   0.0007   0.0020
PrintMach.           0.0037   0.0035   0.0019   0.0011      0.0060   0.0060   0.0025   0.0025      0.0080   0.0080   0.0029   0.0068
OtherMach.           0.0261   0.0256   0.0045   0.0037      0.0375   0.0375   0.0059   0.0059      0.0345   0.0345   0.0066   0.0075
Fabricators          0.0054   0.0052   0.0032   0.0024      0.0082   0.0082   0.0042   0.0050      0.0062   0.0062   0.0051   0.0085
Prod.Inspectors      0.0041   0.0039   0.0023   0.0018      0.0068   0.0068   0.0027   0.0030      0.0066   0.0066   0.0034   0.0039
MotorVehicle         0.0004   0.0003   0.0030   0.0031      0.0007   0.0007   0.0053   0.0044      0.0005   0.0005   0.0073   0.0048
OtherVehicle         0.0001   0.0001   0.0002   0.0002      0.0002   0.0002   0.0002   0.0002      0.0002   0.0002   0.0002   0.0003
Freight              0.0014   0.0014   0.0052   0.0043      0.0016   0.0016   0.0064   0.0043      0.0018   0.0018   0.0067   0.0082
 
 
1980 and 2010 quantities (the 1960 ones fit by construction)
White Women p(:,WW) for      Young Cohort                          Middle-Aged Cohort                      Old-Aged Cohort
 
                     Data80  Model80 Data2010Model2010      Data80  Model80 Data2010Model2010      Data80  Model80 Data2010Model2010
------------------------------------------------------------------------------------------------------------------------------------
Home                 0.4606   0.4710   0.3087   0.3434      0.4763   0.6704   0.3235   0.3807      0.5097   0.7491   0.3149   0.3491
Managers             0.0341   0.0439   0.0587   0.0740      0.0377   0.0175   0.0722   0.0705      0.0356   0.0067   0.0727   0.0741
MgmtRelated          0.0264   0.0296   0.0467   0.0474      0.0221   0.0036   0.0509   0.0574      0.0200   0.0032   0.0525   0.0514
Architects           0.0003   0.0002   0.0008   0.0007      0.0001   0.0001   0.0005   0.0007      0.0001   0.0000   0.0004   0.0005
Engineers            0.0014   0.0012   0.0032   0.0027      0.0008   0.0002   0.0024   0.0029      0.0006   0.0002   0.0024   0.0035
Math/CompSci         0.0023   0.0021   0.0075   0.0069      0.0012   0.0007   0.0083   0.0089      0.0007   0.0001   0.0089   0.0055
Science              0.0015   0.0013   0.0046   0.0038      0.0008   0.0005   0.0029   0.0034      0.0005   0.0003   0.0021   0.0021
Doctors              0.0016   0.0018   0.0059   0.0072      0.0009   0.0006   0.0061   0.0055      0.0007   0.0003   0.0044   0.0042
Nurses               0.0226   0.0208   0.0328   0.0330      0.0183   0.0115   0.0322   0.0215      0.0169   0.0103   0.0346   0.0249
Therapists           0.0039   0.0028   0.0122   0.0112      0.0015   0.0008   0.0099   0.0079      0.0009   0.0003   0.0073   0.0049
Professors           0.0033   0.0036   0.0069   0.0072      0.0037   0.0024   0.0067   0.0056      0.0025   0.0004   0.0060   0.0034
Teachers             0.0512   0.0497   0.0772   0.0758      0.0432   0.0311   0.0731   0.0601      0.0318   0.0161   0.0637   0.0414
Librarians           0.0022   0.0019   0.0013   0.0012      0.0022   0.0011   0.0017   0.0011      0.0025   0.0007   0.0020   0.0011
Soc.Scientists       0.0020   0.0019   0.0051   0.0044      0.0013   0.0006   0.0043   0.0022      0.0008   0.0003   0.0031   0.0032
SocialWork           0.0064   0.0056   0.0119   0.0102      0.0045   0.0026   0.0103   0.0084      0.0037   0.0014   0.0089   0.0063
Lawyers              0.0024   0.0024   0.0062   0.0060      0.0009   0.0003   0.0058   0.0057      0.0005   0.0001   0.0043   0.0049
Arts/Athletes        0.0089   0.0083   0.0155   0.0134      0.0058   0.0031   0.0113   0.0138      0.0043   0.0037   0.0104   0.0140
HealthTechs          0.0143   0.0128   0.0178   0.0154      0.0094   0.0048   0.0170   0.0116      0.0073   0.0033   0.0160   0.0156
Eng.Techs            0.0028   0.0024   0.0024   0.0018      0.0019   0.0009   0.0017   0.0019      0.0015   0.0004   0.0021   0.0030
ScienceTechs         0.0009   0.0007   0.0007   0.0005      0.0005   0.0002   0.0005   0.0004      0.0006   0.0006   0.0006   0.0008
OtherTechs           0.0063   0.0065   0.0085   0.0076      0.0034   0.0013   0.0096   0.0107      0.0021   0.0002   0.0103   0.0108
Sales                0.0431   0.0487   0.0700   0.0755      0.0488   0.0234   0.0650   0.0738      0.0511   0.0194   0.0655   0.0813
Secretaries          0.0674   0.0642   0.0296   0.0237      0.0660   0.0557   0.0366   0.0271      0.0571   0.0399   0.0481   0.0510
Info.Clerks          0.0091   0.0089   0.0154   0.0117      0.0084   0.0044   0.0114   0.0117      0.0078   0.0024   0.0118   0.0127
Records              0.0086   0.0069   0.0050   0.0039      0.0075   0.0042   0.0051   0.0032      0.0078   0.0018   0.0063   0.0049
FinancialClerk       0.0265   0.0256   0.0145   0.0120      0.0284   0.0200   0.0197   0.0182      0.0303   0.0141   0.0237   0.0231
OfficeMachine        0.0004   0.0002   0.0003   0.0003      0.0004   0.0004   0.0004   0.0008      0.0004   0.0045   0.0006   0.0002
ComputerTech         0.0078   0.0072   0.0010   0.0006      0.0066   0.0036   0.0012   0.0014      0.0073   0.0063   0.0014   0.0067
Mail                 0.0022   0.0020   0.0012   0.0011      0.0022   0.0009   0.0024   0.0020      0.0023   0.0002   0.0040   0.0042
Clerks               0.0085   0.0083   0.0107   0.0094      0.0078   0.0025   0.0118   0.0108      0.0072   0.0011   0.0131   0.0122
Insurance            0.0060   0.0052   0.0275   0.0239      0.0041   0.0020   0.0226   0.0266      0.0031   0.0001   0.0219   0.0122
Misc.Admin           0.0336   0.0309   0.0220   0.0173      0.0330   0.0279   0.0198   0.0180      0.0317   0.0286   0.0232   0.0336
PrivateHshld         0.0034   0.0030   0.0076   0.0073      0.0051   0.0037   0.0108   0.0049      0.0064   0.0020   0.0105   0.0040
Firefighting         0.0001   0.0001   0.0003   0.0002      0.0000   0.0000   0.0003   0.0002      0.0000   0.0000   0.0002   0.0002
Police               0.0009   0.0008   0.0038   0.0035      0.0006   0.0002   0.0042   0.0031      0.0005   0.0002   0.0031   0.0020
Guards               0.0009   0.0010   0.0022   0.0019      0.0009   0.0002   0.0018   0.0012      0.0010   0.0000   0.0022   0.0015
FoodPrep             0.0206   0.0195   0.0416   0.0339      0.0240   0.0150   0.0266   0.0218      0.0262   0.0158   0.0242   0.0245
HealthService        0.0144   0.0141   0.0353   0.0327      0.0141   0.0073   0.0290   0.0190      0.0143   0.0041   0.0276   0.0164
Cleaning             0.0027   0.0031   0.0044   0.0044      0.0039   0.0007   0.0066   0.0030      0.0049   0.0003   0.0083   0.0049
PersonalService      0.0179   0.0174   0.0299   0.0272      0.0161   0.0146   0.0248   0.0265      0.0108   0.0074   0.0211   0.0199
FarmMgrs             0.0011   0.0013   0.0006   0.0006      0.0019   0.0007   0.0008   0.0006      0.0023   0.0005   0.0014   0.0013
FarmWork             0.0017   0.0013   0.0021   0.0016      0.0021   0.0011   0.0018   0.0009      0.0021   0.0022   0.0014   0.0010
Agriculture          0.0010   0.0009   0.0030   0.0027      0.0007   0.0003   0.0026   0.0017      0.0006   0.0001   0.0025   0.0018
Forest               0.0001   0.0001   0.0001   0.0001      0.0001   0.0000   0.0002   0.0001      0.0001   0.0000   0.0002   0.0001
Mechanics            0.0006   0.0006   0.0008   0.0007      0.0005   0.0004   0.0008   0.0010      0.0004   0.0001   0.0008   0.0009
Elec.Repairer        0.0010   0.0008   0.0008   0.0006      0.0007   0.0003   0.0008   0.0009      0.0006   0.0002   0.0009   0.0008
Misc.Repairer        0.0007   0.0005   0.0005   0.0005      0.0006   0.0005   0.0005   0.0005      0.0007   0.0002   0.0007   0.0008
Construction         0.0016   0.0017   0.0017   0.0016      0.0013   0.0008   0.0021   0.0023      0.0010   0.0002   0.0023   0.0025
Extractive           0.0001   0.0001   0.0001   0.0000      0.0001   0.0000   0.0001   0.0000      0.0000   0.0000   0.0001   0.0000
Supervisor(P)        0.0036   0.0041   0.0013   0.0011      0.0053   0.0016   0.0019   0.0024      0.0051   0.0012   0.0024   0.0027
MetalWork            0.0006   0.0005   0.0001   0.0001      0.0007   0.0003   0.0003   0.0003      0.0005   0.0002   0.0003   0.0006
WoodWork             0.0002   0.0002   0.0001   0.0000      0.0002   0.0001   0.0001   0.0001      0.0002   0.0000   0.0001   0.0001
Textiles             0.0011   0.0007   0.0003   0.0002      0.0017   0.0006   0.0004   0.0003      0.0021   0.0080   0.0007   0.0008
Other                0.0011   0.0010   0.0079   0.0066      0.0011   0.0003   0.0052   0.0044      0.0011   0.0004   0.0046   0.0016
Food                 0.0009   0.0007   0.0020   0.0015      0.0012   0.0004   0.0021   0.0013      0.0011   0.0002   0.0022   0.0013
PlantOperator        0.0002   0.0001   0.0001   0.0001      0.0002   0.0000   0.0002   0.0001      0.0001   0.0001   0.0002   0.0003
MetalMach.           0.0018   0.0015   0.0003   0.0002      0.0021   0.0017   0.0004   0.0004      0.0021   0.0001   0.0004   0.0006
MetalProc.           0.0007   0.0006   0.0001   0.0000      0.0008   0.0001   0.0001   0.0002      0.0008   0.0000   0.0002   0.0002
WoodMach.            0.0003   0.0002   0.0006   0.0005      0.0003   0.0001   0.0009   0.0021      0.0003   0.0000   0.0012   0.0002
TextileMach.         0.0017   0.0014   0.0004   0.0003      0.0015   0.0006   0.0006   0.0007      0.0013   0.0003   0.0007   0.0020
PrintMach.           0.0117   0.0105   0.0019   0.0011      0.0156   0.0167   0.0025   0.0025      0.0172   0.0035   0.0029   0.0068
OtherMach.           0.0105   0.0080   0.0045   0.0037      0.0125   0.0166   0.0059   0.0059      0.0122   0.0256   0.0066   0.0075
Fabricators          0.0108   0.0099   0.0032   0.0024      0.0128   0.0069   0.0042   0.0050      0.0126   0.0052   0.0051   0.0085
Prod.Inspectors      0.0048   0.0044   0.0023   0.0018      0.0064   0.0047   0.0027   0.0030      0.0078   0.0039   0.0034   0.0039
MotorVehicle         0.0034   0.0034   0.0030   0.0031      0.0046   0.0011   0.0053   0.0044      0.0032   0.0003   0.0073   0.0048
OtherVehicle         0.0007   0.0007   0.0002   0.0002      0.0007   0.0002   0.0002   0.0002      0.0007   0.0001   0.0002   0.0003
Freight              0.0086   0.0075   0.0052   0.0043      0.0100   0.0028   0.0064   0.0043      0.0103   0.0014   0.0067   0.0082
 
 
====================================================================== 
    PRODUCTION: w*H in data and model for various groups/cohorts
====================================================================== 
 
 
 
/// 1960 ///          Young                       Middle                      Old
 
               Data   Model       %        Data   Model       %        Data   Model       %
-------------------------------------------------------------------------------------------
White Men      4680    4636    99.1        5975    5959    99.7        5090    5083    99.9
White Women    2481    2321    93.5        2909    2926   100.6        2505    2513   100.3
Black Men       323     314    97.4         353     352   100.0         275     276   100.1
Black Women     265     272   102.3         238     239   100.4         155     155   100.5
 
Total income for the year:    Data = 25249  Model = 25046
 
 
/// 1970 ///          Young                       Middle                      Old
 
               Data   Model       %        Data   Model       %        Data   Model       %
-------------------------------------------------------------------------------------------
White Men      6175    6104    98.8        6994    6742    96.4        7120    7166   100.6
White Women    3467    3220    92.9        3409    3104    91.1        3495    3505   100.3
Black Men       489     477    97.5         472     444    94.0         408     405    99.3
Black Women     441     425    96.2         373     373    99.9         270     270   100.0
 
Total income for the year:    Data = 33113  Model = 32234
 
 
/// 1980 ///          Young                       Middle                      Old
 
               Data   Model       %        Data   Model       %        Data   Model       %
-------------------------------------------------------------------------------------------
White Men      7406    7178    96.9        6852    6813    99.4        6268    6270   100.0
White Women    4669    4548    97.4        3639    3297    90.6        3110    2729    87.7
Black Men       642     608    94.7         526     520    98.9         421     392    93.2
Black Women     611     586    95.9         451     439    97.3         322     316    98.2
 
Total income for the year:    Data = 34917  Model = 33695
 
 
/// 1990 ///          Young                       Middle                      Old
 
               Data   Model       %        Data   Model       %        Data   Model       %
-------------------------------------------------------------------------------------------
White Men      7301    6939    95.0        9104    8522    93.6        6972    6820    97.8
White Women    5461    5374    98.4        5675    5367    94.6        3828    3293    86.0
Black Men       673     649    96.4         731     730    99.9         533     525    98.5
Black Women     696     685    98.5         720     703    97.6         460     443    96.5
 
Total income for the year:    Data = 42153  Model = 40050
 
 
/// 2000 ///          Young                       Middle                      Old
 
               Data   Model       %        Data   Model       %        Data   Model       %
-------------------------------------------------------------------------------------------
White Men      6260    5717    91.3       11051    9959    90.1       10652    9595    90.1
White Women    5082    4798    94.4        7956    8300   104.3        6920    6836    98.8
Black Men       726     677    93.2        1074    1047    97.5         893     869    97.3
Black Women     776     744    95.8        1098    1130   103.0         901     885    98.3
 
Total income for the year:    Data = 53388  Model = 50556
 
 
/// 2010 ///          Young                       Middle                      Old
 
               Data   Model       %        Data   Model       %        Data   Model       %
-------------------------------------------------------------------------------------------
White Men      6122    5583    91.2        9061    8077    89.1       11879   10755    90.5
White Women    5271    4946    93.8        6840    6861   100.3        8650    9195   106.3
Black Men       726     671    92.4         979     928    94.8        1114    1113    99.9
Black Women     814     768    94.4        1049    1050   100.1        1172    1215   103.7
 
Total income for the year:    Data = 53678  Model = 51162
 
 
==================================================================================== 
    EARNINGS (Market): (1-tauw)*w*H in data and model for various groups/cohorts
==================================================================================== 
 
 
 
/// 1960 ///          Young                       Middle                      Old
 
               Data   Model       %        Data   Model       %        Data   Model       %
-------------------------------------------------------------------------------------------
White Men      4282    4267    99.7        5534    5510    99.6        4537    4520    99.6
White Women     827     893   108.0        1129    1120    99.2        1136    1127    99.2
Black Men       231     227    98.5         255     253    99.6         194     193    99.6
Black Women      92     100   108.7         100      99    99.1          67      66    99.2
 
Market income for the year:   Data = 18383  Model = 18375
 
 
/// 1970 ///          Young                       Middle                      Old
 
               Data   Model       %        Data   Model       %        Data   Model       %
-------------------------------------------------------------------------------------------
White Men      5610    5588    99.6        6467    6248    96.6        6406    6439   100.5
White Women    1381    1430   103.5        1471    1311    89.1        1713    1694    98.9
Black Men       375     369    98.3         369     360    97.5         314     310    98.5
Black Women     210     210   100.3         186     170    91.2         142     140    98.8
 
Market income for the year:   Data = 24645  Model = 24269
 
 
/// 1980 ///          Young                       Middle                      Old
 
               Data   Model       %        Data   Model       %        Data   Model       %
-------------------------------------------------------------------------------------------
White Men      6816    6661    97.7        6360    6254    98.3        5584    5823   104.3
White Women    2701    2744   101.6        1914    1623    84.8        1646    1269    77.1
Black Men       503     485    96.5         402     432   107.6         311     342   109.7
Black Women     391     386    98.6         272     266    97.8         188     171    90.7
 
Market income for the year:   Data = 27088  Model = 26456
 
 
/// 1990 ///          Young                       Middle                      Old
 
               Data   Model       %        Data   Model       %        Data   Model       %
-------------------------------------------------------------------------------------------
White Men      6709    6441    96.0        8458    7926    93.7        6235    6274   100.6
White Women    3593    3610   100.5        3737    3561    95.3        2408    1788    74.3
Black Men       530     525    98.9         579     611   105.6         394     462   117.3
Black Women     484     486   100.4         521     503    96.5         305     292    95.7
 
Market income for the year:   Data = 33953  Model = 32479
 
 
/// 2000 ///          Young                       Middle                      Old
 
               Data   Model       %        Data   Model       %        Data   Model       %
-------------------------------------------------------------------------------------------
White Men      5442    4967    91.3        9497    8889    93.6        8871    8595    96.9
White Women    3176    2972    93.6        4636    5329   114.9        4312    4202    97.4
Black Men       508     474    93.4         709     780   109.9         566     678   119.9
Black Women     504     469    93.2         671     743   110.7         527     583   110.6
 
Market income for the year:   Data = 39419  Model = 38681
 
 
/// 2010 ///          Young                       Middle                      Old
 
               Data   Model       %        Data   Model       %        Data   Model       %
-------------------------------------------------------------------------------------------
White Men      5320    4861    91.4        8212    7170    87.3       10088    9752    96.7
White Women    3605    3387    94.0        4517    4632   102.6        5594    6394   114.3
Black Men       521     487    93.5         772     698    90.4         792     888   112.1
Black Women     568     529    93.1         766     719    93.9         787     867   110.2
 
Market income for the year:   Data = 41541  Model = 40383
Production GDP = Total Labor Income (pre-tax) has been confirmed to the nearest dime per person :-).
 
 
GDP per person in data and model
 
        Year        Data       Model    ExitFlag
------------------------------------------------
        1960       25249       25046           1
        1970       33113       32234           1
        1980       34917       33695           1
        1990       42153       40050           1
        2000       53388       50556           1
        2010       53678       51162           1
 
 
GDP (mkt) per person in data and model
 
        Year        Data       Model
------------------------------------
        1960       17019       17151
        1970       22919       22622
        1980       25361       24579
        1990       32856       31074
        2000       37090       36687
        2010       39849       39187
 
 
GDP per worker (market) in data and model
 
        Year        Data       Model
------------------------------------
        1960       28434       28770
        1970       36059       37290
        1980       36118       38470
        1990       43029       44146
        2000       49656       50478
        2010       52492       53496
 
 
LFP in data and model
 
        Year        Data       Model
------------------------------------
        1960       0.599       0.596
        1970       0.636       0.607
        1980       0.702       0.639
        1990       0.764       0.704
        2000       0.747       0.727
        2010       0.759       0.733
 
 
Market Wage Gap in data and model
 
  Year      WWdata WWmodel      BMdata BMmodel      BWdata BWmodel
------------------------------------------------------------------
  1960       0.555   0.571       0.559   0.558       0.347   0.360
  1970       0.527   0.594       0.627   0.630       0.418   0.460
  1980       0.549   0.658       0.714   0.726       0.513   0.579
  1990       0.613   0.722       0.700   0.767       0.555   0.638
  2000       0.647   0.804       0.694   0.796       0.566   0.691
  2010       0.714   0.866       0.710   0.826       0.604   0.728
 
 
Earnings (market, after tauw) in data and model
 
        Year        Data       Model
------------------------------------
        1960       18383       18375
        1970       24645       24269
        1980       27088       26456
        1990       33953       32479
        2000       39419       38681
        2010       41541       40383
 
 
Earnings (market, after tauw) by Group in data and model
 
  Year      WMdata WMmodel      WWdata WWmodel      BMdata BMmodel      BWdata BWmodel
--------------------------------------------------------------------------------------
  1960       14352   14296        3093    3140         679     673         259     266
  1970       18483   18276        4566    4434        1058    1038         538     520
  1980       18760   18738        6261    5636        1216    1259         852     823
  1990       21402   20641        9738    8959        1503    1598        1310    1281
  2000       23810   22451       12124   12502        1783    1932        1701    1795
  2010       23619   21782       13716   14414        2085    2072        2121    2115
 
 
ConsumptionYoung (total) per young person in data and model (and Utility)
 
        Year        Data       Model     Utility
------------------------------------------------
        1960       27424       26466       29563
        1970       37156       35591       32346
        1980       35165       33576       27269
        1990       41933       39837       31781
        2000       50511       46310       46895
        2010       50221       46029       37872
 
 
EarningsYoung (market) per young person in data and model
 
        Year        Data       Model
------------------------------------
        1960       16290       16457
        1970       21968       22029
        1980       24391       24076
        1990       28486       27844
        2000       31605       29154
        2010       32063       29662
 
 
GDP (mkt) of only Young Cohorts...
 
  Year    Data   Model
----------------------
  1960   14859   15233
  1970   20302   20667
  1980   22970   23083
  1990   27834   27637
  2000   29959   28498
  2010   30575   28903
 
 
Share of growth accounted for by the Full Model:
 
                                      Share
-------------------------------------------
GDP per person                         94.7
GDP per person (mkt)                   97.1
GDP (mkt) per worker                  101.2
Labor Force Participation (LFP)        86.7
Earnings                               96.6
ConsumpYoung (total)                   91.5
EarningsYoung (market)                 87.0
GDPYoung (market)                      88.8
WageGapWW                             165.6
WageGapBM                             164.2
WageGapBW                             127.3
EarningsWM                             84.5
EarningsWW                            102.3
EarningsBM                            100.2
EarningsBW                             98.7
