SolveEqmBasic_Delta1                 05-Oct-2026 
 
'SolveEqmBasic' is a script from the file /workspace/output/replication/codebase/SolveEqmBasic.m

 SolveEqmBasic.m    

  Takes the TalentData.mat data on Taus, Z's, A(i,t).
  Solves for the equilibrium w(i) and Y

  See 2015-06-02-SolvingGE.pdf notes (old but somewhat useful?)

  Method: For each year,
    1. Guess values for {mgtilde}, Y ==> 5 unknowns
    2. Solve for {wi} from Hi^supply = Hi^demand
    3. Compute mghat, Yhat 
    4. Iterate until converge.


Additional help for built-in functions and operators is
available in the online version of the manual.  Use the command
'doc <topic>' to search the manual index.

Help and information about Octave is also available on the WWW
at https://www.octave.org and via the help@octave.org
mailing list.
 
=============================================================
KEY PARAMETER VALUES:    CaseName = Delta1
                   theta =  2.0000
                     eta =  0.1030
            theta*(1-eta)=  1.7940
                    dlta =  1.0000
                      mu =  0.5574
                   sigma =  3.0000
           EstimateDelta =  0.0000
           ConstrainTauH = -0.8000
PurgeWageGrowthSelection =     0
      AlphaSplitTauW1960 =  0.5000
   OccupationforWageHome = 23 Secretaries                               
   Alpha0FixedSplit =  0.5000
=============================================================
 
...... 
 
                                         Wages                          H(i,t)                 HYoung
 
                 Data60 Model60Data2010   Model      Data60   ModelData2010   Model      Data60   ModelData2010   Model
-----------------------------------------------------------------------------------------------------------------------
Home              14757   14743   17969   18062       0.860   0.874   0.660   0.652       0.315   0.330   0.165   0.165
Managers          18412   18501   27884   30425       0.140   0.140   0.265   0.205       0.027   0.027   0.042   0.049
MgmtRelated       19367   19346   29534   29712       0.032   0.033   0.108   0.107       0.010   0.011   0.025   0.025
Architects        24118   24047   28605   27014       0.001   0.001   0.002   0.003       0.000   0.000   0.001   0.000
Engineers         23743   23637   34850   32490       0.023   0.023   0.026   0.032       0.008   0.009   0.006   0.006
Math/CompSci      23241   23024   27241   27147       0.001   0.001   0.038   0.039       0.000   0.000   0.010   0.010
Science           21740   21654   27750   27279       0.004   0.005   0.010   0.011       0.002   0.002   0.003   0.003
Doctors           24796   25196   44081   49399       0.014   0.014   0.028   0.020       0.003   0.002   0.004   0.005
Nurses            22054   22023   34979   36120       0.010   0.010   0.037   0.034       0.003   0.003   0.010   0.011
Therapists        17986   18077   30169   31409       0.001   0.001   0.013   0.011       0.000   0.000   0.004   0.005
Professors        24268   24283   22157   24419       0.003   0.003   0.018   0.013       0.001   0.001   0.004   0.005
Teachers          18163   18145   22886   23676       0.032   0.032   0.092   0.083       0.010   0.010   0.027   0.030
Librarians        17927   17898   20407   21604       0.001   0.001   0.003   0.002       0.000   0.000   0.000   0.001
Soc.Scientists    23361   23281   29688   30753       0.001   0.001   0.010   0.009       0.000   0.000   0.003   0.003
SocialWork        13791   13817   19242   19192       0.008   0.008   0.018   0.019       0.002   0.003   0.005   0.006
Lawyers           27949   28172   50470   51454       0.006   0.006   0.021   0.020       0.002   0.001   0.005   0.004
Arts/Athletes     19291   19285   22888   21816       0.013   0.013   0.037   0.043       0.005   0.005   0.011   0.010
HealthTechs       14670   14670   21049   20626       0.005   0.005   0.028   0.030       0.002   0.002   0.008   0.008
Eng.Techs         17049   16914   21967   19459       0.009   0.009   0.012   0.017       0.005   0.005   0.003   0.002
ScienceTechs      16482   16376   21967   19441       0.005   0.005   0.002   0.003       0.002   0.002   0.001   0.000
OtherTechs        17233   17170   32349   30841       0.003   0.003   0.035   0.040       0.001   0.001   0.009   0.008
Sales             17066   17114   21170   21157       0.100   0.101   0.234   0.235       0.029   0.029   0.058   0.053
Secretaries       15115   15044   18397   17683       0.035   0.036   0.049   0.055       0.012   0.013   0.010   0.010
Info.Clerks       15075   14998   15660   14640       0.003   0.003   0.016   0.020       0.001   0.001   0.006   0.005
Records           18852   18823   17165   16776       0.005   0.005   0.007   0.007       0.001   0.001   0.002   0.002
FinancialClerk    14298   14253   18335   17386       0.018   0.018   0.022   0.026       0.005   0.006   0.005   0.005
OfficeMachine     14839   14731   15150   14972       0.005   0.005   0.001   0.001       0.002   0.003   0.000   0.000
ComputerTech      16061   15984   18400   12648       0.006   0.006   0.003   0.010       0.002   0.002   0.001   0.000
Mail              14786   14727   18391   17442       0.011   0.011   0.010   0.012       0.003   0.003   0.002   0.001
Clerks            12759   12715   14920   14371       0.016   0.017   0.036   0.041       0.005   0.006   0.010   0.010
Insurance         16513   16411   17765   17275       0.002   0.002   0.039   0.043       0.001   0.001   0.013   0.013
Misc.Admin        14887   14839   17573   15899       0.055   0.056   0.029   0.040       0.018   0.019   0.009   0.007
PrivateHshld      12235   12275    9886   10328       0.007   0.007   0.008   0.007       0.002   0.002   0.002   0.002
Firefighting      14340   14248   26131   25937       0.004   0.004   0.007   0.007       0.001   0.002   0.002   0.002
Police            14354   14252   24451   24132       0.008   0.009   0.027   0.028       0.003   0.004   0.007   0.007
Guards            13082   13073   16309   16155       0.004   0.004   0.012   0.012       0.001   0.001   0.004   0.004
FoodPrep          10378   10411   11403   10907       0.032   0.032   0.056   0.064       0.008   0.008   0.024   0.023
HealthService      9177    9167   13963   14335       0.008   0.009   0.041   0.038       0.003   0.003   0.013   0.015
Cleaning           9738    9753   13217   13513       0.011   0.011   0.029   0.027       0.002   0.002   0.006   0.006
PersonalService   11711   11798   15304   15342       0.027   0.027   0.037   0.037       0.008   0.008   0.012   0.012
FarmMgrs           7956    8094   17823   17738       0.059   0.057   0.010   0.010       0.014   0.011   0.002   0.001
FarmWork           5876    5972   10798   10482       0.023   0.022   0.009   0.010       0.008   0.008   0.003   0.003
Agriculture       10999   11016   11743   11808       0.003   0.003   0.022   0.021       0.001   0.001   0.007   0.007
Forest             8751    8826   15425   14436       0.004   0.004   0.003   0.003       0.001   0.001   0.001   0.001
Mechanics         12427   12403   17905   16591       0.024   0.024   0.039   0.050       0.008   0.009   0.010   0.008
Elec.Repairer     15208   15112   18787   17953       0.012   0.013   0.017   0.020       0.006   0.006   0.005   0.005
Misc.Repairer     13569   13540   18126   17241       0.035   0.036   0.015   0.017       0.010   0.011   0.003   0.003
Construction      14294   14299   16090   15146       0.057   0.058   0.113   0.136       0.018   0.019   0.031   0.027
Extractive        13500   13464   23036   23143       0.007   0.008   0.003   0.003       0.003   0.003   0.001   0.001
Supervisor(P)     16803   16794   20736   19631       0.035   0.036   0.015   0.018       0.007   0.008   0.002   0.002
MetalWork         15174   15129   18192   14756       0.025   0.025   0.007   0.013       0.007   0.008   0.001   0.001
WoodWork          12281   12255   13610   11798       0.002   0.002   0.001   0.002       0.000   0.000   0.000   0.000
Textiles          11272   11256   12124   10337       0.014   0.014   0.001   0.002       0.003   0.003   0.000   0.000
Other             14454   14432   16548   15986       0.004   0.004   0.006   0.007       0.001   0.001   0.002   0.002
Food              12801   12781   12475   11692       0.007   0.007   0.005   0.007       0.002   0.002   0.002   0.001
PlantOperator     19213   19159   23723   21895       0.007   0.008   0.004   0.005       0.002   0.002   0.001   0.001
MetalMach.        13915   13831   15196   13229       0.007   0.007   0.002   0.004       0.002   0.002   0.001   0.000
MetalProc.        12577   12547   15719   12300       0.002   0.002   0.001   0.002       0.001   0.001   0.000   0.000
WoodMach.          9801    9830   15053   13395       0.002   0.002   0.006   0.008       0.001   0.001   0.001   0.001
TextileMach.      15663   15607   15478   12159       0.008   0.008   0.003   0.007       0.003   0.003   0.001   0.000
PrintMach.        10056   10066   11771    9074       0.011   0.012   0.004   0.010       0.003   0.003   0.001   0.001
OtherMach.        12357   12332   15366   14034       0.126   0.129   0.028   0.037       0.040   0.043   0.007   0.006
Fabricators       13161   13124   15595   13571       0.026   0.026   0.022   0.034       0.008   0.009   0.006   0.005
Prod.Inspectors   14064   14027   18896   17530       0.013   0.013   0.010   0.013       0.004   0.004   0.003   0.002
MotorVehicle      12416   12425   15640   15314       0.063   0.063   0.067   0.072       0.022   0.023   0.014   0.013
OtherVehicle      14801   14782   20650   20041       0.018   0.019   0.010   0.012       0.005   0.005   0.003   0.003
Freight           10867   10870   13096   12149       0.059   0.060   0.032   0.040       0.021   0.021   0.010   0.009
 
 
1960 and 2010 quantities
White Men p(:,WM) for        Young Cohort                          Middle-Aged Cohort                      Old-Aged Cohort
 
                     Data60  Model60 Data2010Model2010      Data60  Model60 Data2010Model2010      Data60  Model60 Data2010Model2010
------------------------------------------------------------------------------------------------------------------------------------
Home                 0.0863   0.0861   0.1505   0.1571      0.0769   0.0769   0.1237   0.1526      0.1108   0.1108   0.1621   0.0916
Managers             0.0771   0.0778   0.0740   0.0910      0.1176   0.1176   0.1180   0.0913      0.1264   0.1264   0.1236   0.0934
MgmtRelated          0.0318   0.0318   0.0398   0.0416      0.0296   0.0296   0.0410   0.0439      0.0233   0.0233   0.0407   0.0383
Architects           0.0008   0.0008   0.0015   0.0013      0.0008   0.0008   0.0017   0.0023      0.0007   0.0007   0.0017   0.0022
Engineers            0.0298   0.0296   0.0185   0.0166      0.0251   0.0251   0.0186   0.0207      0.0154   0.0154   0.0219   0.0263
Math/CompSci         0.0008   0.0008   0.0240   0.0246      0.0004   0.0004   0.0236   0.0268      0.0002   0.0002   0.0175   0.0105
Science              0.0063   0.0063   0.0054   0.0053      0.0047   0.0047   0.0048   0.0066      0.0029   0.0029   0.0042   0.0048
Doctors              0.0083   0.0085   0.0058   0.0075      0.0102   0.0102   0.0095   0.0094      0.0082   0.0082   0.0103   0.0113
Nurses               0.0025   0.0025   0.0044   0.0049      0.0022   0.0022   0.0054   0.0036      0.0026   0.0026   0.0044   0.0031
Therapists           0.0004   0.0004   0.0028   0.0031      0.0003   0.0003   0.0033   0.0028      0.0004   0.0004   0.0023   0.0016
Professors           0.0033   0.0033   0.0070   0.0088      0.0033   0.0033   0.0068   0.0070      0.0026   0.0026   0.0062   0.0041
Teachers             0.0188   0.0187   0.0239   0.0265      0.0110   0.0110   0.0229   0.0206      0.0087   0.0087   0.0171   0.0130
Librarians           0.0002   0.0002   0.0004   0.0004      0.0002   0.0002   0.0006   0.0005      0.0002   0.0002   0.0005   0.0006
Soc.Scientists       0.0013   0.0013   0.0028   0.0031      0.0010   0.0010   0.0031   0.0018      0.0006   0.0006   0.0024   0.0028
SocialWork           0.0073   0.0073   0.0070   0.0072      0.0064   0.0064   0.0068   0.0057      0.0058   0.0058   0.0065   0.0056
Lawyers              0.0052   0.0053   0.0073   0.0079      0.0051   0.0051   0.0098   0.0093      0.0055   0.0055   0.0094   0.0101
Arts/Athletes        0.0127   0.0127   0.0180   0.0169      0.0096   0.0096   0.0162   0.0185      0.0070   0.0070   0.0125   0.0175
HealthTechs          0.0019   0.0019   0.0069   0.0069      0.0014   0.0014   0.0058   0.0052      0.0012   0.0012   0.0044   0.0045
Eng.Techs            0.0149   0.0147   0.0078   0.0063      0.0074   0.0074   0.0080   0.0076      0.0037   0.0037   0.0082   0.0148
ScienceTechs         0.0065   0.0064   0.0013   0.0010      0.0040   0.0040   0.0011   0.0009      0.0022   0.0022   0.0011   0.0023
OtherTechs           0.0033   0.0032   0.0197   0.0185      0.0029   0.0029   0.0200   0.0226      0.0016   0.0016   0.0172   0.0210
Sales                0.0767   0.0771   0.0889   0.0917      0.0748   0.0748   0.0912   0.0937      0.0669   0.0669   0.0896   0.1160
Secretaries          0.0019   0.0019   0.0024   0.0023      0.0013   0.0013   0.0017   0.0015      0.0014   0.0014   0.0016   0.0009
Info.Clerks          0.0016   0.0015   0.0035   0.0031      0.0015   0.0015   0.0020   0.0024      0.0009   0.0009   0.0019   0.0025
Records              0.0024   0.0024   0.0021   0.0020      0.0025   0.0025   0.0014   0.0014      0.0024   0.0024   0.0014   0.0015
FinancialClerk       0.0049   0.0049   0.0030   0.0028      0.0037   0.0037   0.0023   0.0025      0.0037   0.0037   0.0022   0.0028
OfficeMachine        0.0031   0.0031   0.0002   0.0002      0.0010   0.0010   0.0004   0.0009      0.0006   0.0006   0.0007   0.0003
ComputerTech         0.0007   0.0007   0.0010   0.0005      0.0005   0.0005   0.0009   0.0009      0.0004   0.0004   0.0010   0.0047
Mail                 0.0075   0.0074   0.0033   0.0031      0.0114   0.0114   0.0048   0.0035      0.0087   0.0087   0.0066   0.0068
Clerks               0.0144   0.0142   0.0210   0.0201      0.0131   0.0131   0.0171   0.0193      0.0132   0.0132   0.0165   0.0186
Insurance            0.0032   0.0031   0.0155   0.0151      0.0019   0.0019   0.0100   0.0146      0.0013   0.0013   0.0081   0.0053
Misc.Admin           0.0308   0.0306   0.0067   0.0057      0.0251   0.0251   0.0043   0.0044      0.0245   0.0245   0.0039   0.0076
PrivateHshld         0.0010   0.0010   0.0010   0.0011      0.0010   0.0010   0.0012   0.0007      0.0013   0.0013   0.0012   0.0010
Firefighting         0.0048   0.0047   0.0058   0.0059      0.0044   0.0044   0.0065   0.0052      0.0029   0.0029   0.0046   0.0044
Police               0.0103   0.0101   0.0181   0.0183      0.0079   0.0079   0.0226   0.0208      0.0060   0.0060   0.0144   0.0133
Guards               0.0026   0.0026   0.0084   0.0085      0.0036   0.0036   0.0062   0.0048      0.0062   0.0062   0.0059   0.0068
FoodPrep             0.0075   0.0076   0.0440   0.0416      0.0087   0.0087   0.0227   0.0224      0.0109   0.0109   0.0127   0.0186
HealthService        0.0017   0.0017   0.0056   0.0061      0.0014   0.0014   0.0038   0.0028      0.0016   0.0016   0.0034   0.0033
Cleaning             0.0032   0.0032   0.0132   0.0143      0.0053   0.0053   0.0160   0.0095      0.0099   0.0099   0.0207   0.0177
PersonalService      0.0073   0.0074   0.0081   0.0084      0.0055   0.0055   0.0068   0.0069      0.0078   0.0078   0.0059   0.0039
FarmMgrs             0.0331   0.0343   0.0045   0.0046      0.0465   0.0465   0.0054   0.0042      0.0606   0.0606   0.0080   0.0105
FarmWork             0.0152   0.0157   0.0090   0.0087      0.0114   0.0114   0.0066   0.0040      0.0128   0.0128   0.0050   0.0054
Agriculture          0.0018   0.0018   0.0183   0.0191      0.0018   0.0018   0.0157   0.0124      0.0024   0.0024   0.0120   0.0100
Forest               0.0025   0.0026   0.0017   0.0016      0.0025   0.0025   0.0023   0.0023      0.0028   0.0028   0.0022   0.0026
Mechanics            0.0243   0.0242   0.0291   0.0258      0.0221   0.0221   0.0317   0.0357      0.0188   0.0188   0.0350   0.0385
Elec.Repairer        0.0183   0.0180   0.0145   0.0137      0.0118   0.0118   0.0142   0.0159      0.0063   0.0063   0.0121   0.0111
Misc.Repairer        0.0308   0.0306   0.0097   0.0091      0.0339   0.0339   0.0113   0.0103      0.0341   0.0341   0.0136   0.0133
Construction         0.0507   0.0507   0.0910   0.0833      0.0542   0.0542   0.0892   0.0881      0.0512   0.0512   0.0801   0.0974
Extractive           0.0075   0.0075   0.0041   0.0043      0.0071   0.0071   0.0023   0.0009      0.0067   0.0067   0.0020   0.0021
Supervisor(P)        0.0216   0.0216   0.0064   0.0059      0.0343   0.0343   0.0107   0.0108      0.0366   0.0366   0.0121   0.0134
MetalWork            0.0219   0.0217   0.0039   0.0026      0.0253   0.0253   0.0055   0.0061      0.0222   0.0222   0.0071   0.0141
WoodWork             0.0013   0.0013   0.0007   0.0006      0.0016   0.0016   0.0008   0.0012      0.0015   0.0015   0.0010   0.0014
Textiles             0.0021   0.0021   0.0004   0.0003      0.0025   0.0025   0.0006   0.0006      0.0026   0.0026   0.0007   0.0013
Other                0.0035   0.0035   0.0027   0.0026      0.0034   0.0034   0.0020   0.0021      0.0028   0.0028   0.0018   0.0032
Food                 0.0060   0.0059   0.0038   0.0034      0.0056   0.0056   0.0030   0.0030      0.0069   0.0069   0.0029   0.0038
PlantOperator        0.0068   0.0068   0.0024   0.0021      0.0080   0.0080   0.0031   0.0022      0.0081   0.0081   0.0042   0.0054
MetalMach.           0.0049   0.0049   0.0017   0.0014      0.0062   0.0062   0.0017   0.0019      0.0067   0.0067   0.0019   0.0027
MetalProc.           0.0014   0.0013   0.0005   0.0003      0.0016   0.0016   0.0006   0.0011      0.0016   0.0016   0.0006   0.0015
WoodMach.            0.0016   0.0016   0.0041   0.0034      0.0014   0.0014   0.0042   0.0097      0.0016   0.0016   0.0046   0.0017
TextileMach.         0.0074   0.0073   0.0019   0.0012      0.0062   0.0062   0.0023   0.0029      0.0069   0.0069   0.0027   0.0061
PrintMach.           0.0032   0.0032   0.0016   0.0010      0.0035   0.0035   0.0016   0.0022      0.0037   0.0037   0.0014   0.0031
OtherMach.           0.0872   0.0868   0.0176   0.0152      0.0800   0.0800   0.0172   0.0173      0.0779   0.0779   0.0156   0.0221
Fabricators          0.0177   0.0176   0.0158   0.0123      0.0189   0.0189   0.0152   0.0150      0.0158   0.0158   0.0130   0.0219
Prod.Inspectors      0.0073   0.0073   0.0053   0.0047      0.0070   0.0070   0.0050   0.0054      0.0069   0.0069   0.0055   0.0061
MotorVehicle         0.0567   0.0568   0.0356   0.0353      0.0518   0.0518   0.0472   0.0438      0.0462   0.0462   0.0514   0.0490
OtherVehicle         0.0146   0.0145   0.0081   0.0079      0.0179   0.0179   0.0087   0.0069      0.0168   0.0168   0.0091   0.0088
Freight              0.0456   0.0456   0.0249   0.0221      0.0386   0.0386   0.0192   0.0157      0.0390   0.0390   0.0179   0.0279
 
 
1960 and 2010 quantities
White women p(:,WW) for      Young Cohort                          Middle-Aged Cohort                      Old-Aged Cohort
 
                     Data60  Model60 Data2010Model2010      Data60  Model60 Data2010Model2010      Data60  Model60 Data2010Model2010
------------------------------------------------------------------------------------------------------------------------------------
Home                 0.7388   0.7389   0.3087   0.3107      0.6698   0.6698   0.3235   0.3476      0.6238   0.6238   0.3149   0.3205
Managers             0.0068   0.0068   0.0587   0.0696      0.0145   0.0145   0.0722   0.0671      0.0217   0.0217   0.0727   0.0692
MgmtRelated          0.0033   0.0033   0.0467   0.0471      0.0046   0.0046   0.0509   0.0580      0.0058   0.0058   0.0525   0.0513
Architects           0.0000   0.0000   0.0008   0.0007      0.0000   0.0000   0.0005   0.0008      0.0000   0.0000   0.0004   0.0006
Engineers            0.0002   0.0002   0.0032   0.0027      0.0001   0.0001   0.0024   0.0031      0.0002   0.0002   0.0024   0.0038
Math/CompSci         0.0001   0.0001   0.0075   0.0074      0.0002   0.0002   0.0083   0.0108      0.0001   0.0001   0.0089   0.0064
Science              0.0003   0.0003   0.0046   0.0044      0.0003   0.0003   0.0029   0.0040      0.0002   0.0002   0.0021   0.0024
Doctors              0.0003   0.0003   0.0059   0.0074      0.0004   0.0004   0.0061   0.0057      0.0005   0.0005   0.0044   0.0045
Nurses               0.0109   0.0109   0.0328   0.0348      0.0107   0.0107   0.0322   0.0232      0.0118   0.0118   0.0346   0.0275
Therapists           0.0004   0.0004   0.0122   0.0131      0.0003   0.0003   0.0099   0.0094      0.0002   0.0002   0.0073   0.0057
Professors           0.0004   0.0004   0.0069   0.0084      0.0006   0.0006   0.0067   0.0066      0.0008   0.0008   0.0060   0.0034
Teachers             0.0167   0.0167   0.0772   0.0823      0.0171   0.0171   0.0731   0.0622      0.0310   0.0310   0.0637   0.0374
Librarians           0.0008   0.0008   0.0013   0.0015      0.0011   0.0011   0.0017   0.0012      0.0019   0.0019   0.0020   0.0013
Soc.Scientists       0.0003   0.0003   0.0051   0.0054      0.0003   0.0003   0.0043   0.0025      0.0003   0.0003   0.0031   0.0036
SocialWork           0.0015   0.0015   0.0119   0.0118      0.0017   0.0017   0.0103   0.0092      0.0025   0.0025   0.0089   0.0067
Lawyers              0.0001   0.0001   0.0062   0.0064      0.0001   0.0001   0.0058   0.0062      0.0001   0.0001   0.0043   0.0054
Arts/Athletes        0.0039   0.0039   0.0155   0.0140      0.0028   0.0028   0.0113   0.0150      0.0031   0.0031   0.0104   0.0155
HealthTechs          0.0035   0.0035   0.0178   0.0170      0.0037   0.0037   0.0170   0.0131      0.0055   0.0055   0.0160   0.0181
Eng.Techs            0.0005   0.0005   0.0024   0.0018      0.0006   0.0006   0.0017   0.0019      0.0003   0.0003   0.0021   0.0032
ScienceTechs         0.0006   0.0006   0.0007   0.0005      0.0006   0.0006   0.0005   0.0005      0.0003   0.0003   0.0006   0.0011
OtherTechs           0.0002   0.0002   0.0085   0.0077      0.0003   0.0003   0.0096   0.0115      0.0003   0.0003   0.0103   0.0120
Sales                0.0197   0.0198   0.0700   0.0696      0.0355   0.0355   0.0650   0.0696      0.0447   0.0447   0.0655   0.0814
Secretaries          0.0414   0.0411   0.0296   0.0273      0.0384   0.0384   0.0366   0.0309      0.0341   0.0341   0.0481   0.0527
Info.Clerks          0.0027   0.0027   0.0154   0.0134      0.0023   0.0023   0.0114   0.0134      0.0020   0.0020   0.0118   0.0145
Records              0.0019   0.0019   0.0050   0.0048      0.0025   0.0025   0.0051   0.0036      0.0028   0.0028   0.0063   0.0050
FinancialClerk       0.0149   0.0148   0.0145   0.0130      0.0178   0.0178   0.0197   0.0193      0.0176   0.0176   0.0237   0.0244
OfficeMachine        0.0049   0.0049   0.0003   0.0003      0.0039   0.0039   0.0004   0.0010      0.0032   0.0032   0.0006   0.0003
ComputerTech         0.0069   0.0068   0.0010   0.0005      0.0054   0.0054   0.0012   0.0012      0.0069   0.0069   0.0014   0.0074
Mail                 0.0003   0.0003   0.0012   0.0011      0.0007   0.0007   0.0024   0.0020      0.0007   0.0007   0.0040   0.0046
Clerks               0.0012   0.0012   0.0107   0.0099      0.0017   0.0017   0.0118   0.0116      0.0018   0.0018   0.0131   0.0130
Insurance            0.0001   0.0001   0.0275   0.0259      0.0002   0.0002   0.0226   0.0321      0.0002   0.0002   0.0219   0.0141
Misc.Admin           0.0296   0.0294   0.0220   0.0179      0.0337   0.0337   0.0198   0.0184      0.0350   0.0350   0.0232   0.0369
PrivateHshld         0.0022   0.0022   0.0076   0.0083      0.0042   0.0042   0.0108   0.0054      0.0080   0.0080   0.0105   0.0045
Firefighting         0.0000   0.0000   0.0003   0.0003      0.0000   0.0000   0.0003   0.0002      0.0000   0.0000   0.0002   0.0002
Police               0.0002   0.0002   0.0038   0.0037      0.0002   0.0002   0.0042   0.0036      0.0002   0.0002   0.0031   0.0022
Guards               0.0000   0.0000   0.0022   0.0021      0.0001   0.0001   0.0018   0.0013      0.0001   0.0001   0.0022   0.0017
FoodPrep             0.0163   0.0164   0.0416   0.0379      0.0229   0.0229   0.0266   0.0244      0.0244   0.0244   0.0242   0.0283
HealthService        0.0044   0.0044   0.0353   0.0370      0.0051   0.0051   0.0290   0.0204      0.0069   0.0069   0.0276   0.0184
Cleaning             0.0003   0.0003   0.0044   0.0046      0.0010   0.0010   0.0066   0.0029      0.0014   0.0014   0.0083   0.0052
PersonalService      0.0076   0.0077   0.0299   0.0300      0.0120   0.0120   0.0248   0.0309      0.0143   0.0143   0.0211   0.0211
FarmMgrs             0.0005   0.0005   0.0006   0.0006      0.0010   0.0010   0.0008   0.0005      0.0020   0.0020   0.0014   0.0014
FarmWork             0.0022   0.0022   0.0021   0.0020      0.0032   0.0032   0.0018   0.0011      0.0038   0.0038   0.0014   0.0012
Agriculture          0.0001   0.0001   0.0030   0.0031      0.0003   0.0003   0.0026   0.0020      0.0003   0.0003   0.0025   0.0022
Forest               0.0000   0.0000   0.0001   0.0001      0.0001   0.0001   0.0002   0.0001      0.0000   0.0000   0.0002   0.0002
Mechanics            0.0001   0.0001   0.0008   0.0007      0.0001   0.0001   0.0008   0.0010      0.0000   0.0000   0.0008   0.0009
Elec.Repairer        0.0002   0.0002   0.0008   0.0007      0.0001   0.0001   0.0008   0.0010      0.0001   0.0001   0.0009   0.0009
Misc.Repairer        0.0002   0.0002   0.0005   0.0005      0.0003   0.0003   0.0005   0.0006      0.0004   0.0004   0.0007   0.0009
Construction         0.0002   0.0002   0.0017   0.0015      0.0002   0.0002   0.0021   0.0023      0.0003   0.0003   0.0023   0.0026
Extractive           0.0000   0.0000   0.0001   0.0001      0.0000   0.0000   0.0001   0.0000      0.0000   0.0000   0.0001   0.0000
Supervisor(P)        0.0012   0.0012   0.0013   0.0011      0.0021   0.0021   0.0019   0.0023      0.0027   0.0027   0.0024   0.0026
MetalWork            0.0002   0.0002   0.0001   0.0001      0.0005   0.0005   0.0003   0.0003      0.0002   0.0002   0.0003   0.0007
WoodWork             0.0000   0.0000   0.0001   0.0000      0.0000   0.0000   0.0001   0.0001      0.0000   0.0000   0.0001   0.0002
Textiles             0.0085   0.0085   0.0003   0.0002      0.0121   0.0121   0.0004   0.0003      0.0160   0.0160   0.0007   0.0011
Other                0.0004   0.0004   0.0079   0.0074      0.0004   0.0004   0.0052   0.0046      0.0004   0.0004   0.0046   0.0019
Food                 0.0002   0.0002   0.0020   0.0017      0.0005   0.0005   0.0021   0.0015      0.0004   0.0004   0.0022   0.0015
PlantOperator        0.0001   0.0001   0.0001   0.0001      0.0001   0.0001   0.0002   0.0001      0.0001   0.0001   0.0002   0.0003
MetalMach.           0.0002   0.0002   0.0003   0.0002      0.0003   0.0003   0.0004   0.0004      0.0003   0.0003   0.0004   0.0005
MetalProc.           0.0000   0.0000   0.0001   0.0000      0.0000   0.0000   0.0001   0.0002      0.0000   0.0000   0.0002   0.0003
WoodMach.            0.0000   0.0000   0.0006   0.0005      0.0000   0.0000   0.0009   0.0025      0.0001   0.0001   0.0012   0.0003
TextileMach.         0.0003   0.0003   0.0004   0.0003      0.0004   0.0004   0.0006   0.0008      0.0004   0.0004   0.0007   0.0024
PrintMach.           0.0037   0.0038   0.0019   0.0011      0.0060   0.0060   0.0025   0.0028      0.0080   0.0080   0.0029   0.0073
OtherMach.           0.0261   0.0260   0.0045   0.0038      0.0375   0.0375   0.0059   0.0062      0.0345   0.0345   0.0066   0.0078
Fabricators          0.0054   0.0054   0.0032   0.0024      0.0082   0.0082   0.0042   0.0050      0.0062   0.0062   0.0051   0.0089
Prod.Inspectors      0.0041   0.0041   0.0023   0.0020      0.0068   0.0068   0.0027   0.0033      0.0066   0.0066   0.0034   0.0043
MotorVehicle         0.0004   0.0004   0.0030   0.0029      0.0007   0.0007   0.0053   0.0044      0.0005   0.0005   0.0073   0.0049
OtherVehicle         0.0001   0.0001   0.0002   0.0002      0.0002   0.0002   0.0002   0.0002      0.0002   0.0002   0.0002   0.0003
Freight              0.0014   0.0014   0.0052   0.0045      0.0016   0.0016   0.0064   0.0043      0.0018   0.0018   0.0067   0.0089
 
 
1980 and 2010 quantities (the 1960 ones fit by construction)
White Women p(:,WW) for      Young Cohort                          Middle-Aged Cohort                      Old-Aged Cohort
 
                     Data80  Model80 Data2010Model2010      Data80  Model80 Data2010Model2010      Data80  Model80 Data2010Model2010
------------------------------------------------------------------------------------------------------------------------------------
Home                 0.4606   0.4321   0.3087   0.3107      0.4763   0.6459   0.3235   0.3476      0.5097   0.7389   0.3149   0.3205
Managers             0.0341   0.0425   0.0587   0.0696      0.0377   0.0181   0.0722   0.0671      0.0356   0.0068   0.0727   0.0692
MgmtRelated          0.0264   0.0316   0.0467   0.0471      0.0221   0.0037   0.0509   0.0580      0.0200   0.0033   0.0525   0.0513
Architects           0.0003   0.0003   0.0008   0.0007      0.0001   0.0001   0.0005   0.0008      0.0001   0.0000   0.0004   0.0006
Engineers            0.0014   0.0013   0.0032   0.0027      0.0008   0.0002   0.0024   0.0031      0.0006   0.0002   0.0024   0.0038
Math/CompSci         0.0023   0.0024   0.0075   0.0074      0.0012   0.0009   0.0083   0.0108      0.0007   0.0001   0.0089   0.0064
Science              0.0015   0.0015   0.0046   0.0044      0.0008   0.0006   0.0029   0.0040      0.0005   0.0003   0.0021   0.0024
Doctors              0.0016   0.0020   0.0059   0.0074      0.0009   0.0007   0.0061   0.0057      0.0007   0.0003   0.0044   0.0045
Nurses               0.0226   0.0241   0.0328   0.0348      0.0183   0.0127   0.0322   0.0232      0.0169   0.0109   0.0346   0.0275
Therapists           0.0039   0.0039   0.0122   0.0131      0.0015   0.0010   0.0099   0.0094      0.0009   0.0004   0.0073   0.0057
Professors           0.0033   0.0039   0.0069   0.0084      0.0037   0.0028   0.0067   0.0066      0.0025   0.0004   0.0060   0.0034
Teachers             0.0512   0.0530   0.0772   0.0823      0.0432   0.0336   0.0731   0.0622      0.0318   0.0167   0.0637   0.0374
Librarians           0.0022   0.0026   0.0013   0.0015      0.0022   0.0014   0.0017   0.0012      0.0025   0.0008   0.0020   0.0013
Soc.Scientists       0.0020   0.0023   0.0051   0.0054      0.0013   0.0007   0.0043   0.0025      0.0008   0.0003   0.0031   0.0036
SocialWork           0.0064   0.0066   0.0119   0.0118      0.0045   0.0030   0.0103   0.0092      0.0037   0.0015   0.0089   0.0067
Lawyers              0.0024   0.0028   0.0062   0.0064      0.0009   0.0003   0.0058   0.0062      0.0005   0.0001   0.0043   0.0054
Arts/Athletes        0.0089   0.0094   0.0155   0.0140      0.0058   0.0034   0.0113   0.0150      0.0043   0.0039   0.0104   0.0155
HealthTechs          0.0143   0.0153   0.0178   0.0170      0.0094   0.0056   0.0170   0.0131      0.0073   0.0035   0.0160   0.0181
Eng.Techs            0.0028   0.0026   0.0024   0.0018      0.0019   0.0010   0.0017   0.0019      0.0015   0.0005   0.0021   0.0032
ScienceTechs         0.0009   0.0008   0.0007   0.0005      0.0005   0.0002   0.0005   0.0005      0.0006   0.0006   0.0006   0.0011
OtherTechs           0.0063   0.0074   0.0085   0.0077      0.0034   0.0015   0.0096   0.0115      0.0021   0.0002   0.0103   0.0120
Sales                0.0431   0.0495   0.0700   0.0696      0.0488   0.0238   0.0650   0.0696      0.0511   0.0198   0.0655   0.0814
Secretaries          0.0674   0.0692   0.0296   0.0273      0.0660   0.0599   0.0366   0.0309      0.0571   0.0411   0.0481   0.0527
Info.Clerks          0.0091   0.0102   0.0154   0.0134      0.0084   0.0053   0.0114   0.0134      0.0078   0.0027   0.0118   0.0145
Records              0.0086   0.0076   0.0050   0.0048      0.0075   0.0049   0.0051   0.0036      0.0078   0.0019   0.0063   0.0050
FinancialClerk       0.0265   0.0274   0.0145   0.0130      0.0284   0.0221   0.0197   0.0193      0.0303   0.0148   0.0237   0.0244
OfficeMachine        0.0004   0.0001   0.0003   0.0003      0.0004   0.0005   0.0004   0.0010      0.0004   0.0049   0.0006   0.0003
ComputerTech         0.0078   0.0089   0.0010   0.0005      0.0066   0.0047   0.0012   0.0012      0.0073   0.0068   0.0014   0.0074
Mail                 0.0022   0.0023   0.0012   0.0011      0.0022   0.0010   0.0024   0.0020      0.0023   0.0003   0.0040   0.0046
Clerks               0.0085   0.0091   0.0107   0.0099      0.0078   0.0028   0.0118   0.0116      0.0072   0.0012   0.0131   0.0130
Insurance            0.0060   0.0057   0.0275   0.0259      0.0041   0.0024   0.0226   0.0321      0.0031   0.0001   0.0219   0.0141
Misc.Admin           0.0336   0.0297   0.0220   0.0179      0.0330   0.0273   0.0198   0.0184      0.0317   0.0294   0.0232   0.0369
PrivateHshld         0.0034   0.0034   0.0076   0.0083      0.0051   0.0042   0.0108   0.0054      0.0064   0.0022   0.0105   0.0045
Firefighting         0.0001   0.0001   0.0003   0.0003      0.0000   0.0000   0.0003   0.0002      0.0000   0.0000   0.0002   0.0002
Police               0.0009   0.0009   0.0038   0.0037      0.0006   0.0003   0.0042   0.0036      0.0005   0.0002   0.0031   0.0022
Guards               0.0009   0.0012   0.0022   0.0021      0.0009   0.0002   0.0018   0.0013      0.0010   0.0000   0.0022   0.0017
FoodPrep             0.0206   0.0225   0.0416   0.0379      0.0240   0.0161   0.0266   0.0244      0.0262   0.0164   0.0242   0.0283
HealthService        0.0144   0.0166   0.0353   0.0370      0.0141   0.0080   0.0290   0.0204      0.0143   0.0044   0.0276   0.0184
Cleaning             0.0027   0.0035   0.0044   0.0046      0.0039   0.0008   0.0066   0.0029      0.0049   0.0003   0.0083   0.0052
PersonalService      0.0179   0.0174   0.0299   0.0300      0.0161   0.0158   0.0248   0.0309      0.0108   0.0077   0.0211   0.0211
FarmMgrs             0.0011   0.0012   0.0006   0.0006      0.0019   0.0006   0.0008   0.0005      0.0023   0.0005   0.0014   0.0014
FarmWork             0.0017   0.0014   0.0021   0.0020      0.0021   0.0011   0.0018   0.0011      0.0021   0.0022   0.0014   0.0012
Agriculture          0.0010   0.0011   0.0030   0.0031      0.0007   0.0003   0.0026   0.0020      0.0006   0.0001   0.0025   0.0022
Forest               0.0001   0.0001   0.0001   0.0001      0.0001   0.0000   0.0002   0.0001      0.0001   0.0000   0.0002   0.0002
Mechanics            0.0006   0.0007   0.0008   0.0007      0.0005   0.0004   0.0008   0.0010      0.0004   0.0001   0.0008   0.0009
Elec.Repairer        0.0010   0.0009   0.0008   0.0007      0.0007   0.0003   0.0008   0.0010      0.0006   0.0002   0.0009   0.0009
Misc.Repairer        0.0007   0.0005   0.0005   0.0005      0.0006   0.0005   0.0005   0.0006      0.0007   0.0002   0.0007   0.0009
Construction         0.0016   0.0018   0.0017   0.0015      0.0013   0.0009   0.0021   0.0023      0.0010   0.0002   0.0023   0.0026
Extractive           0.0001   0.0001   0.0001   0.0001      0.0001   0.0000   0.0001   0.0000      0.0000   0.0000   0.0001   0.0000
Supervisor(P)        0.0036   0.0043   0.0013   0.0011      0.0053   0.0017   0.0019   0.0023      0.0051   0.0012   0.0024   0.0026
MetalWork            0.0006   0.0006   0.0001   0.0001      0.0007   0.0004   0.0003   0.0003      0.0005   0.0002   0.0003   0.0007
WoodWork             0.0002   0.0002   0.0001   0.0000      0.0002   0.0001   0.0001   0.0001      0.0002   0.0000   0.0001   0.0002
Textiles             0.0011   0.0008   0.0003   0.0002      0.0017   0.0007   0.0004   0.0003      0.0021   0.0085   0.0007   0.0011
Other                0.0011   0.0012   0.0079   0.0074      0.0011   0.0003   0.0052   0.0046      0.0011   0.0004   0.0046   0.0019
Food                 0.0009   0.0008   0.0020   0.0017      0.0012   0.0005   0.0021   0.0015      0.0011   0.0002   0.0022   0.0015
PlantOperator        0.0002   0.0001   0.0001   0.0001      0.0002   0.0000   0.0002   0.0001      0.0001   0.0001   0.0002   0.0003
MetalMach.           0.0018   0.0016   0.0003   0.0002      0.0021   0.0019   0.0004   0.0004      0.0021   0.0002   0.0004   0.0005
MetalProc.           0.0007   0.0008   0.0001   0.0000      0.0008   0.0002   0.0001   0.0002      0.0008   0.0000   0.0002   0.0003
WoodMach.            0.0003   0.0003   0.0006   0.0005      0.0003   0.0001   0.0009   0.0025      0.0003   0.0000   0.0012   0.0003
TextileMach.         0.0017   0.0015   0.0004   0.0003      0.0015   0.0007   0.0006   0.0008      0.0013   0.0003   0.0007   0.0024
PrintMach.           0.0117   0.0108   0.0019   0.0011      0.0156   0.0186   0.0025   0.0028      0.0172   0.0038   0.0029   0.0073
OtherMach.           0.0105   0.0075   0.0045   0.0038      0.0125   0.0164   0.0059   0.0062      0.0122   0.0260   0.0066   0.0078
Fabricators          0.0108   0.0112   0.0032   0.0024      0.0128   0.0075   0.0042   0.0050      0.0126   0.0054   0.0051   0.0089
Prod.Inspectors      0.0048   0.0048   0.0023   0.0020      0.0064   0.0052   0.0027   0.0033      0.0078   0.0041   0.0034   0.0043
MotorVehicle         0.0034   0.0034   0.0030   0.0029      0.0046   0.0011   0.0053   0.0044      0.0032   0.0004   0.0073   0.0049
OtherVehicle         0.0007   0.0008   0.0002   0.0002      0.0007   0.0002   0.0002   0.0002      0.0007   0.0001   0.0002   0.0003
Freight              0.0086   0.0075   0.0052   0.0045      0.0100   0.0028   0.0064   0.0043      0.0103   0.0014   0.0067   0.0089
 
 
====================================================================== 
    PRODUCTION: w*H in data and model for various groups/cohorts
====================================================================== 
 
 
 
/// 1960 ///          Young                       Middle                      Old
 
               Data   Model       %        Data   Model       %        Data   Model       %
-------------------------------------------------------------------------------------------
White Men      4680    4858   103.8        5942    5948   100.1        5007    5014   100.1
White Women    4806    5002   104.1        5202    5197    99.9        4096    4093    99.9
Black Men       365     378   103.4         393     393   100.0         314     314   100.1
Black Women     487     551   113.2         432     432   100.0         299     299   100.0
 
Total income for the year:    Data = 32022  Model = 32478
 
 
/// 1970 ///          Young                       Middle                      Old
 
               Data   Model       %        Data   Model       %        Data   Model       %
-------------------------------------------------------------------------------------------
White Men      6175    6495   105.2        6954    6899    99.2        7013    7118   101.5
White Women    5821    5848   100.5        5473    6043   110.4        5282    5245    99.3
Black Men       504     514   101.9         488     516   105.8         437     434    99.3
Black Women     637     655   102.8         562     682   121.2         427     426    99.6
 
Total income for the year:    Data = 39774  Model = 40874
 
 
/// 1980 ///          Young                       Middle                      Old
 
               Data   Model       %        Data   Model       %        Data   Model       %
-------------------------------------------------------------------------------------------
White Men      7406    7759   104.8        6844    7054   103.1        6203    6238   100.5
White Women    5957    6023   101.1        5219    5866   112.4        4553    5195   114.1
Black Men       668     661    99.0         525     549   104.5         437     443   101.5
Black Women     744     736    99.0         594     663   111.6         472     566   119.9
 
Total income for the year:    Data = 39622  Model = 41754
 
 
/// 1990 ///          Young                       Middle                      Old
 
               Data   Model       %        Data   Model       %        Data   Model       %
-------------------------------------------------------------------------------------------
White Men      7301    7494   102.6        9065    8991    99.2        6912    6876    99.5
White Women    5789    5917   102.2        6300    6791   107.8        4803    5522   115.0
Black Men       712     714   100.2         731     762   104.3         524     535   102.1
Black Women     774     780   100.8         778     850   109.2         564     638   113.1
 
Total income for the year:    Data = 44252  Model = 45870
 
 
/// 2000 ///          Young                       Middle                      Old
 
               Data   Model       %        Data   Model       %        Data   Model       %
-------------------------------------------------------------------------------------------
White Men      6260    6196    99.0       10824   10515    97.1       10271    9724    94.7
White Women    5195    5306   102.1        8298    8907   107.3        7572    8273   109.3
Black Men       766     772   100.8        1112    1133   101.9         890     876    98.4
Black Women     790     814   103.1        1158    1256   108.5         978    1025   104.8
 
Total income for the year:    Data = 54114  Model = 54797
 
 
/// 2010 ///          Young                       Middle                      Old
 
               Data   Model       %        Data   Model       %        Data   Model       %
-------------------------------------------------------------------------------------------
White Men      6122    5959    97.3        9044    8699    96.2       11574   11301    97.6
White Women    5481    5581   101.8        7031    7254   103.2        8979    9373   104.4
Black Men       744     735    98.8         957    1012   105.8        1113    1161   104.4
Black Women     796     804   101.0         997    1087   109.0        1182    1272   107.6
 
Total income for the year:    Data = 54020  Model = 54238
 
 
==================================================================================== 
    EARNINGS (Market): (1-tauw)*w*H in data and model for various groups/cohorts
==================================================================================== 
 
 
 
/// 1960 ///          Young                       Middle                      Old
 
               Data   Model       %        Data   Model       %        Data   Model       %
-------------------------------------------------------------------------------------------
White Men      4282    4449   103.9        5534    5540   100.1        4537    4544   100.2
White Women     827     872   105.4        1129    1128    99.9        1136    1135    99.9
Black Men       231     239   103.7         255     255   100.0         194     194   100.1
Black Women      92      99   107.7         100     100   100.1          67      67   100.2
 
Market income for the year:   Data = 18383  Model = 18623
 
 
/// 1970 ///          Young                       Middle                      Old
 
               Data   Model       %        Data   Model       %        Data   Model       %
-------------------------------------------------------------------------------------------
White Men      5610    5949   106.0        6467    6400    99.0        6406    6520   101.8
White Women    1381    1492   108.0        1471    1187    80.7        1713    1727   100.8
Black Men       375     387   103.2         369     374   101.5         314     313    99.7
Black Women     210     222   105.7         186     156    83.7         142     144   101.3
 
Market income for the year:   Data = 24645  Model = 24872
 
 
/// 1980 ///          Young                       Middle                      Old
 
               Data   Model       %        Data   Model       %        Data   Model       %
-------------------------------------------------------------------------------------------
White Men      6816    7255   106.4        6360    6481   101.9        5584    5802   103.9
White Women    2701    3032   112.3        1914    1615    84.4        1646    1093    66.4
Black Men       503     521   103.7         402     443   110.2         311     345   110.8
Black Women     391     422   107.9         272     263    96.5         188     149    79.5
 
Market income for the year:   Data = 27088  Model = 27422
 
 
/// 1990 ///          Young                       Middle                      Old
 
               Data   Model       %        Data   Model       %        Data   Model       %
-------------------------------------------------------------------------------------------
White Men      6709    6993   104.2        8458    8441    99.8        6235    6350   101.8
White Women    3593    3937   109.6        3737    3719    99.5        2408    1673    69.5
Black Men       530     560   105.5         579     639   110.4         394     464   117.8
Black Women     484     525   108.6         521     534   102.5         305     279    91.4
 
Market income for the year:   Data = 33953  Model = 34114
 
 
/// 2000 ///          Young                       Middle                      Old
 
               Data   Model       %        Data   Model       %        Data   Model       %
-------------------------------------------------------------------------------------------
White Men      5442    5355    98.4        9497    9599   101.1        8871    8952   100.9
White Women    3176    3219   101.4        4636    5329   115.0        4312    3955    91.7
Black Men       508     493    97.1         709     824   116.2         566     697   123.2
Black Women     504     504   100.2         671     758   113.0         527     575   109.1
 
Market income for the year:   Data = 39419  Model = 40261
 
 
/// 2010 ///          Young                       Middle                      Old
 
               Data   Model       %        Data   Model       %        Data   Model       %
-------------------------------------------------------------------------------------------
White Men      5320    5149    96.8        8212    7703    93.8       10088   10467   103.8
White Women    3605    3703   102.7        4517    4613   102.1        5594    5867   104.9
Black Men       521     502    96.4         772     712    92.2         792     920   116.1
Black Women     568     576   101.3         766     727    94.9         787     830   105.6
 
Market income for the year:   Data = 41541  Model = 41770
Production GDP = Total Labor Income (pre-tax) has been confirmed to the nearest dime per person :-).
 
 
GDP per person in data and model
 
        Year        Data       Model    ExitFlag
------------------------------------------------
        1960       32022       32478           1
        1970       39774       40874           1
        1980       39622       41754           1
        1990       44252       45870           1
        2000       54114       54797           1
        2010       54020       54238           1
 
 
GDP (mkt) per person in data and model
 
        Year        Data       Model
------------------------------------
        1960       15024       15210
        1970       20714       20684
        1980       22926       22746
        1990       30003       29644
        2000       34033       34948
        2010       37257       37570
 
 
GDP per worker (market) in data and model
 
        Year        Data       Model
------------------------------------
        1960       25100       25405
        1970       32590       33624
        1980       32650       34589
        1990       39293       40824
        2000       45563       46517
        2010       49077       49653
 
 
LFP in data and model
 
        Year        Data       Model
------------------------------------
        1960       0.599       0.599
        1970       0.636       0.615
        1980       0.702       0.658
        1990       0.764       0.726
        2000       0.747       0.751
        2010       0.759       0.757
 
 
Market Wage Gap in data and model
 
  Year      WWdata WWmodel      BMdata BMmodel      BWdata BWmodel
------------------------------------------------------------------
  1960       0.555   0.556       0.559   0.559       0.347   0.351
  1970       0.527   0.555       0.627   0.629       0.418   0.433
  1980       0.549   0.607       0.714   0.714       0.513   0.537
  1990       0.613   0.681       0.700   0.739       0.555   0.605
  2000       0.647   0.726       0.694   0.756       0.566   0.638
  2010       0.714   0.772       0.710   0.771       0.604   0.663
 
 
Earnings (market, after tauw) in data and model
 
        Year        Data       Model
------------------------------------
        1960       18383       18623
        1970       24645       24872
        1980       27088       27422
        1990       33953       34114
        2000       39419       40261
        2010       41541       41770
 
 
Earnings (market, after tauw) by Group in data and model
 
  Year      WMdata WMmodel      WWdata WWmodel      BMdata BMmodel      BWdata BWmodel
--------------------------------------------------------------------------------------
  1960       14352   14533        3093    3136         679     688         259     266
  1970       18483   18870        4566    4405        1058    1075         538     521
  1980       18760   19539        6261    5740        1216    1309         852     834
  1990       21402   21784        9738    9328        1503    1663        1310    1338
  2000       23810   23906       12124   12503        1783    2014        1701    1838
  2010       23619   23319       13716   14184        2085    2134        2121    2133
 
 
ConsumptionYoung (total) per young person in data and model (and Utility)
 
        Year        Data       Model     Utility
------------------------------------------------
        1960       35333       36874       56921
        1970       44668       45889       58885
        1980       38604       39568       51450
        1990       44414       45323       58888
        2000       53153       53424       74683
        2010       52025       51730       59338
 
 
EarningsYoung (market) per young person in data and model
 
        Year        Data       Model
------------------------------------
        1960       16290       16974
        1970       21968       23339
        1980       24391       26313
        1990       28486       30245
        2000       31605       31414
        2010       32063       31794
 
 
GDP (mkt) of only Young Cohorts...
 
  Year    Data   Model
----------------------
  1960   13262   13811
  1970   18447   19418
  1980   20680   21918
  1990   25185   26378
  2000   27274   27270
  2010   28777   28609
 
 
Share of growth accounted for by the Full Model:
 
                                      Share
-------------------------------------------
GDP per person                         98.1
GDP per person (mkt)                   99.6
GDP (mkt) per worker                   99.9
Labor Force Participation (LFP)        98.5
Earnings                               99.1
ConsumpYoung (total)                   87.5
EarningsYoung (market)                 92.7
GDPYoung (market)                      94.0
WageGapWW                             130.6
WageGapBM                             134.4
WageGapBW                             115.1
EarningsWM                             94.9
EarningsWW                            101.3
EarningsBM                            100.9
EarningsBW                             98.9
