SolveEqmBasic_Theta4                 05-Oct-2026 
 
'SolveEqmBasic' is a script from the file /workspace/output/replication/codebase/SolveEqmBasic.m

 SolveEqmBasic.m    

  Takes the TalentData.mat data on Taus, Z's, A(i,t).
  Solves for the equilibrium w(i) and Y

  See 2015-06-02-SolvingGE.pdf notes (old but somewhat useful?)

  Method: For each year,
    1. Guess values for {mgtilde}, Y ==> 5 unknowns
    2. Solve for {wi} from Hi^supply = Hi^demand
    3. Compute mghat, Yhat 
    4. Iterate until converge.


Additional help for built-in functions and operators is
available in the online version of the manual.  Use the command
'doc <topic>' to search the manual index.

Help and information about Octave is also available on the WWW
at https://www.octave.org and via the help@octave.org
mailing list.
 
=============================================================
KEY PARAMETER VALUES:    CaseName = Theta4
                   theta =  4.0000
                     eta =  0.1030
            theta*(1-eta)=  3.5880
                    dlta =  0.0000
                      mu =  0.2787
                   sigma =  3.0000
           EstimateDelta =  0.0000
           ConstrainTauH = -0.8000
PurgeWageGrowthSelection =     0
      AlphaSplitTauW1960 =  0.5000
   OccupationforWageHome = 23 Secretaries                               
   Alpha0FixedSplit =  0.5000
=============================================================
 
...... 
 
                                         Wages                          H(i,t)                 HYoung
 
                 Data60 Model60Data2010   Model      Data60   ModelData2010   Model      Data60   ModelData2010   Model
-----------------------------------------------------------------------------------------------------------------------
Home              12876   12862   18042   18168       0.587   0.597   0.573   0.568       0.215   0.225   0.143   0.146
Managers          15617   15684   23444   25252       0.171   0.171   0.354   0.286       0.033   0.033   0.058   0.071
MgmtRelated       13168   13153   21264   21269       0.049   0.050   0.173   0.175       0.015   0.016   0.040   0.041
Architects         6481    6470    9001    8694       0.003   0.003   0.008   0.009       0.001   0.001   0.002   0.002
Engineers         15884   15813   20714   19722       0.034   0.035   0.047   0.056       0.012   0.013   0.012   0.011
Math/CompSci       6356    6321   17289   17048       0.002   0.002   0.065   0.069       0.001   0.001   0.017   0.017
Science            9865    9828   12099   11736       0.010   0.010   0.025   0.027       0.004   0.004   0.007   0.007
Doctors           12038   12219   19608   21362       0.030   0.029   0.063   0.050       0.006   0.005   0.009   0.011
Nurses             7921    7909   14544   14846       0.025   0.025   0.075   0.072       0.008   0.008   0.020   0.022
Therapists         4157    4175   11166   11324       0.003   0.003   0.031   0.030       0.001   0.001   0.010   0.011
Professors         9346    9349   10348   10907       0.009   0.010   0.041   0.036       0.002   0.003   0.009   0.010
Teachers          10820   10807   14510   14619       0.053   0.054   0.143   0.142       0.017   0.018   0.042   0.045
Librarians         3347    3344    4580    4748       0.005   0.005   0.009   0.008       0.001   0.001   0.002   0.002
Soc.Scientists     7137    7112   10998   10987       0.004   0.004   0.025   0.025       0.001   0.002   0.006   0.007
SocialWork         6483    6493    8963    8813       0.018   0.018   0.044   0.046       0.005   0.006   0.013   0.013
Lawyers           12089   12178   23815   23902       0.014   0.014   0.046   0.046       0.004   0.003   0.010   0.009
Arts/Athletes     10421   10415   13518   12878       0.025   0.025   0.065   0.076       0.009   0.010   0.020   0.017
HealthTechs        4907    4905    9784    9545       0.015   0.015   0.055   0.060       0.005   0.005   0.016   0.016
Eng.Techs          9593    9523   10533    9748       0.016   0.017   0.027   0.034       0.008   0.009   0.007   0.006
ScienceTechs       7537    7491    6696    6120       0.010   0.011   0.008   0.010       0.005   0.005   0.002   0.002
OtherTechs         6634    6619   19541   18880       0.008   0.009   0.065   0.073       0.003   0.003   0.016   0.015
Sales             14455   14490   18631   18697       0.124   0.125   0.287   0.287       0.035   0.036   0.072   0.067
Secretaries        5090    5067    6558    6226       0.067   0.069   0.062   0.073       0.024   0.026   0.014   0.012
Info.Clerks        4822    4798    6122    5671       0.010   0.010   0.039   0.049       0.004   0.004   0.013   0.011
Records            6739    6727    5897    5732       0.013   0.013   0.019   0.021       0.003   0.004   0.006   0.005
FinancialClerk     6098    6078    6944    6610       0.038   0.039   0.053   0.062       0.012   0.012   0.012   0.011
OfficeMachine      5639    5600    3028    3090       0.013   0.013   0.007   0.006       0.006   0.006   0.001   0.001
ComputerTech       4268    4248    5256    4178       0.017   0.018   0.010   0.021       0.006   0.007   0.002   0.001
Mail               6996    6970    7113    6931       0.023   0.023   0.028   0.031       0.006   0.007   0.004   0.004
Clerks             7109    7085    9153    8835       0.030   0.031   0.064   0.072       0.010   0.011   0.018   0.017
Insurance          6310    6273   10102    9602       0.006   0.006   0.082   0.097       0.002   0.003   0.027   0.024
Misc.Admin        10038   10005    8118    7401       0.082   0.084   0.063   0.084       0.026   0.028   0.018   0.014
PrivateHshld       3519    3529    2830    2937       0.022   0.022   0.023   0.021       0.004   0.005   0.005   0.006
Firefighting       6068    6029   11645   11485       0.010   0.010   0.016   0.017       0.004   0.004   0.004   0.005
Police             7353    7303   14465   14333       0.016   0.017   0.050   0.052       0.006   0.007   0.013   0.013
Guards             4764    4760    7966    7826       0.012   0.012   0.027   0.029       0.003   0.003   0.009   0.008
FoodPrep           4921    4934    8419    7954       0.062   0.062   0.071   0.085       0.016   0.017   0.031   0.027
HealthService      3018    3014    6150    6162       0.022   0.023   0.079   0.079       0.007   0.008   0.026   0.027
Cleaning           3729    3734    7226    7452       0.027   0.027   0.053   0.049       0.005   0.005   0.011   0.012
PersonalService    5504    5541    7398    7221       0.052   0.052   0.069   0.076       0.015   0.015   0.023   0.020
FarmMgrs           5462    5551    7430    7625       0.088   0.085   0.024   0.023       0.020   0.017   0.005   0.004
FarmWork           3319    3372    5356    5136       0.041   0.039   0.018   0.021       0.015   0.014   0.007   0.006
Agriculture        3659    3663    6962    6888       0.008   0.008   0.037   0.039       0.002   0.003   0.012   0.011
Forest             3164    3187    5066    4888       0.010   0.010   0.008   0.010       0.003   0.003   0.002   0.002
Mechanics          7896    7879   11919   11303       0.038   0.039   0.060   0.071       0.013   0.014   0.015   0.013
Elec.Repairer      9001    8948   10514   10033       0.021   0.021   0.032   0.038       0.010   0.010   0.009   0.008
Misc.Repairer      9147    9128    9174    8809       0.052   0.054   0.030   0.034       0.016   0.017   0.007   0.006
Construction      10916   10917   14244   13602       0.075   0.076   0.130   0.152       0.023   0.024   0.036   0.031
Extractive         6400    6381    9391    9194       0.016   0.016   0.008   0.009       0.005   0.006   0.003   0.003
Supervisor(P)     10369   10362    9463    9416       0.058   0.059   0.035   0.036       0.012   0.013   0.006   0.006
MetalWork          9393    9365    7306    6466       0.040   0.041   0.018   0.026       0.012   0.013   0.003   0.002
WoodWork           3782    3773    3625    3322       0.005   0.005   0.004   0.006       0.001   0.002   0.001   0.001
Textiles           3867    3861    2734    2492       0.035   0.035   0.005   0.007       0.008   0.009   0.001   0.001
Other              5653    5644    6108    5909       0.011   0.011   0.019   0.021       0.003   0.004   0.007   0.007
Food               5727    5717    4986    4724       0.016   0.016   0.015   0.018       0.005   0.005   0.004   0.004
PlantOperator      8894    8866    8451    8027       0.016   0.016   0.012   0.014       0.004   0.005   0.002   0.002
MetalMach.         5936    5915    5007    4569       0.017   0.017   0.007   0.010       0.004   0.005   0.002   0.002
MetalProc.         3884    3875    3833    3307       0.006   0.007   0.004   0.006       0.002   0.002   0.001   0.001
WoodMach.          3135    3142    6154    5584       0.006   0.006   0.015   0.020       0.002   0.002   0.004   0.003
TextileMach.       7395    7368    5188    4453       0.016   0.017   0.011   0.017       0.005   0.006   0.002   0.001
PrintMach.         3851    3853    3819    3200       0.028   0.029   0.013   0.022       0.007   0.008   0.003   0.002
OtherMach.        10807   10785    9026    8404       0.150   0.153   0.050   0.062       0.048   0.051   0.013   0.011
Fabricators        7729    7707    8910    7996       0.046   0.047   0.040   0.056       0.014   0.015   0.011   0.008
Prod.Inspectors    6622    6604    8201    7708       0.028   0.028   0.024   0.029       0.008   0.008   0.006   0.005
MotorVehicle       9754    9758   10951   10943       0.080   0.081   0.100   0.102       0.028   0.029   0.020   0.020
OtherVehicle       8276    8265    9987    9743       0.033   0.034   0.022   0.024       0.009   0.010   0.006   0.005
Freight            8084    8083    8384    7884       0.078   0.079   0.052   0.063       0.027   0.028   0.016   0.014
 
 
1960 and 2010 quantities
White Men p(:,WM) for        Young Cohort                          Middle-Aged Cohort                      Old-Aged Cohort
 
                     Data60  Model60 Data2010Model2010      Data60  Model60 Data2010Model2010      Data60  Model60 Data2010Model2010
------------------------------------------------------------------------------------------------------------------------------------
Home                 0.0863   0.0859   0.1505   0.1629      0.0769   0.0769   0.1237   0.1658      0.1108   0.1108   0.1621   0.0876
Managers             0.0771   0.0784   0.0740   0.1048      0.1176   0.1176   0.1180   0.1010      0.1264   0.1264   0.1236   0.1047
MgmtRelated          0.0318   0.0317   0.0398   0.0419      0.0296   0.0296   0.0410   0.0440      0.0233   0.0233   0.0407   0.0406
Architects           0.0008   0.0008   0.0015   0.0013      0.0008   0.0008   0.0017   0.0025      0.0007   0.0007   0.0017   0.0022
Engineers            0.0298   0.0293   0.0185   0.0160      0.0251   0.0251   0.0186   0.0205      0.0154   0.0154   0.0219   0.0248
Math/CompSci         0.0008   0.0008   0.0240   0.0239      0.0004   0.0004   0.0236   0.0264      0.0002   0.0002   0.0175   0.0102
Science              0.0063   0.0062   0.0054   0.0050      0.0047   0.0047   0.0048   0.0071      0.0029   0.0029   0.0042   0.0048
Doctors              0.0083   0.0088   0.0058   0.0086      0.0102   0.0102   0.0095   0.0123      0.0082   0.0082   0.0103   0.0139
Nurses               0.0025   0.0025   0.0044   0.0051      0.0022   0.0022   0.0054   0.0035      0.0026   0.0026   0.0044   0.0030
Therapists           0.0004   0.0004   0.0028   0.0031      0.0003   0.0003   0.0033   0.0027      0.0004   0.0004   0.0023   0.0016
Professors           0.0033   0.0033   0.0070   0.0092      0.0033   0.0033   0.0068   0.0078      0.0026   0.0026   0.0062   0.0052
Teachers             0.0188   0.0187   0.0239   0.0259      0.0110   0.0110   0.0229   0.0207      0.0087   0.0087   0.0171   0.0148
Librarians           0.0002   0.0002   0.0004   0.0005      0.0002   0.0002   0.0006   0.0005      0.0002   0.0002   0.0005   0.0007
Soc.Scientists       0.0013   0.0013   0.0028   0.0029      0.0010   0.0010   0.0031   0.0016      0.0006   0.0006   0.0024   0.0031
SocialWork           0.0073   0.0073   0.0070   0.0069      0.0064   0.0064   0.0068   0.0056      0.0058   0.0058   0.0065   0.0060
Lawyers              0.0052   0.0054   0.0073   0.0078      0.0051   0.0051   0.0098   0.0101      0.0055   0.0055   0.0094   0.0112
Arts/Athletes        0.0127   0.0127   0.0180   0.0156      0.0096   0.0096   0.0162   0.0172      0.0070   0.0070   0.0125   0.0182
HealthTechs          0.0019   0.0019   0.0069   0.0066      0.0014   0.0014   0.0058   0.0045      0.0012   0.0012   0.0044   0.0042
Eng.Techs            0.0149   0.0145   0.0078   0.0060      0.0074   0.0074   0.0080   0.0070      0.0037   0.0037   0.0082   0.0139
ScienceTechs         0.0065   0.0064   0.0013   0.0009      0.0040   0.0040   0.0011   0.0008      0.0022   0.0022   0.0011   0.0023
OtherTechs           0.0033   0.0032   0.0197   0.0181      0.0029   0.0029   0.0200   0.0219      0.0016   0.0016   0.0172   0.0200
Sales                0.0767   0.0774   0.0889   0.0948      0.0748   0.0748   0.0912   0.0935      0.0669   0.0669   0.0896   0.1228
Secretaries          0.0019   0.0019   0.0024   0.0020      0.0013   0.0013   0.0017   0.0011      0.0014   0.0014   0.0016   0.0008
Info.Clerks          0.0016   0.0015   0.0035   0.0027      0.0015   0.0015   0.0020   0.0021      0.0009   0.0009   0.0019   0.0025
Records              0.0024   0.0024   0.0021   0.0019      0.0025   0.0025   0.0014   0.0013      0.0024   0.0024   0.0014   0.0014
FinancialClerk       0.0049   0.0049   0.0030   0.0026      0.0037   0.0037   0.0023   0.0022      0.0037   0.0037   0.0022   0.0027
OfficeMachine        0.0031   0.0030   0.0002   0.0003      0.0010   0.0010   0.0004   0.0012      0.0006   0.0006   0.0007   0.0003
ComputerTech         0.0007   0.0007   0.0010   0.0004      0.0005   0.0005   0.0009   0.0007      0.0004   0.0004   0.0010   0.0045
Mail                 0.0075   0.0074   0.0033   0.0031      0.0114   0.0114   0.0048   0.0037      0.0087   0.0087   0.0066   0.0070
Clerks               0.0144   0.0142   0.0210   0.0192      0.0131   0.0131   0.0171   0.0182      0.0132   0.0132   0.0165   0.0182
Insurance            0.0032   0.0031   0.0155   0.0133      0.0019   0.0019   0.0100   0.0145      0.0013   0.0013   0.0081   0.0052
Misc.Admin           0.0308   0.0304   0.0067   0.0049      0.0251   0.0251   0.0043   0.0037      0.0245   0.0245   0.0039   0.0075
PrivateHshld         0.0010   0.0010   0.0010   0.0012      0.0010   0.0010   0.0012   0.0008      0.0013   0.0013   0.0012   0.0010
Firefighting         0.0048   0.0047   0.0058   0.0058      0.0044   0.0044   0.0065   0.0050      0.0029   0.0029   0.0046   0.0044
Police               0.0103   0.0100   0.0181   0.0184      0.0079   0.0079   0.0226   0.0195      0.0060   0.0060   0.0144   0.0133
Guards               0.0026   0.0026   0.0084   0.0083      0.0036   0.0036   0.0062   0.0044      0.0062   0.0062   0.0059   0.0069
FoodPrep             0.0075   0.0076   0.0440   0.0369      0.0087   0.0087   0.0227   0.0189      0.0109   0.0109   0.0127   0.0165
HealthService        0.0017   0.0017   0.0056   0.0059      0.0014   0.0014   0.0038   0.0026      0.0016   0.0016   0.0034   0.0032
Cleaning             0.0032   0.0032   0.0132   0.0158      0.0053   0.0053   0.0160   0.0089      0.0099   0.0099   0.0207   0.0178
PersonalService      0.0073   0.0075   0.0081   0.0077      0.0055   0.0055   0.0068   0.0068      0.0078   0.0078   0.0059   0.0040
FarmMgrs             0.0331   0.0353   0.0045   0.0052      0.0465   0.0465   0.0054   0.0045      0.0606   0.0606   0.0080   0.0108
FarmWork             0.0152   0.0161   0.0090   0.0080      0.0114   0.0114   0.0066   0.0034      0.0128   0.0128   0.0050   0.0050
Agriculture          0.0018   0.0018   0.0183   0.0185      0.0018   0.0018   0.0157   0.0118      0.0024   0.0024   0.0120   0.0095
Forest               0.0025   0.0026   0.0017   0.0016      0.0025   0.0025   0.0023   0.0022      0.0028   0.0028   0.0022   0.0025
Mechanics            0.0243   0.0241   0.0291   0.0248      0.0221   0.0221   0.0317   0.0354      0.0188   0.0188   0.0350   0.0363
Elec.Repairer        0.0183   0.0178   0.0145   0.0127      0.0118   0.0118   0.0142   0.0155      0.0063   0.0063   0.0121   0.0111
Misc.Repairer        0.0308   0.0305   0.0097   0.0087      0.0339   0.0339   0.0113   0.0105      0.0341   0.0341   0.0136   0.0135
Construction         0.0507   0.0507   0.0910   0.0796      0.0542   0.0542   0.0892   0.0821      0.0512   0.0512   0.0801   0.0914
Extractive           0.0075   0.0074   0.0041   0.0040      0.0071   0.0071   0.0023   0.0008      0.0067   0.0067   0.0020   0.0020
Supervisor(P)        0.0216   0.0215   0.0064   0.0066      0.0343   0.0343   0.0107   0.0104      0.0366   0.0366   0.0121   0.0125
MetalWork            0.0219   0.0216   0.0039   0.0025      0.0253   0.0253   0.0055   0.0056      0.0222   0.0222   0.0071   0.0137
WoodWork             0.0013   0.0013   0.0007   0.0006      0.0016   0.0016   0.0008   0.0011      0.0015   0.0015   0.0010   0.0012
Textiles             0.0021   0.0020   0.0004   0.0003      0.0025   0.0025   0.0006   0.0005      0.0026   0.0026   0.0007   0.0015
Other                0.0035   0.0035   0.0027   0.0025      0.0034   0.0034   0.0020   0.0022      0.0028   0.0028   0.0018   0.0032
Food                 0.0060   0.0059   0.0038   0.0032      0.0056   0.0056   0.0030   0.0029      0.0069   0.0069   0.0029   0.0036
PlantOperator        0.0068   0.0068   0.0024   0.0020      0.0080   0.0080   0.0031   0.0022      0.0081   0.0081   0.0042   0.0057
MetalMach.           0.0049   0.0049   0.0017   0.0013      0.0062   0.0062   0.0017   0.0017      0.0067   0.0067   0.0019   0.0022
MetalProc.           0.0014   0.0013   0.0005   0.0003      0.0016   0.0016   0.0006   0.0010      0.0016   0.0016   0.0006   0.0013
WoodMach.            0.0016   0.0016   0.0041   0.0030      0.0014   0.0014   0.0042   0.0115      0.0016   0.0016   0.0046   0.0016
TextileMach.         0.0074   0.0073   0.0019   0.0011      0.0062   0.0062   0.0023   0.0025      0.0069   0.0069   0.0027   0.0057
PrintMach.           0.0032   0.0032   0.0016   0.0009      0.0035   0.0035   0.0016   0.0018      0.0037   0.0037   0.0014   0.0027
OtherMach.           0.0872   0.0864   0.0176   0.0139      0.0800   0.0800   0.0172   0.0164      0.0779   0.0779   0.0156   0.0207
Fabricators          0.0177   0.0175   0.0158   0.0108      0.0189   0.0189   0.0152   0.0130      0.0158   0.0158   0.0130   0.0205
Prod.Inspectors      0.0073   0.0072   0.0053   0.0043      0.0070   0.0070   0.0050   0.0053      0.0069   0.0069   0.0055   0.0058
MotorVehicle         0.0567   0.0568   0.0356   0.0374      0.0518   0.0518   0.0472   0.0430      0.0462   0.0462   0.0514   0.0486
OtherVehicle         0.0146   0.0145   0.0081   0.0077      0.0179   0.0179   0.0087   0.0065      0.0168   0.0168   0.0091   0.0085
Freight              0.0456   0.0456   0.0249   0.0205      0.0386   0.0386   0.0192   0.0134      0.0390   0.0390   0.0179   0.0262
 
 
1960 and 2010 quantities
White women p(:,WW) for      Young Cohort                          Middle-Aged Cohort                      Old-Aged Cohort
 
                     Data60  Model60 Data2010Model2010      Data60  Model60 Data2010Model2010      Data60  Model60 Data2010Model2010
------------------------------------------------------------------------------------------------------------------------------------
Home                 0.7388   0.7390   0.3087   0.3215      0.6698   0.6698   0.3235   0.3731      0.6238   0.6238   0.3149   0.3086
Managers             0.0068   0.0069   0.0587   0.0800      0.0145   0.0145   0.0722   0.0734      0.0217   0.0217   0.0727   0.0781
MgmtRelated          0.0033   0.0033   0.0467   0.0474      0.0046   0.0046   0.0509   0.0574      0.0058   0.0058   0.0525   0.0548
Architects           0.0000   0.0000   0.0008   0.0007      0.0000   0.0000   0.0005   0.0009      0.0000   0.0000   0.0004   0.0006
Engineers            0.0002   0.0002   0.0032   0.0026      0.0001   0.0001   0.0024   0.0030      0.0002   0.0002   0.0024   0.0036
Math/CompSci         0.0001   0.0001   0.0075   0.0072      0.0002   0.0002   0.0083   0.0105      0.0001   0.0001   0.0089   0.0063
Science              0.0003   0.0003   0.0046   0.0041      0.0003   0.0003   0.0029   0.0042      0.0002   0.0002   0.0021   0.0024
Doctors              0.0003   0.0003   0.0059   0.0084      0.0004   0.0004   0.0061   0.0073      0.0005   0.0005   0.0044   0.0056
Nurses               0.0109   0.0109   0.0328   0.0361      0.0107   0.0107   0.0322   0.0221      0.0118   0.0118   0.0346   0.0270
Therapists           0.0004   0.0004   0.0122   0.0130      0.0003   0.0003   0.0099   0.0093      0.0002   0.0002   0.0073   0.0057
Professors           0.0004   0.0004   0.0069   0.0086      0.0006   0.0006   0.0067   0.0072      0.0008   0.0008   0.0060   0.0043
Teachers             0.0167   0.0167   0.0772   0.0805      0.0171   0.0171   0.0731   0.0616      0.0310   0.0310   0.0637   0.0430
Librarians           0.0008   0.0008   0.0013   0.0015      0.0011   0.0011   0.0017   0.0013      0.0019   0.0019   0.0020   0.0015
Soc.Scientists       0.0003   0.0003   0.0051   0.0051      0.0003   0.0003   0.0043   0.0023      0.0003   0.0003   0.0031   0.0041
SocialWork           0.0015   0.0015   0.0119   0.0112      0.0017   0.0017   0.0103   0.0090      0.0025   0.0025   0.0089   0.0071
Lawyers              0.0001   0.0001   0.0062   0.0063      0.0001   0.0001   0.0058   0.0066      0.0001   0.0001   0.0043   0.0060
Arts/Athletes        0.0039   0.0039   0.0155   0.0129      0.0028   0.0028   0.0113   0.0138      0.0031   0.0031   0.0104   0.0161
HealthTechs          0.0035   0.0035   0.0178   0.0163      0.0037   0.0037   0.0170   0.0113      0.0055   0.0055   0.0160   0.0171
Eng.Techs            0.0005   0.0005   0.0024   0.0018      0.0006   0.0006   0.0017   0.0017      0.0003   0.0003   0.0021   0.0030
ScienceTechs         0.0006   0.0006   0.0007   0.0005      0.0006   0.0006   0.0005   0.0004      0.0003   0.0003   0.0006   0.0011
OtherTechs           0.0002   0.0002   0.0085   0.0075      0.0003   0.0003   0.0096   0.0111      0.0003   0.0003   0.0103   0.0115
Sales                0.0197   0.0199   0.0700   0.0719      0.0355   0.0355   0.0650   0.0687      0.0447   0.0447   0.0655   0.0867
Secretaries          0.0414   0.0408   0.0296   0.0244      0.0384   0.0384   0.0366   0.0222      0.0341   0.0341   0.0481   0.0474
Info.Clerks          0.0027   0.0027   0.0154   0.0115      0.0023   0.0023   0.0114   0.0119      0.0020   0.0020   0.0118   0.0145
Records              0.0019   0.0019   0.0050   0.0046      0.0025   0.0025   0.0051   0.0032      0.0028   0.0028   0.0063   0.0046
FinancialClerk       0.0149   0.0147   0.0145   0.0120      0.0178   0.0178   0.0197   0.0172      0.0176   0.0176   0.0237   0.0235
OfficeMachine        0.0049   0.0048   0.0003   0.0004      0.0039   0.0039   0.0004   0.0013      0.0032   0.0032   0.0006   0.0003
ComputerTech         0.0069   0.0068   0.0010   0.0004      0.0054   0.0054   0.0012   0.0009      0.0069   0.0069   0.0014   0.0070
Mail                 0.0003   0.0003   0.0012   0.0011      0.0007   0.0007   0.0024   0.0020      0.0007   0.0007   0.0040   0.0048
Clerks               0.0012   0.0012   0.0107   0.0094      0.0017   0.0017   0.0118   0.0108      0.0018   0.0018   0.0131   0.0128
Insurance            0.0001   0.0001   0.0275   0.0227      0.0002   0.0002   0.0226   0.0314      0.0002   0.0002   0.0219   0.0141
Misc.Admin           0.0296   0.0293   0.0220   0.0154      0.0337   0.0337   0.0198   0.0152      0.0350   0.0350   0.0232   0.0369
PrivateHshld         0.0022   0.0022   0.0076   0.0089      0.0042   0.0042   0.0108   0.0056      0.0080   0.0080   0.0105   0.0043
Firefighting         0.0000   0.0000   0.0003   0.0002      0.0000   0.0000   0.0003   0.0002      0.0000   0.0000   0.0002   0.0002
Police               0.0002   0.0002   0.0038   0.0037      0.0002   0.0002   0.0042   0.0033      0.0002   0.0002   0.0031   0.0022
Guards               0.0000   0.0000   0.0022   0.0021      0.0001   0.0001   0.0018   0.0012      0.0001   0.0001   0.0022   0.0017
FoodPrep             0.0163   0.0165   0.0416   0.0336      0.0229   0.0229   0.0266   0.0203      0.0244   0.0244   0.0242   0.0252
HealthService        0.0044   0.0044   0.0353   0.0360      0.0051   0.0051   0.0290   0.0189      0.0069   0.0069   0.0276   0.0181
Cleaning             0.0003   0.0003   0.0044   0.0050      0.0010   0.0010   0.0066   0.0027      0.0014   0.0014   0.0083   0.0053
PersonalService      0.0076   0.0079   0.0299   0.0275      0.0120   0.0120   0.0248   0.0303      0.0143   0.0143   0.0211   0.0217
FarmMgrs             0.0005   0.0005   0.0006   0.0007      0.0010   0.0010   0.0008   0.0005      0.0020   0.0020   0.0014   0.0014
FarmWork             0.0022   0.0023   0.0021   0.0018      0.0032   0.0032   0.0018   0.0009      0.0038   0.0038   0.0014   0.0011
Agriculture          0.0001   0.0001   0.0030   0.0029      0.0003   0.0003   0.0026   0.0018      0.0003   0.0003   0.0025   0.0021
Forest               0.0000   0.0000   0.0001   0.0001      0.0001   0.0001   0.0002   0.0001      0.0000   0.0000   0.0002   0.0001
Mechanics            0.0001   0.0001   0.0008   0.0007      0.0001   0.0001   0.0008   0.0010      0.0000   0.0000   0.0008   0.0009
Elec.Repairer        0.0002   0.0002   0.0008   0.0006      0.0001   0.0001   0.0008   0.0010      0.0001   0.0001   0.0009   0.0009
Misc.Repairer        0.0002   0.0002   0.0005   0.0005      0.0003   0.0003   0.0005   0.0006      0.0004   0.0004   0.0007   0.0009
Construction         0.0002   0.0002   0.0017   0.0014      0.0002   0.0002   0.0021   0.0021      0.0003   0.0003   0.0023   0.0024
Extractive           0.0000   0.0000   0.0001   0.0000      0.0000   0.0000   0.0001   0.0000      0.0000   0.0000   0.0001   0.0000
Supervisor(P)        0.0012   0.0013   0.0013   0.0013      0.0021   0.0021   0.0019   0.0022      0.0027   0.0027   0.0024   0.0024
MetalWork            0.0002   0.0002   0.0001   0.0001      0.0005   0.0005   0.0003   0.0003      0.0002   0.0002   0.0003   0.0007
WoodWork             0.0000   0.0000   0.0001   0.0000      0.0000   0.0000   0.0001   0.0001      0.0000   0.0000   0.0001   0.0001
Textiles             0.0085   0.0085   0.0003   0.0002      0.0121   0.0121   0.0004   0.0003      0.0160   0.0160   0.0007   0.0012
Other                0.0004   0.0004   0.0079   0.0070      0.0004   0.0004   0.0052   0.0049      0.0004   0.0004   0.0046   0.0020
Food                 0.0002   0.0002   0.0020   0.0016      0.0005   0.0005   0.0021   0.0014      0.0004   0.0004   0.0022   0.0014
PlantOperator        0.0001   0.0001   0.0001   0.0001      0.0001   0.0001   0.0002   0.0001      0.0001   0.0001   0.0002   0.0004
MetalMach.           0.0002   0.0002   0.0003   0.0002      0.0003   0.0003   0.0004   0.0004      0.0003   0.0003   0.0004   0.0004
MetalProc.           0.0000   0.0000   0.0001   0.0000      0.0000   0.0000   0.0001   0.0002      0.0000   0.0000   0.0002   0.0002
WoodMach.            0.0000   0.0000   0.0006   0.0004      0.0000   0.0000   0.0009   0.0030      0.0001   0.0001   0.0012   0.0002
TextileMach.         0.0003   0.0003   0.0004   0.0002      0.0004   0.0004   0.0006   0.0007      0.0004   0.0004   0.0007   0.0023
PrintMach.           0.0037   0.0038   0.0019   0.0009      0.0060   0.0060   0.0025   0.0022      0.0080   0.0080   0.0029   0.0063
OtherMach.           0.0261   0.0260   0.0045   0.0034      0.0375   0.0375   0.0059   0.0059      0.0345   0.0345   0.0066   0.0073
Fabricators          0.0054   0.0054   0.0032   0.0021      0.0082   0.0082   0.0042   0.0043      0.0062   0.0062   0.0051   0.0084
Prod.Inspectors      0.0041   0.0041   0.0023   0.0018      0.0068   0.0068   0.0027   0.0032      0.0066   0.0066   0.0034   0.0041
MotorVehicle         0.0004   0.0004   0.0030   0.0031      0.0007   0.0007   0.0053   0.0043      0.0005   0.0005   0.0073   0.0049
OtherVehicle         0.0001   0.0001   0.0002   0.0002      0.0002   0.0002   0.0002   0.0002      0.0002   0.0002   0.0002   0.0003
Freight              0.0014   0.0014   0.0052   0.0042      0.0016   0.0016   0.0064   0.0036      0.0018   0.0018   0.0067   0.0085
 
 
1980 and 2010 quantities (the 1960 ones fit by construction)
White Women p(:,WW) for      Young Cohort                          Middle-Aged Cohort                      Old-Aged Cohort
 
                     Data80  Model80 Data2010Model2010      Data80  Model80 Data2010Model2010      Data80  Model80 Data2010Model2010
------------------------------------------------------------------------------------------------------------------------------------
Home                 0.4606   0.4177   0.3087   0.3215      0.4763   0.6398   0.3235   0.3731      0.5097   0.7390   0.3149   0.3086
Managers             0.0341   0.0497   0.0587   0.0800      0.0377   0.0203   0.0722   0.0734      0.0356   0.0069   0.0727   0.0781
MgmtRelated          0.0264   0.0350   0.0467   0.0474      0.0221   0.0037   0.0509   0.0574      0.0200   0.0033   0.0525   0.0548
Architects           0.0003   0.0003   0.0008   0.0007      0.0001   0.0001   0.0005   0.0009      0.0001   0.0000   0.0004   0.0006
Engineers            0.0014   0.0013   0.0032   0.0026      0.0008   0.0002   0.0024   0.0030      0.0006   0.0002   0.0024   0.0036
Math/CompSci         0.0023   0.0025   0.0075   0.0072      0.0012   0.0010   0.0083   0.0105      0.0007   0.0001   0.0089   0.0063
Science              0.0015   0.0015   0.0046   0.0041      0.0008   0.0006   0.0029   0.0042      0.0005   0.0003   0.0021   0.0024
Doctors              0.0016   0.0023   0.0059   0.0084      0.0009   0.0008   0.0061   0.0073      0.0007   0.0003   0.0044   0.0056
Nurses               0.0226   0.0237   0.0328   0.0361      0.0183   0.0131   0.0322   0.0221      0.0169   0.0109   0.0346   0.0270
Therapists           0.0039   0.0035   0.0122   0.0130      0.0015   0.0010   0.0099   0.0093      0.0009   0.0004   0.0073   0.0057
Professors           0.0033   0.0046   0.0069   0.0086      0.0037   0.0030   0.0067   0.0072      0.0025   0.0004   0.0060   0.0043
Teachers             0.0512   0.0525   0.0772   0.0805      0.0432   0.0335   0.0731   0.0616      0.0318   0.0167   0.0637   0.0430
Librarians           0.0022   0.0027   0.0013   0.0015      0.0022   0.0014   0.0017   0.0013      0.0025   0.0008   0.0020   0.0015
Soc.Scientists       0.0020   0.0024   0.0051   0.0051      0.0013   0.0008   0.0043   0.0023      0.0008   0.0003   0.0031   0.0041
SocialWork           0.0064   0.0064   0.0119   0.0112      0.0045   0.0030   0.0103   0.0090      0.0037   0.0015   0.0089   0.0071
Lawyers              0.0024   0.0030   0.0062   0.0063      0.0009   0.0004   0.0058   0.0066      0.0005   0.0001   0.0043   0.0060
Arts/Athletes        0.0089   0.0096   0.0155   0.0129      0.0058   0.0033   0.0113   0.0138      0.0043   0.0039   0.0104   0.0161
HealthTechs          0.0143   0.0150   0.0178   0.0163      0.0094   0.0057   0.0170   0.0113      0.0073   0.0035   0.0160   0.0171
Eng.Techs            0.0028   0.0025   0.0024   0.0018      0.0019   0.0010   0.0017   0.0017      0.0015   0.0005   0.0021   0.0030
ScienceTechs         0.0009   0.0008   0.0007   0.0005      0.0005   0.0002   0.0005   0.0004      0.0006   0.0006   0.0006   0.0011
OtherTechs           0.0063   0.0079   0.0085   0.0075      0.0034   0.0015   0.0096   0.0111      0.0021   0.0002   0.0103   0.0115
Sales                0.0431   0.0534   0.0700   0.0719      0.0488   0.0248   0.0650   0.0687      0.0511   0.0199   0.0655   0.0867
Secretaries          0.0674   0.0659   0.0296   0.0244      0.0660   0.0587   0.0366   0.0222      0.0571   0.0408   0.0481   0.0474
Info.Clerks          0.0091   0.0109   0.0154   0.0115      0.0084   0.0052   0.0114   0.0119      0.0078   0.0027   0.0118   0.0145
Records              0.0086   0.0072   0.0050   0.0046      0.0075   0.0052   0.0051   0.0032      0.0078   0.0019   0.0063   0.0046
FinancialClerk       0.0265   0.0286   0.0145   0.0120      0.0284   0.0229   0.0197   0.0172      0.0303   0.0147   0.0237   0.0235
OfficeMachine        0.0004   0.0001   0.0003   0.0004      0.0004   0.0004   0.0004   0.0013      0.0004   0.0048   0.0006   0.0003
ComputerTech         0.0078   0.0091   0.0010   0.0004      0.0066   0.0043   0.0012   0.0009      0.0073   0.0068   0.0014   0.0070
Mail                 0.0022   0.0023   0.0012   0.0011      0.0022   0.0010   0.0024   0.0020      0.0023   0.0003   0.0040   0.0048
Clerks               0.0085   0.0095   0.0107   0.0094      0.0078   0.0028   0.0118   0.0108      0.0072   0.0012   0.0131   0.0128
Insurance            0.0060   0.0058   0.0275   0.0227      0.0041   0.0025   0.0226   0.0314      0.0031   0.0001   0.0219   0.0141
Misc.Admin           0.0336   0.0305   0.0220   0.0154      0.0330   0.0271   0.0198   0.0152      0.0317   0.0293   0.0232   0.0369
PrivateHshld         0.0034   0.0033   0.0076   0.0089      0.0051   0.0046   0.0108   0.0056      0.0064   0.0022   0.0105   0.0043
Firefighting         0.0001   0.0001   0.0003   0.0002      0.0000   0.0000   0.0003   0.0002      0.0000   0.0000   0.0002   0.0002
Police               0.0009   0.0009   0.0038   0.0037      0.0006   0.0003   0.0042   0.0033      0.0005   0.0002   0.0031   0.0022
Guards               0.0009   0.0013   0.0022   0.0021      0.0009   0.0002   0.0018   0.0012      0.0010   0.0000   0.0022   0.0017
FoodPrep             0.0206   0.0221   0.0416   0.0336      0.0240   0.0168   0.0266   0.0203      0.0262   0.0165   0.0242   0.0252
HealthService        0.0144   0.0170   0.0353   0.0360      0.0141   0.0085   0.0290   0.0189      0.0143   0.0044   0.0276   0.0181
Cleaning             0.0027   0.0041   0.0044   0.0050      0.0039   0.0008   0.0066   0.0027      0.0049   0.0003   0.0083   0.0053
PersonalService      0.0179   0.0185   0.0299   0.0275      0.0161   0.0158   0.0248   0.0303      0.0108   0.0079   0.0211   0.0217
FarmMgrs             0.0011   0.0015   0.0006   0.0007      0.0019   0.0007   0.0008   0.0005      0.0023   0.0005   0.0014   0.0014
FarmWork             0.0017   0.0013   0.0021   0.0018      0.0021   0.0011   0.0018   0.0009      0.0021   0.0023   0.0014   0.0011
Agriculture          0.0010   0.0011   0.0030   0.0029      0.0007   0.0003   0.0026   0.0018      0.0006   0.0001   0.0025   0.0021
Forest               0.0001   0.0001   0.0001   0.0001      0.0001   0.0000   0.0002   0.0001      0.0001   0.0000   0.0002   0.0001
Mechanics            0.0006   0.0007   0.0008   0.0007      0.0005   0.0004   0.0008   0.0010      0.0004   0.0001   0.0008   0.0009
Elec.Repairer        0.0010   0.0008   0.0008   0.0006      0.0007   0.0003   0.0008   0.0010      0.0006   0.0002   0.0009   0.0009
Misc.Repairer        0.0007   0.0005   0.0005   0.0005      0.0006   0.0005   0.0005   0.0006      0.0007   0.0002   0.0007   0.0009
Construction         0.0016   0.0018   0.0017   0.0014      0.0013   0.0009   0.0021   0.0021      0.0010   0.0002   0.0023   0.0024
Extractive           0.0001   0.0001   0.0001   0.0000      0.0001   0.0000   0.0001   0.0000      0.0000   0.0000   0.0001   0.0000
Supervisor(P)        0.0036   0.0048   0.0013   0.0013      0.0053   0.0019   0.0019   0.0022      0.0051   0.0013   0.0024   0.0024
MetalWork            0.0006   0.0006   0.0001   0.0001      0.0007   0.0003   0.0003   0.0003      0.0005   0.0002   0.0003   0.0007
WoodWork             0.0002   0.0002   0.0001   0.0000      0.0002   0.0001   0.0001   0.0001      0.0002   0.0000   0.0001   0.0001
Textiles             0.0011   0.0007   0.0003   0.0002      0.0017   0.0006   0.0004   0.0003      0.0021   0.0085   0.0007   0.0012
Other                0.0011   0.0012   0.0079   0.0070      0.0011   0.0003   0.0052   0.0049      0.0011   0.0004   0.0046   0.0020
Food                 0.0009   0.0008   0.0020   0.0016      0.0012   0.0005   0.0021   0.0014      0.0011   0.0002   0.0022   0.0014
PlantOperator        0.0002   0.0001   0.0001   0.0001      0.0002   0.0000   0.0002   0.0001      0.0001   0.0001   0.0002   0.0004
MetalMach.           0.0018   0.0016   0.0003   0.0002      0.0021   0.0020   0.0004   0.0004      0.0021   0.0002   0.0004   0.0004
MetalProc.           0.0007   0.0008   0.0001   0.0000      0.0008   0.0002   0.0001   0.0002      0.0008   0.0000   0.0002   0.0002
WoodMach.            0.0003   0.0003   0.0006   0.0004      0.0003   0.0001   0.0009   0.0030      0.0003   0.0000   0.0012   0.0002
TextileMach.         0.0017   0.0015   0.0004   0.0002      0.0015   0.0007   0.0006   0.0007      0.0013   0.0003   0.0007   0.0023
PrintMach.           0.0117   0.0106   0.0019   0.0009      0.0156   0.0199   0.0025   0.0022      0.0172   0.0038   0.0029   0.0063
OtherMach.           0.0105   0.0064   0.0045   0.0034      0.0125   0.0157   0.0059   0.0059      0.0122   0.0260   0.0066   0.0073
Fabricators          0.0108   0.0109   0.0032   0.0021      0.0128   0.0075   0.0042   0.0043      0.0126   0.0054   0.0051   0.0084
Prod.Inspectors      0.0048   0.0049   0.0023   0.0018      0.0064   0.0055   0.0027   0.0032      0.0078   0.0041   0.0034   0.0041
MotorVehicle         0.0034   0.0035   0.0030   0.0031      0.0046   0.0011   0.0053   0.0043      0.0032   0.0004   0.0073   0.0049
OtherVehicle         0.0007   0.0007   0.0002   0.0002      0.0007   0.0002   0.0002   0.0002      0.0007   0.0001   0.0002   0.0003
Freight              0.0086   0.0072   0.0052   0.0042      0.0100   0.0027   0.0064   0.0036      0.0103   0.0014   0.0067   0.0085
 
 
====================================================================== 
    PRODUCTION: w*H in data and model for various groups/cohorts
====================================================================== 
 
 
 
/// 1960 ///          Young                       Middle                      Old
 
               Data   Model       %        Data   Model       %        Data   Model       %
-------------------------------------------------------------------------------------------
White Men      4680    4857   103.8        5961    5965   100.1        5053    5058   100.1
White Women    3081    3209   104.2        3471    3468    99.9        2873    2871    99.9
Black Men       336     347   103.4         365     365   100.0         287     287   100.0
Black Women     324     366   112.8         287     287   100.0         189     189   100.0
 
Total income for the year:    Data = 26906  Model = 27269
 
 
/// 1970 ///          Young                       Middle                      Old
 
               Data   Model       %        Data   Model       %        Data   Model       %
-------------------------------------------------------------------------------------------
White Men      6175    6462   104.6        6976    6948    99.6        7073    7147   101.0
White Women    4083    4136   101.3        3920    4079   104.0        3914    3891    99.4
Black Men       493     504   102.3         476     479   100.8         416     413    99.4
Black Women     495     510   103.1         422     477   113.1         309     307    99.5
 
Total income for the year:    Data = 34751  Model = 35355
 
 
/// 1980 ///          Young                       Middle                      Old
 
               Data   Model       %        Data   Model       %        Data   Model       %
-------------------------------------------------------------------------------------------
White Men      7406    7646   103.2        6848    7112   103.9        6239    6370   102.1
White Women    4966    5159   103.9        4015    4167   103.8        3448    3527   102.3
Black Men       647     645    99.7         523     546   104.3         424     418    98.6
Black Women     649     655   101.0         490     520   106.2         361     398   110.3
 
Total income for the year:    Data = 36016  Model = 37164
 
 
/// 1990 ///          Young                       Middle                      Old
 
               Data   Model       %        Data   Model       %        Data   Model       %
-------------------------------------------------------------------------------------------
White Men      7301    7422   101.7        9089    8998    99.0        6946    7036   101.3
White Women    5539    5836   105.4        5826    6005   103.1        4075    4083   100.2
Black Men       682     694   101.8         726     764   105.1         527     543   102.9
Black Women     718     748   104.2         733     776   105.9         487     518   106.2
 
Total income for the year:    Data = 42650  Model = 43423
 
 
/// 2000 ///          Young                       Middle                      Old
 
               Data   Model       %        Data   Model       %        Data   Model       %
-------------------------------------------------------------------------------------------
White Men      6260    6163    98.4       10962   10563    96.4       10495    9970    95.0
White Women    5174    5322   102.9        8119    8984   110.7        7180    7599   105.8
Black Men       735     741   100.7        1080    1119   103.6         887     899   101.3
Black Women     781     810   103.6        1112    1230   110.6         920     970   105.4
 
Total income for the year:    Data = 53707  Model = 54369
 
 
/// 2010 ///          Young                       Middle                      Old
 
               Data   Model       %        Data   Model       %        Data   Model       %
-------------------------------------------------------------------------------------------
White Men      6122    5967    97.5        9054    8655    95.6       11755   11366    96.7
White Women    5486    5585   101.8        7075    7461   105.4        8950    9771   109.2
Black Men       729     721    98.9         964     990   102.7        1107    1170   105.7
Black Women     812     820   101.0        1031    1114   108.1        1171    1294   110.5
 
Total income for the year:    Data = 54257  Model = 54912
 
 
==================================================================================== 
    EARNINGS (Market): (1-tauw)*w*H in data and model for various groups/cohorts
==================================================================================== 
 
 
 
/// 1960 ///          Young                       Middle                      Old
 
               Data   Model       %        Data   Model       %        Data   Model       %
-------------------------------------------------------------------------------------------
White Men      4282    4448   103.9        5534    5539   100.1        4537    4542   100.1
White Women     827     872   105.4        1129    1128    99.9        1136    1135    99.9
Black Men       231     239   103.7         255     255   100.0         194     194   100.1
Black Women      92      98   106.5         100     100   100.1          67      67   100.2
 
Market income for the year:   Data = 18383  Model = 18617
 
 
/// 1970 ///          Young                       Middle                      Old
 
               Data   Model       %        Data   Model       %        Data   Model       %
-------------------------------------------------------------------------------------------
White Men      5610    5925   105.6        6467    6427    99.4        6406    6492   101.3
White Women    1381    1484   107.4        1471    1235    83.9        1713    1717   100.2
Black Men       375     387   103.1         369     372   100.9         314     313    99.6
Black Women     210     221   105.3         186     161    86.5         142     143   100.7
 
Market income for the year:   Data = 24645  Model = 24876
 
 
/// 1980 ///          Young                       Middle                      Old
 
               Data   Model       %        Data   Model       %        Data   Model       %
-------------------------------------------------------------------------------------------
White Men      6816    7148   104.9        6360    6540   102.8        5584    5908   105.8
White Women    2701    2994   110.9        1914    1636    85.5        1646    1156    70.3
Black Men       503     515   102.5         402     449   111.8         311     348   111.8
Black Women     391     418   106.7         272     268    98.5         188     156    82.8
 
Market income for the year:   Data = 27088  Model = 27536
 
 
/// 1990 ///          Young                       Middle                      Old
 
               Data   Model       %        Data   Model       %        Data   Model       %
-------------------------------------------------------------------------------------------
White Men      6709    6918   103.1        8458    8432    99.7        6235    6486   104.0
White Women    3593    3906   108.7        3737    3724    99.6        2408    1722    71.5
Black Men       530     555   104.6         579     642   110.9         394     475   120.5
Black Women     484     521   107.7         521     535   102.7         305     288    94.5
 
Market income for the year:   Data = 33953  Model = 34203
 
 
/// 2000 ///          Young                       Middle                      Old
 
               Data   Model       %        Data   Model       %        Data   Model       %
-------------------------------------------------------------------------------------------
White Men      5442    5273    96.9        9497    9545   100.5        8871    9081   102.4
White Women    3176    3106    97.8        4636    5533   119.3        4312    4185    97.1
Black Men       508     478    94.2         709     821   115.8         566     707   125.0
Black Women     504     486    96.4         671     777   115.8         527     601   114.1
 
Market income for the year:   Data = 39419  Model = 40594
 
 
/// 2010 ///          Young                       Middle                      Old
 
               Data   Model       %        Data   Model       %        Data   Model       %
-------------------------------------------------------------------------------------------
White Men      5320    5143    96.7        8212    7596    92.5       10088   10431   103.4
White Women    3605    3632   100.7        4517    4638   102.7        5594    6354   113.6
Black Men       521     499    95.8         772     698    90.4         792     926   117.0
Black Women     568     564    99.3         766     724    94.5         787     884   112.4
 
Market income for the year:   Data = 41541  Model = 42089
Error! GDP is not equal to labor income in SolveEqmBasic. Stopping...
  DIAG max|gdp1-wHincome| = 0.109427 ; per-year gdp1-wHincome = [0.009139 -5.833e-06 0.0008903 9.637e-06 0.1094 0.000259]
  DIAG gdp1 = [27269.3 35354.5 37164.2 43422.5 54369.2 54912.4]
 
 
GDP per person in data and model
 
        Year        Data       Model    ExitFlag
------------------------------------------------
        1960       26906       27269           1
        1970       34751       35355           1
        1980       36016       37164           1
        1990       42650       43423           1
        2000       53707       54369           1
        2010       54257       54912           1
 
 
GDP (mkt) per person in data and model
 
        Year        Data       Model
------------------------------------
        1960       16401       16601
        1970       22182       22137
        1980       24480       24371
        1990       31917       31586
        2000       36289       37445
        2010       39518       40189
 
 
GDP per worker (market) in data and model
 
        Year        Data       Model
------------------------------------
        1960       27401       27728
        1970       34898       35887
        1980       34863       36736
        1990       41799       43028
        2000       48584       49847
        2010       52056       53567
 
 
LFP in data and model
 
        Year        Data       Model
------------------------------------
        1960       0.599       0.599
        1970       0.636       0.617
        1980       0.702       0.663
        1990       0.764       0.734
        2000       0.747       0.751
        2010       0.759       0.750
 
 
Market Wage Gap in data and model
 
  Year      WWdata WWmodel      BMdata BMmodel      BWdata BWmodel
------------------------------------------------------------------
  1960       0.555   0.556       0.559   0.559       0.347   0.350
  1970       0.527   0.557       0.627   0.628       0.418   0.435
  1980       0.549   0.602       0.714   0.711       0.513   0.535
  1990       0.613   0.670       0.700   0.738       0.555   0.600
  2000       0.647   0.743       0.694   0.758       0.566   0.649
  2010       0.714   0.805       0.710   0.780       0.604   0.686
 
 
Earnings (market, after tauw) in data and model
 
        Year        Data       Model
------------------------------------
        1960       18383       18617
        1970       24645       24876
        1980       27088       27536
        1990       33953       34203
        2000       39419       40594
        2010       41541       42089
 
 
Earnings (market, after tauw) by Group in data and model
 
  Year      WMdata WMmodel      WWdata WWmodel      BMdata BMmodel      BWdata BWmodel
--------------------------------------------------------------------------------------
  1960       14352   14529        3093    3135         679     687         259     265
  1970       18483   18843        4566    4436        1058    1072         538     525
  1980       18760   19596        6261    5786        1216    1313         852     841
  1990       21402   21836        9738    9351        1503    1671        1310    1344
  2000       23810   23900       12124   12824        1783    2007        1701    1864
  2010       23619   23170       13716   14624        2085    2123        2121    2172
 
 
ConsumptionYoung (total) per young person in data and model (and Utility)
 
        Year        Data       Model     Utility
------------------------------------------------
        1960       29309       30560       35008
        1970       39029       40247       37209
        1980       36000       36882       30179
        1990       42547       43428       34189
        2000       51267       51159       49966
        2010       50723       50284       39627
 
 
EarningsYoung (market) per young person in data and model
 
        Year        Data       Model
------------------------------------
        1960       16290       16968
        1970       21968       23243
        1980       24391       25946
        1990       28486       29957
        2000       31605       30665
        2010       32063       31501
 
 
GDP (mkt) of only Young Cohorts...
 
  Year    Data   Model
----------------------
  1960   14383   14973
  1970   19688   20718
  1980   22127   23441
  1990   26967   28433
  2000   29276   28952
  2010   30455   30147
 
 
Share of growth accounted for by the Full Model:
 
                                      Share
-------------------------------------------
GDP per person                         99.8
GDP per person (mkt)                  100.5
GDP (mkt) per worker                  102.6
Labor Force Participation (LFP)        94.9
Earnings                              100.1
ConsumpYoung (total)                   90.8
EarningsYoung (market)                 91.4
GDPYoung (market)                      93.3
WageGapWW                             147.2
WageGapBM                             139.6
WageGapBW                             121.9
EarningsWM                             93.7
EarningsWW                            103.4
EarningsBM                            100.5
EarningsBW                            100.0
