HowMuchPoorer_gen_t6_7_c1_Benchmark                 05-Oct-2026 
 

=== HowMuchPoorer_gen chunk 1, t0=6 (2010), t1=7 (2023) ===
 
=============================================================
KEY PARAMETER VALUES:    CaseName = Benchmark
                   theta =  2.0000
                     eta =  0.1030
            theta*(1-eta)=  1.7940
                    dlta =  0.0000
                      mu =  0.5574
                   sigma =  3.0000
           EstimateDelta =  0.0000
           ConstrainTauH = -0.8000
PurgeWageGrowthSelection =     0
      AlphaSplitTauW1960 =  0.5000
   OccupationforWageHome = 23 Secretaries                               
   Alpha0FixedSplit =  0.5000
=============================================================
 
 
 
========================================================================
 How much poorer in 2023 with 2010 values of TauWTauH
========================================================================
....... 
                 Y    Ymkt    Ywkr     LFP    Earn    Cons   EarnY    gdpY   GapWW   GapBM   GapBW  EarnWM  EarnWW  EarnBM  EarnBW    Util
------------------------------------------------------------------------------------------------------------------------------------------
2010(base)   72607   55011   73565   0.748   57257   57034   41542   40125   0.868   0.787   0.724   30707   20684    2844    3022   34983
2023(alt)    71126   61289   77655   0.789   60073   62471   52453   53473   0.826   0.731   0.677   31727   21412    3386    3549   34194
2023(tru)    71641   61793   78193   0.790   60918   63684   53575   54956   0.858   0.736   0.674   31692   22284    3412    3529   34725
Growth(alt) -0.0016  0.0083  0.0042  0.0042  0.0037  0.0070  0.0179  0.0221 -0.0038 -0.0057 -0.0052  0.0025  0.0027  0.0134  0.0124 -0.0018
Growth(tru) -0.0010  0.0089  0.0047  0.0042  0.0048  0.0085  0.0196  0.0242 -0.0009 -0.0052 -0.0055  0.0024  0.0057  0.0140  0.0119 -0.0006
Difference   0.0006  0.0006  0.0005  0.0001  0.0011  0.0015  0.0016  0.0021  0.0029  0.0006 -0.0003 -0.0001  0.0031  0.0006 -0.0004  0.0012
// Share //   -53.9     7.0    11.3     2.3    22.5    17.4     8.3     8.7  -319.8   -10.8     6.3    -3.4    53.5     4.3    -3.5  -208.4
 
 
 
 
========================================================================
 How much poorer in 2023 with 2010 values of TauH
========================================================================
....... 
                 Y    Ymkt    Ywkr     LFP    Earn    Cons   EarnY    gdpY   GapWW   GapBM   GapBW  EarnWM  EarnWW  EarnBM  EarnBW    Util
------------------------------------------------------------------------------------------------------------------------------------------
2010(base)   72607   55011   73565   0.748   57257   57034   41542   40125   0.868   0.787   0.724   30707   20684    2844    3022   34983
2023(alt)    71241   61408   77737   0.790   60790   63331   53253   53824   0.854   0.728   0.667   31722   22206    3374    3488   34531
2023(tru)    71641   61793   78193   0.790   60918   63684   53575   54956   0.858   0.736   0.674   31692   22284    3412    3529   34725
Growth(alt) -0.0015  0.0085  0.0042  0.0042  0.0046  0.0081  0.0191  0.0226 -0.0012 -0.0060 -0.0064  0.0025  0.0055  0.0131  0.0110 -0.0010
Growth(tru) -0.0010  0.0089  0.0047  0.0042  0.0048  0.0085  0.0196  0.0242 -0.0009 -0.0052 -0.0055  0.0024  0.0057  0.0140  0.0119 -0.0006
Difference   0.0004  0.0005  0.0004  0.0000  0.0002  0.0004  0.0005  0.0016  0.0003  0.0008  0.0008 -0.0001  0.0003  0.0009  0.0009  0.0004
// Share //   -41.8     5.4     9.6     0.7     3.4     5.0     2.4     6.6   -31.5   -15.7   -14.9    -2.9     4.7     6.2     7.5   -75.7
 
 
 
 
========================================================================
 How much poorer in 2023 with 2010 values of TauW
========================================================================
....... 
                 Y    Ymkt    Ywkr     LFP    Earn    Cons   EarnY    gdpY   GapWW   GapBM   GapBW  EarnWM  EarnWW  EarnBM  EarnBW    Util
------------------------------------------------------------------------------------------------------------------------------------------
2010(base)   72607   55011   73565   0.748   57257   57034   41542   40125   0.868   0.787   0.724   30707   20684    2844    3022   34983
2023(alt)    71535   61684   78116   0.790   60220   62884   52831   54633   0.829   0.740   0.685   31697   21500    3431    3591   34421
2023(tru)    71641   61793   78193   0.790   60918   63684   53575   54956   0.858   0.736   0.674   31692   22284    3412    3529   34725
Growth(alt) -0.0011  0.0088  0.0046  0.0042  0.0039  0.0075  0.0185  0.0237 -0.0035 -0.0048 -0.0043  0.0024  0.0030  0.0144  0.0133 -0.0012
Growth(tru) -0.0010  0.0089  0.0047  0.0042  0.0048  0.0085  0.0196  0.0242 -0.0009 -0.0052 -0.0055  0.0024  0.0057  0.0140  0.0119 -0.0006
Difference   0.0001  0.0001  0.0001  0.0001  0.0009  0.0010  0.0011  0.0005  0.0026 -0.0004 -0.0012 -0.0000  0.0028 -0.0004 -0.0013  0.0007
// Share //   -11.0     1.5     1.6     1.4    18.6    11.5     5.5     1.9  -284.5     7.4    21.6    -0.5    48.0    -3.0   -11.2  -119.2
 
 
