HowMuchPoorer_gen_t1_2_c1_Benchmark                 05-Oct-2026 
 

=== HowMuchPoorer_gen chunk 1, t0=1 (1960), t1=2 (1970) ===
 
=============================================================
KEY PARAMETER VALUES:    CaseName = Benchmark
                   theta =  2.0000
                     eta =  0.1030
            theta*(1-eta)=  1.7940
                    dlta =  0.0000
                      mu =  0.5574
                   sigma =  3.0000
           EstimateDelta =  0.0000
           ConstrainTauH = -0.8000
PurgeWageGrowthSelection =     0
      AlphaSplitTauW1960 =  0.5000
   OccupationforWageHome = 23 Secretaries                               
   Alpha0FixedSplit =  0.5000
=============================================================
 
 
 
========================================================================
 How much poorer in 1970 with 1960 values of TauWTauH
========================================================================
....... 
                 Y    Ymkt    Ywkr     LFP    Earn    Cons   EarnY    gdpY   GapWW   GapBM   GapBW  EarnWM  EarnWW  EarnBM  EarnBW    Util
------------------------------------------------------------------------------------------------------------------------------------------
1960(base)   33004   23571   39372   0.599   24833   37051   22743   21193   0.556   0.560   0.350   19380    4181     917     355   29671
1970(alt)    43115   30718   50691   0.606   32592   48279   29218   27026   0.531   0.544   0.373   25371    5429    1230     561   31821
1970(tru)    43723   31320   50989   0.614   33428   49842   30575   28774   0.562   0.627   0.445   25313    5960    1438     716   32753
Growth(alt)  0.0267  0.0265  0.0253  0.0012  0.0272  0.0265  0.0251  0.0243 -0.0045 -0.0029  0.0063  0.0269  0.0261  0.0293  0.0459  0.0070
Growth(tru)  0.0281  0.0284  0.0259  0.0026  0.0297  0.0297  0.0296  0.0306  0.0011  0.0114  0.0240  0.0267  0.0355  0.0450  0.0703  0.0099
Difference   0.0014  0.0019  0.0006  0.0014  0.0025  0.0032  0.0045  0.0063  0.0056  0.0142  0.0177 -0.0002  0.0093  0.0156  0.0244  0.0029
// Share //     5.0     6.8     2.3    52.8     8.5    10.7    15.3    20.5   494.6   125.1    73.8    -0.9    26.3    34.7    34.7    29.2
 
 
 
 
========================================================================
 How much poorer in 1970 with 1960 values of TauH
========================================================================
....... 
                 Y    Ymkt    Ywkr     LFP    Earn    Cons   EarnY    gdpY   GapWW   GapBM   GapBW  EarnWM  EarnWW  EarnBM  EarnBW    Util
------------------------------------------------------------------------------------------------------------------------------------------
1960(base)   33004   23571   39372   0.599   24833   37051   22743   21193   0.556   0.560   0.350   19380    4181     917     355   29671
1970(alt)    43174   30815   50373   0.612   33239   49091   29980   27307   0.555   0.611   0.421   25358    5794    1403     684   32455
1970(tru)    43723   31320   50989   0.614   33428   49842   30575   28774   0.562   0.627   0.445   25313    5960    1438     716   32753
Growth(alt)  0.0269  0.0268  0.0246  0.0022  0.0292  0.0281  0.0276  0.0254 -0.0001  0.0088  0.0184  0.0269  0.0326  0.0425  0.0657  0.0090
Growth(tru)  0.0281  0.0284  0.0259  0.0026  0.0297  0.0297  0.0296  0.0306  0.0011  0.0114  0.0240  0.0267  0.0355  0.0450  0.0703  0.0099
Difference   0.0013  0.0016  0.0012  0.0004  0.0006  0.0015  0.0020  0.0052  0.0012  0.0026  0.0055 -0.0002  0.0028  0.0024  0.0046  0.0009
// Share //     4.5     5.7     4.7    16.0     1.9     5.1     6.6    17.1   106.0    23.0    23.1    -0.7     8.0     5.4     6.5     9.2
 
 
 
 
========================================================================
 How much poorer in 1970 with 1960 values of TauW
========================================================================
....... 
                 Y    Ymkt    Ywkr     LFP    Earn    Cons   EarnY    gdpY   GapWW   GapBM   GapBW  EarnWM  EarnWW  EarnBM  EarnBW    Util
------------------------------------------------------------------------------------------------------------------------------------------
1960(base)   33004   23571   39372   0.599   24833   37051   22743   21193   0.556   0.560   0.350   19380    4181     917     355   29671
1970(alt)    43628   31186   51305   0.608   32727   48835   29648   28387   0.537   0.556   0.393   25329    5553    1252     593   32043
1970(tru)    43723   31320   50989   0.614   33428   49842   30575   28774   0.562   0.627   0.445   25313    5960    1438     716   32753
Growth(alt)  0.0279  0.0280  0.0265  0.0015  0.0276  0.0276  0.0265  0.0292 -0.0033 -0.0007  0.0115  0.0268  0.0284  0.0311  0.0514  0.0077
Growth(tru)  0.0281  0.0284  0.0259  0.0026  0.0297  0.0297  0.0296  0.0306  0.0011  0.0114  0.0240  0.0267  0.0355  0.0450  0.0703  0.0099
Difference   0.0002  0.0004 -0.0006  0.0010  0.0021  0.0020  0.0031  0.0014  0.0045  0.0121  0.0125 -0.0001  0.0071  0.0138  0.0189  0.0022
// Share //     0.8     1.5    -2.4    40.7     7.1     6.9    10.4     4.4   394.8   106.0    52.1    -0.2    20.0    30.8    26.9    22.2
 
 
