HowMuchPoorer_gen_t1_7_c3_Benchmark                 05-Oct-2026 
 

=== HowMuchPoorer_gen chunk 3, t0=1 (1960), t1=7 (2023) ===
 
 
========================================================================
 How much poorer in 2023 with 1960 values of TauWTauH, for White Women
========================================================================
....... 
                 Y    Ymkt    Ywkr     LFP    Earn    Cons   EarnY    gdpY   GapWW   GapBM   GapBW  EarnWM  EarnWW  EarnBM  EarnBW    Util
------------------------------------------------------------------------------------------------------------------------------------------
1960(base)   33004   23571   39372   0.599   24833   37051   22743   21193   0.556   0.560   0.350   19380    4181     917     355   29671
2023(alt)    56182   46432   67504   0.688   46273   49343   40333   41021   0.386   0.714   0.660   32874    6164    3536    3699   25400
2023(tru)    71641   61793   78193   0.790   60918   63684   53575   54956   0.858   0.736   0.674   31692   22284    3412    3529   34725
Growth(alt)  0.0084  0.0108  0.0086  0.0022  0.0099  0.0045  0.0091  0.0105 -0.0058  0.0039  0.0100  0.0084  0.0062  0.0214  0.0372 -0.0025
Growth(tru)  0.0123  0.0153  0.0109  0.0044  0.0142  0.0086  0.0136  0.0151  0.0069  0.0044  0.0104  0.0078  0.0266  0.0209  0.0365  0.0025
Difference   0.0039  0.0045  0.0023  0.0022  0.0044  0.0040  0.0045  0.0046  0.0127  0.0005  0.0003 -0.0006  0.0204 -0.0006 -0.0007  0.0050
// Share //    31.4    29.7    21.4    50.0    30.6    47.1    33.1    30.7   184.1    11.2     3.3    -7.4    76.8    -2.7    -2.0   198.8
 
 
 
 
========================================================================
 How much poorer in 2023 with 1960 values of TauH, for White Women
========================================================================
....... 
                 Y    Ymkt    Ywkr     LFP    Earn    Cons   EarnY    gdpY   GapWW   GapBM   GapBW  EarnWM  EarnWW  EarnBM  EarnBW    Util
------------------------------------------------------------------------------------------------------------------------------------------
1960(base)   33004   23571   39372   0.599   24833   37051   22743   21193   0.556   0.560   0.350   19380    4181     917     355   29671
2023(alt)    57139   47838   63042   0.759   51646   54284   45166   42055   0.523   0.716   0.655   32743   11796    3498    3609   29437
2023(tru)    71641   61793   78193   0.790   60918   63684   53575   54956   0.858   0.736   0.674   31692   22284    3412    3529   34725
Growth(alt)  0.0087  0.0112  0.0075  0.0038  0.0116  0.0061  0.0109  0.0109 -0.0010  0.0039  0.0099  0.0083  0.0165  0.0212  0.0368 -0.0001
Growth(tru)  0.0123  0.0153  0.0109  0.0044  0.0142  0.0086  0.0136  0.0151  0.0069  0.0044  0.0104  0.0078  0.0266  0.0209  0.0365  0.0025
Difference   0.0036  0.0041  0.0034  0.0006  0.0026  0.0025  0.0027  0.0042  0.0079  0.0004  0.0005 -0.0005  0.0101 -0.0004 -0.0004  0.0026
// Share //    29.2    26.6    31.4    14.6    18.4    29.5    19.9    28.1   114.2    10.1     4.5    -6.6    38.0    -1.9    -1.0   105.0
 
 
 
 
========================================================================
 How much poorer in 2023 with 1960 values of TauW, for White Women
========================================================================
....... 
                 Y    Ymkt    Ywkr     LFP    Earn    Cons   EarnY    gdpY   GapWW   GapBM   GapBW  EarnWM  EarnWW  EarnBM  EarnBW    Util
------------------------------------------------------------------------------------------------------------------------------------------
1960(base)   33004   23571   39372   0.599   24833   37051   22743   21193   0.556   0.560   0.350   19380    4181     917     355   29671
2023(alt)    69162   58892   80462   0.732   51201   54697   45144   52997   0.598   0.732   0.680   31901   12191    3463    3647   29344
2023(tru)    71641   61793   78193   0.790   60918   63684   53575   54956   0.858   0.736   0.674   31692   22284    3412    3529   34725
Growth(alt)  0.0117  0.0145  0.0113  0.0032  0.0115  0.0062  0.0109  0.0145  0.0012  0.0043  0.0105  0.0079  0.0170  0.0211  0.0370 -0.0002
Growth(tru)  0.0123  0.0153  0.0109  0.0044  0.0142  0.0086  0.0136  0.0151  0.0069  0.0044  0.0104  0.0078  0.0266  0.0209  0.0365  0.0025
Difference   0.0006  0.0008 -0.0005  0.0012  0.0028  0.0024  0.0027  0.0006  0.0057  0.0001 -0.0001 -0.0001  0.0096 -0.0002 -0.0005  0.0027
// Share //     4.5     5.0    -4.2    27.6    19.4    28.1    20.0     3.8    83.2     1.9    -1.3    -1.3    36.0    -1.1    -1.4   107.0
 
 
