HowMuchPoorer_gen_t1_7_c1_Benchmark                 05-Oct-2026 
 

=== HowMuchPoorer_gen chunk 1, t0=1 (1960), t1=7 (2023) ===
 
=============================================================
KEY PARAMETER VALUES:    CaseName = Benchmark
                   theta =  2.0000
                     eta =  0.1030
            theta*(1-eta)=  1.7940
                    dlta =  0.0000
                      mu =  0.5574
                   sigma =  3.0000
           EstimateDelta =  0.0000
           ConstrainTauH = -0.8000
PurgeWageGrowthSelection =     0
      AlphaSplitTauW1960 =  0.5000
   OccupationforWageHome = 23 Secretaries                               
   Alpha0FixedSplit =  0.5000
=============================================================
 
 
 
========================================================================
 How much poorer in 2023 with 1960 values of TauWTauH
========================================================================
....... 
                 Y    Ymkt    Ywkr     LFP    Earn    Cons   EarnY    gdpY   GapWW   GapBM   GapBW  EarnWM  EarnWW  EarnBM  EarnBW    Util
------------------------------------------------------------------------------------------------------------------------------------------
1960(base)   33004   23571   39372   0.599   24833   37052   22743   21193   0.556   0.560   0.350   19380    4181     917     355   29672
2023(alt)    54065   44039   66107   0.666   44432   48516   37210   37234   0.375   0.493   0.323   34486    6351    2369    1227   24714
2023(tru)    74008   63800   80723   0.790   62969   67343   53595   54919   0.857   0.737   0.674   32758   23030    3531    3650   36709
Growth(alt)  0.0078  0.0099  0.0082  0.0017  0.0092  0.0043  0.0078  0.0089 -0.0062 -0.0020 -0.0013  0.0091  0.0066  0.0151  0.0197 -0.0029
Growth(tru)  0.0128  0.0158  0.0114  0.0044  0.0148  0.0095  0.0136  0.0151  0.0069  0.0044  0.0104  0.0083  0.0271  0.0214  0.0370  0.0034
Difference   0.0050  0.0059  0.0032  0.0027  0.0055  0.0052  0.0058  0.0062  0.0131  0.0064  0.0117 -0.0008  0.0204  0.0063  0.0173  0.0063
// Share //    38.9    37.2    27.8    61.5    37.5    54.9    42.6    40.8   190.8   146.4   112.6    -9.8    75.5    29.6    46.8   185.9
 
 
 
 
========================================================================
 How much poorer in 2023 with 1960 values of TauH
========================================================================
....... 
                 Y    Ymkt    Ywkr     LFP    Earn    Cons   EarnY    gdpY   GapWW   GapBM   GapBW  EarnWM  EarnWW  EarnBM  EarnBW    Util
------------------------------------------------------------------------------------------------------------------------------------------
1960(base)   33004   23571   39372   0.599   24833   37052   22743   21193   0.556   0.560   0.350   19380    4181     917     355   29672
2023(alt)    55311   45925   60420   0.760   52443   56095   44162   38499   0.511   0.670   0.457   34280   12021    3658    2484   30672
2023(tru)    74008   63800   80723   0.790   62969   67343   53595   54919   0.857   0.737   0.674   32758   23030    3531    3650   36709
Growth(alt)  0.0082  0.0106  0.0068  0.0038  0.0119  0.0066  0.0105  0.0095 -0.0013  0.0028  0.0042  0.0091  0.0168  0.0220  0.0309  0.0005
Growth(tru)  0.0128  0.0158  0.0114  0.0044  0.0148  0.0095  0.0136  0.0151  0.0069  0.0044  0.0104  0.0083  0.0271  0.0214  0.0370  0.0034
Difference   0.0046  0.0052  0.0046  0.0006  0.0029  0.0029  0.0031  0.0056  0.0082  0.0015  0.0062 -0.0007  0.0103 -0.0006  0.0061  0.0029
// Share //    36.1    33.0    40.4    14.0    19.7    30.6    22.6    37.3   119.3    34.9    59.4    -8.6    38.1    -2.6    16.5    84.4
 
 
 
 
========================================================================
 How much poorer in 2023 with 1960 values of TauW
========================================================================
....... 
                 Y    Ymkt    Ywkr     LFP    Earn    Cons   EarnY    gdpY   GapWW   GapBM   GapBW  EarnWM  EarnWW  EarnBM  EarnBW    Util
------------------------------------------------------------------------------------------------------------------------------------------
1960(base)   33004   23571   39372   0.599   24833   37052   22743   21193   0.556   0.560   0.350   19380    4181     917     355   29672
2023(alt)    70881   60060   84479   0.711   50079   55079   42690   52534   0.594   0.571   0.483   33071   12656    2346    2005   29167
2023(tru)    74008   63800   80723   0.790   62969   67343   53595   54919   0.857   0.737   0.674   32758   23030    3531    3650   36709
Growth(alt)  0.0121  0.0148  0.0121  0.0027  0.0111  0.0063  0.0100  0.0144  0.0011  0.0003  0.0051  0.0085  0.0176  0.0149  0.0275 -0.0003
Growth(tru)  0.0128  0.0158  0.0114  0.0044  0.0148  0.0095  0.0136  0.0151  0.0069  0.0044  0.0104  0.0083  0.0271  0.0214  0.0370  0.0034
Difference   0.0007  0.0010 -0.0007  0.0017  0.0036  0.0032  0.0036  0.0007  0.0058  0.0040  0.0053 -0.0002  0.0095  0.0065  0.0095  0.0037
// Share //     5.3     6.1    -6.3    38.1    24.6    33.6    26.5     4.7    84.5    92.6    51.1    -1.8    35.1    30.3    25.7   108.1
 
 
