warning: function /workspace/eval/followup/001-living-update/workspace/cases/R5_unscaled/shims/keyboard.m shadows a built-in function
warning: function /workspace/eval/followup/001-living-update/workspace/cases/R5_unscaled/shims/print.m shadows a core library function
HowMuchPoorer_gen_t6_7_c1_Benchmark                 05-Oct-2026 
 

=== HowMuchPoorer_gen chunk 1, t0=6 (2010), t1=7 (2023) ===
 
=============================================================
KEY PARAMETER VALUES:    CaseName = Benchmark
                   theta =  2.0000
                     eta =  0.1030
            theta*(1-eta)=  1.7940
                    dlta =  0.0000
                      mu =  0.5574
                   sigma =  3.0000
           EstimateDelta =  0.0000
           ConstrainTauH = -0.8000
PurgeWageGrowthSelection =     0
      AlphaSplitTauW1960 =  0.5000
   OccupationforWageHome = 23 Secretaries                               
   Alpha0FixedSplit =  0.5000
=============================================================
 
 
 
========================================================================
 How much poorer in 2023 with 2010 values of TauWTauH
========================================================================
....... 
                 Y    Ymkt    Ywkr     LFP    Earn    Cons   EarnY    gdpY   GapWW   GapBM   GapBW  EarnWM  EarnWW  EarnBM  EarnBW    Util
------------------------------------------------------------------------------------------------------------------------------------------
2010(base)   72597   55004   73554   0.748   57253   60300   41543   40123   0.868   0.788   0.725   30704   20682    2844    3022   36986
2023(alt)    73509   63312   80209   0.789   62069   66062   52473   53483   0.826   0.729   0.677   32792   22121    3493    3664   36148
2023(tru)    74008   63800   80723   0.790   62969   67343   53595   54919   0.857   0.737   0.674   32758   23030    3531    3650   36709
Growth(alt)  0.0010  0.0108  0.0067  0.0042  0.0062  0.0070  0.0180  0.0221 -0.0038 -0.0059 -0.0053  0.0051  0.0052  0.0158  0.0148 -0.0018
Growth(tru)  0.0015  0.0114  0.0072  0.0043  0.0073  0.0085  0.0196  0.0241 -0.0009 -0.0051 -0.0055  0.0050  0.0083  0.0166  0.0145 -0.0006
Difference   0.0005  0.0006  0.0005  0.0001  0.0011  0.0015  0.0016  0.0020  0.0029  0.0008 -0.0002 -0.0001  0.0031  0.0008 -0.0003  0.0012
// Share //    35.1     5.2     6.9     2.3    15.1    17.4     8.3     8.4  -315.5   -15.5     4.3    -1.6    37.5     5.1    -2.1  -204.9
 
 
 
 
========================================================================
 How much poorer in 2023 with 2010 values of TauH
========================================================================
....... 
                 Y    Ymkt    Ywkr     LFP    Earn    Cons   EarnY    gdpY   GapWW   GapBM   GapBW  EarnWM  EarnWW  EarnBM  EarnBW    Util
------------------------------------------------------------------------------------------------------------------------------------------
2010(base)   72597   55004   73554   0.748   57253   60300   41543   40123   0.868   0.788   0.725   30704   20682    2844    3022   36986
2023(alt)    73624   63431   80281   0.790   62855   67018   53317   53836   0.854   0.730   0.668   32786   22957    3499    3612   36543
2023(tru)    74008   63800   80723   0.790   62969   67343   53595   54919   0.857   0.737   0.674   32758   23030    3531    3650   36709
Growth(alt)  0.0011  0.0110  0.0067  0.0042  0.0072  0.0081  0.0192  0.0226 -0.0012 -0.0058 -0.0063  0.0050  0.0080  0.0159  0.0137 -0.0009
Growth(tru)  0.0015  0.0114  0.0072  0.0043  0.0073  0.0085  0.0196  0.0241 -0.0009 -0.0051 -0.0055  0.0050  0.0083  0.0166  0.0145 -0.0006
Difference   0.0004  0.0004  0.0004  0.0000  0.0001  0.0004  0.0004  0.0015  0.0003  0.0007  0.0007 -0.0001  0.0002  0.0007  0.0008  0.0003
// Share //    27.0     3.9     5.9     0.5     1.9     4.4     2.0     6.3   -28.3   -13.3   -13.5    -1.3     2.9     4.2     5.5   -60.3
 
 
 
 
========================================================================
 How much poorer in 2023 with 2010 values of TauW
========================================================================
....... 
                 Y    Ymkt    Ywkr     LFP    Earn    Cons   EarnY    gdpY   GapWW   GapBM   GapBW  EarnWM  EarnWW  EarnBM  EarnBW    Util
------------------------------------------------------------------------------------------------------------------------------------------
2010(base)   72597   55004   73554   0.748   57253   60300   41543   40123   0.868   0.788   0.725   30704   20682    2844    3022   36986
2023(alt)    73902   63689   80655   0.790   62202   66446   52805   54592   0.829   0.737   0.683   32764   22203    3532    3703   36347
2023(tru)    74008   63800   80723   0.790   62969   67343   53595   54919   0.857   0.737   0.674   32758   23030    3531    3650   36709
Growth(alt)  0.0014  0.0113  0.0071  0.0042  0.0064  0.0075  0.0185  0.0237 -0.0035 -0.0051 -0.0045  0.0050  0.0055  0.0166  0.0156 -0.0013
Growth(tru)  0.0015  0.0114  0.0072  0.0043  0.0073  0.0085  0.0196  0.0241 -0.0009 -0.0051 -0.0055  0.0050  0.0083  0.0166  0.0145 -0.0006
Difference   0.0001  0.0001  0.0001  0.0001  0.0009  0.0010  0.0011  0.0005  0.0026 -0.0000 -0.0010 -0.0000  0.0028 -0.0000 -0.0011  0.0008
// Share //     7.5     1.2     0.9     1.6    12.9    12.1     5.8     1.9  -283.9     0.3    18.1    -0.3    34.0    -0.1    -7.7  -132.0
 
 
